Archive member included because of file (symbol)

.\CortexM0\ARM_GCC_484\Debug\Lab 4 ADC.a(cyfitter_cfg.o)
                              .\CortexM0\ARM_GCC_484\Debug\Cm0Start.o (cyfitter_cfg)
.\CortexM0\ARM_GCC_484\Debug\Lab 4 ADC.a(CyLib.o)
                              .\CortexM0\ARM_GCC_484\Debug\Lab 4 ADC.a(cyfitter_cfg.o) (CySysClkWriteImoFreq)
.\CortexM0\ARM_GCC_484\Debug\Lab 4 ADC.a(PWM_R.o)
                              .\CortexM0\ARM_GCC_484\Debug\LED_RGB.o (PWM_R_WriteCompare)
.\CortexM0\ARM_GCC_484\Debug\Lab 4 ADC.a(PWM_G.o)
                              .\CortexM0\ARM_GCC_484\Debug\LED_RGB.o (PWM_G_WriteCompare)
.\CortexM0\ARM_GCC_484\Debug\Lab 4 ADC.a(PWM_B.o)
                              .\CortexM0\ARM_GCC_484\Debug\LED_RGB.o (PWM_B_WriteCompare)
.\CortexM0\ARM_GCC_484\Debug\Lab 4 ADC.a(ADC_SAR_Seq_1.o)
                              .\CortexM0\ARM_GCC_484\Debug\main.o (ADC_SAR_Seq_1_Start)
.\CortexM0\ARM_GCC_484\Debug\Lab 4 ADC.a(ADC_SAR_Seq_1_INT.o)
                              .\CortexM0\ARM_GCC_484\Debug\Lab 4 ADC.a(ADC_SAR_Seq_1.o) (ADC_SAR_Seq_1_ISR)
.\CortexM0\ARM_GCC_484\Debug\Lab 4 ADC.a(CyBootAsmGnu.o)
                              .\CortexM0\ARM_GCC_484\Debug\Lab 4 ADC.a(CyLib.o) (CyDelayCycles)
c:/program files (x86)/cypress/psoc creator/3.2/psoc creator/import/gnu/arm/4.8.4/bin/../lib/gcc/arm-none-eabi/4.8.4/armv6-m\libgcc.a(_udivsi3.o)
                              .\CortexM0\ARM_GCC_484\Debug\LED_RGB.o (__aeabi_uidiv)
c:/program files (x86)/cypress/psoc creator/3.2/psoc creator/import/gnu/arm/4.8.4/bin/../lib/gcc/arm-none-eabi/4.8.4/armv6-m\libgcc.a(_divsi3.o)
                              .\CortexM0\ARM_GCC_484\Debug\Lab 4 ADC.a(ADC_SAR_Seq_1.o) (__aeabi_idiv)
c:/program files (x86)/cypress/psoc creator/3.2/psoc creator/import/gnu/arm/4.8.4/bin/../lib/gcc/arm-none-eabi/4.8.4/armv6-m\libgcc.a(_dvmd_tls.o)
                              c:/program files (x86)/cypress/psoc creator/3.2/psoc creator/import/gnu/arm/4.8.4/bin/../lib/gcc/arm-none-eabi/4.8.4/armv6-m\libgcc.a(_udivsi3.o) (__aeabi_idiv0)
c:/program files (x86)/cypress/psoc creator/3.2/psoc creator/import/gnu/arm/4.8.4/bin/../lib/gcc/arm-none-eabi/4.8.4/armv6-m\libgcc.a(_aeabi_ldivmod.o)
                              .\CortexM0\ARM_GCC_484\Debug\Lab 4 ADC.a(ADC_SAR_Seq_1.o) (__aeabi_ldivmod)
c:/program files (x86)/cypress/psoc creator/3.2/psoc creator/import/gnu/arm/4.8.4/bin/../lib/gcc/arm-none-eabi/4.8.4/armv6-m\libgcc.a(_muldi3.o)
                              .\CortexM0\ARM_GCC_484\Debug\Lab 4 ADC.a(ADC_SAR_Seq_1.o) (__aeabi_lmul)
c:/program files (x86)/cypress/psoc creator/3.2/psoc creator/import/gnu/arm/4.8.4/bin/../lib/gcc/arm-none-eabi/4.8.4/armv6-m\libgcc.a(bpabi.o)
                              c:/program files (x86)/cypress/psoc creator/3.2/psoc creator/import/gnu/arm/4.8.4/bin/../lib/gcc/arm-none-eabi/4.8.4/armv6-m\libgcc.a(_aeabi_ldivmod.o) (__gnu_ldivmod_helper)
c:/program files (x86)/cypress/psoc creator/3.2/psoc creator/import/gnu/arm/4.8.4/bin/../lib/gcc/arm-none-eabi/4.8.4/armv6-m\libgcc.a(divsf3.o)
                              .\CortexM0\ARM_GCC_484\Debug\Lab 4 ADC.a(ADC_SAR_Seq_1.o) (__aeabi_fdiv)
c:/program files (x86)/cypress/psoc creator/3.2/psoc creator/import/gnu/arm/4.8.4/bin/../lib/gcc/arm-none-eabi/4.8.4/armv6-m\libgcc.a(mulsf3.o)
                              .\CortexM0\ARM_GCC_484\Debug\Lab 4 ADC.a(ADC_SAR_Seq_1.o) (__aeabi_fmul)
c:/program files (x86)/cypress/psoc creator/3.2/psoc creator/import/gnu/arm/4.8.4/bin/../lib/gcc/arm-none-eabi/4.8.4/armv6-m\libgcc.a(floatsisf.o)
                              .\CortexM0\ARM_GCC_484\Debug\Lab 4 ADC.a(ADC_SAR_Seq_1.o) (__aeabi_i2f)
c:/program files (x86)/cypress/psoc creator/3.2/psoc creator/import/gnu/arm/4.8.4/bin/../lib/gcc/arm-none-eabi/4.8.4/armv6-m\libgcc.a(_clzsi2.o)
                              c:/program files (x86)/cypress/psoc creator/3.2/psoc creator/import/gnu/arm/4.8.4/bin/../lib/gcc/arm-none-eabi/4.8.4/armv6-m\libgcc.a(divsf3.o) (__clzsi2)
c:/program files (x86)/cypress/psoc creator/3.2/psoc creator/import/gnu/arm/4.8.4/bin/../lib/gcc/arm-none-eabi/4.8.4/armv6-m\libgcc.a(_divdi3.o)
                              c:/program files (x86)/cypress/psoc creator/3.2/psoc creator/import/gnu/arm/4.8.4/bin/../lib/gcc/arm-none-eabi/4.8.4/armv6-m\libgcc.a(bpabi.o) (__divdi3)
c:/program files (x86)/cypress/psoc creator/3.2/psoc creator/import/gnu/arm/4.8.4/bin/../lib/gcc/arm-none-eabi/4.8.4/armv6-m\libgcc.a(_udivdi3.o)
                              c:/program files (x86)/cypress/psoc creator/3.2/psoc creator/import/gnu/arm/4.8.4/bin/../lib/gcc/arm-none-eabi/4.8.4/armv6-m\libgcc.a(bpabi.o) (__udivdi3)
c:/program files (x86)/cypress/psoc creator/3.2/psoc creator/import/gnu/arm/4.8.4/bin/../lib/gcc/arm-none-eabi/4.8.4/../../../../arm-none-eabi/lib/armv6-m\libg_s.a(lib_a-errno.o)
                              .\CortexM0\ARM_GCC_484\Debug\Cm0Start.o (__errno)
c:/program files (x86)/cypress/psoc creator/3.2/psoc creator/import/gnu/arm/4.8.4/bin/../lib/gcc/arm-none-eabi/4.8.4/../../../../arm-none-eabi/lib/armv6-m\libg_s.a(lib_a-exit.o)
                              c:/program files (x86)/cypress/psoc creator/3.2/psoc creator/import/gnu/arm/4.8.4/bin/../lib/gcc/arm-none-eabi/4.8.4/../../../../arm-none-eabi/lib/armv6-m/crt0.o (exit)
c:/program files (x86)/cypress/psoc creator/3.2/psoc creator/import/gnu/arm/4.8.4/bin/../lib/gcc/arm-none-eabi/4.8.4/../../../../arm-none-eabi/lib/armv6-m\libg_s.a(lib_a-impure.o)
                              c:/program files (x86)/cypress/psoc creator/3.2/psoc creator/import/gnu/arm/4.8.4/bin/../lib/gcc/arm-none-eabi/4.8.4/../../../../arm-none-eabi/lib/armv6-m\libg_s.a(lib_a-exit.o) (_global_impure_ptr)
c:/program files (x86)/cypress/psoc creator/3.2/psoc creator/import/gnu/arm/4.8.4/bin/../lib/gcc/arm-none-eabi/4.8.4/../../../../arm-none-eabi/lib/armv6-m\libg_s.a(lib_a-init.o)
                              c:/program files (x86)/cypress/psoc creator/3.2/psoc creator/import/gnu/arm/4.8.4/bin/../lib/gcc/arm-none-eabi/4.8.4/../../../../arm-none-eabi/lib/armv6-m/crt0.o (__libc_init_array)
c:/program files (x86)/cypress/psoc creator/3.2/psoc creator/import/gnu/arm/4.8.4/bin/../lib/gcc/arm-none-eabi/4.8.4/../../../../arm-none-eabi/lib/armv6-m\libg_s.a(lib_a-memcpy-stub.o)
                              .\CortexM0\ARM_GCC_484\Debug\Lab 4 ADC.a(cyfitter_cfg.o) (memcpy)
c:/program files (x86)/cypress/psoc creator/3.2/psoc creator/import/gnu/arm/4.8.4/bin/../lib/gcc/arm-none-eabi/4.8.4/../../../../arm-none-eabi/lib/armv6-m\libg_s.a(lib_a-memset.o)
                              c:/program files (x86)/cypress/psoc creator/3.2/psoc creator/import/gnu/arm/4.8.4/bin/../lib/gcc/arm-none-eabi/4.8.4/../../../../arm-none-eabi/lib/armv6-m/crt0.o (memset)

Allocating common symbols
Common symbol       size              file

ADC_SAR_Seq_1_offset
                    0x2               .\CortexM0\ARM_GCC_484\Debug\Lab 4 ADC.a(ADC_SAR_Seq_1.o)
ADC_SAR_Seq_1_countsPer10Volt
                    0x4               .\CortexM0\ARM_GCC_484\Debug\Lab 4 ADC.a(ADC_SAR_Seq_1.o)

Discarded input sections

 .text          0x00000000        0x0 c:/program files (x86)/cypress/psoc creator/3.2/psoc creator/import/gnu/arm/4.8.4/bin/../lib/gcc/arm-none-eabi/4.8.4/armv6-m/crti.o
 .data          0x00000000        0x0 c:/program files (x86)/cypress/psoc creator/3.2/psoc creator/import/gnu/arm/4.8.4/bin/../lib/gcc/arm-none-eabi/4.8.4/armv6-m/crti.o
 .bss           0x00000000        0x0 c:/program files (x86)/cypress/psoc creator/3.2/psoc creator/import/gnu/arm/4.8.4/bin/../lib/gcc/arm-none-eabi/4.8.4/armv6-m/crti.o
 .data          0x00000000        0x4 c:/program files (x86)/cypress/psoc creator/3.2/psoc creator/import/gnu/arm/4.8.4/bin/../lib/gcc/arm-none-eabi/4.8.4/armv6-m/crtbegin.o
 .text          0x00000000       0x78 c:/program files (x86)/cypress/psoc creator/3.2/psoc creator/import/gnu/arm/4.8.4/bin/../lib/gcc/arm-none-eabi/4.8.4/../../../../arm-none-eabi/lib/armv6-m/crt0.o
 .data          0x00000000        0x0 c:/program files (x86)/cypress/psoc creator/3.2/psoc creator/import/gnu/arm/4.8.4/bin/../lib/gcc/arm-none-eabi/4.8.4/../../../../arm-none-eabi/lib/armv6-m/crt0.o
 .bss           0x00000000        0x0 c:/program files (x86)/cypress/psoc creator/3.2/psoc creator/import/gnu/arm/4.8.4/bin/../lib/gcc/arm-none-eabi/4.8.4/../../../../arm-none-eabi/lib/armv6-m/crt0.o
 .ARM.extab     0x00000000        0x0 c:/program files (x86)/cypress/psoc creator/3.2/psoc creator/import/gnu/arm/4.8.4/bin/../lib/gcc/arm-none-eabi/4.8.4/../../../../arm-none-eabi/lib/armv6-m/crt0.o
 .ARM.exidx     0x00000000        0x8 c:/program files (x86)/cypress/psoc creator/3.2/psoc creator/import/gnu/arm/4.8.4/bin/../lib/gcc/arm-none-eabi/4.8.4/../../../../arm-none-eabi/lib/armv6-m/crt0.o
 .text          0x00000000        0x0 .\CortexM0\ARM_GCC_484\Debug\main.o
 .data          0x00000000        0x0 .\CortexM0\ARM_GCC_484\Debug\main.o
 .bss           0x00000000        0x0 .\CortexM0\ARM_GCC_484\Debug\main.o
 .text          0x00000000        0x0 .\CortexM0\ARM_GCC_484\Debug\LED_RGB.o
 .data          0x00000000        0x0 .\CortexM0\ARM_GCC_484\Debug\LED_RGB.o
 .bss           0x00000000        0x0 .\CortexM0\ARM_GCC_484\Debug\LED_RGB.o
 .text.LED_RGB_Stop
                0x00000000       0x14 .\CortexM0\ARM_GCC_484\Debug\LED_RGB.o
 .text.LED_RGB_SetColorCircle
                0x00000000      0x188 .\CortexM0\ARM_GCC_484\Debug\LED_RGB.o
 .text.LED_RGB_SetColorCircleHSV
                0x00000000      0x1dc .\CortexM0\ARM_GCC_484\Debug\LED_RGB.o
 .text          0x00000000        0x0 .\CortexM0\ARM_GCC_484\Debug\Cm0Start.o
 .data          0x00000000        0x4 .\CortexM0\ARM_GCC_484\Debug\Cm0Start.o
 .bss           0x00000000        0x0 .\CortexM0\ARM_GCC_484\Debug\Cm0Start.o
 .text._exit    0x00000000       0x14 .\CortexM0\ARM_GCC_484\Debug\Cm0Start.o
 .text._sbrk    0x00000000       0x54 .\CortexM0\ARM_GCC_484\Debug\Cm0Start.o
 .text          0x00000000        0x0 .\CortexM0\ARM_GCC_484\Debug\cymetadata.o
 .data          0x00000000        0x0 .\CortexM0\ARM_GCC_484\Debug\cymetadata.o
 .bss           0x00000000        0x0 .\CortexM0\ARM_GCC_484\Debug\cymetadata.o
 .text          0x00000000        0x0 .\CortexM0\ARM_GCC_484\Debug\Lab 4 ADC.a(cyfitter_cfg.o)
 .data          0x00000000        0x0 .\CortexM0\ARM_GCC_484\Debug\Lab 4 ADC.a(cyfitter_cfg.o)
 .bss           0x00000000        0x0 .\CortexM0\ARM_GCC_484\Debug\Lab 4 ADC.a(cyfitter_cfg.o)
 .text.CYCONFIGCPY
                0x00000000       0x24 .\CortexM0\ARM_GCC_484\Debug\Lab 4 ADC.a(cyfitter_cfg.o)
 .text.CYCONFIGCPYCODE
                0x00000000       0x24 .\CortexM0\ARM_GCC_484\Debug\Lab 4 ADC.a(cyfitter_cfg.o)
 .text          0x00000000        0x0 .\CortexM0\ARM_GCC_484\Debug\Lab 4 ADC.a(CyLib.o)
 .bss           0x00000000       0x18 .\CortexM0\ARM_GCC_484\Debug\Lab 4 ADC.a(CyLib.o)
 .text.CySysClkImoStart
                0x00000000       0x1c .\CortexM0\ARM_GCC_484\Debug\Lab 4 ADC.a(CyLib.o)
 .text.CySysClkImoStop
                0x00000000       0x18 .\CortexM0\ARM_GCC_484\Debug\Lab 4 ADC.a(CyLib.o)
 .text.CySysClkWriteHfclkDirect
                0x00000000       0x44 .\CortexM0\ARM_GCC_484\Debug\Lab 4 ADC.a(CyLib.o)
 .text.CySysClkWriteSysclkDiv
                0x00000000       0x44 .\CortexM0\ARM_GCC_484\Debug\Lab 4 ADC.a(CyLib.o)
 .text.CySysLvdEnable
                0x00000000       0x64 .\CortexM0\ARM_GCC_484\Debug\Lab 4 ADC.a(CyLib.o)
 .text.CySysLvdDisable
                0x00000000       0x28 .\CortexM0\ARM_GCC_484\Debug\Lab 4 ADC.a(CyLib.o)
 .text.CySysLvdGetInterruptSource
                0x00000000       0x18 .\CortexM0\ARM_GCC_484\Debug\Lab 4 ADC.a(CyLib.o)
 .text.CySysLvdClearInterrupt
                0x00000000       0x14 .\CortexM0\ARM_GCC_484\Debug\Lab 4 ADC.a(CyLib.o)
 .text.CySysGetResetReason
                0x00000000       0x30 .\CortexM0\ARM_GCC_484\Debug\Lab 4 ADC.a(CyLib.o)
 .text.CyDisableInts
                0x00000000       0x24 .\CortexM0\ARM_GCC_484\Debug\Lab 4 ADC.a(CyLib.o)
 .text.CyEnableInts
                0x00000000       0x18 .\CortexM0\ARM_GCC_484\Debug\Lab 4 ADC.a(CyLib.o)
 .text.CyIntSetSysVector
                0x00000000       0x48 .\CortexM0\ARM_GCC_484\Debug\Lab 4 ADC.a(CyLib.o)
 .text.CyIntGetSysVector
                0x00000000       0x34 .\CortexM0\ARM_GCC_484\Debug\Lab 4 ADC.a(CyLib.o)
 .text.CyIntGetVector
                0x00000000       0x38 .\CortexM0\ARM_GCC_484\Debug\Lab 4 ADC.a(CyLib.o)
 .text.CyIntGetPriority
                0x00000000       0x58 .\CortexM0\ARM_GCC_484\Debug\Lab 4 ADC.a(CyLib.o)
 .text.CyIntEnable
                0x00000000       0x2c .\CortexM0\ARM_GCC_484\Debug\Lab 4 ADC.a(CyLib.o)
 .text.CyIntGetState
                0x00000000       0x34 .\CortexM0\ARM_GCC_484\Debug\Lab 4 ADC.a(CyLib.o)
 .text.CyIntDisable
                0x00000000       0x2c .\CortexM0\ARM_GCC_484\Debug\Lab 4 ADC.a(CyLib.o)
 .text.CyIntSetPending
                0x00000000       0x2c .\CortexM0\ARM_GCC_484\Debug\Lab 4 ADC.a(CyLib.o)
 .text.CyIntClearPending
                0x00000000       0x2c .\CortexM0\ARM_GCC_484\Debug\Lab 4 ADC.a(CyLib.o)
 .text.CySoftwareReset
                0x00000000       0x20 .\CortexM0\ARM_GCC_484\Debug\Lab 4 ADC.a(CyLib.o)
 .text.CyDelayFreq
                0x00000000       0x80 .\CortexM0\ARM_GCC_484\Debug\Lab 4 ADC.a(CyLib.o)
 .text.CySysTickStart
                0x00000000       0x24 .\CortexM0\ARM_GCC_484\Debug\Lab 4 ADC.a(CyLib.o)
 .text.CySysTickInit
                0x00000000       0x60 .\CortexM0\ARM_GCC_484\Debug\Lab 4 ADC.a(CyLib.o)
 .text.CySysTickEnable
                0x00000000       0x1c .\CortexM0\ARM_GCC_484\Debug\Lab 4 ADC.a(CyLib.o)
 .text.CySysTickStop
                0x00000000       0x18 .\CortexM0\ARM_GCC_484\Debug\Lab 4 ADC.a(CyLib.o)
 .text.CySysTickEnableInterrupt
                0x00000000       0x18 .\CortexM0\ARM_GCC_484\Debug\Lab 4 ADC.a(CyLib.o)
 .text.CySysTickDisableInterrupt
                0x00000000       0x18 .\CortexM0\ARM_GCC_484\Debug\Lab 4 ADC.a(CyLib.o)
 .text.CySysTickSetReload
                0x00000000       0x1c .\CortexM0\ARM_GCC_484\Debug\Lab 4 ADC.a(CyLib.o)
 .text.CySysTickGetReload
                0x00000000       0x18 .\CortexM0\ARM_GCC_484\Debug\Lab 4 ADC.a(CyLib.o)
 .text.CySysTickGetValue
                0x00000000       0x18 .\CortexM0\ARM_GCC_484\Debug\Lab 4 ADC.a(CyLib.o)
 .text.CySysTickGetCountFlag
                0x00000000       0x18 .\CortexM0\ARM_GCC_484\Debug\Lab 4 ADC.a(CyLib.o)
 .text.CySysTickClear
                0x00000000       0x14 .\CortexM0\ARM_GCC_484\Debug\Lab 4 ADC.a(CyLib.o)
 .text.CySysTickSetCallback
                0x00000000       0x2c .\CortexM0\ARM_GCC_484\Debug\Lab 4 ADC.a(CyLib.o)
 .text.CySysTickGetCallback
                0x00000000       0x1c .\CortexM0\ARM_GCC_484\Debug\Lab 4 ADC.a(CyLib.o)
 .text.CySysTickServiceCallbacks
                0x00000000       0x44 .\CortexM0\ARM_GCC_484\Debug\Lab 4 ADC.a(CyLib.o)
 .text.CyGetUniqueId
                0x00000000       0xc0 .\CortexM0\ARM_GCC_484\Debug\Lab 4 ADC.a(CyLib.o)
 .text          0x00000000        0x0 .\CortexM0\ARM_GCC_484\Debug\Lab 4 ADC.a(PWM_R.o)
 .data          0x00000000        0x0 .\CortexM0\ARM_GCC_484\Debug\Lab 4 ADC.a(PWM_R.o)
 .text.PWM_R_Stop
                0x00000000       0x30 .\CortexM0\ARM_GCC_484\Debug\Lab 4 ADC.a(PWM_R.o)
 .text.PWM_R_SetMode
                0x00000000       0x48 .\CortexM0\ARM_GCC_484\Debug\Lab 4 ADC.a(PWM_R.o)
 .text.PWM_R_SetQDMode
                0x00000000       0x48 .\CortexM0\ARM_GCC_484\Debug\Lab 4 ADC.a(PWM_R.o)
 .text.PWM_R_SetPrescaler
                0x00000000       0x48 .\CortexM0\ARM_GCC_484\Debug\Lab 4 ADC.a(PWM_R.o)
 .text.PWM_R_SetOneShot
                0x00000000       0x4c .\CortexM0\ARM_GCC_484\Debug\Lab 4 ADC.a(PWM_R.o)
 .text.PWM_R_SetPWMMode
                0x00000000       0x1c .\CortexM0\ARM_GCC_484\Debug\Lab 4 ADC.a(PWM_R.o)
 .text.PWM_R_SetPWMSyncKill
                0x00000000       0x48 .\CortexM0\ARM_GCC_484\Debug\Lab 4 ADC.a(PWM_R.o)
 .text.PWM_R_SetPWMStopOnKill
                0x00000000       0x48 .\CortexM0\ARM_GCC_484\Debug\Lab 4 ADC.a(PWM_R.o)
 .text.PWM_R_SetPWMDeadTime
                0x00000000       0x4c .\CortexM0\ARM_GCC_484\Debug\Lab 4 ADC.a(PWM_R.o)
 .text.PWM_R_SetPWMInvert
                0x00000000       0x48 .\CortexM0\ARM_GCC_484\Debug\Lab 4 ADC.a(PWM_R.o)
 .text.PWM_R_ReadCounter
                0x00000000       0x18 .\CortexM0\ARM_GCC_484\Debug\Lab 4 ADC.a(PWM_R.o)
 .text.PWM_R_SetCounterMode
                0x00000000       0x48 .\CortexM0\ARM_GCC_484\Debug\Lab 4 ADC.a(PWM_R.o)
 .text.PWM_R_ReadPeriod
                0x00000000       0x18 .\CortexM0\ARM_GCC_484\Debug\Lab 4 ADC.a(PWM_R.o)
 .text.PWM_R_SetCompareSwap
                0x00000000       0x48 .\CortexM0\ARM_GCC_484\Debug\Lab 4 ADC.a(PWM_R.o)
 .text.PWM_R_WritePeriodBuf
                0x00000000       0x1c .\CortexM0\ARM_GCC_484\Debug\Lab 4 ADC.a(PWM_R.o)
 .text.PWM_R_ReadPeriodBuf
                0x00000000       0x18 .\CortexM0\ARM_GCC_484\Debug\Lab 4 ADC.a(PWM_R.o)
 .text.PWM_R_SetPeriodSwap
                0x00000000       0x48 .\CortexM0\ARM_GCC_484\Debug\Lab 4 ADC.a(PWM_R.o)
 .text.PWM_R_ReadCompare
                0x00000000       0x18 .\CortexM0\ARM_GCC_484\Debug\Lab 4 ADC.a(PWM_R.o)
 .text.PWM_R_WriteCompareBuf
                0x00000000       0x1c .\CortexM0\ARM_GCC_484\Debug\Lab 4 ADC.a(PWM_R.o)
 .text.PWM_R_ReadCompareBuf
                0x00000000       0x18 .\CortexM0\ARM_GCC_484\Debug\Lab 4 ADC.a(PWM_R.o)
 .text.PWM_R_ReadCapture
                0x00000000       0x18 .\CortexM0\ARM_GCC_484\Debug\Lab 4 ADC.a(PWM_R.o)
 .text.PWM_R_ReadCaptureBuf
                0x00000000       0x18 .\CortexM0\ARM_GCC_484\Debug\Lab 4 ADC.a(PWM_R.o)
 .text.PWM_R_SetCaptureMode
                0x00000000       0x44 .\CortexM0\ARM_GCC_484\Debug\Lab 4 ADC.a(PWM_R.o)
 .text.PWM_R_SetReloadMode
                0x00000000       0x44 .\CortexM0\ARM_GCC_484\Debug\Lab 4 ADC.a(PWM_R.o)
 .text.PWM_R_SetStartMode
                0x00000000       0x48 .\CortexM0\ARM_GCC_484\Debug\Lab 4 ADC.a(PWM_R.o)
 .text.PWM_R_SetStopMode
                0x00000000       0x44 .\CortexM0\ARM_GCC_484\Debug\Lab 4 ADC.a(PWM_R.o)
 .text.PWM_R_SetCountMode
                0x00000000       0x44 .\CortexM0\ARM_GCC_484\Debug\Lab 4 ADC.a(PWM_R.o)
 .text.PWM_R_ReadStatus
                0x00000000       0x20 .\CortexM0\ARM_GCC_484\Debug\Lab 4 ADC.a(PWM_R.o)
 .text.PWM_R_GetInterruptSourceMasked
                0x00000000       0x14 .\CortexM0\ARM_GCC_484\Debug\Lab 4 ADC.a(PWM_R.o)
 .text.PWM_R_GetInterruptSource
                0x00000000       0x14 .\CortexM0\ARM_GCC_484\Debug\Lab 4 ADC.a(PWM_R.o)
 .text.PWM_R_ClearInterrupt
                0x00000000       0x18 .\CortexM0\ARM_GCC_484\Debug\Lab 4 ADC.a(PWM_R.o)
 .text.PWM_R_SetInterrupt
                0x00000000       0x18 .\CortexM0\ARM_GCC_484\Debug\Lab 4 ADC.a(PWM_R.o)
 .text          0x00000000        0x0 .\CortexM0\ARM_GCC_484\Debug\Lab 4 ADC.a(PWM_G.o)
 .data          0x00000000        0x0 .\CortexM0\ARM_GCC_484\Debug\Lab 4 ADC.a(PWM_G.o)
 .text.PWM_G_Stop
                0x00000000       0x30 .\CortexM0\ARM_GCC_484\Debug\Lab 4 ADC.a(PWM_G.o)
 .text.PWM_G_SetMode
                0x00000000       0x48 .\CortexM0\ARM_GCC_484\Debug\Lab 4 ADC.a(PWM_G.o)
 .text.PWM_G_SetQDMode
                0x00000000       0x48 .\CortexM0\ARM_GCC_484\Debug\Lab 4 ADC.a(PWM_G.o)
 .text.PWM_G_SetPrescaler
                0x00000000       0x48 .\CortexM0\ARM_GCC_484\Debug\Lab 4 ADC.a(PWM_G.o)
 .text.PWM_G_SetOneShot
                0x00000000       0x4c .\CortexM0\ARM_GCC_484\Debug\Lab 4 ADC.a(PWM_G.o)
 .text.PWM_G_SetPWMMode
                0x00000000       0x1c .\CortexM0\ARM_GCC_484\Debug\Lab 4 ADC.a(PWM_G.o)
 .text.PWM_G_SetPWMSyncKill
                0x00000000       0x48 .\CortexM0\ARM_GCC_484\Debug\Lab 4 ADC.a(PWM_G.o)
 .text.PWM_G_SetPWMStopOnKill
                0x00000000       0x48 .\CortexM0\ARM_GCC_484\Debug\Lab 4 ADC.a(PWM_G.o)
 .text.PWM_G_SetPWMDeadTime
                0x00000000       0x4c .\CortexM0\ARM_GCC_484\Debug\Lab 4 ADC.a(PWM_G.o)
 .text.PWM_G_SetPWMInvert
                0x00000000       0x48 .\CortexM0\ARM_GCC_484\Debug\Lab 4 ADC.a(PWM_G.o)
 .text.PWM_G_ReadCounter
                0x00000000       0x18 .\CortexM0\ARM_GCC_484\Debug\Lab 4 ADC.a(PWM_G.o)
 .text.PWM_G_SetCounterMode
                0x00000000       0x48 .\CortexM0\ARM_GCC_484\Debug\Lab 4 ADC.a(PWM_G.o)
 .text.PWM_G_ReadPeriod
                0x00000000       0x18 .\CortexM0\ARM_GCC_484\Debug\Lab 4 ADC.a(PWM_G.o)
 .text.PWM_G_SetCompareSwap
                0x00000000       0x48 .\CortexM0\ARM_GCC_484\Debug\Lab 4 ADC.a(PWM_G.o)
 .text.PWM_G_WritePeriodBuf
                0x00000000       0x1c .\CortexM0\ARM_GCC_484\Debug\Lab 4 ADC.a(PWM_G.o)
 .text.PWM_G_ReadPeriodBuf
                0x00000000       0x18 .\CortexM0\ARM_GCC_484\Debug\Lab 4 ADC.a(PWM_G.o)
 .text.PWM_G_SetPeriodSwap
                0x00000000       0x48 .\CortexM0\ARM_GCC_484\Debug\Lab 4 ADC.a(PWM_G.o)
 .text.PWM_G_ReadCompare
                0x00000000       0x18 .\CortexM0\ARM_GCC_484\Debug\Lab 4 ADC.a(PWM_G.o)
 .text.PWM_G_WriteCompareBuf
                0x00000000       0x1c .\CortexM0\ARM_GCC_484\Debug\Lab 4 ADC.a(PWM_G.o)
 .text.PWM_G_ReadCompareBuf
                0x00000000       0x18 .\CortexM0\ARM_GCC_484\Debug\Lab 4 ADC.a(PWM_G.o)
 .text.PWM_G_ReadCapture
                0x00000000       0x18 .\CortexM0\ARM_GCC_484\Debug\Lab 4 ADC.a(PWM_G.o)
 .text.PWM_G_ReadCaptureBuf
                0x00000000       0x18 .\CortexM0\ARM_GCC_484\Debug\Lab 4 ADC.a(PWM_G.o)
 .text.PWM_G_SetCaptureMode
                0x00000000       0x44 .\CortexM0\ARM_GCC_484\Debug\Lab 4 ADC.a(PWM_G.o)
 .text.PWM_G_SetReloadMode
                0x00000000       0x44 .\CortexM0\ARM_GCC_484\Debug\Lab 4 ADC.a(PWM_G.o)
 .text.PWM_G_SetStartMode
                0x00000000       0x48 .\CortexM0\ARM_GCC_484\Debug\Lab 4 ADC.a(PWM_G.o)
 .text.PWM_G_SetStopMode
                0x00000000       0x44 .\CortexM0\ARM_GCC_484\Debug\Lab 4 ADC.a(PWM_G.o)
 .text.PWM_G_SetCountMode
                0x00000000       0x44 .\CortexM0\ARM_GCC_484\Debug\Lab 4 ADC.a(PWM_G.o)
 .text.PWM_G_ReadStatus
                0x00000000       0x20 .\CortexM0\ARM_GCC_484\Debug\Lab 4 ADC.a(PWM_G.o)
 .text.PWM_G_GetInterruptSourceMasked
                0x00000000       0x14 .\CortexM0\ARM_GCC_484\Debug\Lab 4 ADC.a(PWM_G.o)
 .text.PWM_G_GetInterruptSource
                0x00000000       0x14 .\CortexM0\ARM_GCC_484\Debug\Lab 4 ADC.a(PWM_G.o)
 .text.PWM_G_ClearInterrupt
                0x00000000       0x18 .\CortexM0\ARM_GCC_484\Debug\Lab 4 ADC.a(PWM_G.o)
 .text.PWM_G_SetInterrupt
                0x00000000       0x18 .\CortexM0\ARM_GCC_484\Debug\Lab 4 ADC.a(PWM_G.o)
 .text          0x00000000        0x0 .\CortexM0\ARM_GCC_484\Debug\Lab 4 ADC.a(PWM_B.o)
 .data          0x00000000        0x0 .\CortexM0\ARM_GCC_484\Debug\Lab 4 ADC.a(PWM_B.o)
 .text.PWM_B_Stop
                0x00000000       0x30 .\CortexM0\ARM_GCC_484\Debug\Lab 4 ADC.a(PWM_B.o)
 .text.PWM_B_SetMode
                0x00000000       0x48 .\CortexM0\ARM_GCC_484\Debug\Lab 4 ADC.a(PWM_B.o)
 .text.PWM_B_SetQDMode
                0x00000000       0x48 .\CortexM0\ARM_GCC_484\Debug\Lab 4 ADC.a(PWM_B.o)
 .text.PWM_B_SetPrescaler
                0x00000000       0x48 .\CortexM0\ARM_GCC_484\Debug\Lab 4 ADC.a(PWM_B.o)
 .text.PWM_B_SetOneShot
                0x00000000       0x4c .\CortexM0\ARM_GCC_484\Debug\Lab 4 ADC.a(PWM_B.o)
 .text.PWM_B_SetPWMMode
                0x00000000       0x1c .\CortexM0\ARM_GCC_484\Debug\Lab 4 ADC.a(PWM_B.o)
 .text.PWM_B_SetPWMSyncKill
                0x00000000       0x48 .\CortexM0\ARM_GCC_484\Debug\Lab 4 ADC.a(PWM_B.o)
 .text.PWM_B_SetPWMStopOnKill
                0x00000000       0x48 .\CortexM0\ARM_GCC_484\Debug\Lab 4 ADC.a(PWM_B.o)
 .text.PWM_B_SetPWMDeadTime
                0x00000000       0x4c .\CortexM0\ARM_GCC_484\Debug\Lab 4 ADC.a(PWM_B.o)
 .text.PWM_B_SetPWMInvert
                0x00000000       0x48 .\CortexM0\ARM_GCC_484\Debug\Lab 4 ADC.a(PWM_B.o)
 .text.PWM_B_ReadCounter
                0x00000000       0x18 .\CortexM0\ARM_GCC_484\Debug\Lab 4 ADC.a(PWM_B.o)
 .text.PWM_B_SetCounterMode
                0x00000000       0x48 .\CortexM0\ARM_GCC_484\Debug\Lab 4 ADC.a(PWM_B.o)
 .text.PWM_B_ReadPeriod
                0x00000000       0x18 .\CortexM0\ARM_GCC_484\Debug\Lab 4 ADC.a(PWM_B.o)
 .text.PWM_B_SetCompareSwap
                0x00000000       0x48 .\CortexM0\ARM_GCC_484\Debug\Lab 4 ADC.a(PWM_B.o)
 .text.PWM_B_WritePeriodBuf
                0x00000000       0x1c .\CortexM0\ARM_GCC_484\Debug\Lab 4 ADC.a(PWM_B.o)
 .text.PWM_B_ReadPeriodBuf
                0x00000000       0x18 .\CortexM0\ARM_GCC_484\Debug\Lab 4 ADC.a(PWM_B.o)
 .text.PWM_B_SetPeriodSwap
                0x00000000       0x48 .\CortexM0\ARM_GCC_484\Debug\Lab 4 ADC.a(PWM_B.o)
 .text.PWM_B_ReadCompare
                0x00000000       0x18 .\CortexM0\ARM_GCC_484\Debug\Lab 4 ADC.a(PWM_B.o)
 .text.PWM_B_WriteCompareBuf
                0x00000000       0x1c .\CortexM0\ARM_GCC_484\Debug\Lab 4 ADC.a(PWM_B.o)
 .text.PWM_B_ReadCompareBuf
                0x00000000       0x18 .\CortexM0\ARM_GCC_484\Debug\Lab 4 ADC.a(PWM_B.o)
 .text.PWM_B_ReadCapture
                0x00000000       0x18 .\CortexM0\ARM_GCC_484\Debug\Lab 4 ADC.a(PWM_B.o)
 .text.PWM_B_ReadCaptureBuf
                0x00000000       0x18 .\CortexM0\ARM_GCC_484\Debug\Lab 4 ADC.a(PWM_B.o)
 .text.PWM_B_SetCaptureMode
                0x00000000       0x44 .\CortexM0\ARM_GCC_484\Debug\Lab 4 ADC.a(PWM_B.o)
 .text.PWM_B_SetReloadMode
                0x00000000       0x44 .\CortexM0\ARM_GCC_484\Debug\Lab 4 ADC.a(PWM_B.o)
 .text.PWM_B_SetStartMode
                0x00000000       0x48 .\CortexM0\ARM_GCC_484\Debug\Lab 4 ADC.a(PWM_B.o)
 .text.PWM_B_SetStopMode
                0x00000000       0x44 .\CortexM0\ARM_GCC_484\Debug\Lab 4 ADC.a(PWM_B.o)
 .text.PWM_B_SetCountMode
                0x00000000       0x44 .\CortexM0\ARM_GCC_484\Debug\Lab 4 ADC.a(PWM_B.o)
 .text.PWM_B_ReadStatus
                0x00000000       0x20 .\CortexM0\ARM_GCC_484\Debug\Lab 4 ADC.a(PWM_B.o)
 .text.PWM_B_GetInterruptSourceMasked
                0x00000000       0x14 .\CortexM0\ARM_GCC_484\Debug\Lab 4 ADC.a(PWM_B.o)
 .text.PWM_B_GetInterruptSource
                0x00000000       0x14 .\CortexM0\ARM_GCC_484\Debug\Lab 4 ADC.a(PWM_B.o)
 .text.PWM_B_ClearInterrupt
                0x00000000       0x18 .\CortexM0\ARM_GCC_484\Debug\Lab 4 ADC.a(PWM_B.o)
 .text.PWM_B_SetInterrupt
                0x00000000       0x18 .\CortexM0\ARM_GCC_484\Debug\Lab 4 ADC.a(PWM_B.o)
 .text          0x00000000        0x0 .\CortexM0\ARM_GCC_484\Debug\Lab 4 ADC.a(ADC_SAR_Seq_1.o)
 .data          0x00000000        0x0 .\CortexM0\ARM_GCC_484\Debug\Lab 4 ADC.a(ADC_SAR_Seq_1.o)
 .rodata        0x00000000        0x4 .\CortexM0\ARM_GCC_484\Debug\Lab 4 ADC.a(ADC_SAR_Seq_1.o)
 .text.ADC_SAR_Seq_1_Stop
                0x00000000       0x18 .\CortexM0\ARM_GCC_484\Debug\Lab 4 ADC.a(ADC_SAR_Seq_1.o)
 .text.ADC_SAR_Seq_1_StopConvert
                0x00000000       0x1c .\CortexM0\ARM_GCC_484\Debug\Lab 4 ADC.a(ADC_SAR_Seq_1.o)
 .text.ADC_SAR_Seq_1_SetChanMask
                0x00000000       0x1c .\CortexM0\ARM_GCC_484\Debug\Lab 4 ADC.a(ADC_SAR_Seq_1.o)
 .text.ADC_SAR_Seq_1_SetLowLimit
                0x00000000       0x30 .\CortexM0\ARM_GCC_484\Debug\Lab 4 ADC.a(ADC_SAR_Seq_1.o)
 .text.ADC_SAR_Seq_1_SetHighLimit
                0x00000000       0x2c .\CortexM0\ARM_GCC_484\Debug\Lab 4 ADC.a(ADC_SAR_Seq_1.o)
 .text.ADC_SAR_Seq_1_SetLimitMask
                0x00000000       0x1c .\CortexM0\ARM_GCC_484\Debug\Lab 4 ADC.a(ADC_SAR_Seq_1.o)
 .text.ADC_SAR_Seq_1_SetSatMask
                0x00000000       0x1c .\CortexM0\ARM_GCC_484\Debug\Lab 4 ADC.a(ADC_SAR_Seq_1.o)
 .text.ADC_SAR_Seq_1_SetOffset
                0x00000000       0x30 .\CortexM0\ARM_GCC_484\Debug\Lab 4 ADC.a(ADC_SAR_Seq_1.o)
 .text.ADC_SAR_Seq_1_SetGain
                0x00000000       0x2c .\CortexM0\ARM_GCC_484\Debug\Lab 4 ADC.a(ADC_SAR_Seq_1.o)
 .text.ADC_SAR_Seq_1_CountsTo_mVolts
                0x00000000       0xa4 .\CortexM0\ARM_GCC_484\Debug\Lab 4 ADC.a(ADC_SAR_Seq_1.o)
 .text.ADC_SAR_Seq_1_CountsTo_uVolts
                0x00000000       0x98 .\CortexM0\ARM_GCC_484\Debug\Lab 4 ADC.a(ADC_SAR_Seq_1.o)
 .text.ADC_SAR_Seq_1_CountsTo_Volts
                0x00000000       0x80 .\CortexM0\ARM_GCC_484\Debug\Lab 4 ADC.a(ADC_SAR_Seq_1.o)
 .text          0x00000000        0x0 .\CortexM0\ARM_GCC_484\Debug\Lab 4 ADC.a(ADC_SAR_Seq_1_INT.o)
 .data          0x00000000        0x0 .\CortexM0\ARM_GCC_484\Debug\Lab 4 ADC.a(ADC_SAR_Seq_1_INT.o)
 .bss           0x00000000        0x0 .\CortexM0\ARM_GCC_484\Debug\Lab 4 ADC.a(ADC_SAR_Seq_1_INT.o)
 .data          0x00000000        0x0 .\CortexM0\ARM_GCC_484\Debug\Lab 4 ADC.a(CyBootAsmGnu.o)
 .bss           0x00000000        0x0 .\CortexM0\ARM_GCC_484\Debug\Lab 4 ADC.a(CyBootAsmGnu.o)
 .text          0x00000000       0x9c c:/program files (x86)/cypress/psoc creator/3.2/psoc creator/import/gnu/arm/4.8.4/bin/../lib/gcc/arm-none-eabi/4.8.4/armv6-m\libgcc.a(_udivsi3.o)
 .data          0x00000000        0x0 c:/program files (x86)/cypress/psoc creator/3.2/psoc creator/import/gnu/arm/4.8.4/bin/../lib/gcc/arm-none-eabi/4.8.4/armv6-m\libgcc.a(_udivsi3.o)
 .bss           0x00000000        0x0 c:/program files (x86)/cypress/psoc creator/3.2/psoc creator/import/gnu/arm/4.8.4/bin/../lib/gcc/arm-none-eabi/4.8.4/armv6-m\libgcc.a(_udivsi3.o)
 .text          0x00000000       0xc0 c:/program files (x86)/cypress/psoc creator/3.2/psoc creator/import/gnu/arm/4.8.4/bin/../lib/gcc/arm-none-eabi/4.8.4/armv6-m\libgcc.a(_divsi3.o)
 .data          0x00000000        0x0 c:/program files (x86)/cypress/psoc creator/3.2/psoc creator/import/gnu/arm/4.8.4/bin/../lib/gcc/arm-none-eabi/4.8.4/armv6-m\libgcc.a(_divsi3.o)
 .bss           0x00000000        0x0 c:/program files (x86)/cypress/psoc creator/3.2/psoc creator/import/gnu/arm/4.8.4/bin/../lib/gcc/arm-none-eabi/4.8.4/armv6-m\libgcc.a(_divsi3.o)
 .text          0x00000000        0x4 c:/program files (x86)/cypress/psoc creator/3.2/psoc creator/import/gnu/arm/4.8.4/bin/../lib/gcc/arm-none-eabi/4.8.4/armv6-m\libgcc.a(_dvmd_tls.o)
 .data          0x00000000        0x0 c:/program files (x86)/cypress/psoc creator/3.2/psoc creator/import/gnu/arm/4.8.4/bin/../lib/gcc/arm-none-eabi/4.8.4/armv6-m\libgcc.a(_dvmd_tls.o)
 .bss           0x00000000        0x0 c:/program files (x86)/cypress/psoc creator/3.2/psoc creator/import/gnu/arm/4.8.4/bin/../lib/gcc/arm-none-eabi/4.8.4/armv6-m\libgcc.a(_dvmd_tls.o)
 .text          0x00000000       0x48 c:/program files (x86)/cypress/psoc creator/3.2/psoc creator/import/gnu/arm/4.8.4/bin/../lib/gcc/arm-none-eabi/4.8.4/armv6-m\libgcc.a(_aeabi_ldivmod.o)
 .data          0x00000000        0x0 c:/program files (x86)/cypress/psoc creator/3.2/psoc creator/import/gnu/arm/4.8.4/bin/../lib/gcc/arm-none-eabi/4.8.4/armv6-m\libgcc.a(_aeabi_ldivmod.o)
 .bss           0x00000000        0x0 c:/program files (x86)/cypress/psoc creator/3.2/psoc creator/import/gnu/arm/4.8.4/bin/../lib/gcc/arm-none-eabi/4.8.4/armv6-m\libgcc.a(_aeabi_ldivmod.o)
 .text          0x00000000       0x44 c:/program files (x86)/cypress/psoc creator/3.2/psoc creator/import/gnu/arm/4.8.4/bin/../lib/gcc/arm-none-eabi/4.8.4/armv6-m\libgcc.a(_muldi3.o)
 .data          0x00000000        0x0 c:/program files (x86)/cypress/psoc creator/3.2/psoc creator/import/gnu/arm/4.8.4/bin/../lib/gcc/arm-none-eabi/4.8.4/armv6-m\libgcc.a(_muldi3.o)
 .bss           0x00000000        0x0 c:/program files (x86)/cypress/psoc creator/3.2/psoc creator/import/gnu/arm/4.8.4/bin/../lib/gcc/arm-none-eabi/4.8.4/armv6-m\libgcc.a(_muldi3.o)
 .text          0x00000000       0x6c c:/program files (x86)/cypress/psoc creator/3.2/psoc creator/import/gnu/arm/4.8.4/bin/../lib/gcc/arm-none-eabi/4.8.4/armv6-m\libgcc.a(bpabi.o)
 .data          0x00000000        0x0 c:/program files (x86)/cypress/psoc creator/3.2/psoc creator/import/gnu/arm/4.8.4/bin/../lib/gcc/arm-none-eabi/4.8.4/armv6-m\libgcc.a(bpabi.o)
 .bss           0x00000000        0x0 c:/program files (x86)/cypress/psoc creator/3.2/psoc creator/import/gnu/arm/4.8.4/bin/../lib/gcc/arm-none-eabi/4.8.4/armv6-m\libgcc.a(bpabi.o)
 .text          0x00000000      0x24c c:/program files (x86)/cypress/psoc creator/3.2/psoc creator/import/gnu/arm/4.8.4/bin/../lib/gcc/arm-none-eabi/4.8.4/armv6-m\libgcc.a(divsf3.o)
 .data          0x00000000        0x0 c:/program files (x86)/cypress/psoc creator/3.2/psoc creator/import/gnu/arm/4.8.4/bin/../lib/gcc/arm-none-eabi/4.8.4/armv6-m\libgcc.a(divsf3.o)
 .bss           0x00000000        0x0 c:/program files (x86)/cypress/psoc creator/3.2/psoc creator/import/gnu/arm/4.8.4/bin/../lib/gcc/arm-none-eabi/4.8.4/armv6-m\libgcc.a(divsf3.o)
 .rodata        0x00000000       0x40 c:/program files (x86)/cypress/psoc creator/3.2/psoc creator/import/gnu/arm/4.8.4/bin/../lib/gcc/arm-none-eabi/4.8.4/armv6-m\libgcc.a(divsf3.o)
 .text          0x00000000      0x254 c:/program files (x86)/cypress/psoc creator/3.2/psoc creator/import/gnu/arm/4.8.4/bin/../lib/gcc/arm-none-eabi/4.8.4/armv6-m\libgcc.a(mulsf3.o)
 .data          0x00000000        0x0 c:/program files (x86)/cypress/psoc creator/3.2/psoc creator/import/gnu/arm/4.8.4/bin/../lib/gcc/arm-none-eabi/4.8.4/armv6-m\libgcc.a(mulsf3.o)
 .bss           0x00000000        0x0 c:/program files (x86)/cypress/psoc creator/3.2/psoc creator/import/gnu/arm/4.8.4/bin/../lib/gcc/arm-none-eabi/4.8.4/armv6-m\libgcc.a(mulsf3.o)
 .rodata        0x00000000       0x40 c:/program files (x86)/cypress/psoc creator/3.2/psoc creator/import/gnu/arm/4.8.4/bin/../lib/gcc/arm-none-eabi/4.8.4/armv6-m\libgcc.a(mulsf3.o)
 .text          0x00000000       0xb8 c:/program files (x86)/cypress/psoc creator/3.2/psoc creator/import/gnu/arm/4.8.4/bin/../lib/gcc/arm-none-eabi/4.8.4/armv6-m\libgcc.a(floatsisf.o)
 .data          0x00000000        0x0 c:/program files (x86)/cypress/psoc creator/3.2/psoc creator/import/gnu/arm/4.8.4/bin/../lib/gcc/arm-none-eabi/4.8.4/armv6-m\libgcc.a(floatsisf.o)
 .bss           0x00000000        0x0 c:/program files (x86)/cypress/psoc creator/3.2/psoc creator/import/gnu/arm/4.8.4/bin/../lib/gcc/arm-none-eabi/4.8.4/armv6-m\libgcc.a(floatsisf.o)
 .text          0x00000000       0x3c c:/program files (x86)/cypress/psoc creator/3.2/psoc creator/import/gnu/arm/4.8.4/bin/../lib/gcc/arm-none-eabi/4.8.4/armv6-m\libgcc.a(_clzsi2.o)
 .data          0x00000000        0x0 c:/program files (x86)/cypress/psoc creator/3.2/psoc creator/import/gnu/arm/4.8.4/bin/../lib/gcc/arm-none-eabi/4.8.4/armv6-m\libgcc.a(_clzsi2.o)
 .bss           0x00000000        0x0 c:/program files (x86)/cypress/psoc creator/3.2/psoc creator/import/gnu/arm/4.8.4/bin/../lib/gcc/arm-none-eabi/4.8.4/armv6-m\libgcc.a(_clzsi2.o)
 .text          0x00000000      0x3b8 c:/program files (x86)/cypress/psoc creator/3.2/psoc creator/import/gnu/arm/4.8.4/bin/../lib/gcc/arm-none-eabi/4.8.4/armv6-m\libgcc.a(_divdi3.o)
 .data          0x00000000        0x0 c:/program files (x86)/cypress/psoc creator/3.2/psoc creator/import/gnu/arm/4.8.4/bin/../lib/gcc/arm-none-eabi/4.8.4/armv6-m\libgcc.a(_divdi3.o)
 .bss           0x00000000        0x0 c:/program files (x86)/cypress/psoc creator/3.2/psoc creator/import/gnu/arm/4.8.4/bin/../lib/gcc/arm-none-eabi/4.8.4/armv6-m\libgcc.a(_divdi3.o)
 .ARM.extab     0x00000000        0x0 c:/program files (x86)/cypress/psoc creator/3.2/psoc creator/import/gnu/arm/4.8.4/bin/../lib/gcc/arm-none-eabi/4.8.4/armv6-m\libgcc.a(_divdi3.o)
 .ARM.exidx     0x00000000        0x8 c:/program files (x86)/cypress/psoc creator/3.2/psoc creator/import/gnu/arm/4.8.4/bin/../lib/gcc/arm-none-eabi/4.8.4/armv6-m\libgcc.a(_divdi3.o)
 .text          0x00000000      0x384 c:/program files (x86)/cypress/psoc creator/3.2/psoc creator/import/gnu/arm/4.8.4/bin/../lib/gcc/arm-none-eabi/4.8.4/armv6-m\libgcc.a(_udivdi3.o)
 .data          0x00000000        0x0 c:/program files (x86)/cypress/psoc creator/3.2/psoc creator/import/gnu/arm/4.8.4/bin/../lib/gcc/arm-none-eabi/4.8.4/armv6-m\libgcc.a(_udivdi3.o)
 .bss           0x00000000        0x0 c:/program files (x86)/cypress/psoc creator/3.2/psoc creator/import/gnu/arm/4.8.4/bin/../lib/gcc/arm-none-eabi/4.8.4/armv6-m\libgcc.a(_udivdi3.o)
 .ARM.extab     0x00000000        0x0 c:/program files (x86)/cypress/psoc creator/3.2/psoc creator/import/gnu/arm/4.8.4/bin/../lib/gcc/arm-none-eabi/4.8.4/armv6-m\libgcc.a(_udivdi3.o)
 .ARM.exidx     0x00000000        0x8 c:/program files (x86)/cypress/psoc creator/3.2/psoc creator/import/gnu/arm/4.8.4/bin/../lib/gcc/arm-none-eabi/4.8.4/armv6-m\libgcc.a(_udivdi3.o)
 .text          0x00000000        0x0 c:/program files (x86)/cypress/psoc creator/3.2/psoc creator/import/gnu/arm/4.8.4/bin/../lib/gcc/arm-none-eabi/4.8.4/../../../../arm-none-eabi/lib/armv6-m\libg_s.a(lib_a-errno.o)
 .data          0x00000000        0x0 c:/program files (x86)/cypress/psoc creator/3.2/psoc creator/import/gnu/arm/4.8.4/bin/../lib/gcc/arm-none-eabi/4.8.4/../../../../arm-none-eabi/lib/armv6-m\libg_s.a(lib_a-errno.o)
 .bss           0x00000000        0x0 c:/program files (x86)/cypress/psoc creator/3.2/psoc creator/import/gnu/arm/4.8.4/bin/../lib/gcc/arm-none-eabi/4.8.4/../../../../arm-none-eabi/lib/armv6-m\libg_s.a(lib_a-errno.o)
 .text.__errno  0x00000000        0xc c:/program files (x86)/cypress/psoc creator/3.2/psoc creator/import/gnu/arm/4.8.4/bin/../lib/gcc/arm-none-eabi/4.8.4/../../../../arm-none-eabi/lib/armv6-m\libg_s.a(lib_a-errno.o)
 .text          0x00000000        0x0 c:/program files (x86)/cypress/psoc creator/3.2/psoc creator/import/gnu/arm/4.8.4/bin/../lib/gcc/arm-none-eabi/4.8.4/../../../../arm-none-eabi/lib/armv6-m\libg_s.a(lib_a-exit.o)
 .data          0x00000000        0x0 c:/program files (x86)/cypress/psoc creator/3.2/psoc creator/import/gnu/arm/4.8.4/bin/../lib/gcc/arm-none-eabi/4.8.4/../../../../arm-none-eabi/lib/armv6-m\libg_s.a(lib_a-exit.o)
 .bss           0x00000000        0x0 c:/program files (x86)/cypress/psoc creator/3.2/psoc creator/import/gnu/arm/4.8.4/bin/../lib/gcc/arm-none-eabi/4.8.4/../../../../arm-none-eabi/lib/armv6-m\libg_s.a(lib_a-exit.o)
 .text.exit     0x00000000       0x2c c:/program files (x86)/cypress/psoc creator/3.2/psoc creator/import/gnu/arm/4.8.4/bin/../lib/gcc/arm-none-eabi/4.8.4/../../../../arm-none-eabi/lib/armv6-m\libg_s.a(lib_a-exit.o)
 .text          0x00000000        0x0 c:/program files (x86)/cypress/psoc creator/3.2/psoc creator/import/gnu/arm/4.8.4/bin/../lib/gcc/arm-none-eabi/4.8.4/../../../../arm-none-eabi/lib/armv6-m\libg_s.a(lib_a-impure.o)
 .data          0x00000000        0x0 c:/program files (x86)/cypress/psoc creator/3.2/psoc creator/import/gnu/arm/4.8.4/bin/../lib/gcc/arm-none-eabi/4.8.4/../../../../arm-none-eabi/lib/armv6-m\libg_s.a(lib_a-impure.o)
 .bss           0x00000000        0x0 c:/program files (x86)/cypress/psoc creator/3.2/psoc creator/import/gnu/arm/4.8.4/bin/../lib/gcc/arm-none-eabi/4.8.4/../../../../arm-none-eabi/lib/armv6-m\libg_s.a(lib_a-impure.o)
 .data.impure_data
                0x00000000       0x60 c:/program files (x86)/cypress/psoc creator/3.2/psoc creator/import/gnu/arm/4.8.4/bin/../lib/gcc/arm-none-eabi/4.8.4/../../../../arm-none-eabi/lib/armv6-m\libg_s.a(lib_a-impure.o)
 .data._impure_ptr
                0x00000000        0x4 c:/program files (x86)/cypress/psoc creator/3.2/psoc creator/import/gnu/arm/4.8.4/bin/../lib/gcc/arm-none-eabi/4.8.4/../../../../arm-none-eabi/lib/armv6-m\libg_s.a(lib_a-impure.o)
 .rodata.str1.1
                0x00000000        0x2 c:/program files (x86)/cypress/psoc creator/3.2/psoc creator/import/gnu/arm/4.8.4/bin/../lib/gcc/arm-none-eabi/4.8.4/../../../../arm-none-eabi/lib/armv6-m\libg_s.a(lib_a-impure.o)
 .rodata._global_impure_ptr
                0x00000000        0x4 c:/program files (x86)/cypress/psoc creator/3.2/psoc creator/import/gnu/arm/4.8.4/bin/../lib/gcc/arm-none-eabi/4.8.4/../../../../arm-none-eabi/lib/armv6-m\libg_s.a(lib_a-impure.o)
 .text          0x00000000        0x0 c:/program files (x86)/cypress/psoc creator/3.2/psoc creator/import/gnu/arm/4.8.4/bin/../lib/gcc/arm-none-eabi/4.8.4/../../../../arm-none-eabi/lib/armv6-m\libg_s.a(lib_a-init.o)
 .data          0x00000000        0x0 c:/program files (x86)/cypress/psoc creator/3.2/psoc creator/import/gnu/arm/4.8.4/bin/../lib/gcc/arm-none-eabi/4.8.4/../../../../arm-none-eabi/lib/armv6-m\libg_s.a(lib_a-init.o)
 .bss           0x00000000        0x0 c:/program files (x86)/cypress/psoc creator/3.2/psoc creator/import/gnu/arm/4.8.4/bin/../lib/gcc/arm-none-eabi/4.8.4/../../../../arm-none-eabi/lib/armv6-m\libg_s.a(lib_a-init.o)
 .text          0x00000000        0x0 c:/program files (x86)/cypress/psoc creator/3.2/psoc creator/import/gnu/arm/4.8.4/bin/../lib/gcc/arm-none-eabi/4.8.4/../../../../arm-none-eabi/lib/armv6-m\libg_s.a(lib_a-memcpy-stub.o)
 .data          0x00000000        0x0 c:/program files (x86)/cypress/psoc creator/3.2/psoc creator/import/gnu/arm/4.8.4/bin/../lib/gcc/arm-none-eabi/4.8.4/../../../../arm-none-eabi/lib/armv6-m\libg_s.a(lib_a-memcpy-stub.o)
 .bss           0x00000000        0x0 c:/program files (x86)/cypress/psoc creator/3.2/psoc creator/import/gnu/arm/4.8.4/bin/../lib/gcc/arm-none-eabi/4.8.4/../../../../arm-none-eabi/lib/armv6-m\libg_s.a(lib_a-memcpy-stub.o)
 .text.memcpy   0x00000000       0x12 c:/program files (x86)/cypress/psoc creator/3.2/psoc creator/import/gnu/arm/4.8.4/bin/../lib/gcc/arm-none-eabi/4.8.4/../../../../arm-none-eabi/lib/armv6-m\libg_s.a(lib_a-memcpy-stub.o)
 .text          0x00000000        0x0 c:/program files (x86)/cypress/psoc creator/3.2/psoc creator/import/gnu/arm/4.8.4/bin/../lib/gcc/arm-none-eabi/4.8.4/../../../../arm-none-eabi/lib/armv6-m\libg_s.a(lib_a-memset.o)
 .data          0x00000000        0x0 c:/program files (x86)/cypress/psoc creator/3.2/psoc creator/import/gnu/arm/4.8.4/bin/../lib/gcc/arm-none-eabi/4.8.4/../../../../arm-none-eabi/lib/armv6-m\libg_s.a(lib_a-memset.o)
 .bss           0x00000000        0x0 c:/program files (x86)/cypress/psoc creator/3.2/psoc creator/import/gnu/arm/4.8.4/bin/../lib/gcc/arm-none-eabi/4.8.4/../../../../arm-none-eabi/lib/armv6-m\libg_s.a(lib_a-memset.o)
 .text          0x00000000        0x0 c:/program files (x86)/cypress/psoc creator/3.2/psoc creator/import/gnu/arm/4.8.4/bin/../lib/gcc/arm-none-eabi/4.8.4/armv6-m/crtend.o
 .data          0x00000000        0x0 c:/program files (x86)/cypress/psoc creator/3.2/psoc creator/import/gnu/arm/4.8.4/bin/../lib/gcc/arm-none-eabi/4.8.4/armv6-m/crtend.o
 .bss           0x00000000        0x0 c:/program files (x86)/cypress/psoc creator/3.2/psoc creator/import/gnu/arm/4.8.4/bin/../lib/gcc/arm-none-eabi/4.8.4/armv6-m/crtend.o
 .text          0x00000000        0x0 c:/program files (x86)/cypress/psoc creator/3.2/psoc creator/import/gnu/arm/4.8.4/bin/../lib/gcc/arm-none-eabi/4.8.4/armv6-m/crtn.o
 .data          0x00000000        0x0 c:/program files (x86)/cypress/psoc creator/3.2/psoc creator/import/gnu/arm/4.8.4/bin/../lib/gcc/arm-none-eabi/4.8.4/armv6-m/crtn.o
 .bss           0x00000000        0x0 c:/program files (x86)/cypress/psoc creator/3.2/psoc creator/import/gnu/arm/4.8.4/bin/../lib/gcc/arm-none-eabi/4.8.4/armv6-m/crtn.o

Memory Configuration

Name             Origin             Length             Attributes
rom              0x00000000         0x00008000         xr
ram              0x20000000         0x00001000         xrw
*default*        0x00000000         0xffffffff

Linker script and memory map

LOAD c:/program files (x86)/cypress/psoc creator/3.2/psoc creator/import/gnu/arm/4.8.4/bin/../lib/gcc/arm-none-eabi/4.8.4/armv6-m/crti.o
LOAD c:/program files (x86)/cypress/psoc creator/3.2/psoc creator/import/gnu/arm/4.8.4/bin/../lib/gcc/arm-none-eabi/4.8.4/armv6-m/crtbegin.o
LOAD c:/program files (x86)/cypress/psoc creator/3.2/psoc creator/import/gnu/arm/4.8.4/bin/../lib/gcc/arm-none-eabi/4.8.4/../../../../arm-none-eabi/lib/armv6-m/crt0.o
START GROUP
LOAD .\CortexM0\ARM_GCC_484\Debug\main.o
LOAD .\CortexM0\ARM_GCC_484\Debug\LED_RGB.o
LOAD .\CortexM0\ARM_GCC_484\Debug\Cm0Start.o
LOAD .\CortexM0\ARM_GCC_484\Debug\cymetadata.o
LOAD .\CortexM0\ARM_GCC_484\Debug\Lab 4 ADC.a
LOAD C:\Program Files (x86)\Cypress\PSoC Creator\3.2\PSoC Creator\psoc\content\cycomponentlibrary\CyComponentLibrary.cylib\CortexM0\ARM_GCC_484\Debug\CyComponentLibrary.a
END GROUP
START GROUP
LOAD c:/program files (x86)/cypress/psoc creator/3.2/psoc creator/import/gnu/arm/4.8.4/bin/../lib/gcc/arm-none-eabi/4.8.4/armv6-m\libgcc.a
LOAD c:/program files (x86)/cypress/psoc creator/3.2/psoc creator/import/gnu/arm/4.8.4/bin/../lib/gcc/arm-none-eabi/4.8.4/../../../../arm-none-eabi/lib/armv6-m\libg_s.a
LOAD c:/program files (x86)/cypress/psoc creator/3.2/psoc creator/import/gnu/arm/4.8.4/bin/../lib/gcc/arm-none-eabi/4.8.4/../../../../arm-none-eabi/lib/armv6-m\libc_s.a
END GROUP
START GROUP
LOAD c:/program files (x86)/cypress/psoc creator/3.2/psoc creator/import/gnu/arm/4.8.4/bin/../lib/gcc/arm-none-eabi/4.8.4/armv6-m\libgcc.a
LOAD c:/program files (x86)/cypress/psoc creator/3.2/psoc creator/import/gnu/arm/4.8.4/bin/../lib/gcc/arm-none-eabi/4.8.4/../../../../arm-none-eabi/lib/armv6-m\libc_s.a
END GROUP
LOAD c:/program files (x86)/cypress/psoc creator/3.2/psoc creator/import/gnu/arm/4.8.4/bin/../lib/gcc/arm-none-eabi/4.8.4/armv6-m/crtend.o
LOAD c:/program files (x86)/cypress/psoc creator/3.2/psoc creator/import/gnu/arm/4.8.4/bin/../lib/gcc/arm-none-eabi/4.8.4/armv6-m/crtn.o
START GROUP
LOAD c:/program files (x86)/cypress/psoc creator/3.2/psoc creator/import/gnu/arm/4.8.4/bin/../lib/gcc/arm-none-eabi/4.8.4/armv6-m\libgcc.a
LOAD c:/program files (x86)/cypress/psoc creator/3.2/psoc creator/import/gnu/arm/4.8.4/bin/../lib/gcc/arm-none-eabi/4.8.4/../../../../arm-none-eabi/lib/armv6-m\libc.a
LOAD c:/program files (x86)/cypress/psoc creator/3.2/psoc creator/import/gnu/arm/4.8.4/bin/../lib/gcc/arm-none-eabi/4.8.4/../../../../arm-none-eabi/lib/armv6-m\libnosys.a
END GROUP
                0x00000000                CY_APPL_ORIGIN = 0x0
                0x00000080                CY_FLASH_ROW_SIZE = 0x80
                0x00000001                CY_APPL_NUM = 0x1
                0x00000040                CY_METADATA_SIZE = 0x40
                0x20000108                PROVIDE (__cy_heap_start, _end)
                0x00000001                PROVIDE (__cy_region_num, ((__cy_regions_end - __cy_regions) / 0x10))
                0x20001000                PROVIDE (__cy_stack, (ORIGIN (ram) + 0x1000))
                0x20000c00                PROVIDE (__cy_heap_end, (__cy_stack - 0x400))

.cybootloader   0x00000000        0x0
 *(.cybootloader)
                0x00000000                appl1_start = CY_APPL_ORIGIN?CY_APPL_ORIGIN:ALIGN (CY_FLASH_ROW_SIZE)
                0x00003f80                appl2_start = (appl1_start + ALIGN ((((0x8000 - appl1_start) - (0x2 * CY_FLASH_ROW_SIZE)) / 0x2), CY_FLASH_ROW_SIZE))
                0x00000000                appl_start = (CY_APPL_NUM == 0x1)?appl1_start:appl2_start

.text           0x00000000      0xff4
 CREATE_OBJECT_SYMBOLS
                0x00000000                PROVIDE (__cy_interrupt_vector, RomVectors)
 *(.romvectors)
 .romvectors    0x00000000       0x10 .\CortexM0\ARM_GCC_484\Debug\Cm0Start.o
                0x00000000                RomVectors
                0x00000001                ASSERT ((. != __cy_interrupt_vector), No interrupt vector)
                0x00000001                ASSERT (CY_APPL_ORIGIN?(SIZEOF (.cybootloader) <= CY_APPL_ORIGIN):0x1, Wrong image location)
                0x00000010                PROVIDE (__cy_reset, Reset)
 *(.text.Reset)
 .text.Reset    0x00000010        0x8 .\CortexM0\ARM_GCC_484\Debug\Cm0Start.o
                0x00000010                Reset
                0x00000001                ASSERT ((. != __cy_reset), No reset code)
 *(.psocinit)
 .psocinit      0x00000018      0x214 .\CortexM0\ARM_GCC_484\Debug\Lab 4 ADC.a(cyfitter_cfg.o)
                0x000000b0                cyfitter_cfg
                0x0000022c                . = MAX (., 0x100)
 *(.text .text.* .gnu.linkonce.t.*)
 .text          0x0000022c       0x60 c:/program files (x86)/cypress/psoc creator/3.2/psoc creator/import/gnu/arm/4.8.4/bin/../lib/gcc/arm-none-eabi/4.8.4/armv6-m/crtbegin.o
 .text.main     0x0000028c       0x48 .\CortexM0\ARM_GCC_484\Debug\main.o
                0x0000028c                main
 .text.LED_RGB_Start
                0x000002d4       0x14 .\CortexM0\ARM_GCC_484\Debug\LED_RGB.o
                0x000002d4                LED_RGB_Start
 .text.LED_RGB_DCWrite
                0x000002e8       0x50 .\CortexM0\ARM_GCC_484\Debug\LED_RGB.o
                0x000002e8                LED_RGB_DCWrite
 .text.LED_RGB_SetColorRGB
                0x00000338       0x3c .\CortexM0\ARM_GCC_484\Debug\LED_RGB.o
                0x00000338                LED_RGB_SetColorRGB
 .text.IntDefaultHandler
                0x00000374        0x8 .\CortexM0\ARM_GCC_484\Debug\Cm0Start.o
                0x00000374                IntDefaultHandler
 .text.Start_c  0x0000037c       0x98 .\CortexM0\ARM_GCC_484\Debug\Cm0Start.o
                0x0000037c                Start_c
 .text.initialize_psoc
                0x00000414       0x64 .\CortexM0\ARM_GCC_484\Debug\Cm0Start.o
                0x00000414                initialize_psoc
 .text.CYMEMZERO
                0x00000478       0x20 .\CortexM0\ARM_GCC_484\Debug\Lab 4 ADC.a(cyfitter_cfg.o)
 .text.cfg_write_bytes32
                0x00000498       0x80 .\CortexM0\ARM_GCC_484\Debug\Lab 4 ADC.a(cyfitter_cfg.o)
 .text.AnalogSetDefault
                0x00000518       0x14 .\CortexM0\ARM_GCC_484\Debug\Lab 4 ADC.a(cyfitter_cfg.o)
 .text.CySysClkWriteImoFreq
                0x0000052c      0x1e0 .\CortexM0\ARM_GCC_484\Debug\Lab 4 ADC.a(CyLib.o)
                0x0000052c                CySysClkWriteImoFreq
 .text.CyIntSetVector
                0x0000070c       0x4c .\CortexM0\ARM_GCC_484\Debug\Lab 4 ADC.a(CyLib.o)
                0x0000070c                CyIntSetVector
 .text.CyIntSetPriority
                0x00000758       0xa8 .\CortexM0\ARM_GCC_484\Debug\Lab 4 ADC.a(CyLib.o)
                0x00000758                CyIntSetPriority
 .text.CyHalt   0x00000800       0x14 .\CortexM0\ARM_GCC_484\Debug\Lab 4 ADC.a(CyLib.o)
                0x00000800                CyHalt
 .text.CyDelay  0x00000814       0x48 .\CortexM0\ARM_GCC_484\Debug\Lab 4 ADC.a(CyLib.o)
                0x00000814                CyDelay
 .text.CyDelayUs
                0x0000085c       0x28 .\CortexM0\ARM_GCC_484\Debug\Lab 4 ADC.a(CyLib.o)
                0x0000085c                CyDelayUs
 .text.PWM_R_Init
                0x00000884       0x58 .\CortexM0\ARM_GCC_484\Debug\Lab 4 ADC.a(PWM_R.o)
                0x00000884                PWM_R_Init
 .text.PWM_R_Enable
                0x000008dc       0x38 .\CortexM0\ARM_GCC_484\Debug\Lab 4 ADC.a(PWM_R.o)
                0x000008dc                PWM_R_Enable
 .text.PWM_R_Start
                0x00000914       0x24 .\CortexM0\ARM_GCC_484\Debug\Lab 4 ADC.a(PWM_R.o)
                0x00000914                PWM_R_Start
 .text.PWM_R_WriteCounter
                0x00000938       0x1c .\CortexM0\ARM_GCC_484\Debug\Lab 4 ADC.a(PWM_R.o)
                0x00000938                PWM_R_WriteCounter
 .text.PWM_R_WritePeriod
                0x00000954       0x1c .\CortexM0\ARM_GCC_484\Debug\Lab 4 ADC.a(PWM_R.o)
                0x00000954                PWM_R_WritePeriod
 .text.PWM_R_WriteCompare
                0x00000970       0x1c .\CortexM0\ARM_GCC_484\Debug\Lab 4 ADC.a(PWM_R.o)
                0x00000970                PWM_R_WriteCompare
 .text.PWM_R_TriggerCommand
                0x0000098c       0x3c .\CortexM0\ARM_GCC_484\Debug\Lab 4 ADC.a(PWM_R.o)
                0x0000098c                PWM_R_TriggerCommand
 .text.PWM_R_SetInterruptMode
                0x000009c8       0x18 .\CortexM0\ARM_GCC_484\Debug\Lab 4 ADC.a(PWM_R.o)
                0x000009c8                PWM_R_SetInterruptMode
 .text.PWM_G_Init
                0x000009e0       0x58 .\CortexM0\ARM_GCC_484\Debug\Lab 4 ADC.a(PWM_G.o)
                0x000009e0                PWM_G_Init
 .text.PWM_G_Enable
                0x00000a38       0x38 .\CortexM0\ARM_GCC_484\Debug\Lab 4 ADC.a(PWM_G.o)
                0x00000a38                PWM_G_Enable
 .text.PWM_G_Start
                0x00000a70       0x24 .\CortexM0\ARM_GCC_484\Debug\Lab 4 ADC.a(PWM_G.o)
                0x00000a70                PWM_G_Start
 .text.PWM_G_WriteCounter
                0x00000a94       0x1c .\CortexM0\ARM_GCC_484\Debug\Lab 4 ADC.a(PWM_G.o)
                0x00000a94                PWM_G_WriteCounter
 .text.PWM_G_WritePeriod
                0x00000ab0       0x1c .\CortexM0\ARM_GCC_484\Debug\Lab 4 ADC.a(PWM_G.o)
                0x00000ab0                PWM_G_WritePeriod
 .text.PWM_G_WriteCompare
                0x00000acc       0x1c .\CortexM0\ARM_GCC_484\Debug\Lab 4 ADC.a(PWM_G.o)
                0x00000acc                PWM_G_WriteCompare
 .text.PWM_G_TriggerCommand
                0x00000ae8       0x3c .\CortexM0\ARM_GCC_484\Debug\Lab 4 ADC.a(PWM_G.o)
                0x00000ae8                PWM_G_TriggerCommand
 .text.PWM_G_SetInterruptMode
                0x00000b24       0x18 .\CortexM0\ARM_GCC_484\Debug\Lab 4 ADC.a(PWM_G.o)
                0x00000b24                PWM_G_SetInterruptMode
 .text.PWM_B_Init
                0x00000b3c       0x58 .\CortexM0\ARM_GCC_484\Debug\Lab 4 ADC.a(PWM_B.o)
                0x00000b3c                PWM_B_Init
 .text.PWM_B_Enable
                0x00000b94       0x38 .\CortexM0\ARM_GCC_484\Debug\Lab 4 ADC.a(PWM_B.o)
                0x00000b94                PWM_B_Enable
 .text.PWM_B_Start
                0x00000bcc       0x24 .\CortexM0\ARM_GCC_484\Debug\Lab 4 ADC.a(PWM_B.o)
                0x00000bcc                PWM_B_Start
 .text.PWM_B_WriteCounter
                0x00000bf0       0x1c .\CortexM0\ARM_GCC_484\Debug\Lab 4 ADC.a(PWM_B.o)
                0x00000bf0                PWM_B_WriteCounter
 .text.PWM_B_WritePeriod
                0x00000c0c       0x1c .\CortexM0\ARM_GCC_484\Debug\Lab 4 ADC.a(PWM_B.o)
                0x00000c0c                PWM_B_WritePeriod
 .text.PWM_B_WriteCompare
                0x00000c28       0x1c .\CortexM0\ARM_GCC_484\Debug\Lab 4 ADC.a(PWM_B.o)
                0x00000c28                PWM_B_WriteCompare
 .text.PWM_B_TriggerCommand
                0x00000c44       0x3c .\CortexM0\ARM_GCC_484\Debug\Lab 4 ADC.a(PWM_B.o)
                0x00000c44                PWM_B_TriggerCommand
 .text.PWM_B_SetInterruptMode
                0x00000c80       0x18 .\CortexM0\ARM_GCC_484\Debug\Lab 4 ADC.a(PWM_B.o)
                0x00000c80                PWM_B_SetInterruptMode
 .text.ADC_SAR_Seq_1_Start
                0x00000c98       0x24 .\CortexM0\ARM_GCC_484\Debug\Lab 4 ADC.a(ADC_SAR_Seq_1.o)
                0x00000c98                ADC_SAR_Seq_1_Start
 .text.ADC_SAR_Seq_1_Init
                0x00000cbc      0x1c4 .\CortexM0\ARM_GCC_484\Debug\Lab 4 ADC.a(ADC_SAR_Seq_1.o)
                0x00000cbc                ADC_SAR_Seq_1_Init
 .text.ADC_SAR_Seq_1_Enable
                0x00000e80       0x28 .\CortexM0\ARM_GCC_484\Debug\Lab 4 ADC.a(ADC_SAR_Seq_1.o)
                0x00000e80                ADC_SAR_Seq_1_Enable
 .text.ADC_SAR_Seq_1_StartConvert
                0x00000ea8       0x1c .\CortexM0\ARM_GCC_484\Debug\Lab 4 ADC.a(ADC_SAR_Seq_1.o)
                0x00000ea8                ADC_SAR_Seq_1_StartConvert
 .text.ADC_SAR_Seq_1_IsEndConversion
                0x00000ec4       0x48 .\CortexM0\ARM_GCC_484\Debug\Lab 4 ADC.a(ADC_SAR_Seq_1.o)
                0x00000ec4                ADC_SAR_Seq_1_IsEndConversion
 .text.ADC_SAR_Seq_1_GetResult16
                0x00000f0c       0x44 .\CortexM0\ARM_GCC_484\Debug\Lab 4 ADC.a(ADC_SAR_Seq_1.o)
                0x00000f0c                ADC_SAR_Seq_1_GetResult16
 .text.ADC_SAR_Seq_1_ISR
                0x00000f50       0x1c .\CortexM0\ARM_GCC_484\Debug\Lab 4 ADC.a(ADC_SAR_Seq_1_INT.o)
                0x00000f50                ADC_SAR_Seq_1_ISR
 *fill*         0x00000f6c        0x4 
 .text          0x00000f70       0x28 .\CortexM0\ARM_GCC_484\Debug\Lab 4 ADC.a(CyBootAsmGnu.o)
                0x00000f70                CyDelayCycles
                0x00000f84                CyEnterCriticalSection
                0x00000f8c                CyExitCriticalSection
 .text.__libc_init_array
                0x00000f98       0x4c c:/program files (x86)/cypress/psoc creator/3.2/psoc creator/import/gnu/arm/4.8.4/bin/../lib/gcc/arm-none-eabi/4.8.4/../../../../arm-none-eabi/lib/armv6-m\libg_s.a(lib_a-init.o)
                0x00000f98                __libc_init_array
 .text.memset   0x00000fe4       0x10 c:/program files (x86)/cypress/psoc creator/3.2/psoc creator/import/gnu/arm/4.8.4/bin/../lib/gcc/arm-none-eabi/4.8.4/../../../../arm-none-eabi/lib/armv6-m\libg_s.a(lib_a-memset.o)
                0x00000fe4                memset
 *(.plt)
 *(.gnu.warning)
 *(.glue_7t)
 .glue_7t       0x00000000        0x0 linker stubs
 *(.glue_7)
 .glue_7        0x00000000        0x0 linker stubs
 *(.vfp11_veneer)
 .vfp11_veneer  0x00000000        0x0 linker stubs
 *(.bootloader)
 *(.ARM.extab* .gnu.linkonce.armextab.*)
 *(.gcc_except_table)

.v4_bx          0x00000ff4        0x0
 .v4_bx         0x00000000        0x0 linker stubs

.iplt           0x00000ff4        0x0
 .iplt          0x00000000        0x0 c:/program files (x86)/cypress/psoc creator/3.2/psoc creator/import/gnu/arm/4.8.4/bin/../lib/gcc/arm-none-eabi/4.8.4/armv6-m/crtbegin.o

.eh_frame_hdr
 *(.eh_frame_hdr)

.eh_frame       0x00000ff4        0x4
 *(.eh_frame)
 .eh_frame      0x00000ff4        0x0 c:/program files (x86)/cypress/psoc creator/3.2/psoc creator/import/gnu/arm/4.8.4/bin/../lib/gcc/arm-none-eabi/4.8.4/armv6-m/crtbegin.o
 .eh_frame      0x00000ff4        0x4 c:/program files (x86)/cypress/psoc creator/3.2/psoc creator/import/gnu/arm/4.8.4/bin/../lib/gcc/arm-none-eabi/4.8.4/armv6-m/crtend.o
                0x00000ff8                PROVIDE (__exidx_start, .)

.ARM.exidx
 *(.ARM.exidx* .gnu.linkonce.armexidx.*)
                0x00000ff8                __exidx_end = .

.rodata         0x00000ff8       0xb0
 *(.rodata .rodata.* .gnu.linkonce.r.*)
 .rodata        0x00000ff8       0x48 .\CortexM0\ARM_GCC_484\Debug\Lab 4 ADC.a(cyfitter_cfg.o)
 .rodata        0x00001040       0x30 .\CortexM0\ARM_GCC_484\Debug\Lab 4 ADC.a(CyLib.o)
                0x00001040                cyImoFreqMhz2Reg
                0x00001070                . = ALIGN (0x4)
 *(.init)
 .init          0x00001070        0x4 c:/program files (x86)/cypress/psoc creator/3.2/psoc creator/import/gnu/arm/4.8.4/bin/../lib/gcc/arm-none-eabi/4.8.4/armv6-m/crti.o
                0x00001070                _init
 .init          0x00001074        0x8 c:/program files (x86)/cypress/psoc creator/3.2/psoc creator/import/gnu/arm/4.8.4/bin/../lib/gcc/arm-none-eabi/4.8.4/armv6-m/crtn.o
                0x0000107c                . = ALIGN (0x4)
                0x0000107c                __preinit_array_start = .
 *(.preinit_array)
                0x0000107c                __preinit_array_end = .
                0x0000107c                . = ALIGN (0x4)
                0x0000107c                __init_array_start = .
 *(SORT(.init_array.*))
 *(.init_array)
 .init_array    0x0000107c        0x4 c:/program files (x86)/cypress/psoc creator/3.2/psoc creator/import/gnu/arm/4.8.4/bin/../lib/gcc/arm-none-eabi/4.8.4/armv6-m/crtbegin.o
 .init_array    0x00001080        0x4 .\CortexM0\ARM_GCC_484\Debug\Cm0Start.o
                0x00001084                __init_array_end = .
                0x00001084                . = ALIGN (0x4)
 *(.fini)
 .fini          0x00001084        0x4 c:/program files (x86)/cypress/psoc creator/3.2/psoc creator/import/gnu/arm/4.8.4/bin/../lib/gcc/arm-none-eabi/4.8.4/armv6-m/crti.o
                0x00001084                _fini
 .fini          0x00001088        0x8 c:/program files (x86)/cypress/psoc creator/3.2/psoc creator/import/gnu/arm/4.8.4/bin/../lib/gcc/arm-none-eabi/4.8.4/armv6-m/crtn.o
                0x00001090                . = ALIGN (0x4)
                0x00001090                __fini_array_start = .
 *(.fini_array)
 .fini_array    0x00001090        0x4 c:/program files (x86)/cypress/psoc creator/3.2/psoc creator/import/gnu/arm/4.8.4/bin/../lib/gcc/arm-none-eabi/4.8.4/armv6-m/crtbegin.o
 *(SORT(.fini_array.*))
                0x00001094                __fini_array_end = .
                0x00001094                . = ALIGN (0x4)
 *crtbegin.o(.ctors)
 *(EXCLUDE_FILE(*crtend.o) .ctors)
 *(SORT(.ctors.*))
 *crtend.o(.ctors)
                0x00001094                . = ALIGN (0x4)
 *crtbegin.o(.dtors)
 *(EXCLUDE_FILE(*crtend.o) .dtors)
 *(SORT(.dtors.*))
 *crtend.o(.dtors)
                0x00001094                . = ALIGN (0x4)
                0x00001094                __cy_regions = .
                0x00001094        0x4 LONG 0x10a8 __cy_region_init_ram
                0x00001098        0x4 LONG 0x200000c8 __cy_region_start_data
                0x0000109c        0x4 LONG 0x18 __cy_region_init_size_ram
                0x000010a0        0x4 LONG 0x28 __cy_region_zero_size_ram
                0x000010a4                __cy_regions_end = .
                0x000010a8                . = ALIGN (0x8)
 *fill*         0x000010a4        0x4 
                0x000010a8                _etext = .

.ramvectors     0x20000000       0xc0
                0x20000000                __cy_region_start_ram = .
 *(.ramvectors)
 .ramvectors    0x20000000       0xc0 .\CortexM0\ARM_GCC_484\Debug\Cm0Start.o
                0x20000000                CyRamVectors

.noinit         0x200000c0        0x4
 *(.noinit)
 .noinit        0x200000c0        0x4 .\CortexM0\ARM_GCC_484\Debug\Cm0Start.o

.data           0x200000c8       0x18 load address 0x000010a8
                0x200000c8                __cy_region_start_data = .
 *(.jcr)
 .jcr           0x200000c8        0x0 c:/program files (x86)/cypress/psoc creator/3.2/psoc creator/import/gnu/arm/4.8.4/bin/../lib/gcc/arm-none-eabi/4.8.4/armv6-m/crtbegin.o
 .jcr           0x200000c8        0x4 c:/program files (x86)/cypress/psoc creator/3.2/psoc creator/import/gnu/arm/4.8.4/bin/../lib/gcc/arm-none-eabi/4.8.4/armv6-m/crtend.o
 *(.got.plt)
 *(.got)
 *(.shdata)
 *(.data .data.* .gnu.linkonce.d.*)
 .data          0x200000cc       0x10 .\CortexM0\ARM_GCC_484\Debug\Lab 4 ADC.a(CyLib.o)
                0x200000cc                cydelayFreqHz
                0x200000d0                cydelayFreqKhz
                0x200000d4                cydelayFreqMhz
                0x200000d8                cydelay32kMs
                0x200000e0                . = ALIGN (0x8)
 *fill*         0x200000dc        0x4 
 *(.ram)
                0x200000e0                _edata = .

.igot.plt       0x200000e0        0x0 load address 0x000010c0
 .igot.plt      0x00000000        0x0 c:/program files (x86)/cypress/psoc creator/3.2/psoc creator/import/gnu/arm/4.8.4/bin/../lib/gcc/arm-none-eabi/4.8.4/armv6-m/crtbegin.o

.bss            0x200000e0       0x28 load address 0x000010c0
                0x200000e0                PROVIDE (__bss_start__, .)
 *(.shbss)
 *(.bss .bss.* .gnu.linkonce.b.*)
 .bss           0x200000e0       0x1c c:/program files (x86)/cypress/psoc creator/3.2/psoc creator/import/gnu/arm/4.8.4/bin/../lib/gcc/arm-none-eabi/4.8.4/armv6-m/crtbegin.o
 .bss           0x200000fc        0x1 .\CortexM0\ARM_GCC_484\Debug\Lab 4 ADC.a(PWM_R.o)
                0x200000fc                PWM_R_initVar
 .bss           0x200000fd        0x1 .\CortexM0\ARM_GCC_484\Debug\Lab 4 ADC.a(PWM_G.o)
                0x200000fd                PWM_G_initVar
 .bss           0x200000fe        0x1 .\CortexM0\ARM_GCC_484\Debug\Lab 4 ADC.a(PWM_B.o)
                0x200000fe                PWM_B_initVar
 .bss           0x200000ff        0x1 .\CortexM0\ARM_GCC_484\Debug\Lab 4 ADC.a(ADC_SAR_Seq_1.o)
                0x200000ff                ADC_SAR_Seq_1_initVar
 *(COMMON)
 COMMON         0x20000100        0x8 .\CortexM0\ARM_GCC_484\Debug\Lab 4 ADC.a(ADC_SAR_Seq_1.o)
                0x20000100                ADC_SAR_Seq_1_offset
                0x20000104                ADC_SAR_Seq_1_countsPer10Volt
                0x20000108                . = ALIGN (0x8)
 *(.ram.b)
                0x20000108                _end = .
                0x20000108                __end = .
                0x20000108                PROVIDE (end, .)
                0x20000108                PROVIDE (__bss_end__, .)
                0x000010a8                __cy_region_init_ram = LOADADDR (.data)
                0x00000018                __cy_region_init_size_ram = (_edata - ADDR (.data))
                0x00000028                __cy_region_zero_size_ram = (_end - _edata)

.heap           0x20000108      0x100 load address 0x000010c0
                0x20000108                . = _end
                0x20000208                . = (. + 0x100)
 *fill*         0x20000108      0x100 
                0x20000208                __cy_heap_limit = .

.stack          0x20000c00      0x400
                0x20000c00                __cy_stack_limit = .
                0x20001000                . = (. + 0x400)
 *fill*         0x20000c00      0x400 
                0x00000001                ASSERT ((__cy_stack_limit >= __cy_heap_limit), region RAM overflowed with stack)

.cyloadermeta
 *(.cyloadermeta)

.cyloadablemeta
 *(.cyloadablemeta)

.cyflashprotect
                0x90400000       0x20
 *(.cyflashprotect)
 .cyflashprotect
                0x90400000       0x20 .\CortexM0\ARM_GCC_484\Debug\cymetadata.o
                0x90400000                cy_meta_flashprotect

.cymeta         0x90500000        0xc
 *(.cymeta)
 .cymeta        0x90500000        0xc .\CortexM0\ARM_GCC_484\Debug\cymetadata.o
                0x90500000                cy_metadata

.cychipprotect  0x90600000        0x4
 *(.cychipprotect)
 .cychipprotect
                0x90600000        0x4 .\CortexM0\ARM_GCC_484\Debug\cymetadata.o
                0x90600000                cy_meta_chipprotect

.rel.dyn        0x000010c0        0x0 load address 0x90600004
 .rel.iplt      0x00000000        0x0 c:/program files (x86)/cypress/psoc creator/3.2/psoc creator/import/gnu/arm/4.8.4/bin/../lib/gcc/arm-none-eabi/4.8.4/armv6-m/crtbegin.o

.stab
 *(.stab)

.stabstr
 *(.stabstr)

.debug
 *(.debug)

.line
 *(.line)

.debug_srcinfo
 *(.debug_srcinfo)

.debug_sfnames
 *(.debug_sfnames)

.debug_aranges  0x00000000      0x778
 *(.debug_aranges)
 .debug_aranges
                0x00000000       0x20 .\CortexM0\ARM_GCC_484\Debug\main.o
 .debug_aranges
                0x00000020       0x48 .\CortexM0\ARM_GCC_484\Debug\LED_RGB.o
 .debug_aranges
                0x00000068       0x48 .\CortexM0\ARM_GCC_484\Debug\Cm0Start.o
 .debug_aranges
                0x000000b0       0x18 .\CortexM0\ARM_GCC_484\Debug\cymetadata.o
 .debug_aranges
                0x000000c8       0x50 .\CortexM0\ARM_GCC_484\Debug\Lab 4 ADC.a(cyfitter_cfg.o)
 .debug_aranges
                0x00000118      0x170 .\CortexM0\ARM_GCC_484\Debug\Lab 4 ADC.a(CyLib.o)
 .debug_aranges
                0x00000288      0x158 .\CortexM0\ARM_GCC_484\Debug\Lab 4 ADC.a(PWM_R.o)
 .debug_aranges
                0x000003e0      0x158 .\CortexM0\ARM_GCC_484\Debug\Lab 4 ADC.a(PWM_G.o)
 .debug_aranges
                0x00000538      0x158 .\CortexM0\ARM_GCC_484\Debug\Lab 4 ADC.a(PWM_B.o)
 .debug_aranges
                0x00000690       0xa8 .\CortexM0\ARM_GCC_484\Debug\Lab 4 ADC.a(ADC_SAR_Seq_1.o)
 .debug_aranges
                0x00000738       0x20 .\CortexM0\ARM_GCC_484\Debug\Lab 4 ADC.a(ADC_SAR_Seq_1_INT.o)
 .debug_aranges
                0x00000758       0x20 .\CortexM0\ARM_GCC_484\Debug\Lab 4 ADC.a(CyBootAsmGnu.o)

.debug_pubnames
 *(.debug_pubnames)

.debug_info     0x00000000     0x2d28
 *(.debug_info .gnu.linkonce.wi.*)
 .debug_info    0x00000000       0xb3 .\CortexM0\ARM_GCC_484\Debug\main.o
 .debug_info    0x000000b3      0x218 .\CortexM0\ARM_GCC_484\Debug\LED_RGB.o
 .debug_info    0x000002cb      0x2fe .\CortexM0\ARM_GCC_484\Debug\Cm0Start.o
 .debug_info    0x000005c9       0xfd .\CortexM0\ARM_GCC_484\Debug\cymetadata.o
 .debug_info    0x000006c6      0x353 .\CortexM0\ARM_GCC_484\Debug\Lab 4 ADC.a(cyfitter_cfg.o)
 .debug_info    0x00000a19      0x852 .\CortexM0\ARM_GCC_484\Debug\Lab 4 ADC.a(CyLib.o)
 .debug_info    0x0000126b      0x6f0 .\CortexM0\ARM_GCC_484\Debug\Lab 4 ADC.a(PWM_R.o)
 .debug_info    0x0000195b      0x6f0 .\CortexM0\ARM_GCC_484\Debug\Lab 4 ADC.a(PWM_G.o)
 .debug_info    0x0000204b      0x6f0 .\CortexM0\ARM_GCC_484\Debug\Lab 4 ADC.a(PWM_B.o)
 .debug_info    0x0000273b      0x474 .\CortexM0\ARM_GCC_484\Debug\Lab 4 ADC.a(ADC_SAR_Seq_1.o)
 .debug_info    0x00002baf       0xc4 .\CortexM0\ARM_GCC_484\Debug\Lab 4 ADC.a(ADC_SAR_Seq_1_INT.o)
 .debug_info    0x00002c73       0xb5 .\CortexM0\ARM_GCC_484\Debug\Lab 4 ADC.a(CyBootAsmGnu.o)

.debug_abbrev   0x00000000      0xb4e
 *(.debug_abbrev)
 .debug_abbrev  0x00000000       0x5c .\CortexM0\ARM_GCC_484\Debug\main.o
 .debug_abbrev  0x0000005c       0xae .\CortexM0\ARM_GCC_484\Debug\LED_RGB.o
 .debug_abbrev  0x0000010a      0x1a5 .\CortexM0\ARM_GCC_484\Debug\Cm0Start.o
 .debug_abbrev  0x000002af       0x5d .\CortexM0\ARM_GCC_484\Debug\cymetadata.o
 .debug_abbrev  0x0000030c      0x18a .\CortexM0\ARM_GCC_484\Debug\Lab 4 ADC.a(cyfitter_cfg.o)
 .debug_abbrev  0x00000496      0x1a7 .\CortexM0\ARM_GCC_484\Debug\Lab 4 ADC.a(CyLib.o)
 .debug_abbrev  0x0000063d      0x109 .\CortexM0\ARM_GCC_484\Debug\Lab 4 ADC.a(PWM_R.o)
 .debug_abbrev  0x00000746      0x109 .\CortexM0\ARM_GCC_484\Debug\Lab 4 ADC.a(PWM_G.o)
 .debug_abbrev  0x0000084f      0x109 .\CortexM0\ARM_GCC_484\Debug\Lab 4 ADC.a(PWM_B.o)
 .debug_abbrev  0x00000958      0x170 .\CortexM0\ARM_GCC_484\Debug\Lab 4 ADC.a(ADC_SAR_Seq_1.o)
 .debug_abbrev  0x00000ac8       0x72 .\CortexM0\ARM_GCC_484\Debug\Lab 4 ADC.a(ADC_SAR_Seq_1_INT.o)
 .debug_abbrev  0x00000b3a       0x14 .\CortexM0\ARM_GCC_484\Debug\Lab 4 ADC.a(CyBootAsmGnu.o)

.debug_line     0x00000000     0x172d
 *(.debug_line)
 .debug_line    0x00000000       0x73 .\CortexM0\ARM_GCC_484\Debug\main.o
 .debug_line    0x00000073      0x10c .\CortexM0\ARM_GCC_484\Debug\LED_RGB.o
 .debug_line    0x0000017f      0x1b7 .\CortexM0\ARM_GCC_484\Debug\Cm0Start.o
 .debug_line    0x00000336       0x53 .\CortexM0\ARM_GCC_484\Debug\cymetadata.o
 .debug_line    0x00000389      0x19a .\CortexM0\ARM_GCC_484\Debug\Lab 4 ADC.a(cyfitter_cfg.o)
 .debug_line    0x00000523      0x448 .\CortexM0\ARM_GCC_484\Debug\Lab 4 ADC.a(CyLib.o)
 .debug_line    0x0000096b      0x375 .\CortexM0\ARM_GCC_484\Debug\Lab 4 ADC.a(PWM_R.o)
 .debug_line    0x00000ce0      0x375 .\CortexM0\ARM_GCC_484\Debug\Lab 4 ADC.a(PWM_G.o)
 .debug_line    0x00001055      0x375 .\CortexM0\ARM_GCC_484\Debug\Lab 4 ADC.a(PWM_B.o)
 .debug_line    0x000013ca      0x28c .\CortexM0\ARM_GCC_484\Debug\Lab 4 ADC.a(ADC_SAR_Seq_1.o)
 .debug_line    0x00001656       0x6e .\CortexM0\ARM_GCC_484\Debug\Lab 4 ADC.a(ADC_SAR_Seq_1_INT.o)
 .debug_line    0x000016c4       0x69 .\CortexM0\ARM_GCC_484\Debug\Lab 4 ADC.a(CyBootAsmGnu.o)

.debug_frame    0x00000000     0x1c84
 *(.debug_frame)
 .debug_frame   0x00000000       0x30 .\CortexM0\ARM_GCC_484\Debug\main.o
 .debug_frame   0x00000030       0xc8 .\CortexM0\ARM_GCC_484\Debug\LED_RGB.o
 .debug_frame   0x000000f8       0xc8 .\CortexM0\ARM_GCC_484\Debug\Cm0Start.o
 .debug_frame   0x000001c0       0xe8 .\CortexM0\ARM_GCC_484\Debug\Lab 4 ADC.a(cyfitter_cfg.o)
 .debug_frame   0x000002a8      0x544 .\CortexM0\ARM_GCC_484\Debug\Lab 4 ADC.a(CyLib.o)
 .debug_frame   0x000007ec      0x52c .\CortexM0\ARM_GCC_484\Debug\Lab 4 ADC.a(PWM_R.o)
 .debug_frame   0x00000d18      0x52c .\CortexM0\ARM_GCC_484\Debug\Lab 4 ADC.a(PWM_G.o)
 .debug_frame   0x00001244      0x52c .\CortexM0\ARM_GCC_484\Debug\Lab 4 ADC.a(PWM_B.o)
 .debug_frame   0x00001770      0x24c .\CortexM0\ARM_GCC_484\Debug\Lab 4 ADC.a(ADC_SAR_Seq_1.o)
 .debug_frame   0x000019bc       0x30 .\CortexM0\ARM_GCC_484\Debug\Lab 4 ADC.a(ADC_SAR_Seq_1_INT.o)
 .debug_frame   0x000019ec       0x20 c:/program files (x86)/cypress/psoc creator/3.2/psoc creator/import/gnu/arm/4.8.4/bin/../lib/gcc/arm-none-eabi/4.8.4/armv6-m\libgcc.a(_udivsi3.o)
 .debug_frame   0x00001a0c       0x20 c:/program files (x86)/cypress/psoc creator/3.2/psoc creator/import/gnu/arm/4.8.4/bin/../lib/gcc/arm-none-eabi/4.8.4/armv6-m\libgcc.a(_divsi3.o)
 .debug_frame   0x00001a2c       0x30 c:/program files (x86)/cypress/psoc creator/3.2/psoc creator/import/gnu/arm/4.8.4/bin/../lib/gcc/arm-none-eabi/4.8.4/armv6-m\libgcc.a(_muldi3.o)
 .debug_frame   0x00001a5c       0x50 c:/program files (x86)/cypress/psoc creator/3.2/psoc creator/import/gnu/arm/4.8.4/bin/../lib/gcc/arm-none-eabi/4.8.4/armv6-m\libgcc.a(bpabi.o)
 .debug_frame   0x00001aac       0x3c c:/program files (x86)/cypress/psoc creator/3.2/psoc creator/import/gnu/arm/4.8.4/bin/../lib/gcc/arm-none-eabi/4.8.4/armv6-m\libgcc.a(divsf3.o)
 .debug_frame   0x00001ae8       0x3c c:/program files (x86)/cypress/psoc creator/3.2/psoc creator/import/gnu/arm/4.8.4/bin/../lib/gcc/arm-none-eabi/4.8.4/armv6-m\libgcc.a(mulsf3.o)
 .debug_frame   0x00001b24       0x2c c:/program files (x86)/cypress/psoc creator/3.2/psoc creator/import/gnu/arm/4.8.4/bin/../lib/gcc/arm-none-eabi/4.8.4/armv6-m\libgcc.a(floatsisf.o)
 .debug_frame   0x00001b50       0x3c c:/program files (x86)/cypress/psoc creator/3.2/psoc creator/import/gnu/arm/4.8.4/bin/../lib/gcc/arm-none-eabi/4.8.4/armv6-m\libgcc.a(_divdi3.o)
 .debug_frame   0x00001b8c       0x3c c:/program files (x86)/cypress/psoc creator/3.2/psoc creator/import/gnu/arm/4.8.4/bin/../lib/gcc/arm-none-eabi/4.8.4/armv6-m\libgcc.a(_udivdi3.o)
 .debug_frame   0x00001bc8       0x20 c:/program files (x86)/cypress/psoc creator/3.2/psoc creator/import/gnu/arm/4.8.4/bin/../lib/gcc/arm-none-eabi/4.8.4/../../../../arm-none-eabi/lib/armv6-m\libg_s.a(lib_a-errno.o)
 .debug_frame   0x00001be8       0x28 c:/program files (x86)/cypress/psoc creator/3.2/psoc creator/import/gnu/arm/4.8.4/bin/../lib/gcc/arm-none-eabi/4.8.4/../../../../arm-none-eabi/lib/armv6-m\libg_s.a(lib_a-exit.o)
 .debug_frame   0x00001c10       0x2c c:/program files (x86)/cypress/psoc creator/3.2/psoc creator/import/gnu/arm/4.8.4/bin/../lib/gcc/arm-none-eabi/4.8.4/../../../../arm-none-eabi/lib/armv6-m\libg_s.a(lib_a-init.o)
 .debug_frame   0x00001c3c       0x28 c:/program files (x86)/cypress/psoc creator/3.2/psoc creator/import/gnu/arm/4.8.4/bin/../lib/gcc/arm-none-eabi/4.8.4/../../../../arm-none-eabi/lib/armv6-m\libg_s.a(lib_a-memcpy-stub.o)
 .debug_frame   0x00001c64       0x20 c:/program files (x86)/cypress/psoc creator/3.2/psoc creator/import/gnu/arm/4.8.4/bin/../lib/gcc/arm-none-eabi/4.8.4/../../../../arm-none-eabi/lib/armv6-m\libg_s.a(lib_a-memset.o)

.debug_str      0x00000000     0x1684
 *(.debug_str)
 .debug_str     0x00000000      0x166 .\CortexM0\ARM_GCC_484\Debug\main.o
                                0x19f (size before relaxing)
 .debug_str     0x00000166      0x102 .\CortexM0\ARM_GCC_484\Debug\LED_RGB.o
                                0x28f (size before relaxing)
 .debug_str     0x00000268      0x12e .\CortexM0\ARM_GCC_484\Debug\Cm0Start.o
                                0x2d5 (size before relaxing)
 .debug_str     0x00000396       0x5b .\CortexM0\ARM_GCC_484\Debug\cymetadata.o
                                0x1e1 (size before relaxing)
 .debug_str     0x000003f1       0xf0 .\CortexM0\ARM_GCC_484\Debug\Lab 4 ADC.a(cyfitter_cfg.o)
                                0x2c7 (size before relaxing)
 .debug_str     0x000004e1      0x460 .\CortexM0\ARM_GCC_484\Debug\Lab 4 ADC.a(CyLib.o)
                                0x621 (size before relaxing)
 .debug_str     0x00000941      0x3ed .\CortexM0\ARM_GCC_484\Debug\Lab 4 ADC.a(PWM_R.o)
                                0x58b (size before relaxing)
 .debug_str     0x00000d2e      0x329 .\CortexM0\ARM_GCC_484\Debug\Lab 4 ADC.a(PWM_G.o)
                                0x58b (size before relaxing)
 .debug_str     0x00001057      0x329 .\CortexM0\ARM_GCC_484\Debug\Lab 4 ADC.a(PWM_B.o)
                                0x58b (size before relaxing)
 .debug_str     0x00001380      0x2b9 .\CortexM0\ARM_GCC_484\Debug\Lab 4 ADC.a(ADC_SAR_Seq_1.o)
                                0x480 (size before relaxing)
 .debug_str     0x00001639       0x4b .\CortexM0\ARM_GCC_484\Debug\Lab 4 ADC.a(ADC_SAR_Seq_1_INT.o)
                                0x1d8 (size before relaxing)

.debug_loc
 *(.debug_loc)

.debug_macinfo
 *(.debug_macinfo)

.debug_ranges   0x00000000      0x6a0
 *(.debug_ranges)
 .debug_ranges  0x00000000       0x10 .\CortexM0\ARM_GCC_484\Debug\main.o
 .debug_ranges  0x00000010       0x38 .\CortexM0\ARM_GCC_484\Debug\LED_RGB.o
 .debug_ranges  0x00000048       0x38 .\CortexM0\ARM_GCC_484\Debug\Cm0Start.o
 .debug_ranges  0x00000080       0x40 .\CortexM0\ARM_GCC_484\Debug\Lab 4 ADC.a(cyfitter_cfg.o)
 .debug_ranges  0x000000c0      0x160 .\CortexM0\ARM_GCC_484\Debug\Lab 4 ADC.a(CyLib.o)
 .debug_ranges  0x00000220      0x148 .\CortexM0\ARM_GCC_484\Debug\Lab 4 ADC.a(PWM_R.o)
 .debug_ranges  0x00000368      0x148 .\CortexM0\ARM_GCC_484\Debug\Lab 4 ADC.a(PWM_G.o)
 .debug_ranges  0x000004b0      0x148 .\CortexM0\ARM_GCC_484\Debug\Lab 4 ADC.a(PWM_B.o)
 .debug_ranges  0x000005f8       0x98 .\CortexM0\ARM_GCC_484\Debug\Lab 4 ADC.a(ADC_SAR_Seq_1.o)
 .debug_ranges  0x00000690       0x10 .\CortexM0\ARM_GCC_484\Debug\Lab 4 ADC.a(ADC_SAR_Seq_1_INT.o)

.comment        0x00000000       0x70
 .comment       0x00000000       0x70 .\CortexM0\ARM_GCC_484\Debug\main.o
                                 0x71 (size before relaxing)
 .comment       0x00000000       0x71 .\CortexM0\ARM_GCC_484\Debug\LED_RGB.o
 .comment       0x00000000       0x71 .\CortexM0\ARM_GCC_484\Debug\Cm0Start.o
 .comment       0x00000000       0x71 .\CortexM0\ARM_GCC_484\Debug\cymetadata.o
 .comment       0x00000000       0x71 .\CortexM0\ARM_GCC_484\Debug\Lab 4 ADC.a(cyfitter_cfg.o)
 .comment       0x00000000       0x71 .\CortexM0\ARM_GCC_484\Debug\Lab 4 ADC.a(CyLib.o)
 .comment       0x00000000       0x71 .\CortexM0\ARM_GCC_484\Debug\Lab 4 ADC.a(PWM_R.o)
 .comment       0x00000000       0x71 .\CortexM0\ARM_GCC_484\Debug\Lab 4 ADC.a(PWM_G.o)
 .comment       0x00000000       0x71 .\CortexM0\ARM_GCC_484\Debug\Lab 4 ADC.a(PWM_B.o)
 .comment       0x00000000       0x71 .\CortexM0\ARM_GCC_484\Debug\Lab 4 ADC.a(ADC_SAR_Seq_1.o)
 .comment       0x00000000       0x71 .\CortexM0\ARM_GCC_484\Debug\Lab 4 ADC.a(ADC_SAR_Seq_1_INT.o)

.debug_weaknames
 *(.debug_weaknames)

.debug_funcnames
 *(.debug_funcnames)

.debug_typenames
 *(.debug_typenames)

.debug_varnames
 *(.debug_varnames)

.note.gnu.arm.ident
 *(.note.gnu.arm.ident)

.ARM.attributes
                0x00000000       0x28
 *(.ARM.attributes)
 .ARM.attributes
                0x00000000       0x1e c:/program files (x86)/cypress/psoc creator/3.2/psoc creator/import/gnu/arm/4.8.4/bin/../lib/gcc/arm-none-eabi/4.8.4/armv6-m/crti.o
 .ARM.attributes
                0x0000001e       0x2c c:/program files (x86)/cypress/psoc creator/3.2/psoc creator/import/gnu/arm/4.8.4/bin/../lib/gcc/arm-none-eabi/4.8.4/armv6-m/crtbegin.o
 .ARM.attributes
                0x0000004a       0x1b c:/program files (x86)/cypress/psoc creator/3.2/psoc creator/import/gnu/arm/4.8.4/bin/../lib/gcc/arm-none-eabi/4.8.4/../../../../arm-none-eabi/lib/armv6-m/crt0.o
 .ARM.attributes
                0x00000065       0x31 .\CortexM0\ARM_GCC_484\Debug\main.o
 .ARM.attributes
                0x00000096       0x31 .\CortexM0\ARM_GCC_484\Debug\LED_RGB.o
 .ARM.attributes
                0x000000c7       0x31 .\CortexM0\ARM_GCC_484\Debug\Cm0Start.o
 .ARM.attributes
                0x000000f8       0x31 .\CortexM0\ARM_GCC_484\Debug\cymetadata.o
 .ARM.attributes
                0x00000129       0x31 .\CortexM0\ARM_GCC_484\Debug\Lab 4 ADC.a(cyfitter_cfg.o)
 .ARM.attributes
                0x0000015a       0x31 .\CortexM0\ARM_GCC_484\Debug\Lab 4 ADC.a(CyLib.o)
 .ARM.attributes
                0x0000018b       0x31 .\CortexM0\ARM_GCC_484\Debug\Lab 4 ADC.a(PWM_R.o)
 .ARM.attributes
                0x000001bc       0x31 .\CortexM0\ARM_GCC_484\Debug\Lab 4 ADC.a(PWM_G.o)
 .ARM.attributes
                0x000001ed       0x31 .\CortexM0\ARM_GCC_484\Debug\Lab 4 ADC.a(PWM_B.o)
 .ARM.attributes
                0x0000021e       0x31 .\CortexM0\ARM_GCC_484\Debug\Lab 4 ADC.a(ADC_SAR_Seq_1.o)
 .ARM.attributes
                0x0000024f       0x31 .\CortexM0\ARM_GCC_484\Debug\Lab 4 ADC.a(ADC_SAR_Seq_1_INT.o)
 .ARM.attributes
                0x00000280       0x21 .\CortexM0\ARM_GCC_484\Debug\Lab 4 ADC.a(CyBootAsmGnu.o)
 .ARM.attributes
                0x000002a1       0x1e c:/program files (x86)/cypress/psoc creator/3.2/psoc creator/import/gnu/arm/4.8.4/bin/../lib/gcc/arm-none-eabi/4.8.4/armv6-m\libgcc.a(_udivsi3.o)
 .ARM.attributes
                0x000002bf       0x1e c:/program files (x86)/cypress/psoc creator/3.2/psoc creator/import/gnu/arm/4.8.4/bin/../lib/gcc/arm-none-eabi/4.8.4/armv6-m\libgcc.a(_divsi3.o)
 .ARM.attributes
                0x000002dd       0x1e c:/program files (x86)/cypress/psoc creator/3.2/psoc creator/import/gnu/arm/4.8.4/bin/../lib/gcc/arm-none-eabi/4.8.4/armv6-m\libgcc.a(_dvmd_tls.o)
 .ARM.attributes
                0x000002fb       0x1e c:/program files (x86)/cypress/psoc creator/3.2/psoc creator/import/gnu/arm/4.8.4/bin/../lib/gcc/arm-none-eabi/4.8.4/armv6-m\libgcc.a(_aeabi_ldivmod.o)
 .ARM.attributes
                0x00000319       0x2c c:/program files (x86)/cypress/psoc creator/3.2/psoc creator/import/gnu/arm/4.8.4/bin/../lib/gcc/arm-none-eabi/4.8.4/armv6-m\libgcc.a(_muldi3.o)
 .ARM.attributes
                0x00000345       0x2c c:/program files (x86)/cypress/psoc creator/3.2/psoc creator/import/gnu/arm/4.8.4/bin/../lib/gcc/arm-none-eabi/4.8.4/armv6-m\libgcc.a(bpabi.o)
 .ARM.attributes
                0x00000371       0x2c c:/program files (x86)/cypress/psoc creator/3.2/psoc creator/import/gnu/arm/4.8.4/bin/../lib/gcc/arm-none-eabi/4.8.4/armv6-m\libgcc.a(divsf3.o)
 .ARM.attributes
                0x0000039d       0x2c c:/program files (x86)/cypress/psoc creator/3.2/psoc creator/import/gnu/arm/4.8.4/bin/../lib/gcc/arm-none-eabi/4.8.4/armv6-m\libgcc.a(mulsf3.o)
 .ARM.attributes
                0x000003c9       0x2c c:/program files (x86)/cypress/psoc creator/3.2/psoc creator/import/gnu/arm/4.8.4/bin/../lib/gcc/arm-none-eabi/4.8.4/armv6-m\libgcc.a(floatsisf.o)
 .ARM.attributes
                0x000003f5       0x1e c:/program files (x86)/cypress/psoc creator/3.2/psoc creator/import/gnu/arm/4.8.4/bin/../lib/gcc/arm-none-eabi/4.8.4/armv6-m\libgcc.a(_clzsi2.o)
 .ARM.attributes
                0x00000413       0x2c c:/program files (x86)/cypress/psoc creator/3.2/psoc creator/import/gnu/arm/4.8.4/bin/../lib/gcc/arm-none-eabi/4.8.4/armv6-m\libgcc.a(_divdi3.o)
 .ARM.attributes
                0x0000043f       0x2c c:/program files (x86)/cypress/psoc creator/3.2/psoc creator/import/gnu/arm/4.8.4/bin/../lib/gcc/arm-none-eabi/4.8.4/armv6-m\libgcc.a(_udivdi3.o)
 .ARM.attributes
                0x0000046b       0x2c c:/program files (x86)/cypress/psoc creator/3.2/psoc creator/import/gnu/arm/4.8.4/bin/../lib/gcc/arm-none-eabi/4.8.4/../../../../arm-none-eabi/lib/armv6-m\libg_s.a(lib_a-errno.o)
 .ARM.attributes
                0x00000497       0x2c c:/program files (x86)/cypress/psoc creator/3.2/psoc creator/import/gnu/arm/4.8.4/bin/../lib/gcc/arm-none-eabi/4.8.4/../../../../arm-none-eabi/lib/armv6-m\libg_s.a(lib_a-exit.o)
 .ARM.attributes
                0x000004c3       0x2c c:/program files (x86)/cypress/psoc creator/3.2/psoc creator/import/gnu/arm/4.8.4/bin/../lib/gcc/arm-none-eabi/4.8.4/../../../../arm-none-eabi/lib/armv6-m\libg_s.a(lib_a-impure.o)
 .ARM.attributes
                0x000004ef       0x2c c:/program files (x86)/cypress/psoc creator/3.2/psoc creator/import/gnu/arm/4.8.4/bin/../lib/gcc/arm-none-eabi/4.8.4/../../../../arm-none-eabi/lib/armv6-m\libg_s.a(lib_a-init.o)
 .ARM.attributes
                0x0000051b       0x2c c:/program files (x86)/cypress/psoc creator/3.2/psoc creator/import/gnu/arm/4.8.4/bin/../lib/gcc/arm-none-eabi/4.8.4/../../../../arm-none-eabi/lib/armv6-m\libg_s.a(lib_a-memcpy-stub.o)
 .ARM.attributes
                0x00000547       0x2c c:/program files (x86)/cypress/psoc creator/3.2/psoc creator/import/gnu/arm/4.8.4/bin/../lib/gcc/arm-none-eabi/4.8.4/../../../../arm-none-eabi/lib/armv6-m\libg_s.a(lib_a-memset.o)
 .ARM.attributes
                0x00000573       0x2c c:/program files (x86)/cypress/psoc creator/3.2/psoc creator/import/gnu/arm/4.8.4/bin/../lib/gcc/arm-none-eabi/4.8.4/armv6-m/crtend.o
 .ARM.attributes
                0x0000059f       0x1e c:/program files (x86)/cypress/psoc creator/3.2/psoc creator/import/gnu/arm/4.8.4/bin/../lib/gcc/arm-none-eabi/4.8.4/armv6-m/crtn.o

/DISCARD/
 *(.note.GNU-stack)
OUTPUT(.\CortexM0\ARM_GCC_484\Debug\Lab 4 ADC.elf elf32-littlearm)
