ARM GAS  C:\Users\mitchell\AppData\Local\Temp\ccFuvMeF.s 			page 1


   1              		.cpu cortex-m0
   2              		.fpu softvfp
   3              		.eabi_attribute 20, 1
   4              		.eabi_attribute 21, 1
   5              		.eabi_attribute 23, 3
   6              		.eabi_attribute 24, 1
   7              		.eabi_attribute 25, 1
   8              		.eabi_attribute 26, 1
   9              		.eabi_attribute 30, 1
  10              		.eabi_attribute 34, 0
  11              		.eabi_attribute 18, 4
  12              		.code	16
  13              		.file	"ADC_SAR_Seq_1_IRQ.c"
  14              		.text
  15              	.Ltext0:
  16              		.cfi_sections	.debug_frame
  17              		.section	.text.ADC_SAR_Seq_1_IRQ_Interrupt,"ax",%progbits
  18              		.align	2
  19              		.global	ADC_SAR_Seq_1_IRQ_Interrupt
  20              		.code	16
  21              		.thumb_func
  22              		.type	ADC_SAR_Seq_1_IRQ_Interrupt, %function
  23              	ADC_SAR_Seq_1_IRQ_Interrupt:
  24              	.LFB3:
  25              		.file 1 ".\\Generated_Source\\PSoC4\\ADC_SAR_Seq_1_IRQ.c"
   1:.\Generated_Source\PSoC4/ADC_SAR_Seq_1_IRQ.c **** /*******************************************************************************
   2:.\Generated_Source\PSoC4/ADC_SAR_Seq_1_IRQ.c **** * File Name: ADC_SAR_Seq_1_IRQ.c  
   3:.\Generated_Source\PSoC4/ADC_SAR_Seq_1_IRQ.c **** * Version 1.70
   4:.\Generated_Source\PSoC4/ADC_SAR_Seq_1_IRQ.c **** *
   5:.\Generated_Source\PSoC4/ADC_SAR_Seq_1_IRQ.c **** *  Description:
   6:.\Generated_Source\PSoC4/ADC_SAR_Seq_1_IRQ.c **** *   API for controlling the state of an interrupt.
   7:.\Generated_Source\PSoC4/ADC_SAR_Seq_1_IRQ.c **** *
   8:.\Generated_Source\PSoC4/ADC_SAR_Seq_1_IRQ.c **** *
   9:.\Generated_Source\PSoC4/ADC_SAR_Seq_1_IRQ.c **** *  Note:
  10:.\Generated_Source\PSoC4/ADC_SAR_Seq_1_IRQ.c **** *
  11:.\Generated_Source\PSoC4/ADC_SAR_Seq_1_IRQ.c **** ********************************************************************************
  12:.\Generated_Source\PSoC4/ADC_SAR_Seq_1_IRQ.c **** * Copyright 2008-2015, Cypress Semiconductor Corporation.  All rights reserved.
  13:.\Generated_Source\PSoC4/ADC_SAR_Seq_1_IRQ.c **** * You may use this file only in accordance with the license, terms, conditions, 
  14:.\Generated_Source\PSoC4/ADC_SAR_Seq_1_IRQ.c **** * disclaimers, and limitations in the end user license agreement accompanying 
  15:.\Generated_Source\PSoC4/ADC_SAR_Seq_1_IRQ.c **** * the software package with which this file was provided.
  16:.\Generated_Source\PSoC4/ADC_SAR_Seq_1_IRQ.c **** *******************************************************************************/
  17:.\Generated_Source\PSoC4/ADC_SAR_Seq_1_IRQ.c **** 
  18:.\Generated_Source\PSoC4/ADC_SAR_Seq_1_IRQ.c **** 
  19:.\Generated_Source\PSoC4/ADC_SAR_Seq_1_IRQ.c **** #include <cydevice_trm.h>
  20:.\Generated_Source\PSoC4/ADC_SAR_Seq_1_IRQ.c **** #include <CyLib.h>
  21:.\Generated_Source\PSoC4/ADC_SAR_Seq_1_IRQ.c **** #include <ADC_SAR_Seq_1_IRQ.h>
  22:.\Generated_Source\PSoC4/ADC_SAR_Seq_1_IRQ.c **** 
  23:.\Generated_Source\PSoC4/ADC_SAR_Seq_1_IRQ.c **** #if !defined(ADC_SAR_Seq_1_IRQ__REMOVED) /* Check for removal by optimization */
  24:.\Generated_Source\PSoC4/ADC_SAR_Seq_1_IRQ.c **** 
  25:.\Generated_Source\PSoC4/ADC_SAR_Seq_1_IRQ.c **** /*******************************************************************************
  26:.\Generated_Source\PSoC4/ADC_SAR_Seq_1_IRQ.c **** *  Place your includes, defines and code here 
  27:.\Generated_Source\PSoC4/ADC_SAR_Seq_1_IRQ.c **** ********************************************************************************/
  28:.\Generated_Source\PSoC4/ADC_SAR_Seq_1_IRQ.c **** /* `#START ADC_SAR_Seq_1_IRQ_intc` */
  29:.\Generated_Source\PSoC4/ADC_SAR_Seq_1_IRQ.c **** 
  30:.\Generated_Source\PSoC4/ADC_SAR_Seq_1_IRQ.c **** /* `#END` */
  31:.\Generated_Source\PSoC4/ADC_SAR_Seq_1_IRQ.c **** 
  32:.\Generated_Source\PSoC4/ADC_SAR_Seq_1_IRQ.c **** extern cyisraddress CyRamVectors[CYINT_IRQ_BASE + CY_NUM_INTERRUPTS];
ARM GAS  C:\Users\mitchell\AppData\Local\Temp\ccFuvMeF.s 			page 2


  33:.\Generated_Source\PSoC4/ADC_SAR_Seq_1_IRQ.c **** 
  34:.\Generated_Source\PSoC4/ADC_SAR_Seq_1_IRQ.c **** /* Declared in startup, used to set unused interrupts to. */
  35:.\Generated_Source\PSoC4/ADC_SAR_Seq_1_IRQ.c **** CY_ISR_PROTO(IntDefaultHandler);
  36:.\Generated_Source\PSoC4/ADC_SAR_Seq_1_IRQ.c **** 
  37:.\Generated_Source\PSoC4/ADC_SAR_Seq_1_IRQ.c **** 
  38:.\Generated_Source\PSoC4/ADC_SAR_Seq_1_IRQ.c **** /*******************************************************************************
  39:.\Generated_Source\PSoC4/ADC_SAR_Seq_1_IRQ.c **** * Function Name: ADC_SAR_Seq_1_IRQ_Start
  40:.\Generated_Source\PSoC4/ADC_SAR_Seq_1_IRQ.c **** ********************************************************************************
  41:.\Generated_Source\PSoC4/ADC_SAR_Seq_1_IRQ.c **** *
  42:.\Generated_Source\PSoC4/ADC_SAR_Seq_1_IRQ.c **** * Summary:
  43:.\Generated_Source\PSoC4/ADC_SAR_Seq_1_IRQ.c **** *  Set up the interrupt and enable it. This function disables the interrupt, 
  44:.\Generated_Source\PSoC4/ADC_SAR_Seq_1_IRQ.c **** *  sets the default interrupt vector, sets the priority from the value in the
  45:.\Generated_Source\PSoC4/ADC_SAR_Seq_1_IRQ.c **** *  Design Wide Resources Interrupt Editor, then enables the interrupt to the 
  46:.\Generated_Source\PSoC4/ADC_SAR_Seq_1_IRQ.c **** *  interrupt controller.
  47:.\Generated_Source\PSoC4/ADC_SAR_Seq_1_IRQ.c **** *
  48:.\Generated_Source\PSoC4/ADC_SAR_Seq_1_IRQ.c **** * Parameters:  
  49:.\Generated_Source\PSoC4/ADC_SAR_Seq_1_IRQ.c **** *   None
  50:.\Generated_Source\PSoC4/ADC_SAR_Seq_1_IRQ.c **** *
  51:.\Generated_Source\PSoC4/ADC_SAR_Seq_1_IRQ.c **** * Return:
  52:.\Generated_Source\PSoC4/ADC_SAR_Seq_1_IRQ.c **** *   None
  53:.\Generated_Source\PSoC4/ADC_SAR_Seq_1_IRQ.c **** *
  54:.\Generated_Source\PSoC4/ADC_SAR_Seq_1_IRQ.c **** *******************************************************************************/
  55:.\Generated_Source\PSoC4/ADC_SAR_Seq_1_IRQ.c **** void ADC_SAR_Seq_1_IRQ_Start(void)
  56:.\Generated_Source\PSoC4/ADC_SAR_Seq_1_IRQ.c **** {
  57:.\Generated_Source\PSoC4/ADC_SAR_Seq_1_IRQ.c ****     /* For all we know the interrupt is active. */
  58:.\Generated_Source\PSoC4/ADC_SAR_Seq_1_IRQ.c ****     ADC_SAR_Seq_1_IRQ_Disable();
  59:.\Generated_Source\PSoC4/ADC_SAR_Seq_1_IRQ.c **** 
  60:.\Generated_Source\PSoC4/ADC_SAR_Seq_1_IRQ.c ****     /* Set the ISR to point to the ADC_SAR_Seq_1_IRQ Interrupt. */
  61:.\Generated_Source\PSoC4/ADC_SAR_Seq_1_IRQ.c ****     ADC_SAR_Seq_1_IRQ_SetVector(&ADC_SAR_Seq_1_IRQ_Interrupt);
  62:.\Generated_Source\PSoC4/ADC_SAR_Seq_1_IRQ.c **** 
  63:.\Generated_Source\PSoC4/ADC_SAR_Seq_1_IRQ.c ****     /* Set the priority. */
  64:.\Generated_Source\PSoC4/ADC_SAR_Seq_1_IRQ.c ****     ADC_SAR_Seq_1_IRQ_SetPriority((uint8)ADC_SAR_Seq_1_IRQ_INTC_PRIOR_NUMBER);
  65:.\Generated_Source\PSoC4/ADC_SAR_Seq_1_IRQ.c **** 
  66:.\Generated_Source\PSoC4/ADC_SAR_Seq_1_IRQ.c ****     /* Enable it. */
  67:.\Generated_Source\PSoC4/ADC_SAR_Seq_1_IRQ.c ****     ADC_SAR_Seq_1_IRQ_Enable();
  68:.\Generated_Source\PSoC4/ADC_SAR_Seq_1_IRQ.c **** }
  69:.\Generated_Source\PSoC4/ADC_SAR_Seq_1_IRQ.c **** 
  70:.\Generated_Source\PSoC4/ADC_SAR_Seq_1_IRQ.c **** 
  71:.\Generated_Source\PSoC4/ADC_SAR_Seq_1_IRQ.c **** /*******************************************************************************
  72:.\Generated_Source\PSoC4/ADC_SAR_Seq_1_IRQ.c **** * Function Name: ADC_SAR_Seq_1_IRQ_StartEx
  73:.\Generated_Source\PSoC4/ADC_SAR_Seq_1_IRQ.c **** ********************************************************************************
  74:.\Generated_Source\PSoC4/ADC_SAR_Seq_1_IRQ.c **** *
  75:.\Generated_Source\PSoC4/ADC_SAR_Seq_1_IRQ.c **** * Summary:
  76:.\Generated_Source\PSoC4/ADC_SAR_Seq_1_IRQ.c **** *  Sets up the interrupt and enables it. This function disables the interrupt,
  77:.\Generated_Source\PSoC4/ADC_SAR_Seq_1_IRQ.c **** *  sets the interrupt vector based on the address passed in, sets the priority 
  78:.\Generated_Source\PSoC4/ADC_SAR_Seq_1_IRQ.c **** *  from the value in the Design Wide Resources Interrupt Editor, then enables 
  79:.\Generated_Source\PSoC4/ADC_SAR_Seq_1_IRQ.c **** *  the interrupt to the interrupt controller.
  80:.\Generated_Source\PSoC4/ADC_SAR_Seq_1_IRQ.c **** *  
  81:.\Generated_Source\PSoC4/ADC_SAR_Seq_1_IRQ.c **** *  When defining ISR functions, the CY_ISR and CY_ISR_PROTO macros should be 
  82:.\Generated_Source\PSoC4/ADC_SAR_Seq_1_IRQ.c **** *  used to provide consistent definition across compilers:
  83:.\Generated_Source\PSoC4/ADC_SAR_Seq_1_IRQ.c **** *  
  84:.\Generated_Source\PSoC4/ADC_SAR_Seq_1_IRQ.c **** *  Function definition example:
  85:.\Generated_Source\PSoC4/ADC_SAR_Seq_1_IRQ.c **** *   CY_ISR(MyISR)
  86:.\Generated_Source\PSoC4/ADC_SAR_Seq_1_IRQ.c **** *   {
  87:.\Generated_Source\PSoC4/ADC_SAR_Seq_1_IRQ.c **** *   }
  88:.\Generated_Source\PSoC4/ADC_SAR_Seq_1_IRQ.c **** *   Function prototype example:
  89:.\Generated_Source\PSoC4/ADC_SAR_Seq_1_IRQ.c **** *   CY_ISR_PROTO(MyISR);
ARM GAS  C:\Users\mitchell\AppData\Local\Temp\ccFuvMeF.s 			page 3


  90:.\Generated_Source\PSoC4/ADC_SAR_Seq_1_IRQ.c **** *
  91:.\Generated_Source\PSoC4/ADC_SAR_Seq_1_IRQ.c **** * Parameters:  
  92:.\Generated_Source\PSoC4/ADC_SAR_Seq_1_IRQ.c **** *   address: Address of the ISR to set in the interrupt vector table.
  93:.\Generated_Source\PSoC4/ADC_SAR_Seq_1_IRQ.c **** *
  94:.\Generated_Source\PSoC4/ADC_SAR_Seq_1_IRQ.c **** * Return:
  95:.\Generated_Source\PSoC4/ADC_SAR_Seq_1_IRQ.c **** *   None
  96:.\Generated_Source\PSoC4/ADC_SAR_Seq_1_IRQ.c **** *
  97:.\Generated_Source\PSoC4/ADC_SAR_Seq_1_IRQ.c **** *******************************************************************************/
  98:.\Generated_Source\PSoC4/ADC_SAR_Seq_1_IRQ.c **** void ADC_SAR_Seq_1_IRQ_StartEx(cyisraddress address)
  99:.\Generated_Source\PSoC4/ADC_SAR_Seq_1_IRQ.c **** {
 100:.\Generated_Source\PSoC4/ADC_SAR_Seq_1_IRQ.c ****     /* For all we know the interrupt is active. */
 101:.\Generated_Source\PSoC4/ADC_SAR_Seq_1_IRQ.c ****     ADC_SAR_Seq_1_IRQ_Disable();
 102:.\Generated_Source\PSoC4/ADC_SAR_Seq_1_IRQ.c **** 
 103:.\Generated_Source\PSoC4/ADC_SAR_Seq_1_IRQ.c ****     /* Set the ISR to point to the ADC_SAR_Seq_1_IRQ Interrupt. */
 104:.\Generated_Source\PSoC4/ADC_SAR_Seq_1_IRQ.c ****     ADC_SAR_Seq_1_IRQ_SetVector(address);
 105:.\Generated_Source\PSoC4/ADC_SAR_Seq_1_IRQ.c **** 
 106:.\Generated_Source\PSoC4/ADC_SAR_Seq_1_IRQ.c ****     /* Set the priority. */
 107:.\Generated_Source\PSoC4/ADC_SAR_Seq_1_IRQ.c ****     ADC_SAR_Seq_1_IRQ_SetPriority((uint8)ADC_SAR_Seq_1_IRQ_INTC_PRIOR_NUMBER);
 108:.\Generated_Source\PSoC4/ADC_SAR_Seq_1_IRQ.c **** 
 109:.\Generated_Source\PSoC4/ADC_SAR_Seq_1_IRQ.c ****     /* Enable it. */
 110:.\Generated_Source\PSoC4/ADC_SAR_Seq_1_IRQ.c ****     ADC_SAR_Seq_1_IRQ_Enable();
 111:.\Generated_Source\PSoC4/ADC_SAR_Seq_1_IRQ.c **** }
 112:.\Generated_Source\PSoC4/ADC_SAR_Seq_1_IRQ.c **** 
 113:.\Generated_Source\PSoC4/ADC_SAR_Seq_1_IRQ.c **** 
 114:.\Generated_Source\PSoC4/ADC_SAR_Seq_1_IRQ.c **** /*******************************************************************************
 115:.\Generated_Source\PSoC4/ADC_SAR_Seq_1_IRQ.c **** * Function Name: ADC_SAR_Seq_1_IRQ_Stop
 116:.\Generated_Source\PSoC4/ADC_SAR_Seq_1_IRQ.c **** ********************************************************************************
 117:.\Generated_Source\PSoC4/ADC_SAR_Seq_1_IRQ.c **** *
 118:.\Generated_Source\PSoC4/ADC_SAR_Seq_1_IRQ.c **** * Summary:
 119:.\Generated_Source\PSoC4/ADC_SAR_Seq_1_IRQ.c **** *   Disables and removes the interrupt.
 120:.\Generated_Source\PSoC4/ADC_SAR_Seq_1_IRQ.c **** *
 121:.\Generated_Source\PSoC4/ADC_SAR_Seq_1_IRQ.c **** * Parameters:  
 122:.\Generated_Source\PSoC4/ADC_SAR_Seq_1_IRQ.c **** *   None
 123:.\Generated_Source\PSoC4/ADC_SAR_Seq_1_IRQ.c **** *
 124:.\Generated_Source\PSoC4/ADC_SAR_Seq_1_IRQ.c **** * Return:
 125:.\Generated_Source\PSoC4/ADC_SAR_Seq_1_IRQ.c **** *   None
 126:.\Generated_Source\PSoC4/ADC_SAR_Seq_1_IRQ.c **** *
 127:.\Generated_Source\PSoC4/ADC_SAR_Seq_1_IRQ.c **** *******************************************************************************/
 128:.\Generated_Source\PSoC4/ADC_SAR_Seq_1_IRQ.c **** void ADC_SAR_Seq_1_IRQ_Stop(void)
 129:.\Generated_Source\PSoC4/ADC_SAR_Seq_1_IRQ.c **** {
 130:.\Generated_Source\PSoC4/ADC_SAR_Seq_1_IRQ.c ****     /* Disable this interrupt. */
 131:.\Generated_Source\PSoC4/ADC_SAR_Seq_1_IRQ.c ****     ADC_SAR_Seq_1_IRQ_Disable();
 132:.\Generated_Source\PSoC4/ADC_SAR_Seq_1_IRQ.c **** 
 133:.\Generated_Source\PSoC4/ADC_SAR_Seq_1_IRQ.c ****     /* Set the ISR to point to the passive one. */
 134:.\Generated_Source\PSoC4/ADC_SAR_Seq_1_IRQ.c ****     ADC_SAR_Seq_1_IRQ_SetVector(&IntDefaultHandler);
 135:.\Generated_Source\PSoC4/ADC_SAR_Seq_1_IRQ.c **** }
 136:.\Generated_Source\PSoC4/ADC_SAR_Seq_1_IRQ.c **** 
 137:.\Generated_Source\PSoC4/ADC_SAR_Seq_1_IRQ.c **** 
 138:.\Generated_Source\PSoC4/ADC_SAR_Seq_1_IRQ.c **** /*******************************************************************************
 139:.\Generated_Source\PSoC4/ADC_SAR_Seq_1_IRQ.c **** * Function Name: ADC_SAR_Seq_1_IRQ_Interrupt
 140:.\Generated_Source\PSoC4/ADC_SAR_Seq_1_IRQ.c **** ********************************************************************************
 141:.\Generated_Source\PSoC4/ADC_SAR_Seq_1_IRQ.c **** *
 142:.\Generated_Source\PSoC4/ADC_SAR_Seq_1_IRQ.c **** * Summary:
 143:.\Generated_Source\PSoC4/ADC_SAR_Seq_1_IRQ.c **** *   The default Interrupt Service Routine for ADC_SAR_Seq_1_IRQ.
 144:.\Generated_Source\PSoC4/ADC_SAR_Seq_1_IRQ.c **** *
 145:.\Generated_Source\PSoC4/ADC_SAR_Seq_1_IRQ.c **** *   Add custom code between the START and END comments to keep the next version
 146:.\Generated_Source\PSoC4/ADC_SAR_Seq_1_IRQ.c **** *   of this file from over-writing your code.
ARM GAS  C:\Users\mitchell\AppData\Local\Temp\ccFuvMeF.s 			page 4


 147:.\Generated_Source\PSoC4/ADC_SAR_Seq_1_IRQ.c **** *
 148:.\Generated_Source\PSoC4/ADC_SAR_Seq_1_IRQ.c **** *   Note You may use either the default ISR by using this API, or you may define
 149:.\Generated_Source\PSoC4/ADC_SAR_Seq_1_IRQ.c **** *   your own separate ISR through ISR_StartEx().
 150:.\Generated_Source\PSoC4/ADC_SAR_Seq_1_IRQ.c **** *
 151:.\Generated_Source\PSoC4/ADC_SAR_Seq_1_IRQ.c **** * Parameters:  
 152:.\Generated_Source\PSoC4/ADC_SAR_Seq_1_IRQ.c **** *   None
 153:.\Generated_Source\PSoC4/ADC_SAR_Seq_1_IRQ.c **** *
 154:.\Generated_Source\PSoC4/ADC_SAR_Seq_1_IRQ.c **** * Return:
 155:.\Generated_Source\PSoC4/ADC_SAR_Seq_1_IRQ.c **** *   None
 156:.\Generated_Source\PSoC4/ADC_SAR_Seq_1_IRQ.c **** *
 157:.\Generated_Source\PSoC4/ADC_SAR_Seq_1_IRQ.c **** *******************************************************************************/
 158:.\Generated_Source\PSoC4/ADC_SAR_Seq_1_IRQ.c **** CY_ISR(ADC_SAR_Seq_1_IRQ_Interrupt)
 159:.\Generated_Source\PSoC4/ADC_SAR_Seq_1_IRQ.c **** {
  26              		.loc 1 159 0
  27              		.cfi_startproc
 160:.\Generated_Source\PSoC4/ADC_SAR_Seq_1_IRQ.c ****     /*  Place your Interrupt code here. */
 161:.\Generated_Source\PSoC4/ADC_SAR_Seq_1_IRQ.c ****     /* `#START ADC_SAR_Seq_1_IRQ_Interrupt` */
 162:.\Generated_Source\PSoC4/ADC_SAR_Seq_1_IRQ.c **** 
 163:.\Generated_Source\PSoC4/ADC_SAR_Seq_1_IRQ.c ****     /* `#END` */
 164:.\Generated_Source\PSoC4/ADC_SAR_Seq_1_IRQ.c **** }
  28              		.loc 1 164 0
  29              		@ sp needed
  30 0000 7047     		bx	lr
  31              		.cfi_endproc
  32              	.LFE3:
  33              		.size	ADC_SAR_Seq_1_IRQ_Interrupt, .-ADC_SAR_Seq_1_IRQ_Interrupt
  34 0002 C046     		.section	.text.ADC_SAR_Seq_1_IRQ_SetVector,"ax",%progbits
  35              		.align	2
  36              		.global	ADC_SAR_Seq_1_IRQ_SetVector
  37              		.code	16
  38              		.thumb_func
  39              		.type	ADC_SAR_Seq_1_IRQ_SetVector, %function
  40              	ADC_SAR_Seq_1_IRQ_SetVector:
  41              	.LFB4:
 165:.\Generated_Source\PSoC4/ADC_SAR_Seq_1_IRQ.c **** 
 166:.\Generated_Source\PSoC4/ADC_SAR_Seq_1_IRQ.c **** 
 167:.\Generated_Source\PSoC4/ADC_SAR_Seq_1_IRQ.c **** /*******************************************************************************
 168:.\Generated_Source\PSoC4/ADC_SAR_Seq_1_IRQ.c **** * Function Name: ADC_SAR_Seq_1_IRQ_SetVector
 169:.\Generated_Source\PSoC4/ADC_SAR_Seq_1_IRQ.c **** ********************************************************************************
 170:.\Generated_Source\PSoC4/ADC_SAR_Seq_1_IRQ.c **** *
 171:.\Generated_Source\PSoC4/ADC_SAR_Seq_1_IRQ.c **** * Summary:
 172:.\Generated_Source\PSoC4/ADC_SAR_Seq_1_IRQ.c **** *   Change the ISR vector for the Interrupt. Note calling ADC_SAR_Seq_1_IRQ_Start
 173:.\Generated_Source\PSoC4/ADC_SAR_Seq_1_IRQ.c **** *   will override any effect this method would have had. To set the vector 
 174:.\Generated_Source\PSoC4/ADC_SAR_Seq_1_IRQ.c **** *   before the component has been started use ADC_SAR_Seq_1_IRQ_StartEx instead.
 175:.\Generated_Source\PSoC4/ADC_SAR_Seq_1_IRQ.c **** * 
 176:.\Generated_Source\PSoC4/ADC_SAR_Seq_1_IRQ.c **** *   When defining ISR functions, the CY_ISR and CY_ISR_PROTO macros should be 
 177:.\Generated_Source\PSoC4/ADC_SAR_Seq_1_IRQ.c **** *   used to provide consistent definition across compilers:
 178:.\Generated_Source\PSoC4/ADC_SAR_Seq_1_IRQ.c **** *
 179:.\Generated_Source\PSoC4/ADC_SAR_Seq_1_IRQ.c **** *   Function definition example:
 180:.\Generated_Source\PSoC4/ADC_SAR_Seq_1_IRQ.c **** *   CY_ISR(MyISR)
 181:.\Generated_Source\PSoC4/ADC_SAR_Seq_1_IRQ.c **** *   {
 182:.\Generated_Source\PSoC4/ADC_SAR_Seq_1_IRQ.c **** *   }
 183:.\Generated_Source\PSoC4/ADC_SAR_Seq_1_IRQ.c **** *
 184:.\Generated_Source\PSoC4/ADC_SAR_Seq_1_IRQ.c **** *   Function prototype example:
 185:.\Generated_Source\PSoC4/ADC_SAR_Seq_1_IRQ.c **** *     CY_ISR_PROTO(MyISR);
 186:.\Generated_Source\PSoC4/ADC_SAR_Seq_1_IRQ.c **** *
 187:.\Generated_Source\PSoC4/ADC_SAR_Seq_1_IRQ.c **** * Parameters:
ARM GAS  C:\Users\mitchell\AppData\Local\Temp\ccFuvMeF.s 			page 5


 188:.\Generated_Source\PSoC4/ADC_SAR_Seq_1_IRQ.c **** *   address: Address of the ISR to set in the interrupt vector table.
 189:.\Generated_Source\PSoC4/ADC_SAR_Seq_1_IRQ.c **** *
 190:.\Generated_Source\PSoC4/ADC_SAR_Seq_1_IRQ.c **** * Return:
 191:.\Generated_Source\PSoC4/ADC_SAR_Seq_1_IRQ.c **** *   None
 192:.\Generated_Source\PSoC4/ADC_SAR_Seq_1_IRQ.c **** *
 193:.\Generated_Source\PSoC4/ADC_SAR_Seq_1_IRQ.c **** *******************************************************************************/
 194:.\Generated_Source\PSoC4/ADC_SAR_Seq_1_IRQ.c **** void ADC_SAR_Seq_1_IRQ_SetVector(cyisraddress address)
 195:.\Generated_Source\PSoC4/ADC_SAR_Seq_1_IRQ.c **** {
  42              		.loc 1 195 0
  43              		.cfi_startproc
  44              	.LVL0:
 196:.\Generated_Source\PSoC4/ADC_SAR_Seq_1_IRQ.c ****     CyRamVectors[CYINT_IRQ_BASE + ADC_SAR_Seq_1_IRQ__INTC_NUMBER] = address;
  45              		.loc 1 196 0
  46 0000 014B     		ldr	r3, .L3
  47 0002 9867     		str	r0, [r3, #120]
 197:.\Generated_Source\PSoC4/ADC_SAR_Seq_1_IRQ.c **** }
  48              		.loc 1 197 0
  49              		@ sp needed
  50 0004 7047     		bx	lr
  51              	.L4:
  52 0006 C046     		.align	2
  53              	.L3:
  54 0008 00000000 		.word	CyRamVectors
  55              		.cfi_endproc
  56              	.LFE4:
  57              		.size	ADC_SAR_Seq_1_IRQ_SetVector, .-ADC_SAR_Seq_1_IRQ_SetVector
  58              		.section	.text.ADC_SAR_Seq_1_IRQ_GetVector,"ax",%progbits
  59              		.align	2
  60              		.global	ADC_SAR_Seq_1_IRQ_GetVector
  61              		.code	16
  62              		.thumb_func
  63              		.type	ADC_SAR_Seq_1_IRQ_GetVector, %function
  64              	ADC_SAR_Seq_1_IRQ_GetVector:
  65              	.LFB5:
 198:.\Generated_Source\PSoC4/ADC_SAR_Seq_1_IRQ.c **** 
 199:.\Generated_Source\PSoC4/ADC_SAR_Seq_1_IRQ.c **** 
 200:.\Generated_Source\PSoC4/ADC_SAR_Seq_1_IRQ.c **** /*******************************************************************************
 201:.\Generated_Source\PSoC4/ADC_SAR_Seq_1_IRQ.c **** * Function Name: ADC_SAR_Seq_1_IRQ_GetVector
 202:.\Generated_Source\PSoC4/ADC_SAR_Seq_1_IRQ.c **** ********************************************************************************
 203:.\Generated_Source\PSoC4/ADC_SAR_Seq_1_IRQ.c **** *
 204:.\Generated_Source\PSoC4/ADC_SAR_Seq_1_IRQ.c **** * Summary:
 205:.\Generated_Source\PSoC4/ADC_SAR_Seq_1_IRQ.c **** *   Gets the "address" of the current ISR vector for the Interrupt.
 206:.\Generated_Source\PSoC4/ADC_SAR_Seq_1_IRQ.c **** *
 207:.\Generated_Source\PSoC4/ADC_SAR_Seq_1_IRQ.c **** * Parameters:
 208:.\Generated_Source\PSoC4/ADC_SAR_Seq_1_IRQ.c **** *   None
 209:.\Generated_Source\PSoC4/ADC_SAR_Seq_1_IRQ.c **** *
 210:.\Generated_Source\PSoC4/ADC_SAR_Seq_1_IRQ.c **** * Return:
 211:.\Generated_Source\PSoC4/ADC_SAR_Seq_1_IRQ.c **** *   Address of the ISR in the interrupt vector table.
 212:.\Generated_Source\PSoC4/ADC_SAR_Seq_1_IRQ.c **** *
 213:.\Generated_Source\PSoC4/ADC_SAR_Seq_1_IRQ.c **** *******************************************************************************/
 214:.\Generated_Source\PSoC4/ADC_SAR_Seq_1_IRQ.c **** cyisraddress ADC_SAR_Seq_1_IRQ_GetVector(void)
 215:.\Generated_Source\PSoC4/ADC_SAR_Seq_1_IRQ.c **** {
  66              		.loc 1 215 0
  67              		.cfi_startproc
 216:.\Generated_Source\PSoC4/ADC_SAR_Seq_1_IRQ.c ****     return CyRamVectors[CYINT_IRQ_BASE + ADC_SAR_Seq_1_IRQ__INTC_NUMBER];
  68              		.loc 1 216 0
  69 0000 014B     		ldr	r3, .L6
ARM GAS  C:\Users\mitchell\AppData\Local\Temp\ccFuvMeF.s 			page 6


  70 0002 986F     		ldr	r0, [r3, #120]
 217:.\Generated_Source\PSoC4/ADC_SAR_Seq_1_IRQ.c **** }
  71              		.loc 1 217 0
  72              		@ sp needed
  73 0004 7047     		bx	lr
  74              	.L7:
  75 0006 C046     		.align	2
  76              	.L6:
  77 0008 00000000 		.word	CyRamVectors
  78              		.cfi_endproc
  79              	.LFE5:
  80              		.size	ADC_SAR_Seq_1_IRQ_GetVector, .-ADC_SAR_Seq_1_IRQ_GetVector
  81              		.section	.text.ADC_SAR_Seq_1_IRQ_SetPriority,"ax",%progbits
  82              		.align	2
  83              		.global	ADC_SAR_Seq_1_IRQ_SetPriority
  84              		.code	16
  85              		.thumb_func
  86              		.type	ADC_SAR_Seq_1_IRQ_SetPriority, %function
  87              	ADC_SAR_Seq_1_IRQ_SetPriority:
  88              	.LFB6:
 218:.\Generated_Source\PSoC4/ADC_SAR_Seq_1_IRQ.c **** 
 219:.\Generated_Source\PSoC4/ADC_SAR_Seq_1_IRQ.c **** 
 220:.\Generated_Source\PSoC4/ADC_SAR_Seq_1_IRQ.c **** /*******************************************************************************
 221:.\Generated_Source\PSoC4/ADC_SAR_Seq_1_IRQ.c **** * Function Name: ADC_SAR_Seq_1_IRQ_SetPriority
 222:.\Generated_Source\PSoC4/ADC_SAR_Seq_1_IRQ.c **** ********************************************************************************
 223:.\Generated_Source\PSoC4/ADC_SAR_Seq_1_IRQ.c **** *
 224:.\Generated_Source\PSoC4/ADC_SAR_Seq_1_IRQ.c **** * Summary:
 225:.\Generated_Source\PSoC4/ADC_SAR_Seq_1_IRQ.c **** *   Sets the Priority of the Interrupt. 
 226:.\Generated_Source\PSoC4/ADC_SAR_Seq_1_IRQ.c **** *
 227:.\Generated_Source\PSoC4/ADC_SAR_Seq_1_IRQ.c **** *   Note calling ADC_SAR_Seq_1_IRQ_Start or ADC_SAR_Seq_1_IRQ_StartEx will 
 228:.\Generated_Source\PSoC4/ADC_SAR_Seq_1_IRQ.c **** *   override any effect this API would have had. This API should only be called
 229:.\Generated_Source\PSoC4/ADC_SAR_Seq_1_IRQ.c **** *   after ADC_SAR_Seq_1_IRQ_Start or ADC_SAR_Seq_1_IRQ_StartEx has been called. 
 230:.\Generated_Source\PSoC4/ADC_SAR_Seq_1_IRQ.c **** *   To set the initial priority for the component, use the Design-Wide Resources
 231:.\Generated_Source\PSoC4/ADC_SAR_Seq_1_IRQ.c **** *   Interrupt Editor.
 232:.\Generated_Source\PSoC4/ADC_SAR_Seq_1_IRQ.c **** *
 233:.\Generated_Source\PSoC4/ADC_SAR_Seq_1_IRQ.c **** *   Note This API has no effect on Non-maskable interrupt NMI).
 234:.\Generated_Source\PSoC4/ADC_SAR_Seq_1_IRQ.c **** *
 235:.\Generated_Source\PSoC4/ADC_SAR_Seq_1_IRQ.c **** * Parameters:
 236:.\Generated_Source\PSoC4/ADC_SAR_Seq_1_IRQ.c **** *   priority: Priority of the interrupt, 0 being the highest priority
 237:.\Generated_Source\PSoC4/ADC_SAR_Seq_1_IRQ.c **** *             PSoC 3 and PSoC 5LP: Priority is from 0 to 7.
 238:.\Generated_Source\PSoC4/ADC_SAR_Seq_1_IRQ.c **** *             PSoC 4: Priority is from 0 to 3.
 239:.\Generated_Source\PSoC4/ADC_SAR_Seq_1_IRQ.c **** *
 240:.\Generated_Source\PSoC4/ADC_SAR_Seq_1_IRQ.c **** * Return:
 241:.\Generated_Source\PSoC4/ADC_SAR_Seq_1_IRQ.c **** *   None
 242:.\Generated_Source\PSoC4/ADC_SAR_Seq_1_IRQ.c **** *
 243:.\Generated_Source\PSoC4/ADC_SAR_Seq_1_IRQ.c **** *******************************************************************************/
 244:.\Generated_Source\PSoC4/ADC_SAR_Seq_1_IRQ.c **** void ADC_SAR_Seq_1_IRQ_SetPriority(uint8 priority)
 245:.\Generated_Source\PSoC4/ADC_SAR_Seq_1_IRQ.c **** {
  89              		.loc 1 245 0
  90              		.cfi_startproc
  91              	.LVL1:
  92 0000 10B5     		push	{r4, lr}
  93              		.cfi_def_cfa_offset 8
  94              		.cfi_offset 4, -8
  95              		.cfi_offset 14, -4
  96 0002 041C     		mov	r4, r0
  97              	.LVL2:
ARM GAS  C:\Users\mitchell\AppData\Local\Temp\ccFuvMeF.s 			page 7


 246:.\Generated_Source\PSoC4/ADC_SAR_Seq_1_IRQ.c **** 	uint8 interruptState;
 247:.\Generated_Source\PSoC4/ADC_SAR_Seq_1_IRQ.c ****     uint32 priorityOffset = ((ADC_SAR_Seq_1_IRQ__INTC_NUMBER % 4u) * 8u) + 6u;
 248:.\Generated_Source\PSoC4/ADC_SAR_Seq_1_IRQ.c ****     
 249:.\Generated_Source\PSoC4/ADC_SAR_Seq_1_IRQ.c **** 	interruptState = CyEnterCriticalSection();
  98              		.loc 1 249 0
  99 0004 FFF7FEFF 		bl	CyEnterCriticalSection
 100              	.LVL3:
 250:.\Generated_Source\PSoC4/ADC_SAR_Seq_1_IRQ.c ****     *ADC_SAR_Seq_1_IRQ_INTC_PRIOR = (*ADC_SAR_Seq_1_IRQ_INTC_PRIOR & (uint32)(~ADC_SAR_Seq_1_IRQ__I
 101              		.loc 1 250 0
 102 0008 054B     		ldr	r3, .L9
 103 000a 1968     		ldr	r1, [r3]
 104 000c 054A     		ldr	r2, .L9+4
 105 000e 1140     		and	r1, r2
 251:.\Generated_Source\PSoC4/ADC_SAR_Seq_1_IRQ.c ****                                     ((uint32)priority << priorityOffset);
 106              		.loc 1 251 0
 107 0010 A205     		lsl	r2, r4, #22
 250:.\Generated_Source\PSoC4/ADC_SAR_Seq_1_IRQ.c ****     *ADC_SAR_Seq_1_IRQ_INTC_PRIOR = (*ADC_SAR_Seq_1_IRQ_INTC_PRIOR & (uint32)(~ADC_SAR_Seq_1_IRQ__I
 108              		.loc 1 250 0
 109 0012 0C1C     		mov	r4, r1
 110 0014 1443     		orr	r4, r2
 111 0016 1C60     		str	r4, [r3]
 252:.\Generated_Source\PSoC4/ADC_SAR_Seq_1_IRQ.c **** 	CyExitCriticalSection(interruptState);
 112              		.loc 1 252 0
 113 0018 FFF7FEFF 		bl	CyExitCriticalSection
 114              	.LVL4:
 253:.\Generated_Source\PSoC4/ADC_SAR_Seq_1_IRQ.c **** }
 115              		.loc 1 253 0
 116              		@ sp needed
 117 001c 10BD     		pop	{r4, pc}
 118              	.L10:
 119 001e C046     		.align	2
 120              	.L9:
 121 0020 0CE400E0 		.word	-536812532
 122 0024 FFFF3FFF 		.word	-12582913
 123              		.cfi_endproc
 124              	.LFE6:
 125              		.size	ADC_SAR_Seq_1_IRQ_SetPriority, .-ADC_SAR_Seq_1_IRQ_SetPriority
 126              		.section	.text.ADC_SAR_Seq_1_IRQ_GetPriority,"ax",%progbits
 127              		.align	2
 128              		.global	ADC_SAR_Seq_1_IRQ_GetPriority
 129              		.code	16
 130              		.thumb_func
 131              		.type	ADC_SAR_Seq_1_IRQ_GetPriority, %function
 132              	ADC_SAR_Seq_1_IRQ_GetPriority:
 133              	.LFB7:
 254:.\Generated_Source\PSoC4/ADC_SAR_Seq_1_IRQ.c **** 
 255:.\Generated_Source\PSoC4/ADC_SAR_Seq_1_IRQ.c **** 
 256:.\Generated_Source\PSoC4/ADC_SAR_Seq_1_IRQ.c **** /*******************************************************************************
 257:.\Generated_Source\PSoC4/ADC_SAR_Seq_1_IRQ.c **** * Function Name: ADC_SAR_Seq_1_IRQ_GetPriority
 258:.\Generated_Source\PSoC4/ADC_SAR_Seq_1_IRQ.c **** ********************************************************************************
 259:.\Generated_Source\PSoC4/ADC_SAR_Seq_1_IRQ.c **** *
 260:.\Generated_Source\PSoC4/ADC_SAR_Seq_1_IRQ.c **** * Summary:
 261:.\Generated_Source\PSoC4/ADC_SAR_Seq_1_IRQ.c **** *   Gets the Priority of the Interrupt.
 262:.\Generated_Source\PSoC4/ADC_SAR_Seq_1_IRQ.c **** *
 263:.\Generated_Source\PSoC4/ADC_SAR_Seq_1_IRQ.c **** * Parameters:
 264:.\Generated_Source\PSoC4/ADC_SAR_Seq_1_IRQ.c **** *   None
 265:.\Generated_Source\PSoC4/ADC_SAR_Seq_1_IRQ.c **** *
ARM GAS  C:\Users\mitchell\AppData\Local\Temp\ccFuvMeF.s 			page 8


 266:.\Generated_Source\PSoC4/ADC_SAR_Seq_1_IRQ.c **** * Return:
 267:.\Generated_Source\PSoC4/ADC_SAR_Seq_1_IRQ.c **** *   Priority of the interrupt, 0 being the highest priority
 268:.\Generated_Source\PSoC4/ADC_SAR_Seq_1_IRQ.c **** *    PSoC 3 and PSoC 5LP: Priority is from 0 to 7.
 269:.\Generated_Source\PSoC4/ADC_SAR_Seq_1_IRQ.c **** *    PSoC 4: Priority is from 0 to 3.
 270:.\Generated_Source\PSoC4/ADC_SAR_Seq_1_IRQ.c **** *
 271:.\Generated_Source\PSoC4/ADC_SAR_Seq_1_IRQ.c **** *******************************************************************************/
 272:.\Generated_Source\PSoC4/ADC_SAR_Seq_1_IRQ.c **** uint8 ADC_SAR_Seq_1_IRQ_GetPriority(void)
 273:.\Generated_Source\PSoC4/ADC_SAR_Seq_1_IRQ.c **** {
 134              		.loc 1 273 0
 135              		.cfi_startproc
 136              	.LVL5:
 274:.\Generated_Source\PSoC4/ADC_SAR_Seq_1_IRQ.c ****     uint32 priority;
 275:.\Generated_Source\PSoC4/ADC_SAR_Seq_1_IRQ.c **** 	uint32 priorityOffset = ((ADC_SAR_Seq_1_IRQ__INTC_NUMBER % 4u) * 8u) + 6u;
 276:.\Generated_Source\PSoC4/ADC_SAR_Seq_1_IRQ.c **** 
 277:.\Generated_Source\PSoC4/ADC_SAR_Seq_1_IRQ.c ****     priority = (*ADC_SAR_Seq_1_IRQ_INTC_PRIOR & ADC_SAR_Seq_1_IRQ__INTC_PRIOR_MASK) >> priorityOffs
 137              		.loc 1 277 0
 138 0000 024B     		ldr	r3, .L12
 139 0002 1868     		ldr	r0, [r3]
 140 0004 0002     		lsl	r0, r0, #8
 141              	.LVL6:
 278:.\Generated_Source\PSoC4/ADC_SAR_Seq_1_IRQ.c **** 
 279:.\Generated_Source\PSoC4/ADC_SAR_Seq_1_IRQ.c ****     return (uint8)priority;
 142              		.loc 1 279 0
 143 0006 800F     		lsr	r0, r0, #30
 144              	.LVL7:
 280:.\Generated_Source\PSoC4/ADC_SAR_Seq_1_IRQ.c **** }
 145              		.loc 1 280 0
 146              		@ sp needed
 147 0008 7047     		bx	lr
 148              	.L13:
 149 000a C046     		.align	2
 150              	.L12:
 151 000c 0CE400E0 		.word	-536812532
 152              		.cfi_endproc
 153              	.LFE7:
 154              		.size	ADC_SAR_Seq_1_IRQ_GetPriority, .-ADC_SAR_Seq_1_IRQ_GetPriority
 155              		.section	.text.ADC_SAR_Seq_1_IRQ_Enable,"ax",%progbits
 156              		.align	2
 157              		.global	ADC_SAR_Seq_1_IRQ_Enable
 158              		.code	16
 159              		.thumb_func
 160              		.type	ADC_SAR_Seq_1_IRQ_Enable, %function
 161              	ADC_SAR_Seq_1_IRQ_Enable:
 162              	.LFB8:
 281:.\Generated_Source\PSoC4/ADC_SAR_Seq_1_IRQ.c **** 
 282:.\Generated_Source\PSoC4/ADC_SAR_Seq_1_IRQ.c **** 
 283:.\Generated_Source\PSoC4/ADC_SAR_Seq_1_IRQ.c **** /*******************************************************************************
 284:.\Generated_Source\PSoC4/ADC_SAR_Seq_1_IRQ.c **** * Function Name: ADC_SAR_Seq_1_IRQ_Enable
 285:.\Generated_Source\PSoC4/ADC_SAR_Seq_1_IRQ.c **** ********************************************************************************
 286:.\Generated_Source\PSoC4/ADC_SAR_Seq_1_IRQ.c **** *
 287:.\Generated_Source\PSoC4/ADC_SAR_Seq_1_IRQ.c **** * Summary:
 288:.\Generated_Source\PSoC4/ADC_SAR_Seq_1_IRQ.c **** *   Enables the interrupt to the interrupt controller. Do not call this function
 289:.\Generated_Source\PSoC4/ADC_SAR_Seq_1_IRQ.c **** *   unless ISR_Start() has been called or the functionality of the ISR_Start() 
 290:.\Generated_Source\PSoC4/ADC_SAR_Seq_1_IRQ.c **** *   function, which sets the vector and the priority, has been called.
 291:.\Generated_Source\PSoC4/ADC_SAR_Seq_1_IRQ.c **** *
 292:.\Generated_Source\PSoC4/ADC_SAR_Seq_1_IRQ.c **** * Parameters:
 293:.\Generated_Source\PSoC4/ADC_SAR_Seq_1_IRQ.c **** *   None
ARM GAS  C:\Users\mitchell\AppData\Local\Temp\ccFuvMeF.s 			page 9


 294:.\Generated_Source\PSoC4/ADC_SAR_Seq_1_IRQ.c **** *
 295:.\Generated_Source\PSoC4/ADC_SAR_Seq_1_IRQ.c **** * Return:
 296:.\Generated_Source\PSoC4/ADC_SAR_Seq_1_IRQ.c **** *   None
 297:.\Generated_Source\PSoC4/ADC_SAR_Seq_1_IRQ.c **** *
 298:.\Generated_Source\PSoC4/ADC_SAR_Seq_1_IRQ.c **** *******************************************************************************/
 299:.\Generated_Source\PSoC4/ADC_SAR_Seq_1_IRQ.c **** void ADC_SAR_Seq_1_IRQ_Enable(void)
 300:.\Generated_Source\PSoC4/ADC_SAR_Seq_1_IRQ.c **** {
 163              		.loc 1 300 0
 164              		.cfi_startproc
 301:.\Generated_Source\PSoC4/ADC_SAR_Seq_1_IRQ.c ****     /* Enable the general interrupt. */
 302:.\Generated_Source\PSoC4/ADC_SAR_Seq_1_IRQ.c ****     *ADC_SAR_Seq_1_IRQ_INTC_SET_EN = ADC_SAR_Seq_1_IRQ__INTC_MASK;
 165              		.loc 1 302 0
 166 0000 8022     		mov	r2, #128
 167 0002 D201     		lsl	r2, r2, #7
 168 0004 014B     		ldr	r3, .L15
 169 0006 1A60     		str	r2, [r3]
 303:.\Generated_Source\PSoC4/ADC_SAR_Seq_1_IRQ.c **** }
 170              		.loc 1 303 0
 171              		@ sp needed
 172 0008 7047     		bx	lr
 173              	.L16:
 174 000a C046     		.align	2
 175              	.L15:
 176 000c 00E100E0 		.word	-536813312
 177              		.cfi_endproc
 178              	.LFE8:
 179              		.size	ADC_SAR_Seq_1_IRQ_Enable, .-ADC_SAR_Seq_1_IRQ_Enable
 180              		.section	.text.ADC_SAR_Seq_1_IRQ_GetState,"ax",%progbits
 181              		.align	2
 182              		.global	ADC_SAR_Seq_1_IRQ_GetState
 183              		.code	16
 184              		.thumb_func
 185              		.type	ADC_SAR_Seq_1_IRQ_GetState, %function
 186              	ADC_SAR_Seq_1_IRQ_GetState:
 187              	.LFB9:
 304:.\Generated_Source\PSoC4/ADC_SAR_Seq_1_IRQ.c **** 
 305:.\Generated_Source\PSoC4/ADC_SAR_Seq_1_IRQ.c **** 
 306:.\Generated_Source\PSoC4/ADC_SAR_Seq_1_IRQ.c **** /*******************************************************************************
 307:.\Generated_Source\PSoC4/ADC_SAR_Seq_1_IRQ.c **** * Function Name: ADC_SAR_Seq_1_IRQ_GetState
 308:.\Generated_Source\PSoC4/ADC_SAR_Seq_1_IRQ.c **** ********************************************************************************
 309:.\Generated_Source\PSoC4/ADC_SAR_Seq_1_IRQ.c **** *
 310:.\Generated_Source\PSoC4/ADC_SAR_Seq_1_IRQ.c **** * Summary:
 311:.\Generated_Source\PSoC4/ADC_SAR_Seq_1_IRQ.c **** *   Gets the state (enabled, disabled) of the Interrupt.
 312:.\Generated_Source\PSoC4/ADC_SAR_Seq_1_IRQ.c **** *
 313:.\Generated_Source\PSoC4/ADC_SAR_Seq_1_IRQ.c **** * Parameters:
 314:.\Generated_Source\PSoC4/ADC_SAR_Seq_1_IRQ.c **** *   None
 315:.\Generated_Source\PSoC4/ADC_SAR_Seq_1_IRQ.c **** *
 316:.\Generated_Source\PSoC4/ADC_SAR_Seq_1_IRQ.c **** * Return:
 317:.\Generated_Source\PSoC4/ADC_SAR_Seq_1_IRQ.c **** *   1 if enabled, 0 if disabled.
 318:.\Generated_Source\PSoC4/ADC_SAR_Seq_1_IRQ.c **** *
 319:.\Generated_Source\PSoC4/ADC_SAR_Seq_1_IRQ.c **** *******************************************************************************/
 320:.\Generated_Source\PSoC4/ADC_SAR_Seq_1_IRQ.c **** uint8 ADC_SAR_Seq_1_IRQ_GetState(void)
 321:.\Generated_Source\PSoC4/ADC_SAR_Seq_1_IRQ.c **** {
 188              		.loc 1 321 0
 189              		.cfi_startproc
 322:.\Generated_Source\PSoC4/ADC_SAR_Seq_1_IRQ.c ****     /* Get the state of the general interrupt. */
 323:.\Generated_Source\PSoC4/ADC_SAR_Seq_1_IRQ.c ****     return ((*ADC_SAR_Seq_1_IRQ_INTC_SET_EN & (uint32)ADC_SAR_Seq_1_IRQ__INTC_MASK) != 0u) ? 1u:0u;
ARM GAS  C:\Users\mitchell\AppData\Local\Temp\ccFuvMeF.s 			page 10


 190              		.loc 1 323 0
 191 0000 034B     		ldr	r3, .L20
 192 0002 1B68     		ldr	r3, [r3]
 193 0004 5A04     		lsl	r2, r3, #17
 194 0006 01D5     		bpl	.L19
 195 0008 0120     		mov	r0, #1
 196 000a 00E0     		b	.L18
 197              	.L19:
 198 000c 0020     		mov	r0, #0
 199              	.L18:
 324:.\Generated_Source\PSoC4/ADC_SAR_Seq_1_IRQ.c **** }
 200              		.loc 1 324 0 discriminator 3
 201              		@ sp needed
 202 000e 7047     		bx	lr
 203              	.L21:
 204              		.align	2
 205              	.L20:
 206 0010 00E100E0 		.word	-536813312
 207              		.cfi_endproc
 208              	.LFE9:
 209              		.size	ADC_SAR_Seq_1_IRQ_GetState, .-ADC_SAR_Seq_1_IRQ_GetState
 210              		.section	.text.ADC_SAR_Seq_1_IRQ_Disable,"ax",%progbits
 211              		.align	2
 212              		.global	ADC_SAR_Seq_1_IRQ_Disable
 213              		.code	16
 214              		.thumb_func
 215              		.type	ADC_SAR_Seq_1_IRQ_Disable, %function
 216              	ADC_SAR_Seq_1_IRQ_Disable:
 217              	.LFB10:
 325:.\Generated_Source\PSoC4/ADC_SAR_Seq_1_IRQ.c **** 
 326:.\Generated_Source\PSoC4/ADC_SAR_Seq_1_IRQ.c **** 
 327:.\Generated_Source\PSoC4/ADC_SAR_Seq_1_IRQ.c **** /*******************************************************************************
 328:.\Generated_Source\PSoC4/ADC_SAR_Seq_1_IRQ.c **** * Function Name: ADC_SAR_Seq_1_IRQ_Disable
 329:.\Generated_Source\PSoC4/ADC_SAR_Seq_1_IRQ.c **** ********************************************************************************
 330:.\Generated_Source\PSoC4/ADC_SAR_Seq_1_IRQ.c **** *
 331:.\Generated_Source\PSoC4/ADC_SAR_Seq_1_IRQ.c **** * Summary:
 332:.\Generated_Source\PSoC4/ADC_SAR_Seq_1_IRQ.c **** *   Disables the Interrupt in the interrupt controller.
 333:.\Generated_Source\PSoC4/ADC_SAR_Seq_1_IRQ.c **** *
 334:.\Generated_Source\PSoC4/ADC_SAR_Seq_1_IRQ.c **** * Parameters:
 335:.\Generated_Source\PSoC4/ADC_SAR_Seq_1_IRQ.c **** *   None
 336:.\Generated_Source\PSoC4/ADC_SAR_Seq_1_IRQ.c **** *
 337:.\Generated_Source\PSoC4/ADC_SAR_Seq_1_IRQ.c **** * Return:
 338:.\Generated_Source\PSoC4/ADC_SAR_Seq_1_IRQ.c **** *   None
 339:.\Generated_Source\PSoC4/ADC_SAR_Seq_1_IRQ.c **** *
 340:.\Generated_Source\PSoC4/ADC_SAR_Seq_1_IRQ.c **** *******************************************************************************/
 341:.\Generated_Source\PSoC4/ADC_SAR_Seq_1_IRQ.c **** void ADC_SAR_Seq_1_IRQ_Disable(void)
 342:.\Generated_Source\PSoC4/ADC_SAR_Seq_1_IRQ.c **** {
 218              		.loc 1 342 0
 219              		.cfi_startproc
 343:.\Generated_Source\PSoC4/ADC_SAR_Seq_1_IRQ.c ****     /* Disable the general interrupt. */
 344:.\Generated_Source\PSoC4/ADC_SAR_Seq_1_IRQ.c ****     *ADC_SAR_Seq_1_IRQ_INTC_CLR_EN = ADC_SAR_Seq_1_IRQ__INTC_MASK;
 220              		.loc 1 344 0
 221 0000 8022     		mov	r2, #128
 222 0002 D201     		lsl	r2, r2, #7
 223 0004 014B     		ldr	r3, .L23
 224 0006 1A60     		str	r2, [r3]
 345:.\Generated_Source\PSoC4/ADC_SAR_Seq_1_IRQ.c **** }
ARM GAS  C:\Users\mitchell\AppData\Local\Temp\ccFuvMeF.s 			page 11


 225              		.loc 1 345 0
 226              		@ sp needed
 227 0008 7047     		bx	lr
 228              	.L24:
 229 000a C046     		.align	2
 230              	.L23:
 231 000c 80E100E0 		.word	-536813184
 232              		.cfi_endproc
 233              	.LFE10:
 234              		.size	ADC_SAR_Seq_1_IRQ_Disable, .-ADC_SAR_Seq_1_IRQ_Disable
 235              		.section	.text.ADC_SAR_Seq_1_IRQ_Start,"ax",%progbits
 236              		.align	2
 237              		.global	ADC_SAR_Seq_1_IRQ_Start
 238              		.code	16
 239              		.thumb_func
 240              		.type	ADC_SAR_Seq_1_IRQ_Start, %function
 241              	ADC_SAR_Seq_1_IRQ_Start:
 242              	.LFB0:
  56:.\Generated_Source\PSoC4/ADC_SAR_Seq_1_IRQ.c **** {
 243              		.loc 1 56 0
 244              		.cfi_startproc
 245 0000 08B5     		push	{r3, lr}
 246              		.cfi_def_cfa_offset 8
 247              		.cfi_offset 3, -8
 248              		.cfi_offset 14, -4
  58:.\Generated_Source\PSoC4/ADC_SAR_Seq_1_IRQ.c ****     ADC_SAR_Seq_1_IRQ_Disable();
 249              		.loc 1 58 0
 250 0002 FFF7FEFF 		bl	ADC_SAR_Seq_1_IRQ_Disable
 251              	.LVL8:
  61:.\Generated_Source\PSoC4/ADC_SAR_Seq_1_IRQ.c ****     ADC_SAR_Seq_1_IRQ_SetVector(&ADC_SAR_Seq_1_IRQ_Interrupt);
 252              		.loc 1 61 0
 253 0006 0448     		ldr	r0, .L26
 254 0008 FFF7FEFF 		bl	ADC_SAR_Seq_1_IRQ_SetVector
 255              	.LVL9:
  64:.\Generated_Source\PSoC4/ADC_SAR_Seq_1_IRQ.c ****     ADC_SAR_Seq_1_IRQ_SetPriority((uint8)ADC_SAR_Seq_1_IRQ_INTC_PRIOR_NUMBER);
 256              		.loc 1 64 0
 257 000c 0320     		mov	r0, #3
 258 000e FFF7FEFF 		bl	ADC_SAR_Seq_1_IRQ_SetPriority
 259              	.LVL10:
  67:.\Generated_Source\PSoC4/ADC_SAR_Seq_1_IRQ.c ****     ADC_SAR_Seq_1_IRQ_Enable();
 260              		.loc 1 67 0
 261 0012 FFF7FEFF 		bl	ADC_SAR_Seq_1_IRQ_Enable
 262              	.LVL11:
  68:.\Generated_Source\PSoC4/ADC_SAR_Seq_1_IRQ.c **** }
 263              		.loc 1 68 0
 264              		@ sp needed
 265 0016 08BD     		pop	{r3, pc}
 266              	.L27:
 267              		.align	2
 268              	.L26:
 269 0018 00000000 		.word	ADC_SAR_Seq_1_IRQ_Interrupt
 270              		.cfi_endproc
 271              	.LFE0:
 272              		.size	ADC_SAR_Seq_1_IRQ_Start, .-ADC_SAR_Seq_1_IRQ_Start
 273              		.section	.text.ADC_SAR_Seq_1_IRQ_StartEx,"ax",%progbits
 274              		.align	2
 275              		.global	ADC_SAR_Seq_1_IRQ_StartEx
ARM GAS  C:\Users\mitchell\AppData\Local\Temp\ccFuvMeF.s 			page 12


 276              		.code	16
 277              		.thumb_func
 278              		.type	ADC_SAR_Seq_1_IRQ_StartEx, %function
 279              	ADC_SAR_Seq_1_IRQ_StartEx:
 280              	.LFB1:
  99:.\Generated_Source\PSoC4/ADC_SAR_Seq_1_IRQ.c **** {
 281              		.loc 1 99 0
 282              		.cfi_startproc
 283              	.LVL12:
 284 0000 10B5     		push	{r4, lr}
 285              		.cfi_def_cfa_offset 8
 286              		.cfi_offset 4, -8
 287              		.cfi_offset 14, -4
 288 0002 041C     		mov	r4, r0
 101:.\Generated_Source\PSoC4/ADC_SAR_Seq_1_IRQ.c ****     ADC_SAR_Seq_1_IRQ_Disable();
 289              		.loc 1 101 0
 290 0004 FFF7FEFF 		bl	ADC_SAR_Seq_1_IRQ_Disable
 291              	.LVL13:
 104:.\Generated_Source\PSoC4/ADC_SAR_Seq_1_IRQ.c ****     ADC_SAR_Seq_1_IRQ_SetVector(address);
 292              		.loc 1 104 0
 293 0008 201C     		mov	r0, r4
 294 000a FFF7FEFF 		bl	ADC_SAR_Seq_1_IRQ_SetVector
 295              	.LVL14:
 107:.\Generated_Source\PSoC4/ADC_SAR_Seq_1_IRQ.c ****     ADC_SAR_Seq_1_IRQ_SetPriority((uint8)ADC_SAR_Seq_1_IRQ_INTC_PRIOR_NUMBER);
 296              		.loc 1 107 0
 297 000e 0320     		mov	r0, #3
 298 0010 FFF7FEFF 		bl	ADC_SAR_Seq_1_IRQ_SetPriority
 299              	.LVL15:
 110:.\Generated_Source\PSoC4/ADC_SAR_Seq_1_IRQ.c ****     ADC_SAR_Seq_1_IRQ_Enable();
 300              		.loc 1 110 0
 301 0014 FFF7FEFF 		bl	ADC_SAR_Seq_1_IRQ_Enable
 302              	.LVL16:
 111:.\Generated_Source\PSoC4/ADC_SAR_Seq_1_IRQ.c **** }
 303              		.loc 1 111 0
 304              		@ sp needed
 305              	.LVL17:
 306 0018 10BD     		pop	{r4, pc}
 307              		.cfi_endproc
 308              	.LFE1:
 309              		.size	ADC_SAR_Seq_1_IRQ_StartEx, .-ADC_SAR_Seq_1_IRQ_StartEx
 310 001a C046     		.section	.text.ADC_SAR_Seq_1_IRQ_Stop,"ax",%progbits
 311              		.align	2
 312              		.global	ADC_SAR_Seq_1_IRQ_Stop
 313              		.code	16
 314              		.thumb_func
 315              		.type	ADC_SAR_Seq_1_IRQ_Stop, %function
 316              	ADC_SAR_Seq_1_IRQ_Stop:
 317              	.LFB2:
 129:.\Generated_Source\PSoC4/ADC_SAR_Seq_1_IRQ.c **** {
 318              		.loc 1 129 0
 319              		.cfi_startproc
 320 0000 08B5     		push	{r3, lr}
 321              		.cfi_def_cfa_offset 8
 322              		.cfi_offset 3, -8
 323              		.cfi_offset 14, -4
 131:.\Generated_Source\PSoC4/ADC_SAR_Seq_1_IRQ.c ****     ADC_SAR_Seq_1_IRQ_Disable();
 324              		.loc 1 131 0
ARM GAS  C:\Users\mitchell\AppData\Local\Temp\ccFuvMeF.s 			page 13


 325 0002 FFF7FEFF 		bl	ADC_SAR_Seq_1_IRQ_Disable
 326              	.LVL18:
 134:.\Generated_Source\PSoC4/ADC_SAR_Seq_1_IRQ.c ****     ADC_SAR_Seq_1_IRQ_SetVector(&IntDefaultHandler);
 327              		.loc 1 134 0
 328 0006 0248     		ldr	r0, .L30
 329 0008 FFF7FEFF 		bl	ADC_SAR_Seq_1_IRQ_SetVector
 330              	.LVL19:
 135:.\Generated_Source\PSoC4/ADC_SAR_Seq_1_IRQ.c **** }
 331              		.loc 1 135 0
 332              		@ sp needed
 333 000c 08BD     		pop	{r3, pc}
 334              	.L31:
 335 000e C046     		.align	2
 336              	.L30:
 337 0010 00000000 		.word	IntDefaultHandler
 338              		.cfi_endproc
 339              	.LFE2:
 340              		.size	ADC_SAR_Seq_1_IRQ_Stop, .-ADC_SAR_Seq_1_IRQ_Stop
 341              		.section	.text.ADC_SAR_Seq_1_IRQ_SetPending,"ax",%progbits
 342              		.align	2
 343              		.global	ADC_SAR_Seq_1_IRQ_SetPending
 344              		.code	16
 345              		.thumb_func
 346              		.type	ADC_SAR_Seq_1_IRQ_SetPending, %function
 347              	ADC_SAR_Seq_1_IRQ_SetPending:
 348              	.LFB11:
 346:.\Generated_Source\PSoC4/ADC_SAR_Seq_1_IRQ.c **** 
 347:.\Generated_Source\PSoC4/ADC_SAR_Seq_1_IRQ.c **** 
 348:.\Generated_Source\PSoC4/ADC_SAR_Seq_1_IRQ.c **** /*******************************************************************************
 349:.\Generated_Source\PSoC4/ADC_SAR_Seq_1_IRQ.c **** * Function Name: ADC_SAR_Seq_1_IRQ_SetPending
 350:.\Generated_Source\PSoC4/ADC_SAR_Seq_1_IRQ.c **** ********************************************************************************
 351:.\Generated_Source\PSoC4/ADC_SAR_Seq_1_IRQ.c **** *
 352:.\Generated_Source\PSoC4/ADC_SAR_Seq_1_IRQ.c **** * Summary:
 353:.\Generated_Source\PSoC4/ADC_SAR_Seq_1_IRQ.c **** *   Causes the Interrupt to enter the pending state, a software method of
 354:.\Generated_Source\PSoC4/ADC_SAR_Seq_1_IRQ.c **** *   generating the interrupt.
 355:.\Generated_Source\PSoC4/ADC_SAR_Seq_1_IRQ.c **** *
 356:.\Generated_Source\PSoC4/ADC_SAR_Seq_1_IRQ.c **** * Parameters:
 357:.\Generated_Source\PSoC4/ADC_SAR_Seq_1_IRQ.c **** *   None
 358:.\Generated_Source\PSoC4/ADC_SAR_Seq_1_IRQ.c **** *
 359:.\Generated_Source\PSoC4/ADC_SAR_Seq_1_IRQ.c **** * Return:
 360:.\Generated_Source\PSoC4/ADC_SAR_Seq_1_IRQ.c **** *   None
 361:.\Generated_Source\PSoC4/ADC_SAR_Seq_1_IRQ.c **** *
 362:.\Generated_Source\PSoC4/ADC_SAR_Seq_1_IRQ.c **** * Side Effects:
 363:.\Generated_Source\PSoC4/ADC_SAR_Seq_1_IRQ.c **** *   If interrupts are enabled and the interrupt is set up properly, the ISR is
 364:.\Generated_Source\PSoC4/ADC_SAR_Seq_1_IRQ.c **** *   entered (depending on the priority of this interrupt and other pending 
 365:.\Generated_Source\PSoC4/ADC_SAR_Seq_1_IRQ.c **** *   interrupts).
 366:.\Generated_Source\PSoC4/ADC_SAR_Seq_1_IRQ.c **** *
 367:.\Generated_Source\PSoC4/ADC_SAR_Seq_1_IRQ.c **** *******************************************************************************/
 368:.\Generated_Source\PSoC4/ADC_SAR_Seq_1_IRQ.c **** void ADC_SAR_Seq_1_IRQ_SetPending(void)
 369:.\Generated_Source\PSoC4/ADC_SAR_Seq_1_IRQ.c **** {
 349              		.loc 1 369 0
 350              		.cfi_startproc
 370:.\Generated_Source\PSoC4/ADC_SAR_Seq_1_IRQ.c ****     *ADC_SAR_Seq_1_IRQ_INTC_SET_PD = ADC_SAR_Seq_1_IRQ__INTC_MASK;
 351              		.loc 1 370 0
 352 0000 8022     		mov	r2, #128
 353 0002 D201     		lsl	r2, r2, #7
 354 0004 014B     		ldr	r3, .L33
ARM GAS  C:\Users\mitchell\AppData\Local\Temp\ccFuvMeF.s 			page 14


 355 0006 1A60     		str	r2, [r3]
 371:.\Generated_Source\PSoC4/ADC_SAR_Seq_1_IRQ.c **** }
 356              		.loc 1 371 0
 357              		@ sp needed
 358 0008 7047     		bx	lr
 359              	.L34:
 360 000a C046     		.align	2
 361              	.L33:
 362 000c 00E200E0 		.word	-536813056
 363              		.cfi_endproc
 364              	.LFE11:
 365              		.size	ADC_SAR_Seq_1_IRQ_SetPending, .-ADC_SAR_Seq_1_IRQ_SetPending
 366              		.section	.text.ADC_SAR_Seq_1_IRQ_ClearPending,"ax",%progbits
 367              		.align	2
 368              		.global	ADC_SAR_Seq_1_IRQ_ClearPending
 369              		.code	16
 370              		.thumb_func
 371              		.type	ADC_SAR_Seq_1_IRQ_ClearPending, %function
 372              	ADC_SAR_Seq_1_IRQ_ClearPending:
 373              	.LFB12:
 372:.\Generated_Source\PSoC4/ADC_SAR_Seq_1_IRQ.c **** 
 373:.\Generated_Source\PSoC4/ADC_SAR_Seq_1_IRQ.c **** 
 374:.\Generated_Source\PSoC4/ADC_SAR_Seq_1_IRQ.c **** /*******************************************************************************
 375:.\Generated_Source\PSoC4/ADC_SAR_Seq_1_IRQ.c **** * Function Name: ADC_SAR_Seq_1_IRQ_ClearPending
 376:.\Generated_Source\PSoC4/ADC_SAR_Seq_1_IRQ.c **** ********************************************************************************
 377:.\Generated_Source\PSoC4/ADC_SAR_Seq_1_IRQ.c **** *
 378:.\Generated_Source\PSoC4/ADC_SAR_Seq_1_IRQ.c **** * Summary:
 379:.\Generated_Source\PSoC4/ADC_SAR_Seq_1_IRQ.c **** *   Clears a pending interrupt in the interrupt controller.
 380:.\Generated_Source\PSoC4/ADC_SAR_Seq_1_IRQ.c **** *
 381:.\Generated_Source\PSoC4/ADC_SAR_Seq_1_IRQ.c **** *   Note Some interrupt sources are clear-on-read and require the block 
 382:.\Generated_Source\PSoC4/ADC_SAR_Seq_1_IRQ.c **** *   interrupt/status register to be read/cleared with the appropriate block API 
 383:.\Generated_Source\PSoC4/ADC_SAR_Seq_1_IRQ.c **** *   (GPIO, UART, and so on). Otherwise the ISR will continue to remain in 
 384:.\Generated_Source\PSoC4/ADC_SAR_Seq_1_IRQ.c **** *   pending state even though the interrupt itself is cleared using this API.
 385:.\Generated_Source\PSoC4/ADC_SAR_Seq_1_IRQ.c **** *
 386:.\Generated_Source\PSoC4/ADC_SAR_Seq_1_IRQ.c **** * Parameters:
 387:.\Generated_Source\PSoC4/ADC_SAR_Seq_1_IRQ.c **** *   None
 388:.\Generated_Source\PSoC4/ADC_SAR_Seq_1_IRQ.c **** *
 389:.\Generated_Source\PSoC4/ADC_SAR_Seq_1_IRQ.c **** * Return:
 390:.\Generated_Source\PSoC4/ADC_SAR_Seq_1_IRQ.c **** *   None
 391:.\Generated_Source\PSoC4/ADC_SAR_Seq_1_IRQ.c **** *
 392:.\Generated_Source\PSoC4/ADC_SAR_Seq_1_IRQ.c **** *******************************************************************************/
 393:.\Generated_Source\PSoC4/ADC_SAR_Seq_1_IRQ.c **** void ADC_SAR_Seq_1_IRQ_ClearPending(void)
 394:.\Generated_Source\PSoC4/ADC_SAR_Seq_1_IRQ.c **** {
 374              		.loc 1 394 0
 375              		.cfi_startproc
 395:.\Generated_Source\PSoC4/ADC_SAR_Seq_1_IRQ.c ****     *ADC_SAR_Seq_1_IRQ_INTC_CLR_PD = ADC_SAR_Seq_1_IRQ__INTC_MASK;
 376              		.loc 1 395 0
 377 0000 8022     		mov	r2, #128
 378 0002 D201     		lsl	r2, r2, #7
 379 0004 014B     		ldr	r3, .L36
 380 0006 1A60     		str	r2, [r3]
 396:.\Generated_Source\PSoC4/ADC_SAR_Seq_1_IRQ.c **** }
 381              		.loc 1 396 0
 382              		@ sp needed
 383 0008 7047     		bx	lr
 384              	.L37:
 385 000a C046     		.align	2
ARM GAS  C:\Users\mitchell\AppData\Local\Temp\ccFuvMeF.s 			page 15


 386              	.L36:
 387 000c 80E200E0 		.word	-536812928
 388              		.cfi_endproc
 389              	.LFE12:
 390              		.size	ADC_SAR_Seq_1_IRQ_ClearPending, .-ADC_SAR_Seq_1_IRQ_ClearPending
 391              		.text
 392              	.Letext0:
 393              		.file 2 "Generated_Source\\PSoC4/cytypes.h"
 394              		.file 3 "Generated_Source\\PSoC4/CyLib.h"
 395              		.section	.debug_info,"",%progbits
 396              	.Ldebug_info0:
 397 0000 FA020000 		.4byte	0x2fa
 398 0004 0400     		.2byte	0x4
 399 0006 00000000 		.4byte	.Ldebug_abbrev0
 400 000a 04       		.byte	0x4
 401 000b 01       		.uleb128 0x1
 402 000c 07020000 		.4byte	.LASF33
 403 0010 01       		.byte	0x1
 404 0011 EE000000 		.4byte	.LASF34
 405 0015 2A010000 		.4byte	.LASF35
 406 0019 00000000 		.4byte	.Ldebug_ranges0+0
 407 001d 00000000 		.4byte	0
 408 0021 00000000 		.4byte	.Ldebug_line0
 409 0025 02       		.uleb128 0x2
 410 0026 01       		.byte	0x1
 411 0027 06       		.byte	0x6
 412 0028 5A030000 		.4byte	.LASF0
 413 002c 02       		.uleb128 0x2
 414 002d 01       		.byte	0x1
 415 002e 08       		.byte	0x8
 416 002f E0000000 		.4byte	.LASF1
 417 0033 02       		.uleb128 0x2
 418 0034 02       		.byte	0x2
 419 0035 05       		.byte	0x5
 420 0036 AC020000 		.4byte	.LASF2
 421 003a 02       		.uleb128 0x2
 422 003b 02       		.byte	0x2
 423 003c 07       		.byte	0x7
 424 003d 48000000 		.4byte	.LASF3
 425 0041 02       		.uleb128 0x2
 426 0042 04       		.byte	0x4
 427 0043 05       		.byte	0x5
 428 0044 E1020000 		.4byte	.LASF4
 429 0048 02       		.uleb128 0x2
 430 0049 04       		.byte	0x4
 431 004a 07       		.byte	0x7
 432 004b CA010000 		.4byte	.LASF5
 433 004f 02       		.uleb128 0x2
 434 0050 08       		.byte	0x8
 435 0051 05       		.byte	0x5
 436 0052 99020000 		.4byte	.LASF6
 437 0056 02       		.uleb128 0x2
 438 0057 08       		.byte	0x8
 439 0058 07       		.byte	0x7
 440 0059 C9000000 		.4byte	.LASF7
 441 005d 03       		.uleb128 0x3
 442 005e 04       		.byte	0x4
ARM GAS  C:\Users\mitchell\AppData\Local\Temp\ccFuvMeF.s 			page 16


 443 005f 05       		.byte	0x5
 444 0060 696E7400 		.ascii	"int\000"
 445 0064 02       		.uleb128 0x2
 446 0065 04       		.byte	0x4
 447 0066 07       		.byte	0x7
 448 0067 DC010000 		.4byte	.LASF8
 449 006b 04       		.uleb128 0x4
 450 006c 96010000 		.4byte	.LASF9
 451 0070 02       		.byte	0x2
 452 0071 C1       		.byte	0xc1
 453 0072 2C000000 		.4byte	0x2c
 454 0076 04       		.uleb128 0x4
 455 0077 AC010000 		.4byte	.LASF10
 456 007b 02       		.byte	0x2
 457 007c C3       		.byte	0xc3
 458 007d 48000000 		.4byte	0x48
 459 0081 02       		.uleb128 0x2
 460 0082 04       		.byte	0x4
 461 0083 04       		.byte	0x4
 462 0084 C3000000 		.4byte	.LASF11
 463 0088 02       		.uleb128 0x2
 464 0089 08       		.byte	0x8
 465 008a 04       		.byte	0x4
 466 008b A5010000 		.4byte	.LASF12
 467 008f 02       		.uleb128 0x2
 468 0090 01       		.byte	0x1
 469 0091 08       		.byte	0x8
 470 0092 A7020000 		.4byte	.LASF13
 471 0096 05       		.uleb128 0x5
 472 0097 1B000000 		.4byte	.LASF14
 473 009b 02       		.byte	0x2
 474 009c 6D01     		.2byte	0x16d
 475 009e A2000000 		.4byte	0xa2
 476 00a2 06       		.uleb128 0x6
 477 00a3 76000000 		.4byte	0x76
 478 00a7 05       		.uleb128 0x5
 479 00a8 83020000 		.4byte	.LASF15
 480 00ac 02       		.byte	0x2
 481 00ad 7D01     		.2byte	0x17d
 482 00af B3000000 		.4byte	0xb3
 483 00b3 07       		.uleb128 0x7
 484 00b4 04       		.byte	0x4
 485 00b5 B9000000 		.4byte	0xb9
 486 00b9 08       		.uleb128 0x8
 487 00ba 02       		.uleb128 0x2
 488 00bb 04       		.byte	0x4
 489 00bc 07       		.byte	0x7
 490 00bd 90020000 		.4byte	.LASF16
 491 00c1 09       		.uleb128 0x9
 492 00c2 B6020000 		.4byte	.LASF23
 493 00c6 01       		.byte	0x1
 494 00c7 9E       		.byte	0x9e
 495 00c8 00000000 		.4byte	.LFB3
 496 00cc 02000000 		.4byte	.LFE3-.LFB3
 497 00d0 01       		.uleb128 0x1
 498 00d1 9C       		.byte	0x9c
 499 00d2 0A       		.uleb128 0xa
ARM GAS  C:\Users\mitchell\AppData\Local\Temp\ccFuvMeF.s 			page 17


 500 00d3 7A010000 		.4byte	.LASF17
 501 00d7 01       		.byte	0x1
 502 00d8 C2       		.byte	0xc2
 503 00d9 00000000 		.4byte	.LFB4
 504 00dd 0C000000 		.4byte	.LFE4-.LFB4
 505 00e1 01       		.uleb128 0x1
 506 00e2 9C       		.byte	0x9c
 507 00e3 F5000000 		.4byte	0xf5
 508 00e7 0B       		.uleb128 0xb
 509 00e8 E9010000 		.4byte	.LASF19
 510 00ec 01       		.byte	0x1
 511 00ed C2       		.byte	0xc2
 512 00ee A7000000 		.4byte	0xa7
 513 00f2 01       		.uleb128 0x1
 514 00f3 50       		.byte	0x50
 515 00f4 00       		.byte	0
 516 00f5 0C       		.uleb128 0xc
 517 00f6 A7000000 		.4byte	.LASF25
 518 00fa 01       		.byte	0x1
 519 00fb D6       		.byte	0xd6
 520 00fc A7000000 		.4byte	0xa7
 521 0100 00000000 		.4byte	.LFB5
 522 0104 0C000000 		.4byte	.LFE5-.LFB5
 523 0108 01       		.uleb128 0x1
 524 0109 9C       		.byte	0x9c
 525 010a 0A       		.uleb128 0xa
 526 010b 66030000 		.4byte	.LASF18
 527 010f 01       		.byte	0x1
 528 0110 F4       		.byte	0xf4
 529 0111 00000000 		.4byte	.LFB6
 530 0115 28000000 		.4byte	.LFE6-.LFB6
 531 0119 01       		.uleb128 0x1
 532 011a 9C       		.byte	0x9c
 533 011b 5C010000 		.4byte	0x15c
 534 011f 0D       		.uleb128 0xd
 535 0120 9C010000 		.4byte	.LASF20
 536 0124 01       		.byte	0x1
 537 0125 F4       		.byte	0xf4
 538 0126 6B000000 		.4byte	0x6b
 539 012a 00000000 		.4byte	.LLST0
 540 012e 0E       		.uleb128 0xe
 541 012f 1B010000 		.4byte	.LASF21
 542 0133 01       		.byte	0x1
 543 0134 F6       		.byte	0xf6
 544 0135 6B000000 		.4byte	0x6b
 545 0139 21000000 		.4byte	.LLST1
 546 013d 0F       		.uleb128 0xf
 547 013e D2020000 		.4byte	.LASF22
 548 0142 01       		.byte	0x1
 549 0143 F7       		.byte	0xf7
 550 0144 76000000 		.4byte	0x76
 551 0148 16       		.byte	0x16
 552 0149 10       		.uleb128 0x10
 553 014a 08000000 		.4byte	.LVL3
 554 014e E5020000 		.4byte	0x2e5
 555 0152 10       		.uleb128 0x10
 556 0153 1C000000 		.4byte	.LVL4
ARM GAS  C:\Users\mitchell\AppData\Local\Temp\ccFuvMeF.s 			page 18


 557 0157 F0020000 		.4byte	0x2f0
 558 015b 00       		.byte	0
 559 015c 11       		.uleb128 0x11
 560 015d EA020000 		.4byte	.LASF36
 561 0161 01       		.byte	0x1
 562 0162 1001     		.2byte	0x110
 563 0164 6B000000 		.4byte	0x6b
 564 0168 00000000 		.4byte	.LFB7
 565 016c 10000000 		.4byte	.LFE7-.LFB7
 566 0170 01       		.uleb128 0x1
 567 0171 9C       		.byte	0x9c
 568 0172 94010000 		.4byte	0x194
 569 0176 12       		.uleb128 0x12
 570 0177 9C010000 		.4byte	.LASF20
 571 017b 01       		.byte	0x1
 572 017c 1201     		.2byte	0x112
 573 017e 76000000 		.4byte	0x76
 574 0182 34000000 		.4byte	.LLST2
 575 0186 13       		.uleb128 0x13
 576 0187 D2020000 		.4byte	.LASF22
 577 018b 01       		.byte	0x1
 578 018c 1301     		.2byte	0x113
 579 018e 76000000 		.4byte	0x76
 580 0192 16       		.byte	0x16
 581 0193 00       		.byte	0
 582 0194 14       		.uleb128 0x14
 583 0195 22030000 		.4byte	.LASF24
 584 0199 01       		.byte	0x1
 585 019a 2B01     		.2byte	0x12b
 586 019c 00000000 		.4byte	.LFB8
 587 01a0 10000000 		.4byte	.LFE8-.LFB8
 588 01a4 01       		.uleb128 0x1
 589 01a5 9C       		.byte	0x9c
 590 01a6 15       		.uleb128 0x15
 591 01a7 00000000 		.4byte	.LASF26
 592 01ab 01       		.byte	0x1
 593 01ac 4001     		.2byte	0x140
 594 01ae 6B000000 		.4byte	0x6b
 595 01b2 00000000 		.4byte	.LFB9
 596 01b6 14000000 		.4byte	.LFE9-.LFB9
 597 01ba 01       		.uleb128 0x1
 598 01bb 9C       		.byte	0x9c
 599 01bc 14       		.uleb128 0x14
 600 01bd 21000000 		.4byte	.LASF27
 601 01c1 01       		.byte	0x1
 602 01c2 5501     		.2byte	0x155
 603 01c4 00000000 		.4byte	.LFB10
 604 01c8 10000000 		.4byte	.LFE10-.LFB10
 605 01cc 01       		.uleb128 0x1
 606 01cd 9C       		.byte	0x9c
 607 01ce 0A       		.uleb128 0xa
 608 01cf 8F000000 		.4byte	.LASF28
 609 01d3 01       		.byte	0x1
 610 01d4 37       		.byte	0x37
 611 01d5 00000000 		.4byte	.LFB0
 612 01d9 1C000000 		.4byte	.LFE0-.LFB0
 613 01dd 01       		.uleb128 0x1
ARM GAS  C:\Users\mitchell\AppData\Local\Temp\ccFuvMeF.s 			page 19


 614 01de 9C       		.byte	0x9c
 615 01df 20020000 		.4byte	0x220
 616 01e3 10       		.uleb128 0x10
 617 01e4 06000000 		.4byte	.LVL8
 618 01e8 BC010000 		.4byte	0x1bc
 619 01ec 16       		.uleb128 0x16
 620 01ed 0C000000 		.4byte	.LVL9
 621 01f1 D2000000 		.4byte	0xd2
 622 01f5 03020000 		.4byte	0x203
 623 01f9 17       		.uleb128 0x17
 624 01fa 01       		.uleb128 0x1
 625 01fb 50       		.byte	0x50
 626 01fc 05       		.uleb128 0x5
 627 01fd 03       		.byte	0x3
 628 01fe 00000000 		.4byte	ADC_SAR_Seq_1_IRQ_Interrupt
 629 0202 00       		.byte	0
 630 0203 16       		.uleb128 0x16
 631 0204 12000000 		.4byte	.LVL10
 632 0208 0A010000 		.4byte	0x10a
 633 020c 16020000 		.4byte	0x216
 634 0210 17       		.uleb128 0x17
 635 0211 01       		.uleb128 0x1
 636 0212 50       		.byte	0x50
 637 0213 01       		.uleb128 0x1
 638 0214 33       		.byte	0x33
 639 0215 00       		.byte	0
 640 0216 10       		.uleb128 0x10
 641 0217 16000000 		.4byte	.LVL11
 642 021b 94010000 		.4byte	0x194
 643 021f 00       		.byte	0
 644 0220 0A       		.uleb128 0xa
 645 0221 08030000 		.4byte	.LASF29
 646 0225 01       		.byte	0x1
 647 0226 62       		.byte	0x62
 648 0227 00000000 		.4byte	.LFB1
 649 022b 1A000000 		.4byte	.LFE1-.LFB1
 650 022f 01       		.uleb128 0x1
 651 0230 9C       		.byte	0x9c
 652 0231 7E020000 		.4byte	0x27e
 653 0235 0D       		.uleb128 0xd
 654 0236 E9010000 		.4byte	.LASF19
 655 023a 01       		.byte	0x1
 656 023b 62       		.byte	0x62
 657 023c A7000000 		.4byte	0xa7
 658 0240 56000000 		.4byte	.LLST3
 659 0244 10       		.uleb128 0x10
 660 0245 08000000 		.4byte	.LVL13
 661 0249 BC010000 		.4byte	0x1bc
 662 024d 16       		.uleb128 0x16
 663 024e 0E000000 		.4byte	.LVL14
 664 0252 D2000000 		.4byte	0xd2
 665 0256 61020000 		.4byte	0x261
 666 025a 17       		.uleb128 0x17
 667 025b 01       		.uleb128 0x1
 668 025c 50       		.byte	0x50
 669 025d 02       		.uleb128 0x2
 670 025e 74       		.byte	0x74
ARM GAS  C:\Users\mitchell\AppData\Local\Temp\ccFuvMeF.s 			page 20


 671 025f 00       		.sleb128 0
 672 0260 00       		.byte	0
 673 0261 16       		.uleb128 0x16
 674 0262 14000000 		.4byte	.LVL15
 675 0266 0A010000 		.4byte	0x10a
 676 026a 74020000 		.4byte	0x274
 677 026e 17       		.uleb128 0x17
 678 026f 01       		.uleb128 0x1
 679 0270 50       		.byte	0x50
 680 0271 01       		.uleb128 0x1
 681 0272 33       		.byte	0x33
 682 0273 00       		.byte	0
 683 0274 10       		.uleb128 0x10
 684 0275 18000000 		.4byte	.LVL16
 685 0279 94010000 		.4byte	0x194
 686 027d 00       		.byte	0
 687 027e 0A       		.uleb128 0xa
 688 027f 78000000 		.4byte	.LASF30
 689 0283 01       		.byte	0x1
 690 0284 80       		.byte	0x80
 691 0285 00000000 		.4byte	.LFB2
 692 0289 14000000 		.4byte	.LFE2-.LFB2
 693 028d 01       		.uleb128 0x1
 694 028e 9C       		.byte	0x9c
 695 028f A6020000 		.4byte	0x2a6
 696 0293 10       		.uleb128 0x10
 697 0294 06000000 		.4byte	.LVL18
 698 0298 BC010000 		.4byte	0x1bc
 699 029c 10       		.uleb128 0x10
 700 029d 0C000000 		.4byte	.LVL19
 701 02a1 D2000000 		.4byte	0xd2
 702 02a5 00       		.byte	0
 703 02a6 14       		.uleb128 0x14
 704 02a7 5B000000 		.4byte	.LASF31
 705 02ab 01       		.byte	0x1
 706 02ac 7001     		.2byte	0x170
 707 02ae 00000000 		.4byte	.LFB11
 708 02b2 10000000 		.4byte	.LFE11-.LFB11
 709 02b6 01       		.uleb128 0x1
 710 02b7 9C       		.byte	0x9c
 711 02b8 14       		.uleb128 0x14
 712 02b9 3B030000 		.4byte	.LASF32
 713 02bd 01       		.byte	0x1
 714 02be 8901     		.2byte	0x189
 715 02c0 00000000 		.4byte	.LFB12
 716 02c4 10000000 		.4byte	.LFE12-.LFB12
 717 02c8 01       		.uleb128 0x1
 718 02c9 9C       		.byte	0x9c
 719 02ca 18       		.uleb128 0x18
 720 02cb A7000000 		.4byte	0xa7
 721 02cf DA020000 		.4byte	0x2da
 722 02d3 19       		.uleb128 0x19
 723 02d4 BA000000 		.4byte	0xba
 724 02d8 2F       		.byte	0x2f
 725 02d9 00       		.byte	0
 726 02da 1A       		.uleb128 0x1a
 727 02db 3B000000 		.4byte	.LASF37
ARM GAS  C:\Users\mitchell\AppData\Local\Temp\ccFuvMeF.s 			page 21


 728 02df 01       		.byte	0x1
 729 02e0 20       		.byte	0x20
 730 02e1 CA020000 		.4byte	0x2ca
 731 02e5 1B       		.uleb128 0x1b
 732 02e6 B3010000 		.4byte	.LASF38
 733 02ea 03       		.byte	0x3
 734 02eb 5E       		.byte	0x5e
 735 02ec 6B000000 		.4byte	0x6b
 736 02f0 1C       		.uleb128 0x1c
 737 02f1 F1010000 		.4byte	.LASF39
 738 02f5 03       		.byte	0x3
 739 02f6 5F       		.byte	0x5f
 740 02f7 1D       		.uleb128 0x1d
 741 02f8 6B000000 		.4byte	0x6b
 742 02fc 00       		.byte	0
 743 02fd 00       		.byte	0
 744              		.section	.debug_abbrev,"",%progbits
 745              	.Ldebug_abbrev0:
 746 0000 01       		.uleb128 0x1
 747 0001 11       		.uleb128 0x11
 748 0002 01       		.byte	0x1
 749 0003 25       		.uleb128 0x25
 750 0004 0E       		.uleb128 0xe
 751 0005 13       		.uleb128 0x13
 752 0006 0B       		.uleb128 0xb
 753 0007 03       		.uleb128 0x3
 754 0008 0E       		.uleb128 0xe
 755 0009 1B       		.uleb128 0x1b
 756 000a 0E       		.uleb128 0xe
 757 000b 55       		.uleb128 0x55
 758 000c 17       		.uleb128 0x17
 759 000d 11       		.uleb128 0x11
 760 000e 01       		.uleb128 0x1
 761 000f 10       		.uleb128 0x10
 762 0010 17       		.uleb128 0x17
 763 0011 00       		.byte	0
 764 0012 00       		.byte	0
 765 0013 02       		.uleb128 0x2
 766 0014 24       		.uleb128 0x24
 767 0015 00       		.byte	0
 768 0016 0B       		.uleb128 0xb
 769 0017 0B       		.uleb128 0xb
 770 0018 3E       		.uleb128 0x3e
 771 0019 0B       		.uleb128 0xb
 772 001a 03       		.uleb128 0x3
 773 001b 0E       		.uleb128 0xe
 774 001c 00       		.byte	0
 775 001d 00       		.byte	0
 776 001e 03       		.uleb128 0x3
 777 001f 24       		.uleb128 0x24
 778 0020 00       		.byte	0
 779 0021 0B       		.uleb128 0xb
 780 0022 0B       		.uleb128 0xb
 781 0023 3E       		.uleb128 0x3e
 782 0024 0B       		.uleb128 0xb
 783 0025 03       		.uleb128 0x3
 784 0026 08       		.uleb128 0x8
ARM GAS  C:\Users\mitchell\AppData\Local\Temp\ccFuvMeF.s 			page 22


 785 0027 00       		.byte	0
 786 0028 00       		.byte	0
 787 0029 04       		.uleb128 0x4
 788 002a 16       		.uleb128 0x16
 789 002b 00       		.byte	0
 790 002c 03       		.uleb128 0x3
 791 002d 0E       		.uleb128 0xe
 792 002e 3A       		.uleb128 0x3a
 793 002f 0B       		.uleb128 0xb
 794 0030 3B       		.uleb128 0x3b
 795 0031 0B       		.uleb128 0xb
 796 0032 49       		.uleb128 0x49
 797 0033 13       		.uleb128 0x13
 798 0034 00       		.byte	0
 799 0035 00       		.byte	0
 800 0036 05       		.uleb128 0x5
 801 0037 16       		.uleb128 0x16
 802 0038 00       		.byte	0
 803 0039 03       		.uleb128 0x3
 804 003a 0E       		.uleb128 0xe
 805 003b 3A       		.uleb128 0x3a
 806 003c 0B       		.uleb128 0xb
 807 003d 3B       		.uleb128 0x3b
 808 003e 05       		.uleb128 0x5
 809 003f 49       		.uleb128 0x49
 810 0040 13       		.uleb128 0x13
 811 0041 00       		.byte	0
 812 0042 00       		.byte	0
 813 0043 06       		.uleb128 0x6
 814 0044 35       		.uleb128 0x35
 815 0045 00       		.byte	0
 816 0046 49       		.uleb128 0x49
 817 0047 13       		.uleb128 0x13
 818 0048 00       		.byte	0
 819 0049 00       		.byte	0
 820 004a 07       		.uleb128 0x7
 821 004b 0F       		.uleb128 0xf
 822 004c 00       		.byte	0
 823 004d 0B       		.uleb128 0xb
 824 004e 0B       		.uleb128 0xb
 825 004f 49       		.uleb128 0x49
 826 0050 13       		.uleb128 0x13
 827 0051 00       		.byte	0
 828 0052 00       		.byte	0
 829 0053 08       		.uleb128 0x8
 830 0054 15       		.uleb128 0x15
 831 0055 00       		.byte	0
 832 0056 27       		.uleb128 0x27
 833 0057 19       		.uleb128 0x19
 834 0058 00       		.byte	0
 835 0059 00       		.byte	0
 836 005a 09       		.uleb128 0x9
 837 005b 2E       		.uleb128 0x2e
 838 005c 00       		.byte	0
 839 005d 3F       		.uleb128 0x3f
 840 005e 19       		.uleb128 0x19
 841 005f 03       		.uleb128 0x3
ARM GAS  C:\Users\mitchell\AppData\Local\Temp\ccFuvMeF.s 			page 23


 842 0060 0E       		.uleb128 0xe
 843 0061 3A       		.uleb128 0x3a
 844 0062 0B       		.uleb128 0xb
 845 0063 3B       		.uleb128 0x3b
 846 0064 0B       		.uleb128 0xb
 847 0065 27       		.uleb128 0x27
 848 0066 19       		.uleb128 0x19
 849 0067 11       		.uleb128 0x11
 850 0068 01       		.uleb128 0x1
 851 0069 12       		.uleb128 0x12
 852 006a 06       		.uleb128 0x6
 853 006b 40       		.uleb128 0x40
 854 006c 18       		.uleb128 0x18
 855 006d 9742     		.uleb128 0x2117
 856 006f 19       		.uleb128 0x19
 857 0070 00       		.byte	0
 858 0071 00       		.byte	0
 859 0072 0A       		.uleb128 0xa
 860 0073 2E       		.uleb128 0x2e
 861 0074 01       		.byte	0x1
 862 0075 3F       		.uleb128 0x3f
 863 0076 19       		.uleb128 0x19
 864 0077 03       		.uleb128 0x3
 865 0078 0E       		.uleb128 0xe
 866 0079 3A       		.uleb128 0x3a
 867 007a 0B       		.uleb128 0xb
 868 007b 3B       		.uleb128 0x3b
 869 007c 0B       		.uleb128 0xb
 870 007d 27       		.uleb128 0x27
 871 007e 19       		.uleb128 0x19
 872 007f 11       		.uleb128 0x11
 873 0080 01       		.uleb128 0x1
 874 0081 12       		.uleb128 0x12
 875 0082 06       		.uleb128 0x6
 876 0083 40       		.uleb128 0x40
 877 0084 18       		.uleb128 0x18
 878 0085 9742     		.uleb128 0x2117
 879 0087 19       		.uleb128 0x19
 880 0088 01       		.uleb128 0x1
 881 0089 13       		.uleb128 0x13
 882 008a 00       		.byte	0
 883 008b 00       		.byte	0
 884 008c 0B       		.uleb128 0xb
 885 008d 05       		.uleb128 0x5
 886 008e 00       		.byte	0
 887 008f 03       		.uleb128 0x3
 888 0090 0E       		.uleb128 0xe
 889 0091 3A       		.uleb128 0x3a
 890 0092 0B       		.uleb128 0xb
 891 0093 3B       		.uleb128 0x3b
 892 0094 0B       		.uleb128 0xb
 893 0095 49       		.uleb128 0x49
 894 0096 13       		.uleb128 0x13
 895 0097 02       		.uleb128 0x2
 896 0098 18       		.uleb128 0x18
 897 0099 00       		.byte	0
 898 009a 00       		.byte	0
ARM GAS  C:\Users\mitchell\AppData\Local\Temp\ccFuvMeF.s 			page 24


 899 009b 0C       		.uleb128 0xc
 900 009c 2E       		.uleb128 0x2e
 901 009d 00       		.byte	0
 902 009e 3F       		.uleb128 0x3f
 903 009f 19       		.uleb128 0x19
 904 00a0 03       		.uleb128 0x3
 905 00a1 0E       		.uleb128 0xe
 906 00a2 3A       		.uleb128 0x3a
 907 00a3 0B       		.uleb128 0xb
 908 00a4 3B       		.uleb128 0x3b
 909 00a5 0B       		.uleb128 0xb
 910 00a6 27       		.uleb128 0x27
 911 00a7 19       		.uleb128 0x19
 912 00a8 49       		.uleb128 0x49
 913 00a9 13       		.uleb128 0x13
 914 00aa 11       		.uleb128 0x11
 915 00ab 01       		.uleb128 0x1
 916 00ac 12       		.uleb128 0x12
 917 00ad 06       		.uleb128 0x6
 918 00ae 40       		.uleb128 0x40
 919 00af 18       		.uleb128 0x18
 920 00b0 9742     		.uleb128 0x2117
 921 00b2 19       		.uleb128 0x19
 922 00b3 00       		.byte	0
 923 00b4 00       		.byte	0
 924 00b5 0D       		.uleb128 0xd
 925 00b6 05       		.uleb128 0x5
 926 00b7 00       		.byte	0
 927 00b8 03       		.uleb128 0x3
 928 00b9 0E       		.uleb128 0xe
 929 00ba 3A       		.uleb128 0x3a
 930 00bb 0B       		.uleb128 0xb
 931 00bc 3B       		.uleb128 0x3b
 932 00bd 0B       		.uleb128 0xb
 933 00be 49       		.uleb128 0x49
 934 00bf 13       		.uleb128 0x13
 935 00c0 02       		.uleb128 0x2
 936 00c1 17       		.uleb128 0x17
 937 00c2 00       		.byte	0
 938 00c3 00       		.byte	0
 939 00c4 0E       		.uleb128 0xe
 940 00c5 34       		.uleb128 0x34
 941 00c6 00       		.byte	0
 942 00c7 03       		.uleb128 0x3
 943 00c8 0E       		.uleb128 0xe
 944 00c9 3A       		.uleb128 0x3a
 945 00ca 0B       		.uleb128 0xb
 946 00cb 3B       		.uleb128 0x3b
 947 00cc 0B       		.uleb128 0xb
 948 00cd 49       		.uleb128 0x49
 949 00ce 13       		.uleb128 0x13
 950 00cf 02       		.uleb128 0x2
 951 00d0 17       		.uleb128 0x17
 952 00d1 00       		.byte	0
 953 00d2 00       		.byte	0
 954 00d3 0F       		.uleb128 0xf
 955 00d4 34       		.uleb128 0x34
ARM GAS  C:\Users\mitchell\AppData\Local\Temp\ccFuvMeF.s 			page 25


 956 00d5 00       		.byte	0
 957 00d6 03       		.uleb128 0x3
 958 00d7 0E       		.uleb128 0xe
 959 00d8 3A       		.uleb128 0x3a
 960 00d9 0B       		.uleb128 0xb
 961 00da 3B       		.uleb128 0x3b
 962 00db 0B       		.uleb128 0xb
 963 00dc 49       		.uleb128 0x49
 964 00dd 13       		.uleb128 0x13
 965 00de 1C       		.uleb128 0x1c
 966 00df 0B       		.uleb128 0xb
 967 00e0 00       		.byte	0
 968 00e1 00       		.byte	0
 969 00e2 10       		.uleb128 0x10
 970 00e3 898201   		.uleb128 0x4109
 971 00e6 00       		.byte	0
 972 00e7 11       		.uleb128 0x11
 973 00e8 01       		.uleb128 0x1
 974 00e9 31       		.uleb128 0x31
 975 00ea 13       		.uleb128 0x13
 976 00eb 00       		.byte	0
 977 00ec 00       		.byte	0
 978 00ed 11       		.uleb128 0x11
 979 00ee 2E       		.uleb128 0x2e
 980 00ef 01       		.byte	0x1
 981 00f0 3F       		.uleb128 0x3f
 982 00f1 19       		.uleb128 0x19
 983 00f2 03       		.uleb128 0x3
 984 00f3 0E       		.uleb128 0xe
 985 00f4 3A       		.uleb128 0x3a
 986 00f5 0B       		.uleb128 0xb
 987 00f6 3B       		.uleb128 0x3b
 988 00f7 05       		.uleb128 0x5
 989 00f8 27       		.uleb128 0x27
 990 00f9 19       		.uleb128 0x19
 991 00fa 49       		.uleb128 0x49
 992 00fb 13       		.uleb128 0x13
 993 00fc 11       		.uleb128 0x11
 994 00fd 01       		.uleb128 0x1
 995 00fe 12       		.uleb128 0x12
 996 00ff 06       		.uleb128 0x6
 997 0100 40       		.uleb128 0x40
 998 0101 18       		.uleb128 0x18
 999 0102 9742     		.uleb128 0x2117
 1000 0104 19       		.uleb128 0x19
 1001 0105 01       		.uleb128 0x1
 1002 0106 13       		.uleb128 0x13
 1003 0107 00       		.byte	0
 1004 0108 00       		.byte	0
 1005 0109 12       		.uleb128 0x12
 1006 010a 34       		.uleb128 0x34
 1007 010b 00       		.byte	0
 1008 010c 03       		.uleb128 0x3
 1009 010d 0E       		.uleb128 0xe
 1010 010e 3A       		.uleb128 0x3a
 1011 010f 0B       		.uleb128 0xb
 1012 0110 3B       		.uleb128 0x3b
ARM GAS  C:\Users\mitchell\AppData\Local\Temp\ccFuvMeF.s 			page 26


 1013 0111 05       		.uleb128 0x5
 1014 0112 49       		.uleb128 0x49
 1015 0113 13       		.uleb128 0x13
 1016 0114 02       		.uleb128 0x2
 1017 0115 17       		.uleb128 0x17
 1018 0116 00       		.byte	0
 1019 0117 00       		.byte	0
 1020 0118 13       		.uleb128 0x13
 1021 0119 34       		.uleb128 0x34
 1022 011a 00       		.byte	0
 1023 011b 03       		.uleb128 0x3
 1024 011c 0E       		.uleb128 0xe
 1025 011d 3A       		.uleb128 0x3a
 1026 011e 0B       		.uleb128 0xb
 1027 011f 3B       		.uleb128 0x3b
 1028 0120 05       		.uleb128 0x5
 1029 0121 49       		.uleb128 0x49
 1030 0122 13       		.uleb128 0x13
 1031 0123 1C       		.uleb128 0x1c
 1032 0124 0B       		.uleb128 0xb
 1033 0125 00       		.byte	0
 1034 0126 00       		.byte	0
 1035 0127 14       		.uleb128 0x14
 1036 0128 2E       		.uleb128 0x2e
 1037 0129 00       		.byte	0
 1038 012a 3F       		.uleb128 0x3f
 1039 012b 19       		.uleb128 0x19
 1040 012c 03       		.uleb128 0x3
 1041 012d 0E       		.uleb128 0xe
 1042 012e 3A       		.uleb128 0x3a
 1043 012f 0B       		.uleb128 0xb
 1044 0130 3B       		.uleb128 0x3b
 1045 0131 05       		.uleb128 0x5
 1046 0132 27       		.uleb128 0x27
 1047 0133 19       		.uleb128 0x19
 1048 0134 11       		.uleb128 0x11
 1049 0135 01       		.uleb128 0x1
 1050 0136 12       		.uleb128 0x12
 1051 0137 06       		.uleb128 0x6
 1052 0138 40       		.uleb128 0x40
 1053 0139 18       		.uleb128 0x18
 1054 013a 9742     		.uleb128 0x2117
 1055 013c 19       		.uleb128 0x19
 1056 013d 00       		.byte	0
 1057 013e 00       		.byte	0
 1058 013f 15       		.uleb128 0x15
 1059 0140 2E       		.uleb128 0x2e
 1060 0141 00       		.byte	0
 1061 0142 3F       		.uleb128 0x3f
 1062 0143 19       		.uleb128 0x19
 1063 0144 03       		.uleb128 0x3
 1064 0145 0E       		.uleb128 0xe
 1065 0146 3A       		.uleb128 0x3a
 1066 0147 0B       		.uleb128 0xb
 1067 0148 3B       		.uleb128 0x3b
 1068 0149 05       		.uleb128 0x5
 1069 014a 27       		.uleb128 0x27
ARM GAS  C:\Users\mitchell\AppData\Local\Temp\ccFuvMeF.s 			page 27


 1070 014b 19       		.uleb128 0x19
 1071 014c 49       		.uleb128 0x49
 1072 014d 13       		.uleb128 0x13
 1073 014e 11       		.uleb128 0x11
 1074 014f 01       		.uleb128 0x1
 1075 0150 12       		.uleb128 0x12
 1076 0151 06       		.uleb128 0x6
 1077 0152 40       		.uleb128 0x40
 1078 0153 18       		.uleb128 0x18
 1079 0154 9742     		.uleb128 0x2117
 1080 0156 19       		.uleb128 0x19
 1081 0157 00       		.byte	0
 1082 0158 00       		.byte	0
 1083 0159 16       		.uleb128 0x16
 1084 015a 898201   		.uleb128 0x4109
 1085 015d 01       		.byte	0x1
 1086 015e 11       		.uleb128 0x11
 1087 015f 01       		.uleb128 0x1
 1088 0160 31       		.uleb128 0x31
 1089 0161 13       		.uleb128 0x13
 1090 0162 01       		.uleb128 0x1
 1091 0163 13       		.uleb128 0x13
 1092 0164 00       		.byte	0
 1093 0165 00       		.byte	0
 1094 0166 17       		.uleb128 0x17
 1095 0167 8A8201   		.uleb128 0x410a
 1096 016a 00       		.byte	0
 1097 016b 02       		.uleb128 0x2
 1098 016c 18       		.uleb128 0x18
 1099 016d 9142     		.uleb128 0x2111
 1100 016f 18       		.uleb128 0x18
 1101 0170 00       		.byte	0
 1102 0171 00       		.byte	0
 1103 0172 18       		.uleb128 0x18
 1104 0173 01       		.uleb128 0x1
 1105 0174 01       		.byte	0x1
 1106 0175 49       		.uleb128 0x49
 1107 0176 13       		.uleb128 0x13
 1108 0177 01       		.uleb128 0x1
 1109 0178 13       		.uleb128 0x13
 1110 0179 00       		.byte	0
 1111 017a 00       		.byte	0
 1112 017b 19       		.uleb128 0x19
 1113 017c 21       		.uleb128 0x21
 1114 017d 00       		.byte	0
 1115 017e 49       		.uleb128 0x49
 1116 017f 13       		.uleb128 0x13
 1117 0180 2F       		.uleb128 0x2f
 1118 0181 0B       		.uleb128 0xb
 1119 0182 00       		.byte	0
 1120 0183 00       		.byte	0
 1121 0184 1A       		.uleb128 0x1a
 1122 0185 34       		.uleb128 0x34
 1123 0186 00       		.byte	0
 1124 0187 03       		.uleb128 0x3
 1125 0188 0E       		.uleb128 0xe
 1126 0189 3A       		.uleb128 0x3a
ARM GAS  C:\Users\mitchell\AppData\Local\Temp\ccFuvMeF.s 			page 28


 1127 018a 0B       		.uleb128 0xb
 1128 018b 3B       		.uleb128 0x3b
 1129 018c 0B       		.uleb128 0xb
 1130 018d 49       		.uleb128 0x49
 1131 018e 13       		.uleb128 0x13
 1132 018f 3F       		.uleb128 0x3f
 1133 0190 19       		.uleb128 0x19
 1134 0191 3C       		.uleb128 0x3c
 1135 0192 19       		.uleb128 0x19
 1136 0193 00       		.byte	0
 1137 0194 00       		.byte	0
 1138 0195 1B       		.uleb128 0x1b
 1139 0196 2E       		.uleb128 0x2e
 1140 0197 00       		.byte	0
 1141 0198 3F       		.uleb128 0x3f
 1142 0199 19       		.uleb128 0x19
 1143 019a 03       		.uleb128 0x3
 1144 019b 0E       		.uleb128 0xe
 1145 019c 3A       		.uleb128 0x3a
 1146 019d 0B       		.uleb128 0xb
 1147 019e 3B       		.uleb128 0x3b
 1148 019f 0B       		.uleb128 0xb
 1149 01a0 27       		.uleb128 0x27
 1150 01a1 19       		.uleb128 0x19
 1151 01a2 49       		.uleb128 0x49
 1152 01a3 13       		.uleb128 0x13
 1153 01a4 3C       		.uleb128 0x3c
 1154 01a5 19       		.uleb128 0x19
 1155 01a6 00       		.byte	0
 1156 01a7 00       		.byte	0
 1157 01a8 1C       		.uleb128 0x1c
 1158 01a9 2E       		.uleb128 0x2e
 1159 01aa 01       		.byte	0x1
 1160 01ab 3F       		.uleb128 0x3f
 1161 01ac 19       		.uleb128 0x19
 1162 01ad 03       		.uleb128 0x3
 1163 01ae 0E       		.uleb128 0xe
 1164 01af 3A       		.uleb128 0x3a
 1165 01b0 0B       		.uleb128 0xb
 1166 01b1 3B       		.uleb128 0x3b
 1167 01b2 0B       		.uleb128 0xb
 1168 01b3 27       		.uleb128 0x27
 1169 01b4 19       		.uleb128 0x19
 1170 01b5 3C       		.uleb128 0x3c
 1171 01b6 19       		.uleb128 0x19
 1172 01b7 00       		.byte	0
 1173 01b8 00       		.byte	0
 1174 01b9 1D       		.uleb128 0x1d
 1175 01ba 05       		.uleb128 0x5
 1176 01bb 00       		.byte	0
 1177 01bc 49       		.uleb128 0x49
 1178 01bd 13       		.uleb128 0x13
 1179 01be 00       		.byte	0
 1180 01bf 00       		.byte	0
 1181 01c0 00       		.byte	0
 1182              		.section	.debug_loc,"",%progbits
 1183              	.Ldebug_loc0:
ARM GAS  C:\Users\mitchell\AppData\Local\Temp\ccFuvMeF.s 			page 29


 1184              	.LLST0:
 1185 0000 00000000 		.4byte	.LVL1
 1186 0004 07000000 		.4byte	.LVL3-1
 1187 0008 0100     		.2byte	0x1
 1188 000a 50       		.byte	0x50
 1189 000b 07000000 		.4byte	.LVL3-1
 1190 000f 28000000 		.4byte	.LFE6
 1191 0013 0400     		.2byte	0x4
 1192 0015 F3       		.byte	0xf3
 1193 0016 01       		.uleb128 0x1
 1194 0017 50       		.byte	0x50
 1195 0018 9F       		.byte	0x9f
 1196 0019 00000000 		.4byte	0
 1197 001d 00000000 		.4byte	0
 1198              	.LLST1:
 1199 0021 08000000 		.4byte	.LVL3
 1200 0025 1B000000 		.4byte	.LVL4-1
 1201 0029 0100     		.2byte	0x1
 1202 002b 50       		.byte	0x50
 1203 002c 00000000 		.4byte	0
 1204 0030 00000000 		.4byte	0
 1205              	.LLST2:
 1206 0034 06000000 		.4byte	.LVL6
 1207 0038 08000000 		.4byte	.LVL7
 1208 003c 0500     		.2byte	0x5
 1209 003e 70       		.byte	0x70
 1210 003f 00       		.sleb128 0
 1211 0040 4E       		.byte	0x4e
 1212 0041 25       		.byte	0x25
 1213 0042 9F       		.byte	0x9f
 1214 0043 08000000 		.4byte	.LVL7
 1215 0047 10000000 		.4byte	.LFE7
 1216 004b 0100     		.2byte	0x1
 1217 004d 50       		.byte	0x50
 1218 004e 00000000 		.4byte	0
 1219 0052 00000000 		.4byte	0
 1220              	.LLST3:
 1221 0056 00000000 		.4byte	.LVL12
 1222 005a 07000000 		.4byte	.LVL13-1
 1223 005e 0100     		.2byte	0x1
 1224 0060 50       		.byte	0x50
 1225 0061 07000000 		.4byte	.LVL13-1
 1226 0065 18000000 		.4byte	.LVL17
 1227 0069 0100     		.2byte	0x1
 1228 006b 54       		.byte	0x54
 1229 006c 18000000 		.4byte	.LVL17
 1230 0070 1A000000 		.4byte	.LFE1
 1231 0074 0400     		.2byte	0x4
 1232 0076 F3       		.byte	0xf3
 1233 0077 01       		.uleb128 0x1
 1234 0078 50       		.byte	0x50
 1235 0079 9F       		.byte	0x9f
 1236 007a 00000000 		.4byte	0
 1237 007e 00000000 		.4byte	0
 1238              		.section	.debug_aranges,"",%progbits
 1239 0000 7C000000 		.4byte	0x7c
 1240 0004 0200     		.2byte	0x2
ARM GAS  C:\Users\mitchell\AppData\Local\Temp\ccFuvMeF.s 			page 30


 1241 0006 00000000 		.4byte	.Ldebug_info0
 1242 000a 04       		.byte	0x4
 1243 000b 00       		.byte	0
 1244 000c 0000     		.2byte	0
 1245 000e 0000     		.2byte	0
 1246 0010 00000000 		.4byte	.LFB3
 1247 0014 02000000 		.4byte	.LFE3-.LFB3
 1248 0018 00000000 		.4byte	.LFB4
 1249 001c 0C000000 		.4byte	.LFE4-.LFB4
 1250 0020 00000000 		.4byte	.LFB5
 1251 0024 0C000000 		.4byte	.LFE5-.LFB5
 1252 0028 00000000 		.4byte	.LFB6
 1253 002c 28000000 		.4byte	.LFE6-.LFB6
 1254 0030 00000000 		.4byte	.LFB7
 1255 0034 10000000 		.4byte	.LFE7-.LFB7
 1256 0038 00000000 		.4byte	.LFB8
 1257 003c 10000000 		.4byte	.LFE8-.LFB8
 1258 0040 00000000 		.4byte	.LFB9
 1259 0044 14000000 		.4byte	.LFE9-.LFB9
 1260 0048 00000000 		.4byte	.LFB10
 1261 004c 10000000 		.4byte	.LFE10-.LFB10
 1262 0050 00000000 		.4byte	.LFB0
 1263 0054 1C000000 		.4byte	.LFE0-.LFB0
 1264 0058 00000000 		.4byte	.LFB1
 1265 005c 1A000000 		.4byte	.LFE1-.LFB1
 1266 0060 00000000 		.4byte	.LFB2
 1267 0064 14000000 		.4byte	.LFE2-.LFB2
 1268 0068 00000000 		.4byte	.LFB11
 1269 006c 10000000 		.4byte	.LFE11-.LFB11
 1270 0070 00000000 		.4byte	.LFB12
 1271 0074 10000000 		.4byte	.LFE12-.LFB12
 1272 0078 00000000 		.4byte	0
 1273 007c 00000000 		.4byte	0
 1274              		.section	.debug_ranges,"",%progbits
 1275              	.Ldebug_ranges0:
 1276 0000 00000000 		.4byte	.LFB3
 1277 0004 02000000 		.4byte	.LFE3
 1278 0008 00000000 		.4byte	.LFB4
 1279 000c 0C000000 		.4byte	.LFE4
 1280 0010 00000000 		.4byte	.LFB5
 1281 0014 0C000000 		.4byte	.LFE5
 1282 0018 00000000 		.4byte	.LFB6
 1283 001c 28000000 		.4byte	.LFE6
 1284 0020 00000000 		.4byte	.LFB7
 1285 0024 10000000 		.4byte	.LFE7
 1286 0028 00000000 		.4byte	.LFB8
 1287 002c 10000000 		.4byte	.LFE8
 1288 0030 00000000 		.4byte	.LFB9
 1289 0034 14000000 		.4byte	.LFE9
 1290 0038 00000000 		.4byte	.LFB10
 1291 003c 10000000 		.4byte	.LFE10
 1292 0040 00000000 		.4byte	.LFB0
 1293 0044 1C000000 		.4byte	.LFE0
 1294 0048 00000000 		.4byte	.LFB1
 1295 004c 1A000000 		.4byte	.LFE1
 1296 0050 00000000 		.4byte	.LFB2
 1297 0054 14000000 		.4byte	.LFE2
ARM GAS  C:\Users\mitchell\AppData\Local\Temp\ccFuvMeF.s 			page 31


 1298 0058 00000000 		.4byte	.LFB11
 1299 005c 10000000 		.4byte	.LFE11
 1300 0060 00000000 		.4byte	.LFB12
 1301 0064 10000000 		.4byte	.LFE12
 1302 0068 00000000 		.4byte	0
 1303 006c 00000000 		.4byte	0
 1304              		.section	.debug_line,"",%progbits
 1305              	.Ldebug_line0:
 1306 0000 70010000 		.section	.debug_str,"MS",%progbits,1
 1306      02007200 
 1306      00000201 
 1306      FB0E0D00 
 1306      01010101 
 1307              	.LASF26:
 1308 0000 4144435F 		.ascii	"ADC_SAR_Seq_1_IRQ_GetState\000"
 1308      5341525F 
 1308      5365715F 
 1308      315F4952 
 1308      515F4765 
 1309              	.LASF14:
 1310 001b 72656733 		.ascii	"reg32\000"
 1310      3200
 1311              	.LASF27:
 1312 0021 4144435F 		.ascii	"ADC_SAR_Seq_1_IRQ_Disable\000"
 1312      5341525F 
 1312      5365715F 
 1312      315F4952 
 1312      515F4469 
 1313              	.LASF37:
 1314 003b 43795261 		.ascii	"CyRamVectors\000"
 1314      6D566563 
 1314      746F7273 
 1314      00
 1315              	.LASF3:
 1316 0048 73686F72 		.ascii	"short unsigned int\000"
 1316      7420756E 
 1316      7369676E 
 1316      65642069 
 1316      6E7400
 1317              	.LASF31:
 1318 005b 4144435F 		.ascii	"ADC_SAR_Seq_1_IRQ_SetPending\000"
 1318      5341525F 
 1318      5365715F 
 1318      315F4952 
 1318      515F5365 
 1319              	.LASF30:
 1320 0078 4144435F 		.ascii	"ADC_SAR_Seq_1_IRQ_Stop\000"
 1320      5341525F 
 1320      5365715F 
 1320      315F4952 
 1320      515F5374 
 1321              	.LASF28:
 1322 008f 4144435F 		.ascii	"ADC_SAR_Seq_1_IRQ_Start\000"
 1322      5341525F 
 1322      5365715F 
 1322      315F4952 
 1322      515F5374 
ARM GAS  C:\Users\mitchell\AppData\Local\Temp\ccFuvMeF.s 			page 32


 1323              	.LASF25:
 1324 00a7 4144435F 		.ascii	"ADC_SAR_Seq_1_IRQ_GetVector\000"
 1324      5341525F 
 1324      5365715F 
 1324      315F4952 
 1324      515F4765 
 1325              	.LASF11:
 1326 00c3 666C6F61 		.ascii	"float\000"
 1326      7400
 1327              	.LASF7:
 1328 00c9 6C6F6E67 		.ascii	"long long unsigned int\000"
 1328      206C6F6E 
 1328      6720756E 
 1328      7369676E 
 1328      65642069 
 1329              	.LASF1:
 1330 00e0 756E7369 		.ascii	"unsigned char\000"
 1330      676E6564 
 1330      20636861 
 1330      7200
 1331              	.LASF34:
 1332 00ee 2E5C4765 		.ascii	".\\Generated_Source\\PSoC4\\ADC_SAR_Seq_1_IRQ.c\000"
 1332      6E657261 
 1332      7465645F 
 1332      536F7572 
 1332      63655C50 
 1333              	.LASF21:
 1334 011b 696E7465 		.ascii	"interruptState\000"
 1334      72727570 
 1334      74537461 
 1334      746500
 1335              	.LASF35:
 1336 012a 433A5C55 		.ascii	"C:\\Users\\mitchell\\Documents\\fsae\\E-Throttle\\E"
 1336      73657273 
 1336      5C6D6974 
 1336      6368656C 
 1336      6C5C446F 
 1337 0157 2D546872 		.ascii	"-Throttle\\Potentiometer-Test.cydsn\000"
 1337      6F74746C 
 1337      655C506F 
 1337      74656E74 
 1337      696F6D65 
 1338              	.LASF17:
 1339 017a 4144435F 		.ascii	"ADC_SAR_Seq_1_IRQ_SetVector\000"
 1339      5341525F 
 1339      5365715F 
 1339      315F4952 
 1339      515F5365 
 1340              	.LASF9:
 1341 0196 75696E74 		.ascii	"uint8\000"
 1341      3800
 1342              	.LASF20:
 1343 019c 7072696F 		.ascii	"priority\000"
 1343      72697479 
 1343      00
 1344              	.LASF12:
 1345 01a5 646F7562 		.ascii	"double\000"
ARM GAS  C:\Users\mitchell\AppData\Local\Temp\ccFuvMeF.s 			page 33


 1345      6C6500
 1346              	.LASF10:
 1347 01ac 75696E74 		.ascii	"uint32\000"
 1347      333200
 1348              	.LASF38:
 1349 01b3 4379456E 		.ascii	"CyEnterCriticalSection\000"
 1349      74657243 
 1349      72697469 
 1349      63616C53 
 1349      65637469 
 1350              	.LASF5:
 1351 01ca 6C6F6E67 		.ascii	"long unsigned int\000"
 1351      20756E73 
 1351      69676E65 
 1351      6420696E 
 1351      7400
 1352              	.LASF8:
 1353 01dc 756E7369 		.ascii	"unsigned int\000"
 1353      676E6564 
 1353      20696E74 
 1353      00
 1354              	.LASF19:
 1355 01e9 61646472 		.ascii	"address\000"
 1355      65737300 
 1356              	.LASF39:
 1357 01f1 43794578 		.ascii	"CyExitCriticalSection\000"
 1357      69744372 
 1357      69746963 
 1357      616C5365 
 1357      6374696F 
 1358              	.LASF33:
 1359 0207 474E5520 		.ascii	"GNU C 4.8.4 20140526 (release) [ARM/embedded-4_8-br"
 1359      4320342E 
 1359      382E3420 
 1359      32303134 
 1359      30353236 
 1360 023a 616E6368 		.ascii	"anch revision 211358] -mcpu=cortex-m0 -mthumb -g -O"
 1360      20726576 
 1360      6973696F 
 1360      6E203231 
 1360      31333538 
 1361 026d 67202D66 		.ascii	"g -ffunction-sections\000"
 1361      66756E63 
 1361      74696F6E 
 1361      2D736563 
 1361      74696F6E 
 1362              	.LASF15:
 1363 0283 63796973 		.ascii	"cyisraddress\000"
 1363      72616464 
 1363      72657373 
 1363      00
 1364              	.LASF16:
 1365 0290 73697A65 		.ascii	"sizetype\000"
 1365      74797065 
 1365      00
 1366              	.LASF6:
 1367 0299 6C6F6E67 		.ascii	"long long int\000"
ARM GAS  C:\Users\mitchell\AppData\Local\Temp\ccFuvMeF.s 			page 34


 1367      206C6F6E 
 1367      6720696E 
 1367      7400
 1368              	.LASF13:
 1369 02a7 63686172 		.ascii	"char\000"
 1369      00
 1370              	.LASF2:
 1371 02ac 73686F72 		.ascii	"short int\000"
 1371      7420696E 
 1371      7400
 1372              	.LASF23:
 1373 02b6 4144435F 		.ascii	"ADC_SAR_Seq_1_IRQ_Interrupt\000"
 1373      5341525F 
 1373      5365715F 
 1373      315F4952 
 1373      515F496E 
 1374              	.LASF22:
 1375 02d2 7072696F 		.ascii	"priorityOffset\000"
 1375      72697479 
 1375      4F666673 
 1375      657400
 1376              	.LASF4:
 1377 02e1 6C6F6E67 		.ascii	"long int\000"
 1377      20696E74 
 1377      00
 1378              	.LASF36:
 1379 02ea 4144435F 		.ascii	"ADC_SAR_Seq_1_IRQ_GetPriority\000"
 1379      5341525F 
 1379      5365715F 
 1379      315F4952 
 1379      515F4765 
 1380              	.LASF29:
 1381 0308 4144435F 		.ascii	"ADC_SAR_Seq_1_IRQ_StartEx\000"
 1381      5341525F 
 1381      5365715F 
 1381      315F4952 
 1381      515F5374 
 1382              	.LASF24:
 1383 0322 4144435F 		.ascii	"ADC_SAR_Seq_1_IRQ_Enable\000"
 1383      5341525F 
 1383      5365715F 
 1383      315F4952 
 1383      515F456E 
 1384              	.LASF32:
 1385 033b 4144435F 		.ascii	"ADC_SAR_Seq_1_IRQ_ClearPending\000"
 1385      5341525F 
 1385      5365715F 
 1385      315F4952 
 1385      515F436C 
 1386              	.LASF0:
 1387 035a 7369676E 		.ascii	"signed char\000"
 1387      65642063 
 1387      68617200 
 1388              	.LASF18:
 1389 0366 4144435F 		.ascii	"ADC_SAR_Seq_1_IRQ_SetPriority\000"
 1389      5341525F 
 1389      5365715F 
ARM GAS  C:\Users\mitchell\AppData\Local\Temp\ccFuvMeF.s 			page 35


 1389      315F4952 
 1389      515F5365 
 1390              		.ident	"GCC: (GNU Tools for ARM Embedded Processors) 4.8.4 20140526 (release) [ARM/embedded-4_8-br
