Archive member included because of file (symbol)

.\CortexM0\ARM_GCC_484\Debug\Lab 2 LED PWM.a(cyfitter_cfg.o)
                              .\CortexM0\ARM_GCC_484\Debug\Cm0Start.o (cyfitter_cfg)
.\CortexM0\ARM_GCC_484\Debug\Lab 2 LED PWM.a(CyLib.o)
                              .\CortexM0\ARM_GCC_484\Debug\Lab 2 LED PWM.a(cyfitter_cfg.o) (CySysClkWriteImoFreq)
.\CortexM0\ARM_GCC_484\Debug\Lab 2 LED PWM.a(PWM_1.o)
                              .\CortexM0\ARM_GCC_484\Debug\main.o (PWM_1_WriteCompare)
.\CortexM0\ARM_GCC_484\Debug\Lab 2 LED PWM.a(CyBootAsmGnu.o)
                              .\CortexM0\ARM_GCC_484\Debug\Lab 2 LED PWM.a(CyLib.o) (CyDelayCycles)
c:/program files (x86)/cypress/psoc creator/3.2/psoc creator/import/gnu/arm/4.8.4/bin/../lib/gcc/arm-none-eabi/4.8.4/armv6-m\libgcc.a(_udivsi3.o)
                              .\CortexM0\ARM_GCC_484\Debug\Lab 2 LED PWM.a(CyLib.o) (__aeabi_uidiv)
c:/program files (x86)/cypress/psoc creator/3.2/psoc creator/import/gnu/arm/4.8.4/bin/../lib/gcc/arm-none-eabi/4.8.4/armv6-m\libgcc.a(_dvmd_tls.o)
                              c:/program files (x86)/cypress/psoc creator/3.2/psoc creator/import/gnu/arm/4.8.4/bin/../lib/gcc/arm-none-eabi/4.8.4/armv6-m\libgcc.a(_udivsi3.o) (__aeabi_idiv0)
c:/program files (x86)/cypress/psoc creator/3.2/psoc creator/import/gnu/arm/4.8.4/bin/../lib/gcc/arm-none-eabi/4.8.4/../../../../arm-none-eabi/lib/armv6-m\libg_s.a(lib_a-errno.o)
                              .\CortexM0\ARM_GCC_484\Debug\Cm0Start.o (__errno)
c:/program files (x86)/cypress/psoc creator/3.2/psoc creator/import/gnu/arm/4.8.4/bin/../lib/gcc/arm-none-eabi/4.8.4/../../../../arm-none-eabi/lib/armv6-m\libg_s.a(lib_a-exit.o)
                              c:/program files (x86)/cypress/psoc creator/3.2/psoc creator/import/gnu/arm/4.8.4/bin/../lib/gcc/arm-none-eabi/4.8.4/../../../../arm-none-eabi/lib/armv6-m/crt0.o (exit)
c:/program files (x86)/cypress/psoc creator/3.2/psoc creator/import/gnu/arm/4.8.4/bin/../lib/gcc/arm-none-eabi/4.8.4/../../../../arm-none-eabi/lib/armv6-m\libg_s.a(lib_a-impure.o)
                              c:/program files (x86)/cypress/psoc creator/3.2/psoc creator/import/gnu/arm/4.8.4/bin/../lib/gcc/arm-none-eabi/4.8.4/../../../../arm-none-eabi/lib/armv6-m\libg_s.a(lib_a-exit.o) (_global_impure_ptr)
c:/program files (x86)/cypress/psoc creator/3.2/psoc creator/import/gnu/arm/4.8.4/bin/../lib/gcc/arm-none-eabi/4.8.4/../../../../arm-none-eabi/lib/armv6-m\libg_s.a(lib_a-init.o)
                              c:/program files (x86)/cypress/psoc creator/3.2/psoc creator/import/gnu/arm/4.8.4/bin/../lib/gcc/arm-none-eabi/4.8.4/../../../../arm-none-eabi/lib/armv6-m/crt0.o (__libc_init_array)
c:/program files (x86)/cypress/psoc creator/3.2/psoc creator/import/gnu/arm/4.8.4/bin/../lib/gcc/arm-none-eabi/4.8.4/../../../../arm-none-eabi/lib/armv6-m\libg_s.a(lib_a-memcpy-stub.o)
                              .\CortexM0\ARM_GCC_484\Debug\Lab 2 LED PWM.a(cyfitter_cfg.o) (memcpy)
c:/program files (x86)/cypress/psoc creator/3.2/psoc creator/import/gnu/arm/4.8.4/bin/../lib/gcc/arm-none-eabi/4.8.4/../../../../arm-none-eabi/lib/armv6-m\libg_s.a(lib_a-memset.o)
                              c:/program files (x86)/cypress/psoc creator/3.2/psoc creator/import/gnu/arm/4.8.4/bin/../lib/gcc/arm-none-eabi/4.8.4/../../../../arm-none-eabi/lib/armv6-m/crt0.o (memset)

Discarded input sections

 .text          0x00000000        0x0 c:/program files (x86)/cypress/psoc creator/3.2/psoc creator/import/gnu/arm/4.8.4/bin/../lib/gcc/arm-none-eabi/4.8.4/armv6-m/crti.o
 .data          0x00000000        0x0 c:/program files (x86)/cypress/psoc creator/3.2/psoc creator/import/gnu/arm/4.8.4/bin/../lib/gcc/arm-none-eabi/4.8.4/armv6-m/crti.o
 .bss           0x00000000        0x0 c:/program files (x86)/cypress/psoc creator/3.2/psoc creator/import/gnu/arm/4.8.4/bin/../lib/gcc/arm-none-eabi/4.8.4/armv6-m/crti.o
 .data          0x00000000        0x4 c:/program files (x86)/cypress/psoc creator/3.2/psoc creator/import/gnu/arm/4.8.4/bin/../lib/gcc/arm-none-eabi/4.8.4/armv6-m/crtbegin.o
 .text          0x00000000       0x78 c:/program files (x86)/cypress/psoc creator/3.2/psoc creator/import/gnu/arm/4.8.4/bin/../lib/gcc/arm-none-eabi/4.8.4/../../../../arm-none-eabi/lib/armv6-m/crt0.o
 .data          0x00000000        0x0 c:/program files (x86)/cypress/psoc creator/3.2/psoc creator/import/gnu/arm/4.8.4/bin/../lib/gcc/arm-none-eabi/4.8.4/../../../../arm-none-eabi/lib/armv6-m/crt0.o
 .bss           0x00000000        0x0 c:/program files (x86)/cypress/psoc creator/3.2/psoc creator/import/gnu/arm/4.8.4/bin/../lib/gcc/arm-none-eabi/4.8.4/../../../../arm-none-eabi/lib/armv6-m/crt0.o
 .ARM.extab     0x00000000        0x0 c:/program files (x86)/cypress/psoc creator/3.2/psoc creator/import/gnu/arm/4.8.4/bin/../lib/gcc/arm-none-eabi/4.8.4/../../../../arm-none-eabi/lib/armv6-m/crt0.o
 .ARM.exidx     0x00000000        0x8 c:/program files (x86)/cypress/psoc creator/3.2/psoc creator/import/gnu/arm/4.8.4/bin/../lib/gcc/arm-none-eabi/4.8.4/../../../../arm-none-eabi/lib/armv6-m/crt0.o
 .text          0x00000000        0x0 .\CortexM0\ARM_GCC_484\Debug\main.o
 .data          0x00000000        0x0 .\CortexM0\ARM_GCC_484\Debug\main.o
 .bss           0x00000000        0x0 .\CortexM0\ARM_GCC_484\Debug\main.o
 .text          0x00000000        0x0 .\CortexM0\ARM_GCC_484\Debug\Cm0Start.o
 .data          0x00000000        0x4 .\CortexM0\ARM_GCC_484\Debug\Cm0Start.o
 .bss           0x00000000        0x0 .\CortexM0\ARM_GCC_484\Debug\Cm0Start.o
 .text._exit    0x00000000       0x14 .\CortexM0\ARM_GCC_484\Debug\Cm0Start.o
 .text._sbrk    0x00000000       0x54 .\CortexM0\ARM_GCC_484\Debug\Cm0Start.o
 .text          0x00000000        0x0 .\CortexM0\ARM_GCC_484\Debug\cymetadata.o
 .data          0x00000000        0x0 .\CortexM0\ARM_GCC_484\Debug\cymetadata.o
 .bss           0x00000000        0x0 .\CortexM0\ARM_GCC_484\Debug\cymetadata.o
 .text          0x00000000        0x0 .\CortexM0\ARM_GCC_484\Debug\Lab 2 LED PWM.a(cyfitter_cfg.o)
 .data          0x00000000        0x0 .\CortexM0\ARM_GCC_484\Debug\Lab 2 LED PWM.a(cyfitter_cfg.o)
 .bss           0x00000000        0x0 .\CortexM0\ARM_GCC_484\Debug\Lab 2 LED PWM.a(cyfitter_cfg.o)
 .text.CYCONFIGCPY
                0x00000000       0x24 .\CortexM0\ARM_GCC_484\Debug\Lab 2 LED PWM.a(cyfitter_cfg.o)
 .text.CYCONFIGCPYCODE
                0x00000000       0x24 .\CortexM0\ARM_GCC_484\Debug\Lab 2 LED PWM.a(cyfitter_cfg.o)
 .text          0x00000000        0x0 .\CortexM0\ARM_GCC_484\Debug\Lab 2 LED PWM.a(CyLib.o)
 .bss           0x00000000       0x18 .\CortexM0\ARM_GCC_484\Debug\Lab 2 LED PWM.a(CyLib.o)
 .text.CySysClkImoStart
                0x00000000       0x1c .\CortexM0\ARM_GCC_484\Debug\Lab 2 LED PWM.a(CyLib.o)
 .text.CySysClkImoStop
                0x00000000       0x18 .\CortexM0\ARM_GCC_484\Debug\Lab 2 LED PWM.a(CyLib.o)
 .text.CySysClkWriteHfclkDirect
                0x00000000       0x44 .\CortexM0\ARM_GCC_484\Debug\Lab 2 LED PWM.a(CyLib.o)
 .text.CySysClkWriteSysclkDiv
                0x00000000       0x44 .\CortexM0\ARM_GCC_484\Debug\Lab 2 LED PWM.a(CyLib.o)
 .text.CySysLvdEnable
                0x00000000       0x64 .\CortexM0\ARM_GCC_484\Debug\Lab 2 LED PWM.a(CyLib.o)
 .text.CySysLvdDisable
                0x00000000       0x28 .\CortexM0\ARM_GCC_484\Debug\Lab 2 LED PWM.a(CyLib.o)
 .text.CySysLvdGetInterruptSource
                0x00000000       0x18 .\CortexM0\ARM_GCC_484\Debug\Lab 2 LED PWM.a(CyLib.o)
 .text.CySysLvdClearInterrupt
                0x00000000       0x14 .\CortexM0\ARM_GCC_484\Debug\Lab 2 LED PWM.a(CyLib.o)
 .text.CySysGetResetReason
                0x00000000       0x30 .\CortexM0\ARM_GCC_484\Debug\Lab 2 LED PWM.a(CyLib.o)
 .text.CyDisableInts
                0x00000000       0x24 .\CortexM0\ARM_GCC_484\Debug\Lab 2 LED PWM.a(CyLib.o)
 .text.CyEnableInts
                0x00000000       0x18 .\CortexM0\ARM_GCC_484\Debug\Lab 2 LED PWM.a(CyLib.o)
 .text.CyIntSetSysVector
                0x00000000       0x48 .\CortexM0\ARM_GCC_484\Debug\Lab 2 LED PWM.a(CyLib.o)
 .text.CyIntGetSysVector
                0x00000000       0x34 .\CortexM0\ARM_GCC_484\Debug\Lab 2 LED PWM.a(CyLib.o)
 .text.CyIntSetVector
                0x00000000       0x4c .\CortexM0\ARM_GCC_484\Debug\Lab 2 LED PWM.a(CyLib.o)
 .text.CyIntGetVector
                0x00000000       0x38 .\CortexM0\ARM_GCC_484\Debug\Lab 2 LED PWM.a(CyLib.o)
 .text.CyIntSetPriority
                0x00000000       0xa8 .\CortexM0\ARM_GCC_484\Debug\Lab 2 LED PWM.a(CyLib.o)
 .text.CyIntGetPriority
                0x00000000       0x58 .\CortexM0\ARM_GCC_484\Debug\Lab 2 LED PWM.a(CyLib.o)
 .text.CyIntEnable
                0x00000000       0x2c .\CortexM0\ARM_GCC_484\Debug\Lab 2 LED PWM.a(CyLib.o)
 .text.CyIntGetState
                0x00000000       0x34 .\CortexM0\ARM_GCC_484\Debug\Lab 2 LED PWM.a(CyLib.o)
 .text.CyIntDisable
                0x00000000       0x2c .\CortexM0\ARM_GCC_484\Debug\Lab 2 LED PWM.a(CyLib.o)
 .text.CyIntSetPending
                0x00000000       0x2c .\CortexM0\ARM_GCC_484\Debug\Lab 2 LED PWM.a(CyLib.o)
 .text.CyIntClearPending
                0x00000000       0x2c .\CortexM0\ARM_GCC_484\Debug\Lab 2 LED PWM.a(CyLib.o)
 .text.CySoftwareReset
                0x00000000       0x20 .\CortexM0\ARM_GCC_484\Debug\Lab 2 LED PWM.a(CyLib.o)
 .text.CyDelayFreq
                0x00000000       0x80 .\CortexM0\ARM_GCC_484\Debug\Lab 2 LED PWM.a(CyLib.o)
 .text.CySysTickStart
                0x00000000       0x24 .\CortexM0\ARM_GCC_484\Debug\Lab 2 LED PWM.a(CyLib.o)
 .text.CySysTickInit
                0x00000000       0x60 .\CortexM0\ARM_GCC_484\Debug\Lab 2 LED PWM.a(CyLib.o)
 .text.CySysTickEnable
                0x00000000       0x1c .\CortexM0\ARM_GCC_484\Debug\Lab 2 LED PWM.a(CyLib.o)
 .text.CySysTickStop
                0x00000000       0x18 .\CortexM0\ARM_GCC_484\Debug\Lab 2 LED PWM.a(CyLib.o)
 .text.CySysTickEnableInterrupt
                0x00000000       0x18 .\CortexM0\ARM_GCC_484\Debug\Lab 2 LED PWM.a(CyLib.o)
 .text.CySysTickDisableInterrupt
                0x00000000       0x18 .\CortexM0\ARM_GCC_484\Debug\Lab 2 LED PWM.a(CyLib.o)
 .text.CySysTickSetReload
                0x00000000       0x1c .\CortexM0\ARM_GCC_484\Debug\Lab 2 LED PWM.a(CyLib.o)
 .text.CySysTickGetReload
                0x00000000       0x18 .\CortexM0\ARM_GCC_484\Debug\Lab 2 LED PWM.a(CyLib.o)
 .text.CySysTickGetValue
                0x00000000       0x18 .\CortexM0\ARM_GCC_484\Debug\Lab 2 LED PWM.a(CyLib.o)
 .text.CySysTickGetCountFlag
                0x00000000       0x18 .\CortexM0\ARM_GCC_484\Debug\Lab 2 LED PWM.a(CyLib.o)
 .text.CySysTickClear
                0x00000000       0x14 .\CortexM0\ARM_GCC_484\Debug\Lab 2 LED PWM.a(CyLib.o)
 .text.CySysTickSetCallback
                0x00000000       0x2c .\CortexM0\ARM_GCC_484\Debug\Lab 2 LED PWM.a(CyLib.o)
 .text.CySysTickGetCallback
                0x00000000       0x1c .\CortexM0\ARM_GCC_484\Debug\Lab 2 LED PWM.a(CyLib.o)
 .text.CySysTickServiceCallbacks
                0x00000000       0x44 .\CortexM0\ARM_GCC_484\Debug\Lab 2 LED PWM.a(CyLib.o)
 .text.CyGetUniqueId
                0x00000000       0xc0 .\CortexM0\ARM_GCC_484\Debug\Lab 2 LED PWM.a(CyLib.o)
 .text          0x00000000        0x0 .\CortexM0\ARM_GCC_484\Debug\Lab 2 LED PWM.a(PWM_1.o)
 .data          0x00000000        0x0 .\CortexM0\ARM_GCC_484\Debug\Lab 2 LED PWM.a(PWM_1.o)
 .text.PWM_1_Stop
                0x00000000       0x30 .\CortexM0\ARM_GCC_484\Debug\Lab 2 LED PWM.a(PWM_1.o)
 .text.PWM_1_SetMode
                0x00000000       0x48 .\CortexM0\ARM_GCC_484\Debug\Lab 2 LED PWM.a(PWM_1.o)
 .text.PWM_1_SetQDMode
                0x00000000       0x48 .\CortexM0\ARM_GCC_484\Debug\Lab 2 LED PWM.a(PWM_1.o)
 .text.PWM_1_SetPrescaler
                0x00000000       0x48 .\CortexM0\ARM_GCC_484\Debug\Lab 2 LED PWM.a(PWM_1.o)
 .text.PWM_1_SetOneShot
                0x00000000       0x4c .\CortexM0\ARM_GCC_484\Debug\Lab 2 LED PWM.a(PWM_1.o)
 .text.PWM_1_SetPWMMode
                0x00000000       0x1c .\CortexM0\ARM_GCC_484\Debug\Lab 2 LED PWM.a(PWM_1.o)
 .text.PWM_1_SetPWMSyncKill
                0x00000000       0x48 .\CortexM0\ARM_GCC_484\Debug\Lab 2 LED PWM.a(PWM_1.o)
 .text.PWM_1_SetPWMStopOnKill
                0x00000000       0x48 .\CortexM0\ARM_GCC_484\Debug\Lab 2 LED PWM.a(PWM_1.o)
 .text.PWM_1_SetPWMDeadTime
                0x00000000       0x4c .\CortexM0\ARM_GCC_484\Debug\Lab 2 LED PWM.a(PWM_1.o)
 .text.PWM_1_SetPWMInvert
                0x00000000       0x48 .\CortexM0\ARM_GCC_484\Debug\Lab 2 LED PWM.a(PWM_1.o)
 .text.PWM_1_ReadCounter
                0x00000000       0x18 .\CortexM0\ARM_GCC_484\Debug\Lab 2 LED PWM.a(PWM_1.o)
 .text.PWM_1_SetCounterMode
                0x00000000       0x48 .\CortexM0\ARM_GCC_484\Debug\Lab 2 LED PWM.a(PWM_1.o)
 .text.PWM_1_ReadPeriod
                0x00000000       0x18 .\CortexM0\ARM_GCC_484\Debug\Lab 2 LED PWM.a(PWM_1.o)
 .text.PWM_1_SetCompareSwap
                0x00000000       0x48 .\CortexM0\ARM_GCC_484\Debug\Lab 2 LED PWM.a(PWM_1.o)
 .text.PWM_1_WritePeriodBuf
                0x00000000       0x1c .\CortexM0\ARM_GCC_484\Debug\Lab 2 LED PWM.a(PWM_1.o)
 .text.PWM_1_ReadPeriodBuf
                0x00000000       0x18 .\CortexM0\ARM_GCC_484\Debug\Lab 2 LED PWM.a(PWM_1.o)
 .text.PWM_1_SetPeriodSwap
                0x00000000       0x48 .\CortexM0\ARM_GCC_484\Debug\Lab 2 LED PWM.a(PWM_1.o)
 .text.PWM_1_ReadCompare
                0x00000000       0x18 .\CortexM0\ARM_GCC_484\Debug\Lab 2 LED PWM.a(PWM_1.o)
 .text.PWM_1_WriteCompareBuf
                0x00000000       0x1c .\CortexM0\ARM_GCC_484\Debug\Lab 2 LED PWM.a(PWM_1.o)
 .text.PWM_1_ReadCompareBuf
                0x00000000       0x18 .\CortexM0\ARM_GCC_484\Debug\Lab 2 LED PWM.a(PWM_1.o)
 .text.PWM_1_ReadCapture
                0x00000000       0x18 .\CortexM0\ARM_GCC_484\Debug\Lab 2 LED PWM.a(PWM_1.o)
 .text.PWM_1_ReadCaptureBuf
                0x00000000       0x18 .\CortexM0\ARM_GCC_484\Debug\Lab 2 LED PWM.a(PWM_1.o)
 .text.PWM_1_SetCaptureMode
                0x00000000       0x44 .\CortexM0\ARM_GCC_484\Debug\Lab 2 LED PWM.a(PWM_1.o)
 .text.PWM_1_SetReloadMode
                0x00000000       0x44 .\CortexM0\ARM_GCC_484\Debug\Lab 2 LED PWM.a(PWM_1.o)
 .text.PWM_1_SetStartMode
                0x00000000       0x48 .\CortexM0\ARM_GCC_484\Debug\Lab 2 LED PWM.a(PWM_1.o)
 .text.PWM_1_SetStopMode
                0x00000000       0x44 .\CortexM0\ARM_GCC_484\Debug\Lab 2 LED PWM.a(PWM_1.o)
 .text.PWM_1_SetCountMode
                0x00000000       0x44 .\CortexM0\ARM_GCC_484\Debug\Lab 2 LED PWM.a(PWM_1.o)
 .text.PWM_1_ReadStatus
                0x00000000       0x20 .\CortexM0\ARM_GCC_484\Debug\Lab 2 LED PWM.a(PWM_1.o)
 .text.PWM_1_GetInterruptSourceMasked
                0x00000000       0x14 .\CortexM0\ARM_GCC_484\Debug\Lab 2 LED PWM.a(PWM_1.o)
 .text.PWM_1_GetInterruptSource
                0x00000000       0x14 .\CortexM0\ARM_GCC_484\Debug\Lab 2 LED PWM.a(PWM_1.o)
 .text.PWM_1_ClearInterrupt
                0x00000000       0x18 .\CortexM0\ARM_GCC_484\Debug\Lab 2 LED PWM.a(PWM_1.o)
 .text.PWM_1_SetInterrupt
                0x00000000       0x18 .\CortexM0\ARM_GCC_484\Debug\Lab 2 LED PWM.a(PWM_1.o)
 .data          0x00000000        0x0 .\CortexM0\ARM_GCC_484\Debug\Lab 2 LED PWM.a(CyBootAsmGnu.o)
 .bss           0x00000000        0x0 .\CortexM0\ARM_GCC_484\Debug\Lab 2 LED PWM.a(CyBootAsmGnu.o)
 .text          0x00000000       0x9c c:/program files (x86)/cypress/psoc creator/3.2/psoc creator/import/gnu/arm/4.8.4/bin/../lib/gcc/arm-none-eabi/4.8.4/armv6-m\libgcc.a(_udivsi3.o)
 .data          0x00000000        0x0 c:/program files (x86)/cypress/psoc creator/3.2/psoc creator/import/gnu/arm/4.8.4/bin/../lib/gcc/arm-none-eabi/4.8.4/armv6-m\libgcc.a(_udivsi3.o)
 .bss           0x00000000        0x0 c:/program files (x86)/cypress/psoc creator/3.2/psoc creator/import/gnu/arm/4.8.4/bin/../lib/gcc/arm-none-eabi/4.8.4/armv6-m\libgcc.a(_udivsi3.o)
 .text          0x00000000        0x4 c:/program files (x86)/cypress/psoc creator/3.2/psoc creator/import/gnu/arm/4.8.4/bin/../lib/gcc/arm-none-eabi/4.8.4/armv6-m\libgcc.a(_dvmd_tls.o)
 .data          0x00000000        0x0 c:/program files (x86)/cypress/psoc creator/3.2/psoc creator/import/gnu/arm/4.8.4/bin/../lib/gcc/arm-none-eabi/4.8.4/armv6-m\libgcc.a(_dvmd_tls.o)
 .bss           0x00000000        0x0 c:/program files (x86)/cypress/psoc creator/3.2/psoc creator/import/gnu/arm/4.8.4/bin/../lib/gcc/arm-none-eabi/4.8.4/armv6-m\libgcc.a(_dvmd_tls.o)
 .text          0x00000000        0x0 c:/program files (x86)/cypress/psoc creator/3.2/psoc creator/import/gnu/arm/4.8.4/bin/../lib/gcc/arm-none-eabi/4.8.4/../../../../arm-none-eabi/lib/armv6-m\libg_s.a(lib_a-errno.o)
 .data          0x00000000        0x0 c:/program files (x86)/cypress/psoc creator/3.2/psoc creator/import/gnu/arm/4.8.4/bin/../lib/gcc/arm-none-eabi/4.8.4/../../../../arm-none-eabi/lib/armv6-m\libg_s.a(lib_a-errno.o)
 .bss           0x00000000        0x0 c:/program files (x86)/cypress/psoc creator/3.2/psoc creator/import/gnu/arm/4.8.4/bin/../lib/gcc/arm-none-eabi/4.8.4/../../../../arm-none-eabi/lib/armv6-m\libg_s.a(lib_a-errno.o)
 .text.__errno  0x00000000        0xc c:/program files (x86)/cypress/psoc creator/3.2/psoc creator/import/gnu/arm/4.8.4/bin/../lib/gcc/arm-none-eabi/4.8.4/../../../../arm-none-eabi/lib/armv6-m\libg_s.a(lib_a-errno.o)
 .text          0x00000000        0x0 c:/program files (x86)/cypress/psoc creator/3.2/psoc creator/import/gnu/arm/4.8.4/bin/../lib/gcc/arm-none-eabi/4.8.4/../../../../arm-none-eabi/lib/armv6-m\libg_s.a(lib_a-exit.o)
 .data          0x00000000        0x0 c:/program files (x86)/cypress/psoc creator/3.2/psoc creator/import/gnu/arm/4.8.4/bin/../lib/gcc/arm-none-eabi/4.8.4/../../../../arm-none-eabi/lib/armv6-m\libg_s.a(lib_a-exit.o)
 .bss           0x00000000        0x0 c:/program files (x86)/cypress/psoc creator/3.2/psoc creator/import/gnu/arm/4.8.4/bin/../lib/gcc/arm-none-eabi/4.8.4/../../../../arm-none-eabi/lib/armv6-m\libg_s.a(lib_a-exit.o)
 .text.exit     0x00000000       0x2c c:/program files (x86)/cypress/psoc creator/3.2/psoc creator/import/gnu/arm/4.8.4/bin/../lib/gcc/arm-none-eabi/4.8.4/../../../../arm-none-eabi/lib/armv6-m\libg_s.a(lib_a-exit.o)
 .text          0x00000000        0x0 c:/program files (x86)/cypress/psoc creator/3.2/psoc creator/import/gnu/arm/4.8.4/bin/../lib/gcc/arm-none-eabi/4.8.4/../../../../arm-none-eabi/lib/armv6-m\libg_s.a(lib_a-impure.o)
 .data          0x00000000        0x0 c:/program files (x86)/cypress/psoc creator/3.2/psoc creator/import/gnu/arm/4.8.4/bin/../lib/gcc/arm-none-eabi/4.8.4/../../../../arm-none-eabi/lib/armv6-m\libg_s.a(lib_a-impure.o)
 .bss           0x00000000        0x0 c:/program files (x86)/cypress/psoc creator/3.2/psoc creator/import/gnu/arm/4.8.4/bin/../lib/gcc/arm-none-eabi/4.8.4/../../../../arm-none-eabi/lib/armv6-m\libg_s.a(lib_a-impure.o)
 .data.impure_data
                0x00000000       0x60 c:/program files (x86)/cypress/psoc creator/3.2/psoc creator/import/gnu/arm/4.8.4/bin/../lib/gcc/arm-none-eabi/4.8.4/../../../../arm-none-eabi/lib/armv6-m\libg_s.a(lib_a-impure.o)
 .data._impure_ptr
                0x00000000        0x4 c:/program files (x86)/cypress/psoc creator/3.2/psoc creator/import/gnu/arm/4.8.4/bin/../lib/gcc/arm-none-eabi/4.8.4/../../../../arm-none-eabi/lib/armv6-m\libg_s.a(lib_a-impure.o)
 .rodata.str1.1
                0x00000000        0x2 c:/program files (x86)/cypress/psoc creator/3.2/psoc creator/import/gnu/arm/4.8.4/bin/../lib/gcc/arm-none-eabi/4.8.4/../../../../arm-none-eabi/lib/armv6-m\libg_s.a(lib_a-impure.o)
 .rodata._global_impure_ptr
                0x00000000        0x4 c:/program files (x86)/cypress/psoc creator/3.2/psoc creator/import/gnu/arm/4.8.4/bin/../lib/gcc/arm-none-eabi/4.8.4/../../../../arm-none-eabi/lib/armv6-m\libg_s.a(lib_a-impure.o)
 .text          0x00000000        0x0 c:/program files (x86)/cypress/psoc creator/3.2/psoc creator/import/gnu/arm/4.8.4/bin/../lib/gcc/arm-none-eabi/4.8.4/../../../../arm-none-eabi/lib/armv6-m\libg_s.a(lib_a-init.o)
 .data          0x00000000        0x0 c:/program files (x86)/cypress/psoc creator/3.2/psoc creator/import/gnu/arm/4.8.4/bin/../lib/gcc/arm-none-eabi/4.8.4/../../../../arm-none-eabi/lib/armv6-m\libg_s.a(lib_a-init.o)
 .bss           0x00000000        0x0 c:/program files (x86)/cypress/psoc creator/3.2/psoc creator/import/gnu/arm/4.8.4/bin/../lib/gcc/arm-none-eabi/4.8.4/../../../../arm-none-eabi/lib/armv6-m\libg_s.a(lib_a-init.o)
 .text          0x00000000        0x0 c:/program files (x86)/cypress/psoc creator/3.2/psoc creator/import/gnu/arm/4.8.4/bin/../lib/gcc/arm-none-eabi/4.8.4/../../../../arm-none-eabi/lib/armv6-m\libg_s.a(lib_a-memcpy-stub.o)
 .data          0x00000000        0x0 c:/program files (x86)/cypress/psoc creator/3.2/psoc creator/import/gnu/arm/4.8.4/bin/../lib/gcc/arm-none-eabi/4.8.4/../../../../arm-none-eabi/lib/armv6-m\libg_s.a(lib_a-memcpy-stub.o)
 .bss           0x00000000        0x0 c:/program files (x86)/cypress/psoc creator/3.2/psoc creator/import/gnu/arm/4.8.4/bin/../lib/gcc/arm-none-eabi/4.8.4/../../../../arm-none-eabi/lib/armv6-m\libg_s.a(lib_a-memcpy-stub.o)
 .text.memcpy   0x00000000       0x12 c:/program files (x86)/cypress/psoc creator/3.2/psoc creator/import/gnu/arm/4.8.4/bin/../lib/gcc/arm-none-eabi/4.8.4/../../../../arm-none-eabi/lib/armv6-m\libg_s.a(lib_a-memcpy-stub.o)
 .text          0x00000000        0x0 c:/program files (x86)/cypress/psoc creator/3.2/psoc creator/import/gnu/arm/4.8.4/bin/../lib/gcc/arm-none-eabi/4.8.4/../../../../arm-none-eabi/lib/armv6-m\libg_s.a(lib_a-memset.o)
 .data          0x00000000        0x0 c:/program files (x86)/cypress/psoc creator/3.2/psoc creator/import/gnu/arm/4.8.4/bin/../lib/gcc/arm-none-eabi/4.8.4/../../../../arm-none-eabi/lib/armv6-m\libg_s.a(lib_a-memset.o)
 .bss           0x00000000        0x0 c:/program files (x86)/cypress/psoc creator/3.2/psoc creator/import/gnu/arm/4.8.4/bin/../lib/gcc/arm-none-eabi/4.8.4/../../../../arm-none-eabi/lib/armv6-m\libg_s.a(lib_a-memset.o)
 .text          0x00000000        0x0 c:/program files (x86)/cypress/psoc creator/3.2/psoc creator/import/gnu/arm/4.8.4/bin/../lib/gcc/arm-none-eabi/4.8.4/armv6-m/crtend.o
 .data          0x00000000        0x0 c:/program files (x86)/cypress/psoc creator/3.2/psoc creator/import/gnu/arm/4.8.4/bin/../lib/gcc/arm-none-eabi/4.8.4/armv6-m/crtend.o
 .bss           0x00000000        0x0 c:/program files (x86)/cypress/psoc creator/3.2/psoc creator/import/gnu/arm/4.8.4/bin/../lib/gcc/arm-none-eabi/4.8.4/armv6-m/crtend.o
 .text          0x00000000        0x0 c:/program files (x86)/cypress/psoc creator/3.2/psoc creator/import/gnu/arm/4.8.4/bin/../lib/gcc/arm-none-eabi/4.8.4/armv6-m/crtn.o
 .data          0x00000000        0x0 c:/program files (x86)/cypress/psoc creator/3.2/psoc creator/import/gnu/arm/4.8.4/bin/../lib/gcc/arm-none-eabi/4.8.4/armv6-m/crtn.o
 .bss           0x00000000        0x0 c:/program files (x86)/cypress/psoc creator/3.2/psoc creator/import/gnu/arm/4.8.4/bin/../lib/gcc/arm-none-eabi/4.8.4/armv6-m/crtn.o

Memory Configuration

Name             Origin             Length             Attributes
rom              0x00000000         0x00008000         xr
ram              0x20000000         0x00001000         xrw
*default*        0x00000000         0xffffffff

Linker script and memory map

LOAD c:/program files (x86)/cypress/psoc creator/3.2/psoc creator/import/gnu/arm/4.8.4/bin/../lib/gcc/arm-none-eabi/4.8.4/armv6-m/crti.o
LOAD c:/program files (x86)/cypress/psoc creator/3.2/psoc creator/import/gnu/arm/4.8.4/bin/../lib/gcc/arm-none-eabi/4.8.4/armv6-m/crtbegin.o
LOAD c:/program files (x86)/cypress/psoc creator/3.2/psoc creator/import/gnu/arm/4.8.4/bin/../lib/gcc/arm-none-eabi/4.8.4/../../../../arm-none-eabi/lib/armv6-m/crt0.o
START GROUP
LOAD .\CortexM0\ARM_GCC_484\Debug\main.o
LOAD .\CortexM0\ARM_GCC_484\Debug\Cm0Start.o
LOAD .\CortexM0\ARM_GCC_484\Debug\cymetadata.o
LOAD .\CortexM0\ARM_GCC_484\Debug\Lab 2 LED PWM.a
LOAD C:\Program Files (x86)\Cypress\PSoC Creator\3.2\PSoC Creator\psoc\content\cycomponentlibrary\CyComponentLibrary.cylib\CortexM0\ARM_GCC_484\Debug\CyComponentLibrary.a
END GROUP
START GROUP
LOAD c:/program files (x86)/cypress/psoc creator/3.2/psoc creator/import/gnu/arm/4.8.4/bin/../lib/gcc/arm-none-eabi/4.8.4/armv6-m\libgcc.a
LOAD c:/program files (x86)/cypress/psoc creator/3.2/psoc creator/import/gnu/arm/4.8.4/bin/../lib/gcc/arm-none-eabi/4.8.4/../../../../arm-none-eabi/lib/armv6-m\libg_s.a
LOAD c:/program files (x86)/cypress/psoc creator/3.2/psoc creator/import/gnu/arm/4.8.4/bin/../lib/gcc/arm-none-eabi/4.8.4/../../../../arm-none-eabi/lib/armv6-m\libc_s.a
END GROUP
START GROUP
LOAD c:/program files (x86)/cypress/psoc creator/3.2/psoc creator/import/gnu/arm/4.8.4/bin/../lib/gcc/arm-none-eabi/4.8.4/armv6-m\libgcc.a
LOAD c:/program files (x86)/cypress/psoc creator/3.2/psoc creator/import/gnu/arm/4.8.4/bin/../lib/gcc/arm-none-eabi/4.8.4/../../../../arm-none-eabi/lib/armv6-m\libc_s.a
END GROUP
LOAD c:/program files (x86)/cypress/psoc creator/3.2/psoc creator/import/gnu/arm/4.8.4/bin/../lib/gcc/arm-none-eabi/4.8.4/armv6-m/crtend.o
LOAD c:/program files (x86)/cypress/psoc creator/3.2/psoc creator/import/gnu/arm/4.8.4/bin/../lib/gcc/arm-none-eabi/4.8.4/armv6-m/crtn.o
START GROUP
LOAD c:/program files (x86)/cypress/psoc creator/3.2/psoc creator/import/gnu/arm/4.8.4/bin/../lib/gcc/arm-none-eabi/4.8.4/armv6-m\libgcc.a
LOAD c:/program files (x86)/cypress/psoc creator/3.2/psoc creator/import/gnu/arm/4.8.4/bin/../lib/gcc/arm-none-eabi/4.8.4/../../../../arm-none-eabi/lib/armv6-m\libc.a
LOAD c:/program files (x86)/cypress/psoc creator/3.2/psoc creator/import/gnu/arm/4.8.4/bin/../lib/gcc/arm-none-eabi/4.8.4/../../../../arm-none-eabi/lib/armv6-m\libnosys.a
END GROUP
                0x00000000                CY_APPL_ORIGIN = 0x0
                0x00000080                CY_FLASH_ROW_SIZE = 0x80
                0x00000001                CY_APPL_NUM = 0x1
                0x00000040                CY_METADATA_SIZE = 0x40
                0x20000100                PROVIDE (__cy_heap_start, _end)
                0x00000001                PROVIDE (__cy_region_num, ((__cy_regions_end - __cy_regions) / 0x10))
                0x20001000                PROVIDE (__cy_stack, (ORIGIN (ram) + 0x1000))
                0x20000c00                PROVIDE (__cy_heap_end, (__cy_stack - 0x400))

.cybootloader   0x00000000        0x0
 *(.cybootloader)
                0x00000000                appl1_start = CY_APPL_ORIGIN?CY_APPL_ORIGIN:ALIGN (CY_FLASH_ROW_SIZE)
                0x00003f80                appl2_start = (appl1_start + ALIGN ((((0x8000 - appl1_start) - (0x2 * CY_FLASH_ROW_SIZE)) / 0x2), CY_FLASH_ROW_SIZE))
                0x00000000                appl_start = (CY_APPL_NUM == 0x1)?appl1_start:appl2_start

.text           0x00000000      0x834
 CREATE_OBJECT_SYMBOLS
                0x00000000                PROVIDE (__cy_interrupt_vector, RomVectors)
 *(.romvectors)
 .romvectors    0x00000000       0x10 .\CortexM0\ARM_GCC_484\Debug\Cm0Start.o
                0x00000000                RomVectors
                0x00000001                ASSERT ((. != __cy_interrupt_vector), No interrupt vector)
                0x00000001                ASSERT (CY_APPL_ORIGIN?(SIZEOF (.cybootloader) <= CY_APPL_ORIGIN):0x1, Wrong image location)
                0x00000010                PROVIDE (__cy_reset, Reset)
 *(.text.Reset)
 .text.Reset    0x00000010        0x8 .\CortexM0\ARM_GCC_484\Debug\Cm0Start.o
                0x00000010                Reset
                0x00000001                ASSERT ((. != __cy_reset), No reset code)
 *(.psocinit)
 .psocinit      0x00000018      0x190 .\CortexM0\ARM_GCC_484\Debug\Lab 2 LED PWM.a(cyfitter_cfg.o)
                0x00000084                cyfitter_cfg
                0x000001a8                . = MAX (., 0x100)
 *(.text .text.* .gnu.linkonce.t.*)
 .text          0x000001a8       0x60 c:/program files (x86)/cypress/psoc creator/3.2/psoc creator/import/gnu/arm/4.8.4/bin/../lib/gcc/arm-none-eabi/4.8.4/armv6-m/crtbegin.o
 .text.main     0x00000208       0x3c .\CortexM0\ARM_GCC_484\Debug\main.o
                0x00000208                main
 .text.IntDefaultHandler
                0x00000244        0x8 .\CortexM0\ARM_GCC_484\Debug\Cm0Start.o
                0x00000244                IntDefaultHandler
 .text.Start_c  0x0000024c       0x98 .\CortexM0\ARM_GCC_484\Debug\Cm0Start.o
                0x0000024c                Start_c
 .text.initialize_psoc
                0x000002e4       0x64 .\CortexM0\ARM_GCC_484\Debug\Cm0Start.o
                0x000002e4                initialize_psoc
 .text.CYMEMZERO
                0x00000348       0x20 .\CortexM0\ARM_GCC_484\Debug\Lab 2 LED PWM.a(cyfitter_cfg.o)
 .text.cfg_write_bytes32
                0x00000368       0x80 .\CortexM0\ARM_GCC_484\Debug\Lab 2 LED PWM.a(cyfitter_cfg.o)
 .text.AnalogSetDefault
                0x000003e8        0x8 .\CortexM0\ARM_GCC_484\Debug\Lab 2 LED PWM.a(cyfitter_cfg.o)
 .text.CySysClkWriteImoFreq
                0x000003f0      0x1e0 .\CortexM0\ARM_GCC_484\Debug\Lab 2 LED PWM.a(CyLib.o)
                0x000003f0                CySysClkWriteImoFreq
 .text.CyHalt   0x000005d0       0x14 .\CortexM0\ARM_GCC_484\Debug\Lab 2 LED PWM.a(CyLib.o)
                0x000005d0                CyHalt
 .text.CyDelay  0x000005e4       0x48 .\CortexM0\ARM_GCC_484\Debug\Lab 2 LED PWM.a(CyLib.o)
                0x000005e4                CyDelay
 .text.CyDelayUs
                0x0000062c       0x28 .\CortexM0\ARM_GCC_484\Debug\Lab 2 LED PWM.a(CyLib.o)
                0x0000062c                CyDelayUs
 .text.PWM_1_Init
                0x00000654       0x54 .\CortexM0\ARM_GCC_484\Debug\Lab 2 LED PWM.a(PWM_1.o)
                0x00000654                PWM_1_Init
 .text.PWM_1_Enable
                0x000006a8       0x38 .\CortexM0\ARM_GCC_484\Debug\Lab 2 LED PWM.a(PWM_1.o)
                0x000006a8                PWM_1_Enable
 .text.PWM_1_Start
                0x000006e0       0x24 .\CortexM0\ARM_GCC_484\Debug\Lab 2 LED PWM.a(PWM_1.o)
                0x000006e0                PWM_1_Start
 .text.PWM_1_WriteCounter
                0x00000704       0x1c .\CortexM0\ARM_GCC_484\Debug\Lab 2 LED PWM.a(PWM_1.o)
                0x00000704                PWM_1_WriteCounter
 .text.PWM_1_WritePeriod
                0x00000720       0x1c .\CortexM0\ARM_GCC_484\Debug\Lab 2 LED PWM.a(PWM_1.o)
                0x00000720                PWM_1_WritePeriod
 .text.PWM_1_WriteCompare
                0x0000073c       0x1c .\CortexM0\ARM_GCC_484\Debug\Lab 2 LED PWM.a(PWM_1.o)
                0x0000073c                PWM_1_WriteCompare
 .text.PWM_1_TriggerCommand
                0x00000758       0x3c .\CortexM0\ARM_GCC_484\Debug\Lab 2 LED PWM.a(PWM_1.o)
                0x00000758                PWM_1_TriggerCommand
 .text.PWM_1_SetInterruptMode
                0x00000794       0x18 .\CortexM0\ARM_GCC_484\Debug\Lab 2 LED PWM.a(PWM_1.o)
                0x00000794                PWM_1_SetInterruptMode
 *fill*         0x000007ac        0x4 
 .text          0x000007b0       0x28 .\CortexM0\ARM_GCC_484\Debug\Lab 2 LED PWM.a(CyBootAsmGnu.o)
                0x000007b0                CyDelayCycles
                0x000007c4                CyEnterCriticalSection
                0x000007cc                CyExitCriticalSection
 .text.__libc_init_array
                0x000007d8       0x4c c:/program files (x86)/cypress/psoc creator/3.2/psoc creator/import/gnu/arm/4.8.4/bin/../lib/gcc/arm-none-eabi/4.8.4/../../../../arm-none-eabi/lib/armv6-m\libg_s.a(lib_a-init.o)
                0x000007d8                __libc_init_array
 .text.memset   0x00000824       0x10 c:/program files (x86)/cypress/psoc creator/3.2/psoc creator/import/gnu/arm/4.8.4/bin/../lib/gcc/arm-none-eabi/4.8.4/../../../../arm-none-eabi/lib/armv6-m\libg_s.a(lib_a-memset.o)
                0x00000824                memset
 *(.plt)
 *(.gnu.warning)
 *(.glue_7t)
 .glue_7t       0x00000000        0x0 linker stubs
 *(.glue_7)
 .glue_7        0x00000000        0x0 linker stubs
 *(.vfp11_veneer)
 .vfp11_veneer  0x00000000        0x0 linker stubs
 *(.bootloader)
 *(.ARM.extab* .gnu.linkonce.armextab.*)
 *(.gcc_except_table)

.v4_bx          0x00000834        0x0
 .v4_bx         0x00000000        0x0 linker stubs

.iplt           0x00000834        0x0
 .iplt          0x00000000        0x0 c:/program files (x86)/cypress/psoc creator/3.2/psoc creator/import/gnu/arm/4.8.4/bin/../lib/gcc/arm-none-eabi/4.8.4/armv6-m/crtbegin.o

.eh_frame_hdr
 *(.eh_frame_hdr)

.eh_frame       0x00000834        0x4
 *(.eh_frame)
 .eh_frame      0x00000834        0x0 c:/program files (x86)/cypress/psoc creator/3.2/psoc creator/import/gnu/arm/4.8.4/bin/../lib/gcc/arm-none-eabi/4.8.4/armv6-m/crtbegin.o
 .eh_frame      0x00000834        0x4 c:/program files (x86)/cypress/psoc creator/3.2/psoc creator/import/gnu/arm/4.8.4/bin/../lib/gcc/arm-none-eabi/4.8.4/armv6-m/crtend.o
                0x00000838                PROVIDE (__exidx_start, .)

.ARM.exidx
 *(.ARM.exidx* .gnu.linkonce.armexidx.*)
                0x00000838                __exidx_end = .

.rodata         0x00000838       0x90
 *(.rodata .rodata.* .gnu.linkonce.r.*)
 .rodata        0x00000838       0x28 .\CortexM0\ARM_GCC_484\Debug\Lab 2 LED PWM.a(cyfitter_cfg.o)
 .rodata        0x00000860       0x30 .\CortexM0\ARM_GCC_484\Debug\Lab 2 LED PWM.a(CyLib.o)
                0x00000860                cyImoFreqMhz2Reg
                0x00000890                . = ALIGN (0x4)
 *(.init)
 .init          0x00000890        0x4 c:/program files (x86)/cypress/psoc creator/3.2/psoc creator/import/gnu/arm/4.8.4/bin/../lib/gcc/arm-none-eabi/4.8.4/armv6-m/crti.o
                0x00000890                _init
 .init          0x00000894        0x8 c:/program files (x86)/cypress/psoc creator/3.2/psoc creator/import/gnu/arm/4.8.4/bin/../lib/gcc/arm-none-eabi/4.8.4/armv6-m/crtn.o
                0x0000089c                . = ALIGN (0x4)
                0x0000089c                __preinit_array_start = .
 *(.preinit_array)
                0x0000089c                __preinit_array_end = .
                0x0000089c                . = ALIGN (0x4)
                0x0000089c                __init_array_start = .
 *(SORT(.init_array.*))
 *(.init_array)
 .init_array    0x0000089c        0x4 c:/program files (x86)/cypress/psoc creator/3.2/psoc creator/import/gnu/arm/4.8.4/bin/../lib/gcc/arm-none-eabi/4.8.4/armv6-m/crtbegin.o
 .init_array    0x000008a0        0x4 .\CortexM0\ARM_GCC_484\Debug\Cm0Start.o
                0x000008a4                __init_array_end = .
                0x000008a4                . = ALIGN (0x4)
 *(.fini)
 .fini          0x000008a4        0x4 c:/program files (x86)/cypress/psoc creator/3.2/psoc creator/import/gnu/arm/4.8.4/bin/../lib/gcc/arm-none-eabi/4.8.4/armv6-m/crti.o
                0x000008a4                _fini
 .fini          0x000008a8        0x8 c:/program files (x86)/cypress/psoc creator/3.2/psoc creator/import/gnu/arm/4.8.4/bin/../lib/gcc/arm-none-eabi/4.8.4/armv6-m/crtn.o
                0x000008b0                . = ALIGN (0x4)
                0x000008b0                __fini_array_start = .
 *(.fini_array)
 .fini_array    0x000008b0        0x4 c:/program files (x86)/cypress/psoc creator/3.2/psoc creator/import/gnu/arm/4.8.4/bin/../lib/gcc/arm-none-eabi/4.8.4/armv6-m/crtbegin.o
 *(SORT(.fini_array.*))
                0x000008b4                __fini_array_end = .
                0x000008b4                . = ALIGN (0x4)
 *crtbegin.o(.ctors)
 *(EXCLUDE_FILE(*crtend.o) .ctors)
 *(SORT(.ctors.*))
 *crtend.o(.ctors)
                0x000008b4                . = ALIGN (0x4)
 *crtbegin.o(.dtors)
 *(EXCLUDE_FILE(*crtend.o) .dtors)
 *(SORT(.dtors.*))
 *crtend.o(.dtors)
                0x000008b4                . = ALIGN (0x4)
                0x000008b4                __cy_regions = .
                0x000008b4        0x4 LONG 0x8c8 __cy_region_init_ram
                0x000008b8        0x4 LONG 0x200000c8 __cy_region_start_data
                0x000008bc        0x4 LONG 0x18 __cy_region_init_size_ram
                0x000008c0        0x4 LONG 0x20 __cy_region_zero_size_ram
                0x000008c4                __cy_regions_end = .
                0x000008c8                . = ALIGN (0x8)
 *fill*         0x000008c4        0x4 
                0x000008c8                _etext = .

.ramvectors     0x20000000       0xc0
                0x20000000                __cy_region_start_ram = .
 *(.ramvectors)
 .ramvectors    0x20000000       0xc0 .\CortexM0\ARM_GCC_484\Debug\Cm0Start.o
                0x20000000                CyRamVectors

.noinit         0x200000c0        0x4
 *(.noinit)
 .noinit        0x200000c0        0x4 .\CortexM0\ARM_GCC_484\Debug\Cm0Start.o

.data           0x200000c8       0x18 load address 0x000008c8
                0x200000c8                __cy_region_start_data = .
 *(.jcr)
 .jcr           0x200000c8        0x0 c:/program files (x86)/cypress/psoc creator/3.2/psoc creator/import/gnu/arm/4.8.4/bin/../lib/gcc/arm-none-eabi/4.8.4/armv6-m/crtbegin.o
 .jcr           0x200000c8        0x4 c:/program files (x86)/cypress/psoc creator/3.2/psoc creator/import/gnu/arm/4.8.4/bin/../lib/gcc/arm-none-eabi/4.8.4/armv6-m/crtend.o
 *(.got.plt)
 *(.got)
 *(.shdata)
 *(.data .data.* .gnu.linkonce.d.*)
 .data          0x200000cc       0x10 .\CortexM0\ARM_GCC_484\Debug\Lab 2 LED PWM.a(CyLib.o)
                0x200000cc                cydelayFreqHz
                0x200000d0                cydelayFreqKhz
                0x200000d4                cydelayFreqMhz
                0x200000d8                cydelay32kMs
                0x200000e0                . = ALIGN (0x8)
 *fill*         0x200000dc        0x4 
 *(.ram)
                0x200000e0                _edata = .

.igot.plt       0x200000e0        0x0 load address 0x000008e0
 .igot.plt      0x00000000        0x0 c:/program files (x86)/cypress/psoc creator/3.2/psoc creator/import/gnu/arm/4.8.4/bin/../lib/gcc/arm-none-eabi/4.8.4/armv6-m/crtbegin.o

.bss            0x200000e0       0x20 load address 0x000008e0
                0x200000e0                PROVIDE (__bss_start__, .)
 *(.shbss)
 *(.bss .bss.* .gnu.linkonce.b.*)
 .bss           0x200000e0       0x1c c:/program files (x86)/cypress/psoc creator/3.2/psoc creator/import/gnu/arm/4.8.4/bin/../lib/gcc/arm-none-eabi/4.8.4/armv6-m/crtbegin.o
 .bss           0x200000fc        0x1 .\CortexM0\ARM_GCC_484\Debug\Lab 2 LED PWM.a(PWM_1.o)
                0x200000fc                PWM_1_initVar
 *(COMMON)
                0x20000100                . = ALIGN (0x8)
 *fill*         0x200000fd        0x3 
 *(.ram.b)
                0x20000100                _end = .
                0x20000100                __end = .
                0x20000100                PROVIDE (end, .)
                0x20000100                PROVIDE (__bss_end__, .)
                0x000008c8                __cy_region_init_ram = LOADADDR (.data)
                0x00000018                __cy_region_init_size_ram = (_edata - ADDR (.data))
                0x00000020                __cy_region_zero_size_ram = (_end - _edata)

.heap           0x20000100      0x100 load address 0x000008e0
                0x20000100                . = _end
                0x20000200                . = (. + 0x100)
 *fill*         0x20000100      0x100 
                0x20000200                __cy_heap_limit = .

.stack          0x20000c00      0x400
                0x20000c00                __cy_stack_limit = .
                0x20001000                . = (. + 0x400)
 *fill*         0x20000c00      0x400 
                0x00000001                ASSERT ((__cy_stack_limit >= __cy_heap_limit), region RAM overflowed with stack)

.cyloadermeta
 *(.cyloadermeta)

.cyloadablemeta
 *(.cyloadablemeta)

.cyflashprotect
                0x90400000       0x20
 *(.cyflashprotect)
 .cyflashprotect
                0x90400000       0x20 .\CortexM0\ARM_GCC_484\Debug\cymetadata.o
                0x90400000                cy_meta_flashprotect

.cymeta         0x90500000        0xc
 *(.cymeta)
 .cymeta        0x90500000        0xc .\CortexM0\ARM_GCC_484\Debug\cymetadata.o
                0x90500000                cy_metadata

.cychipprotect  0x90600000        0x4
 *(.cychipprotect)
 .cychipprotect
                0x90600000        0x4 .\CortexM0\ARM_GCC_484\Debug\cymetadata.o
                0x90600000                cy_meta_chipprotect

.rel.dyn        0x000008e0        0x0 load address 0x90600004
 .rel.iplt      0x00000000        0x0 c:/program files (x86)/cypress/psoc creator/3.2/psoc creator/import/gnu/arm/4.8.4/bin/../lib/gcc/arm-none-eabi/4.8.4/armv6-m/crtbegin.o

.stab
 *(.stab)

.stabstr
 *(.stabstr)

.debug
 *(.debug)

.line
 *(.line)

.debug_srcinfo
 *(.debug_srcinfo)

.debug_sfnames
 *(.debug_sfnames)

.debug_aranges  0x00000000      0x3b8
 *(.debug_aranges)
 .debug_aranges
                0x00000000       0x20 .\CortexM0\ARM_GCC_484\Debug\main.o
 .debug_aranges
                0x00000020       0x48 .\CortexM0\ARM_GCC_484\Debug\Cm0Start.o
 .debug_aranges
                0x00000068       0x18 .\CortexM0\ARM_GCC_484\Debug\cymetadata.o
 .debug_aranges
                0x00000080       0x50 .\CortexM0\ARM_GCC_484\Debug\Lab 2 LED PWM.a(cyfitter_cfg.o)
 .debug_aranges
                0x000000d0      0x170 .\CortexM0\ARM_GCC_484\Debug\Lab 2 LED PWM.a(CyLib.o)
 .debug_aranges
                0x00000240      0x158 .\CortexM0\ARM_GCC_484\Debug\Lab 2 LED PWM.a(PWM_1.o)
 .debug_aranges
                0x00000398       0x20 .\CortexM0\ARM_GCC_484\Debug\Lab 2 LED PWM.a(CyBootAsmGnu.o)

.debug_pubnames
 *(.debug_pubnames)

.debug_info     0x00000000     0x17fb
 *(.debug_info .gnu.linkonce.wi.*)
 .debug_info    0x00000000       0xb3 .\CortexM0\ARM_GCC_484\Debug\main.o
 .debug_info    0x000000b3      0x2fe .\CortexM0\ARM_GCC_484\Debug\Cm0Start.o
 .debug_info    0x000003b1       0xfd .\CortexM0\ARM_GCC_484\Debug\cymetadata.o
 .debug_info    0x000004ae      0x352 .\CortexM0\ARM_GCC_484\Debug\Lab 2 LED PWM.a(cyfitter_cfg.o)
 .debug_info    0x00000800      0x852 .\CortexM0\ARM_GCC_484\Debug\Lab 2 LED PWM.a(CyLib.o)
 .debug_info    0x00001052      0x6f0 .\CortexM0\ARM_GCC_484\Debug\Lab 2 LED PWM.a(PWM_1.o)
 .debug_info    0x00001742       0xb9 .\CortexM0\ARM_GCC_484\Debug\Lab 2 LED PWM.a(CyBootAsmGnu.o)

.debug_abbrev   0x00000000      0x6ac
 *(.debug_abbrev)
 .debug_abbrev  0x00000000       0x5c .\CortexM0\ARM_GCC_484\Debug\main.o
 .debug_abbrev  0x0000005c      0x1a5 .\CortexM0\ARM_GCC_484\Debug\Cm0Start.o
 .debug_abbrev  0x00000201       0x5d .\CortexM0\ARM_GCC_484\Debug\cymetadata.o
 .debug_abbrev  0x0000025e      0x18a .\CortexM0\ARM_GCC_484\Debug\Lab 2 LED PWM.a(cyfitter_cfg.o)
 .debug_abbrev  0x000003e8      0x1a7 .\CortexM0\ARM_GCC_484\Debug\Lab 2 LED PWM.a(CyLib.o)
 .debug_abbrev  0x0000058f      0x109 .\CortexM0\ARM_GCC_484\Debug\Lab 2 LED PWM.a(PWM_1.o)
 .debug_abbrev  0x00000698       0x14 .\CortexM0\ARM_GCC_484\Debug\Lab 2 LED PWM.a(CyBootAsmGnu.o)

.debug_line     0x00000000      0xc1e
 *(.debug_line)
 .debug_line    0x00000000       0x61 .\CortexM0\ARM_GCC_484\Debug\main.o
 .debug_line    0x00000061      0x1b7 .\CortexM0\ARM_GCC_484\Debug\Cm0Start.o
 .debug_line    0x00000218       0x53 .\CortexM0\ARM_GCC_484\Debug\cymetadata.o
 .debug_line    0x0000026b      0x18d .\CortexM0\ARM_GCC_484\Debug\Lab 2 LED PWM.a(cyfitter_cfg.o)
 .debug_line    0x000003f8      0x448 .\CortexM0\ARM_GCC_484\Debug\Lab 2 LED PWM.a(CyLib.o)
 .debug_line    0x00000840      0x375 .\CortexM0\ARM_GCC_484\Debug\Lab 2 LED PWM.a(PWM_1.o)
 .debug_line    0x00000bb5       0x69 .\CortexM0\ARM_GCC_484\Debug\Lab 2 LED PWM.a(CyBootAsmGnu.o)

.debug_frame    0x00000000      0xd2c
 *(.debug_frame)
 .debug_frame   0x00000000       0x30 .\CortexM0\ARM_GCC_484\Debug\main.o
 .debug_frame   0x00000030       0xc8 .\CortexM0\ARM_GCC_484\Debug\Cm0Start.o
 .debug_frame   0x000000f8       0xe8 .\CortexM0\ARM_GCC_484\Debug\Lab 2 LED PWM.a(cyfitter_cfg.o)
 .debug_frame   0x000001e0      0x544 .\CortexM0\ARM_GCC_484\Debug\Lab 2 LED PWM.a(CyLib.o)
 .debug_frame   0x00000724      0x52c .\CortexM0\ARM_GCC_484\Debug\Lab 2 LED PWM.a(PWM_1.o)
 .debug_frame   0x00000c50       0x20 c:/program files (x86)/cypress/psoc creator/3.2/psoc creator/import/gnu/arm/4.8.4/bin/../lib/gcc/arm-none-eabi/4.8.4/armv6-m\libgcc.a(_udivsi3.o)
 .debug_frame   0x00000c70       0x20 c:/program files (x86)/cypress/psoc creator/3.2/psoc creator/import/gnu/arm/4.8.4/bin/../lib/gcc/arm-none-eabi/4.8.4/../../../../arm-none-eabi/lib/armv6-m\libg_s.a(lib_a-errno.o)
 .debug_frame   0x00000c90       0x28 c:/program files (x86)/cypress/psoc creator/3.2/psoc creator/import/gnu/arm/4.8.4/bin/../lib/gcc/arm-none-eabi/4.8.4/../../../../arm-none-eabi/lib/armv6-m\libg_s.a(lib_a-exit.o)
 .debug_frame   0x00000cb8       0x2c c:/program files (x86)/cypress/psoc creator/3.2/psoc creator/import/gnu/arm/4.8.4/bin/../lib/gcc/arm-none-eabi/4.8.4/../../../../arm-none-eabi/lib/armv6-m\libg_s.a(lib_a-init.o)
 .debug_frame   0x00000ce4       0x28 c:/program files (x86)/cypress/psoc creator/3.2/psoc creator/import/gnu/arm/4.8.4/bin/../lib/gcc/arm-none-eabi/4.8.4/../../../../arm-none-eabi/lib/armv6-m\libg_s.a(lib_a-memcpy-stub.o)
 .debug_frame   0x00000d0c       0x20 c:/program files (x86)/cypress/psoc creator/3.2/psoc creator/import/gnu/arm/4.8.4/bin/../lib/gcc/arm-none-eabi/4.8.4/../../../../arm-none-eabi/lib/armv6-m\libg_s.a(lib_a-memset.o)

.debug_str      0x00000000      0xc52
 *(.debug_str)
 .debug_str     0x00000000      0x16b .\CortexM0\ARM_GCC_484\Debug\main.o
                                0x1a4 (size before relaxing)
 .debug_str     0x0000016b      0x142 .\CortexM0\ARM_GCC_484\Debug\Cm0Start.o
                                0x2d9 (size before relaxing)
 .debug_str     0x000002ad       0x5b .\CortexM0\ARM_GCC_484\Debug\cymetadata.o
                                0x1e5 (size before relaxing)
 .debug_str     0x00000308       0xfd .\CortexM0\ARM_GCC_484\Debug\Lab 2 LED PWM.a(cyfitter_cfg.o)
                                0x2cb (size before relaxing)
 .debug_str     0x00000405      0x460 .\CortexM0\ARM_GCC_484\Debug\Lab 2 LED PWM.a(CyLib.o)
                                0x625 (size before relaxing)
 .debug_str     0x00000865      0x3ed .\CortexM0\ARM_GCC_484\Debug\Lab 2 LED PWM.a(PWM_1.o)
                                0x58f (size before relaxing)

.debug_loc
 *(.debug_loc)

.debug_macinfo
 *(.debug_macinfo)

.debug_ranges   0x00000000      0x330
 *(.debug_ranges)
 .debug_ranges  0x00000000       0x10 .\CortexM0\ARM_GCC_484\Debug\main.o
 .debug_ranges  0x00000010       0x38 .\CortexM0\ARM_GCC_484\Debug\Cm0Start.o
 .debug_ranges  0x00000048       0x40 .\CortexM0\ARM_GCC_484\Debug\Lab 2 LED PWM.a(cyfitter_cfg.o)
 .debug_ranges  0x00000088      0x160 .\CortexM0\ARM_GCC_484\Debug\Lab 2 LED PWM.a(CyLib.o)
 .debug_ranges  0x000001e8      0x148 .\CortexM0\ARM_GCC_484\Debug\Lab 2 LED PWM.a(PWM_1.o)

.comment        0x00000000       0x70
 .comment       0x00000000       0x70 .\CortexM0\ARM_GCC_484\Debug\main.o
                                 0x71 (size before relaxing)
 .comment       0x00000000       0x71 .\CortexM0\ARM_GCC_484\Debug\Cm0Start.o
 .comment       0x00000000       0x71 .\CortexM0\ARM_GCC_484\Debug\cymetadata.o
 .comment       0x00000000       0x71 .\CortexM0\ARM_GCC_484\Debug\Lab 2 LED PWM.a(cyfitter_cfg.o)
 .comment       0x00000000       0x71 .\CortexM0\ARM_GCC_484\Debug\Lab 2 LED PWM.a(CyLib.o)
 .comment       0x00000000       0x71 .\CortexM0\ARM_GCC_484\Debug\Lab 2 LED PWM.a(PWM_1.o)

.debug_weaknames
 *(.debug_weaknames)

.debug_funcnames
 *(.debug_funcnames)

.debug_typenames
 *(.debug_typenames)

.debug_varnames
 *(.debug_varnames)

.note.gnu.arm.ident
 *(.note.gnu.arm.ident)

.ARM.attributes
                0x00000000       0x28
 *(.ARM.attributes)
 .ARM.attributes
                0x00000000       0x1e c:/program files (x86)/cypress/psoc creator/3.2/psoc creator/import/gnu/arm/4.8.4/bin/../lib/gcc/arm-none-eabi/4.8.4/armv6-m/crti.o
 .ARM.attributes
                0x0000001e       0x2c c:/program files (x86)/cypress/psoc creator/3.2/psoc creator/import/gnu/arm/4.8.4/bin/../lib/gcc/arm-none-eabi/4.8.4/armv6-m/crtbegin.o
 .ARM.attributes
                0x0000004a       0x1b c:/program files (x86)/cypress/psoc creator/3.2/psoc creator/import/gnu/arm/4.8.4/bin/../lib/gcc/arm-none-eabi/4.8.4/../../../../arm-none-eabi/lib/armv6-m/crt0.o
 .ARM.attributes
                0x00000065       0x31 .\CortexM0\ARM_GCC_484\Debug\main.o
 .ARM.attributes
                0x00000096       0x31 .\CortexM0\ARM_GCC_484\Debug\Cm0Start.o
 .ARM.attributes
                0x000000c7       0x31 .\CortexM0\ARM_GCC_484\Debug\cymetadata.o
 .ARM.attributes
                0x000000f8       0x31 .\CortexM0\ARM_GCC_484\Debug\Lab 2 LED PWM.a(cyfitter_cfg.o)
 .ARM.attributes
                0x00000129       0x31 .\CortexM0\ARM_GCC_484\Debug\Lab 2 LED PWM.a(CyLib.o)
 .ARM.attributes
                0x0000015a       0x31 .\CortexM0\ARM_GCC_484\Debug\Lab 2 LED PWM.a(PWM_1.o)
 .ARM.attributes
                0x0000018b       0x21 .\CortexM0\ARM_GCC_484\Debug\Lab 2 LED PWM.a(CyBootAsmGnu.o)
 .ARM.attributes
                0x000001ac       0x1e c:/program files (x86)/cypress/psoc creator/3.2/psoc creator/import/gnu/arm/4.8.4/bin/../lib/gcc/arm-none-eabi/4.8.4/armv6-m\libgcc.a(_udivsi3.o)
 .ARM.attributes
                0x000001ca       0x1e c:/program files (x86)/cypress/psoc creator/3.2/psoc creator/import/gnu/arm/4.8.4/bin/../lib/gcc/arm-none-eabi/4.8.4/armv6-m\libgcc.a(_dvmd_tls.o)
 .ARM.attributes
                0x000001e8       0x2c c:/program files (x86)/cypress/psoc creator/3.2/psoc creator/import/gnu/arm/4.8.4/bin/../lib/gcc/arm-none-eabi/4.8.4/../../../../arm-none-eabi/lib/armv6-m\libg_s.a(lib_a-errno.o)
 .ARM.attributes
                0x00000214       0x2c c:/program files (x86)/cypress/psoc creator/3.2/psoc creator/import/gnu/arm/4.8.4/bin/../lib/gcc/arm-none-eabi/4.8.4/../../../../arm-none-eabi/lib/armv6-m\libg_s.a(lib_a-exit.o)
 .ARM.attributes
                0x00000240       0x2c c:/program files (x86)/cypress/psoc creator/3.2/psoc creator/import/gnu/arm/4.8.4/bin/../lib/gcc/arm-none-eabi/4.8.4/../../../../arm-none-eabi/lib/armv6-m\libg_s.a(lib_a-impure.o)
 .ARM.attributes
                0x0000026c       0x2c c:/program files (x86)/cypress/psoc creator/3.2/psoc creator/import/gnu/arm/4.8.4/bin/../lib/gcc/arm-none-eabi/4.8.4/../../../../arm-none-eabi/lib/armv6-m\libg_s.a(lib_a-init.o)
 .ARM.attributes
                0x00000298       0x2c c:/program files (x86)/cypress/psoc creator/3.2/psoc creator/import/gnu/arm/4.8.4/bin/../lib/gcc/arm-none-eabi/4.8.4/../../../../arm-none-eabi/lib/armv6-m\libg_s.a(lib_a-memcpy-stub.o)
 .ARM.attributes
                0x000002c4       0x2c c:/program files (x86)/cypress/psoc creator/3.2/psoc creator/import/gnu/arm/4.8.4/bin/../lib/gcc/arm-none-eabi/4.8.4/../../../../arm-none-eabi/lib/armv6-m\libg_s.a(lib_a-memset.o)
 .ARM.attributes
                0x000002f0       0x2c c:/program files (x86)/cypress/psoc creator/3.2/psoc creator/import/gnu/arm/4.8.4/bin/../lib/gcc/arm-none-eabi/4.8.4/armv6-m/crtend.o
 .ARM.attributes
                0x0000031c       0x1e c:/program files (x86)/cypress/psoc creator/3.2/psoc creator/import/gnu/arm/4.8.4/bin/../lib/gcc/arm-none-eabi/4.8.4/armv6-m/crtn.o

/DISCARD/
 *(.note.GNU-stack)
OUTPUT(.\CortexM0\ARM_GCC_484\Debug\Lab 2 LED PWM.elf elf32-littlearm)
