Archive member included because of file (symbol)

.\CortexM3\ARM_GCC_484\Debug\E-Throttle.a(cyfitter_cfg.o)
                              .\CortexM3\ARM_GCC_484\Debug\Cm3Start.o (cyfitter_cfg)
.\CortexM3\ARM_GCC_484\Debug\E-Throttle.a(CyBootAsmGnu.o)
                              .\CortexM3\ARM_GCC_484\Debug\E-Throttle.a(cyfitter_cfg.o) (CyDelayCycles)
.\CortexM3\ARM_GCC_484\Debug\E-Throttle.a(CyDmac.o)
                              .\CortexM3\ARM_GCC_484\Debug\Cm3Start.o (CyDmacConfigure)
.\CortexM3\ARM_GCC_484\Debug\E-Throttle.a(CyLib.o)
                              .\CortexM3\ARM_GCC_484\Debug\Cm3Start.o (CyHalt)
.\CortexM3\ARM_GCC_484\Debug\E-Throttle.a(cyPm.o)
                              .\CortexM3\ARM_GCC_484\Debug\E-Throttle.a(CyLib.o) (CyPmReadStatus)
.\CortexM3\ARM_GCC_484\Debug\E-Throttle.a(TPS_ADC.o)
                              .\CortexM3\ARM_GCC_484\Debug\main.o (TPS_ADC_Start)
.\CortexM3\ARM_GCC_484\Debug\E-Throttle.a(TPS_ADC_INT.o)
                              .\CortexM3\ARM_GCC_484\Debug\E-Throttle.a(TPS_ADC.o) (TPS_ADC_ISR)
.\CortexM3\ARM_GCC_484\Debug\E-Throttle.a(APPS_ADC.o)
                              .\CortexM3\ARM_GCC_484\Debug\main.o (APPS_ADC_Start)
.\CortexM3\ARM_GCC_484\Debug\E-Throttle.a(APPS_ADC_INT.o)
                              .\CortexM3\ARM_GCC_484\Debug\E-Throttle.a(APPS_ADC.o) (APPS_ADC_ISR)
.\CortexM3\ARM_GCC_484\Debug\E-Throttle.a(TPS_ADC_SAR.o)
                              .\CortexM3\ARM_GCC_484\Debug\E-Throttle.a(TPS_ADC.o) (TPS_ADC_SAR_shift)
.\CortexM3\ARM_GCC_484\Debug\E-Throttle.a(TPS_ADC_TempBuf_dma.o)
                              .\CortexM3\ARM_GCC_484\Debug\E-Throttle.a(TPS_ADC.o) (TPS_ADC_TempBuf_DmaInitialize)
.\CortexM3\ARM_GCC_484\Debug\E-Throttle.a(TPS_ADC_FinalBuf_dma.o)
                              .\CortexM3\ARM_GCC_484\Debug\E-Throttle.a(TPS_ADC.o) (TPS_ADC_FinalBuf_DmaInitialize)
.\CortexM3\ARM_GCC_484\Debug\E-Throttle.a(TPS_ADC_IRQ.o)
                              .\CortexM3\ARM_GCC_484\Debug\E-Throttle.a(TPS_ADC.o) (TPS_ADC_IRQ_SetVector)
.\CortexM3\ARM_GCC_484\Debug\E-Throttle.a(APPS_ADC_SAR.o)
                              .\CortexM3\ARM_GCC_484\Debug\E-Throttle.a(APPS_ADC.o) (APPS_ADC_SAR_shift)
.\CortexM3\ARM_GCC_484\Debug\E-Throttle.a(APPS_ADC_TempBuf_dma.o)
                              .\CortexM3\ARM_GCC_484\Debug\E-Throttle.a(APPS_ADC.o) (APPS_ADC_TempBuf_DmaInitialize)
.\CortexM3\ARM_GCC_484\Debug\E-Throttle.a(APPS_ADC_FinalBuf_dma.o)
                              .\CortexM3\ARM_GCC_484\Debug\E-Throttle.a(APPS_ADC.o) (APPS_ADC_FinalBuf_DmaInitialize)
.\CortexM3\ARM_GCC_484\Debug\E-Throttle.a(APPS_ADC_IRQ.o)
                              .\CortexM3\ARM_GCC_484\Debug\E-Throttle.a(APPS_ADC.o) (APPS_ADC_IRQ_SetVector)
.\CortexM3\ARM_GCC_484\Debug\E-Throttle.a(BRAKE_ADC.o)
                              .\CortexM3\ARM_GCC_484\Debug\main.o (BRAKE_ADC_Start)
.\CortexM3\ARM_GCC_484\Debug\E-Throttle.a(BRAKE_ADC_INT.o)
                              .\CortexM3\ARM_GCC_484\Debug\E-Throttle.a(BRAKE_ADC.o) (BRAKE_ADC_ISR1)
.\CortexM3\ARM_GCC_484\Debug\E-Throttle.a(BRAKE_ADC_AMux.o)
                              .\CortexM3\ARM_GCC_484\Debug\E-Throttle.a(BRAKE_ADC.o) (BRAKE_ADC_AMux_Select)
.\CortexM3\ARM_GCC_484\Debug\E-Throttle.a(BRAKE_ADC_Ext_CP_Clk.o)
                              .\CortexM3\ARM_GCC_484\Debug\E-Throttle.a(BRAKE_ADC.o) (BRAKE_ADC_Ext_CP_Clk_SetModeRegister)
.\CortexM3\ARM_GCC_484\Debug\E-Throttle.a(BRAKE_ADC_theACLK.o)
                              .\CortexM3\ARM_GCC_484\Debug\E-Throttle.a(BRAKE_ADC.o) (BRAKE_ADC_theACLK_SetModeRegister)
.\CortexM3\ARM_GCC_484\Debug\E-Throttle.a(Timer.o)
                              .\CortexM3\ARM_GCC_484\Debug\signal_processing.o (Timer_Stop)
.\CortexM3\ARM_GCC_484\Debug\E-Throttle.a(CyFlash.o)
                              .\CortexM3\ARM_GCC_484\Debug\E-Throttle.a(cyPm.o) (CyFlash_SetWaitCycles)
.\CortexM3\ARM_GCC_484\Debug\E-Throttle.a(CySpc.o)
                              .\CortexM3\ARM_GCC_484\Debug\E-Throttle.a(CyFlash.o) (CySpcStart)
c:/program files (x86)/cypress/psoc creator/3.2/psoc creator/import/gnu/arm/4.8.4/bin/../lib/gcc/arm-none-eabi/4.8.4/armv7-m\libgcc.a(_arm_addsubdf3.o)
                              .\CortexM3\ARM_GCC_484\Debug\main.o (__aeabi_i2d)
c:/program files (x86)/cypress/psoc creator/3.2/psoc creator/import/gnu/arm/4.8.4/bin/../lib/gcc/arm-none-eabi/4.8.4/armv7-m\libgcc.a(_arm_cmpdf2.o)
                              .\CortexM3\ARM_GCC_484\Debug\main.o (__aeabi_dcmpeq)
c:/program files (x86)/cypress/psoc creator/3.2/psoc creator/import/gnu/arm/4.8.4/bin/../lib/gcc/arm-none-eabi/4.8.4/armv7-m\libgcc.a(_arm_addsubsf3.o)
                              .\CortexM3\ARM_GCC_484\Debug\signal_processing.o (__aeabi_fsub)
c:/program files (x86)/cypress/psoc creator/3.2/psoc creator/import/gnu/arm/4.8.4/bin/../lib/gcc/arm-none-eabi/4.8.4/armv7-m\libgcc.a(_arm_muldivsf3.o)
                              .\CortexM3\ARM_GCC_484\Debug\signal_processing.o (__aeabi_fmul)
[...]
Memory Configuration

Name             Origin             Length             Attributes
rom              0x00000000         0x00040000         xr
ram              0x1fff8000         0x00010000         xrw
*default*        0x00000000         0xffffffff

Linker script and memory map

LOAD c:/program files (x86)/cypress/psoc creator/3.2/psoc creator/import/gnu/arm/4.8.4/bin/../lib/gcc/arm-none-eabi/4.8.4/armv7-m/crti.o
LOAD c:/program files (x86)/cypress/psoc creator/3.2/psoc creator/import/gnu/arm/4.8.4/bin/../lib/gcc/arm-none-eabi/4.8.4/armv7-m/crtbegin.o
LOAD c:/program files (x86)/cypress/psoc creator/3.2/psoc creator/import/gnu/arm/4.8.4/bin/../lib/gcc/arm-none-eabi/4.8.4/../../../../arm-none-eabi/lib/armv7-m/crt0.o
START GROUP
LOAD .\CortexM3\ARM_GCC_484\Debug\main.o
LOAD .\CortexM3\ARM_GCC_484\Debug\signal_processing.o
LOAD .\CortexM3\ARM_GCC_484\Debug\queue.o
LOAD .\CortexM3\ARM_GCC_484\Debug\cymetadata.o
LOAD .\CortexM3\ARM_GCC_484\Debug\Cm3Start.o
LOAD .\CortexM3\ARM_GCC_484\Debug\E-Throttle.a
LOAD C:\Program Files (x86)\Cypress\PSoC Creator\3.2\PSoC Creator\psoc\content\cycomponentlibrary\CyComponentLibrary.cylib\CortexM3\ARM_GCC_484\Debug\CyComponentLibrary.a
END GROUP
START GROUP
LOAD c:/program files (x86)/cypress/psoc creator/3.2/psoc creator/import/gnu/arm/4.8.4/bin/../lib/gcc/arm-none-eabi/4.8.4/armv7-m\libgcc.a
LOAD c:/program files (x86)/cypress/psoc creator/3.2/psoc creator/import/gnu/arm/4.8.4/bin/../lib/gcc/arm-none-eabi/4.8.4/../../../../arm-none-eabi/lib/armv7-m\libg_s.a
LOAD c:/program files (x86)/cypress/psoc creator/3.2/psoc creator/import/gnu/arm/4.8.4/bin/../lib/gcc/arm-none-eabi/4.8.4/../../../../arm-none-eabi/lib/armv7-m\libc_s.a
END GROUP
START GROUP
LOAD c:/program files (x86)/cypress/psoc creator/3.2/psoc creator/import/gnu/arm/4.8.4/bin/../lib/gcc/arm-none-eabi/4.8.4/armv7-m\libgcc.a
LOAD c:/program files (x86)/cypress/psoc creator/3.2/psoc creator/import/gnu/arm/4.8.4/bin/../lib/gcc/arm-none-eabi/4.8.4/../../../../arm-none-eabi/lib/armv7-m\libc_s.a
END GROUP
LOAD c:/program files (x86)/cypress/psoc creator/3.2/psoc creator/import/gnu/arm/4.8.4/bin/../lib/gcc/arm-none-eabi/4.8.4/armv7-m/crtend.o
LOAD c:/program files (x86)/cypress/psoc creator/3.2/psoc creator/import/gnu/arm/4.8.4/bin/../lib/gcc/arm-none-eabi/4.8.4/armv7-m/crtn.o
START GROUP
LOAD c:/program files (x86)/cypress/psoc creator/3.2/psoc creator/import/gnu/arm/4.8.4/bin/../lib/gcc/arm-none-eabi/4.8.4/armv7-m\libgcc.a
LOAD c:/program files (x86)/cypress/psoc creator/3.2/psoc creator/import/gnu/arm/4.8.4/bin/../lib/gcc/arm-none-eabi/4.8.4/../../../../arm-none-eabi/lib/armv7-m\libc.a
LOAD c:/program files (x86)/cypress/psoc creator/3.2/psoc creator/import/gnu/arm/4.8.4/bin/../lib/gcc/arm-none-eabi/4.8.4/../../../../arm-none-eabi/lib/armv7-m\libnosys.a
END GROUP
                0x00000000                CY_APPL_ORIGIN = 0x0
                0x00000100                CY_FLASH_ROW_SIZE = 0x100
                0x00000020                CY_ECC_ROW_SIZE = 0x20
                0x00000000                CY_EE_IN_BTLDR = 0x0
                0x00000000                CY_APPL_LOADABLE = 0x0
                0x00000800                CY_EE_SIZE = 0x800
                0x00000001                CY_APPL_NUM = 0x1
                0x00000001                CY_APPL_MAX = 0x1
                0x00000040                CY_METADATA_SIZE = 0x40
                0x1fff8210                PROVIDE (__cy_heap_start, _end)
                0x00000001                PROVIDE (__cy_region_num, ((__cy_regions_end - __cy_regions) / 0x10))
                0x20008000                PROVIDE (__cy_stack, (ORIGIN (ram) + 0x10000))
                0x20007800                PROVIDE (__cy_heap_end, (__cy_stack - 0x800))

.cybootloader   0x00000000        0x0
 *(.cybootloader)
                0x00000000                appl1_start = CY_APPL_ORIGIN?CY_APPL_ORIGIN:ALIGN (CY_FLASH_ROW_SIZE)
                0x0001ff00                appl2_start = (appl1_start + ALIGN ((((0x40000 - appl1_start) - (0x2 * CY_FLASH_ROW_SIZE)) / 0x2), CY_FLASH_ROW_SIZE))
                0x00000000                appl_start = (CY_APPL_NUM == 0x1)?appl1_start:appl2_start
                0x00000000                ecc_offset = ((appl_start / CY_FLASH_ROW_SIZE) * CY_ECC_ROW_SIZE)
                0x00000000                ee_offset = (CY_APPL_LOADABLE && ! (CY_EE_IN_BTLDR))?((CY_EE_SIZE / CY_APPL_MAX) * (CY_APPL_NUM - 0x1)):0x0
                0x00000800                ee_size = (CY_APPL_LOADABLE && ! (CY_EE_IN_BTLDR))?(CY_EE_SIZE / CY_APPL_MAX):CY_EE_SIZE
                0x00000000                PROVIDE (CY_ECC_OFFSET, ecc_offset)

.text           0x00000000     0x25fc
 CREATE_OBJECT_SYMBOLS
                0x00000000                PROVIDE (__cy_interrupt_vector, RomVectors)
 *(.romvectors)
 .romvectors    0x00000000       0x10 .\CortexM3\ARM_GCC_484\Debug\Cm3Start.o
                0x00000000                RomVectors
                0x00000001                ASSERT ((. != __cy_interrupt_vector), No interrupt vector)
                0x00000001                ASSERT (CY_APPL_ORIGIN?(SIZEOF (.cybootloader) <= CY_APPL_ORIGIN):0x1, Wrong image location)
                0x00000010                PROVIDE (__cy_reset, Reset)
 *(.text.Reset)
 .text.Reset    0x00000010       0x18 .\CortexM3\ARM_GCC_484\Debug\Cm3Start.o
                0x00000010                Reset
                0x00000001                ASSERT ((. != __cy_reset), No reset code)
 *(.dma_init)
                0x00000001                ASSERT ((((appl_start + .) <= 0x10000) || 0x1), DMA Init must be within the first 64k of flash)
 *(.text .text.* .gnu.linkonce.t.*)
 .text          0x00000028       0x54 c:/program files (x86)/cypress/psoc creator/3.2/psoc creator/import/gnu/arm/4.8.4/bin/../lib/gcc/arm-none-eabi/4.8.4/armv7-m/crtbegin.o
 .text.main     0x0000007c      0x10c .\CortexM3\ARM_GCC_484\Debug\main.o
                0x0000007c                main
 .text.convertToPercent
                0x00000188       0x34 .\CortexM3\ARM_GCC_484\Debug\signal_processing.o
                0x00000188                convertToPercent
 .text.createErrorBuffer
                0x000001bc       0x24 .\CortexM3\ARM_GCC_484\Debug\signal_processing.o
                0x000001bc                createErrorBuffer
 .text.updateErrorBuffer
                0x000001e0       0x9c .\CortexM3\ARM_GCC_484\Debug\signal_processing.o
                0x000001e0                updateErrorBuffer
 .text.signalCheck
                0x0000027c       0x28 .\CortexM3\ARM_GCC_484\Debug\signal_processing.o
                0x0000027c                signalCheck
 *fill*         0x000002a4        0x4 
 .text.localImplausibility
                0x000002a8       0x30 .\CortexM3\ARM_GCC_484\Debug\signal_processing.o
                0x000002a8                localImplausibility
 .text.average  0x000002d8       0x24 .\CortexM3\ARM_GCC_484\Debug\signal_processing.o
                0x000002d8                average
 .text.brakeErrorCheck
                0x000002fc       0x28 .\CortexM3\ARM_GCC_484\Debug\signal_processing.o
                0x000002fc                brakeErrorCheck
 .text.globalImplausibility
                0x00000324       0x4c .\CortexM3\ARM_GCC_484\Debug\signal_processing.o
                0x00000324                globalImplausibility
 .text.nextThrottlePosition
                0x00000370       0x1c .\CortexM3\ARM_GCC_484\Debug\signal_processing.o
                0x00000370                nextThrottlePosition
 .text.handleError
                0x0000038c        0x8 .\CortexM3\ARM_GCC_484\Debug\signal_processing.o
                0x0000038c                handleError
 .text.createQueue
                0x00000394       0x10 .\CortexM3\ARM_GCC_484\Debug\queue.o
                0x00000394                createQueue
 .text.enqueue  0x000003a4       0x48 .\CortexM3\ARM_GCC_484\Debug\queue.o
                0x000003a4                enqueue
 .text.dequeue  0x000003ec       0x1c .\CortexM3\ARM_GCC_484\Debug\queue.o
                0x000003ec                dequeue
 .text.IntDefaultHandler
                0x00000408        0x4 .\CortexM3\ARM_GCC_484\Debug\Cm3Start.o
                0x00000408                IntDefaultHandler
 .text._sbrk    0x0000040c       0x30 .\CortexM3\ARM_GCC_484\Debug\Cm3Start.o
                0x0000040c                _sbrk
 .text.Start_c  0x0000043c       0x4c .\CortexM3\ARM_GCC_484\Debug\Cm3Start.o
                0x0000043c                Start_c
 .text.initialize_psoc
                0x00000488       0x74 .\CortexM3\ARM_GCC_484\Debug\Cm3Start.o
                0x00000488                initialize_psoc
 .text.CyClockStartupError
                0x000004fc        0x4 .\CortexM3\ARM_GCC_484\Debug\E-Throttle.a(cyfitter_cfg.o)
 .text.cfg_write_bytes32
                0x00000500       0x34 .\CortexM3\ARM_GCC_484\Debug\E-Throttle.a(cyfitter_cfg.o)
 .text.AnalogSetDefault
                0x00000534       0x98 .\CortexM3\ARM_GCC_484\Debug\E-Throttle.a(cyfitter_cfg.o)
 .text.CYMEMZERO
                0x000005cc        0xc .\CortexM3\ARM_GCC_484\Debug\E-Throttle.a(cyfitter_cfg.o)
 .text.CYCONFIGCPY
                0x000005d8        0x8 .\CortexM3\ARM_GCC_484\Debug\E-Throttle.a(cyfitter_cfg.o)
 .text.ClockSetup
                0x000005e0      0x118 .\CortexM3\ARM_GCC_484\Debug\E-Throttle.a(cyfitter_cfg.o)
 .text.BRAKE_ADC_AMux_Set
                0x000006f8       0x1c .\CortexM3\ARM_GCC_484\Debug\E-Throttle.a(cyfitter_cfg.o)
                0x000006f8                BRAKE_ADC_AMux_Set
 .text.BRAKE_ADC_AMux_Unset
                0x00000714       0x1c .\CortexM3\ARM_GCC_484\Debug\E-Throttle.a(cyfitter_cfg.o)
                0x00000714                BRAKE_ADC_AMux_Unset
 .text.cyfitter_cfg
                0x00000730      0x16c .\CortexM3\ARM_GCC_484\Debug\E-Throttle.a(cyfitter_cfg.o)
                0x00000730                cyfitter_cfg
 *fill*         0x0000089c        0x4 
 .text          0x000008a0       0x28 .\CortexM3\ARM_GCC_484\Debug\E-Throttle.a(CyBootAsmGnu.o)
                0x000008a0                CyDelayCycles
                0x000008b4                CyEnterCriticalSection
                0x000008bc                CyExitCriticalSection
 .text.CyDmacConfigure
                0x000008c8       0x34 .\CortexM3\ARM_GCC_484\Debug\E-Throttle.a(CyDmac.o)
                0x000008c8                CyDmacConfigure
 .text.CyDmaChEnable
                0x000008fc       0x38 .\CortexM3\ARM_GCC_484\Debug\E-Throttle.a(CyDmac.o)
                0x000008fc                CyDmaChEnable
 .text.CyDmaClearPendingDrq
                0x00000934       0x28 .\CortexM3\ARM_GCC_484\Debug\E-Throttle.a(CyDmac.o)
                0x00000934                CyDmaClearPendingDrq
 .text.CyDmaChPriority
                0x0000095c       0x24 .\CortexM3\ARM_GCC_484\Debug\E-Throttle.a(CyDmac.o)
                0x0000095c                CyDmaChPriority
 .text.CyDmaChSetExtendedAddress
                0x00000980       0x34 .\CortexM3\ARM_GCC_484\Debug\E-Throttle.a(CyDmac.o)
                0x00000980                CyDmaChSetExtendedAddress
 .text.CyDmaChSetInitialTd
                0x000009b4       0x18 .\CortexM3\ARM_GCC_484\Debug\E-Throttle.a(CyDmac.o)
                0x000009b4                CyDmaChSetInitialTd
 .text.CyDmaChSetConfiguration
                0x000009cc       0x44 .\CortexM3\ARM_GCC_484\Debug\E-Throttle.a(CyDmac.o)
                0x000009cc                CyDmaChSetConfiguration
 .text.CyDmaTdAllocate
                0x00000a10       0x34 .\CortexM3\ARM_GCC_484\Debug\E-Throttle.a(CyDmac.o)
                0x00000a10                CyDmaTdAllocate
 .text.CyDmaTdSetConfiguration
                0x00000a44       0x28 .\CortexM3\ARM_GCC_484\Debug\E-Throttle.a(CyDmac.o)
                0x00000a44                CyDmaTdSetConfiguration
 .text.CyDmaTdSetAddress
                0x00000a6c       0x1c .\CortexM3\ARM_GCC_484\Debug\E-Throttle.a(CyDmac.o)
                0x00000a6c                CyDmaTdSetAddress
 .text.CyHalt   0x00000a88        0x4 .\CortexM3\ARM_GCC_484\Debug\E-Throttle.a(CyLib.o)
                0x00000a88                CyHalt
 .text.CyDelayUs
                0x00000a8c       0x14 .\CortexM3\ARM_GCC_484\Debug\E-Throttle.a(CyLib.o)
                0x00000a8c                CyDelayUs
 .text.CyIntSetVector
                0x00000aa0       0x28 .\CortexM3\ARM_GCC_484\Debug\E-Throttle.a(CyLib.o)
                0x00000aa0                CyIntSetVector
 .text.CyIntSetPriority
                0x00000ac8       0x30 .\CortexM3\ARM_GCC_484\Debug\E-Throttle.a(CyLib.o)
                0x00000ac8                CyIntSetPriority
 .text.TPS_ADC_Init
                0x00000af8       0x3c .\CortexM3\ARM_GCC_484\Debug\E-Throttle.a(TPS_ADC.o)
                0x00000af8                TPS_ADC_Init
 .text.TPS_ADC_Enable
                0x00000b34       0xcc .\CortexM3\ARM_GCC_484\Debug\E-Throttle.a(TPS_ADC.o)
                0x00000b34                TPS_ADC_Enable
 .text.TPS_ADC_Start
                0x00000c00       0x28 .\CortexM3\ARM_GCC_484\Debug\E-Throttle.a(TPS_ADC.o)
                0x00000c00                TPS_ADC_Start
 .text.TPS_ADC_StartConvert
                0x00000c28       0x10 .\CortexM3\ARM_GCC_484\Debug\E-Throttle.a(TPS_ADC.o)
                0x00000c28                TPS_ADC_StartConvert
 .text.TPS_ADC_IsEndConversion
                0x00000c38       0x18 .\CortexM3\ARM_GCC_484\Debug\E-Throttle.a(TPS_ADC.o)
                0x00000c38                TPS_ADC_IsEndConversion
 .text.TPS_ADC_GetResult16
                0x00000c50       0x1c .\CortexM3\ARM_GCC_484\Debug\E-Throttle.a(TPS_ADC.o)
                0x00000c50                TPS_ADC_GetResult16
 .text.TPS_ADC_ISR
                0x00000c6c        0x4 .\CortexM3\ARM_GCC_484\Debug\E-Throttle.a(TPS_ADC_INT.o)
                0x00000c6c                TPS_ADC_ISR
 .text.APPS_ADC_Init
                0x00000c70       0x3c .\CortexM3\ARM_GCC_484\Debug\E-Throttle.a(APPS_ADC.o)
                0x00000c70                APPS_ADC_Init
 .text.APPS_ADC_Enable
                0x00000cac       0xcc .\CortexM3\ARM_GCC_484\Debug\E-Throttle.a(APPS_ADC.o)
                0x00000cac                APPS_ADC_Enable
 .text.APPS_ADC_Start
                0x00000d78       0x28 .\CortexM3\ARM_GCC_484\Debug\E-Throttle.a(APPS_ADC.o)
                0x00000d78                APPS_ADC_Start
 .text.APPS_ADC_StartConvert
                0x00000da0       0x10 .\CortexM3\ARM_GCC_484\Debug\E-Throttle.a(APPS_ADC.o)
                0x00000da0                APPS_ADC_StartConvert
 .text.APPS_ADC_IsEndConversion
                0x00000db0       0x18 .\CortexM3\ARM_GCC_484\Debug\E-Throttle.a(APPS_ADC.o)
                0x00000db0                APPS_ADC_IsEndConversion
 .text.APPS_ADC_GetResult16
                0x00000dc8       0x1c .\CortexM3\ARM_GCC_484\Debug\E-Throttle.a(APPS_ADC.o)
                0x00000dc8                APPS_ADC_GetResult16
 .text.APPS_ADC_ISR
                0x00000de4        0x4 .\CortexM3\ARM_GCC_484\Debug\E-Throttle.a(APPS_ADC_INT.o)
                0x00000de4                APPS_ADC_ISR
 .text.TPS_ADC_SAR_CalcGain
                0x00000de8       0x64 .\CortexM3\ARM_GCC_484\Debug\E-Throttle.a(TPS_ADC_SAR.o)
 .text.TPS_ADC_SAR_Enable
                0x00000e4c       0x74 .\CortexM3\ARM_GCC_484\Debug\E-Throttle.a(TPS_ADC_SAR.o)
                0x00000e4c                TPS_ADC_SAR_Enable
 .text.TPS_ADC_SAR_SetResolution
                0x00000ec0       0x38 .\CortexM3\ARM_GCC_484\Debug\E-Throttle.a(TPS_ADC_SAR.o)
                0x00000ec0                TPS_ADC_SAR_SetResolution
 .text.TPS_ADC_SAR_Init
                0x00000ef8       0x24 .\CortexM3\ARM_GCC_484\Debug\E-Throttle.a(TPS_ADC_SAR.o)
                0x00000ef8                TPS_ADC_SAR_Init
 .text.TPS_ADC_SAR_Start
                0x00000f1c       0x1c .\CortexM3\ARM_GCC_484\Debug\E-Throttle.a(TPS_ADC_SAR.o)
                0x00000f1c                TPS_ADC_SAR_Start
 .text.TPS_ADC_TempBuf_DmaInitialize
                0x00000f38       0x40 .\CortexM3\ARM_GCC_484\Debug\E-Throttle.a(TPS_ADC_TempBuf_dma.o)
                0x00000f38                TPS_ADC_TempBuf_DmaInitialize
 .text.TPS_ADC_FinalBuf_DmaInitialize
                0x00000f78       0x44 .\CortexM3\ARM_GCC_484\Debug\E-Throttle.a(TPS_ADC_FinalBuf_dma.o)
                0x00000f78                TPS_ADC_FinalBuf_DmaInitialize
 .text.TPS_ADC_IRQ_SetVector
                0x00000fbc        0xc .\CortexM3\ARM_GCC_484\Debug\E-Throttle.a(TPS_ADC_IRQ.o)
                0x00000fbc                TPS_ADC_IRQ_SetVector
 .text.TPS_ADC_IRQ_SetPriority
                0x00000fc8       0x10 .\CortexM3\ARM_GCC_484\Debug\E-Throttle.a(TPS_ADC_IRQ.o)
                0x00000fc8                TPS_ADC_IRQ_SetPriority
 .text.APPS_ADC_SAR_CalcGain
                0x00000fd8       0x64 .\CortexM3\ARM_GCC_484\Debug\E-Throttle.a(APPS_ADC_SAR.o)
 .text.APPS_ADC_SAR_Enable
                0x0000103c       0x74 .\CortexM3\ARM_GCC_484\Debug\E-Throttle.a(APPS_ADC_SAR.o)
                0x0000103c                APPS_ADC_SAR_Enable
 .text.APPS_ADC_SAR_SetResolution
                0x000010b0       0x38 .\CortexM3\ARM_GCC_484\Debug\E-Throttle.a(APPS_ADC_SAR.o)
                0x000010b0                APPS_ADC_SAR_SetResolution
 .text.APPS_ADC_SAR_Init
                0x000010e8       0x24 .\CortexM3\ARM_GCC_484\Debug\E-Throttle.a(APPS_ADC_SAR.o)
                0x000010e8                APPS_ADC_SAR_Init
 .text.APPS_ADC_SAR_Start
                0x0000110c       0x1c .\CortexM3\ARM_GCC_484\Debug\E-Throttle.a(APPS_ADC_SAR.o)
                0x0000110c                APPS_ADC_SAR_Start
 .text.APPS_ADC_TempBuf_DmaInitialize
                0x00001128       0x40 .\CortexM3\ARM_GCC_484\Debug\E-Throttle.a(APPS_ADC_TempBuf_dma.o)
                0x00001128                APPS_ADC_TempBuf_DmaInitialize
 .text.APPS_ADC_FinalBuf_DmaInitialize
                0x00001168       0x3c .\CortexM3\ARM_GCC_484\Debug\E-Throttle.a(APPS_ADC_FinalBuf_dma.o)
                0x00001168                APPS_ADC_FinalBuf_DmaInitialize
 .text.APPS_ADC_IRQ_SetVector
                0x000011a4        0xc .\CortexM3\ARM_GCC_484\Debug\E-Throttle.a(APPS_ADC_IRQ.o)
                0x000011a4                APPS_ADC_IRQ_SetVector
 .text.APPS_ADC_IRQ_SetPriority
                0x000011b0       0x10 .\CortexM3\ARM_GCC_484\Debug\E-Throttle.a(APPS_ADC_IRQ.o)
                0x000011b0                APPS_ADC_IRQ_SetPriority
 .text.BRAKE_ADC_GainCompensation
                0x000011c0       0xcc .\CortexM3\ARM_GCC_484\Debug\E-Throttle.a(BRAKE_ADC.o)
 .text.BRAKE_ADC_SetDSMRef0Reg
                0x0000128c       0x4c .\CortexM3\ARM_GCC_484\Debug\E-Throttle.a(BRAKE_ADC.o)
 .text.BRAKE_ADC_InitConfig
                0x000012d8       0xdc .\CortexM3\ARM_GCC_484\Debug\E-Throttle.a(BRAKE_ADC.o)
 .text.BRAKE_ADC_Init
                0x000013b4       0xc0 .\CortexM3\ARM_GCC_484\Debug\E-Throttle.a(BRAKE_ADC.o)
                0x000013b4                BRAKE_ADC_Init
 .text.BRAKE_ADC_Enable
                0x00001474       0xd4 .\CortexM3\ARM_GCC_484\Debug\E-Throttle.a(BRAKE_ADC.o)
                0x00001474                BRAKE_ADC_Enable
 .text.BRAKE_ADC_Start
                0x00001548       0x28 .\CortexM3\ARM_GCC_484\Debug\E-Throttle.a(BRAKE_ADC.o)
                0x00001548                BRAKE_ADC_Start
 .text.BRAKE_ADC_StartConvert
                0x00001570       0x10 .\CortexM3\ARM_GCC_484\Debug\E-Throttle.a(BRAKE_ADC.o)
                0x00001570                BRAKE_ADC_StartConvert
 .text.BRAKE_ADC_StopConvert
                0x00001580       0x10 .\CortexM3\ARM_GCC_484\Debug\E-Throttle.a(BRAKE_ADC.o)
                0x00001580                BRAKE_ADC_StopConvert
 .text.BRAKE_ADC_IsEndConversion
                0x00001590       0x2c .\CortexM3\ARM_GCC_484\Debug\E-Throttle.a(BRAKE_ADC.o)
                0x00001590                BRAKE_ADC_IsEndConversion
 .text.BRAKE_ADC_GetResult16
                0x000015bc       0x50 .\CortexM3\ARM_GCC_484\Debug\E-Throttle.a(BRAKE_ADC.o)
                0x000015bc                BRAKE_ADC_GetResult16
 .text.BRAKE_ADC_Read16
                0x0000160c       0x28 .\CortexM3\ARM_GCC_484\Debug\E-Throttle.a(BRAKE_ADC.o)
                0x0000160c                BRAKE_ADC_Read16
 .text.BRAKE_ADC_ISR1
                0x00001634        0x4 .\CortexM3\ARM_GCC_484\Debug\E-Throttle.a(BRAKE_ADC_INT.o)
                0x00001634                BRAKE_ADC_ISR1
 .text.BRAKE_ADC_AMux_Start
                0x00001638       0x20 .\CortexM3\ARM_GCC_484\Debug\E-Throttle.a(BRAKE_ADC_AMux.o)
                0x00001638                BRAKE_ADC_AMux_Start
 .text.BRAKE_ADC_AMux_Select
                0x00001658       0x18 .\CortexM3\ARM_GCC_484\Debug\E-Throttle.a(BRAKE_ADC_AMux.o)
                0x00001658                BRAKE_ADC_AMux_Select
 .text.BRAKE_ADC_Ext_CP_Clk_GetDividerRegister
                0x00001670        0xc .\CortexM3\ARM_GCC_484\Debug\E-Throttle.a(BRAKE_ADC_Ext_CP_Clk.o)
                0x00001670                BRAKE_ADC_Ext_CP_Clk_GetDividerRegister
 .text.BRAKE_ADC_Ext_CP_Clk_SetModeRegister
                0x0000167c       0x14 .\CortexM3\ARM_GCC_484\Debug\E-Throttle.a(BRAKE_ADC_Ext_CP_Clk.o)
                0x0000167c                BRAKE_ADC_Ext_CP_Clk_SetModeRegister
 .text.BRAKE_ADC_Ext_CP_Clk_GetSourceRegister
                0x00001690       0x10 .\CortexM3\ARM_GCC_484\Debug\E-Throttle.a(BRAKE_ADC_Ext_CP_Clk.o)
                0x00001690                BRAKE_ADC_Ext_CP_Clk_GetSourceRegister
 .text.BRAKE_ADC_Ext_CP_Clk_SetDividerRegister
                0x000016a0       0xe4 .\CortexM3\ARM_GCC_484\Debug\E-Throttle.a(BRAKE_ADC_Ext_CP_Clk.o)
                0x000016a0                BRAKE_ADC_Ext_CP_Clk_SetDividerRegister
 .text.BRAKE_ADC_theACLK_GetDividerRegister
                0x00001784        0xc .\CortexM3\ARM_GCC_484\Debug\E-Throttle.a(BRAKE_ADC_theACLK.o)
                0x00001784                BRAKE_ADC_theACLK_GetDividerRegister
 .text.BRAKE_ADC_theACLK_SetModeRegister
                0x00001790       0x14 .\CortexM3\ARM_GCC_484\Debug\E-Throttle.a(BRAKE_ADC_theACLK.o)
                0x00001790                BRAKE_ADC_theACLK_SetModeRegister
 .text.BRAKE_ADC_theACLK_GetSourceRegister
                0x000017a4       0x10 .\CortexM3\ARM_GCC_484\Debug\E-Throttle.a(BRAKE_ADC_theACLK.o)
                0x000017a4                BRAKE_ADC_theACLK_GetSourceRegister
 .text.BRAKE_ADC_theACLK_SetDividerRegister
                0x000017b4       0xe4 .\CortexM3\ARM_GCC_484\Debug\E-Throttle.a(BRAKE_ADC_theACLK.o)
                0x000017b4                BRAKE_ADC_theACLK_SetDividerRegister
 .text.Timer_Enable
                0x00001898       0x28 .\CortexM3\ARM_GCC_484\Debug\E-Throttle.a(Timer.o)
                0x00001898                Timer_Enable
 .text.Timer_Stop
                0x000018c0       0x28 .\CortexM3\ARM_GCC_484\Debug\E-Throttle.a(Timer.o)
                0x000018c0                Timer_Stop
 .text.Timer_SetInterruptMode
                0x000018e8        0xc .\CortexM3\ARM_GCC_484\Debug\E-Throttle.a(Timer.o)
                0x000018e8                Timer_SetInterruptMode
 .text.Timer_WritePeriod
                0x000018f4        0xc .\CortexM3\ARM_GCC_484\Debug\E-Throttle.a(Timer.o)
                0x000018f4                Timer_WritePeriod
 .text.Timer_WriteCounter
                0x00001900        0xc .\CortexM3\ARM_GCC_484\Debug\E-Throttle.a(Timer.o)
                0x00001900                Timer_WriteCounter
 .text.Timer_Init
                0x0000190c       0x60 .\CortexM3\ARM_GCC_484\Debug\E-Throttle.a(Timer.o)
                0x0000190c                Timer_Init
 .text.Timer_Start
                0x0000196c       0x1c .\CortexM3\ARM_GCC_484\Debug\E-Throttle.a(Timer.o)
                0x0000196c                Timer_Start
 .text.Timer_ReadCounter
                0x00001988       0x14 .\CortexM3\ARM_GCC_484\Debug\E-Throttle.a(Timer.o)
                0x00001988                Timer_ReadCounter
 .text          0x0000199c      0x370 c:/program files (x86)/cypress/psoc creator/3.2/psoc creator/import/gnu/arm/4.8.4/bin/../lib/gcc/arm-none-eabi/4.8.4/armv7-m\libgcc.a(_arm_addsubdf3.o)
                0x0000199c                __aeabi_drsub
                0x000019a4                __aeabi_dsub
                0x000019a4                __subdf3
                0x000019a8                __aeabi_dadd
                0x000019a8                __adddf3
                0x00001c20                __floatunsidf
                0x00001c20                __aeabi_ui2d
                0x00001c40                __floatsidf
                0x00001c40                __aeabi_i2d
                0x00001c64                __aeabi_f2d
                0x00001c64                __extendsfdf2
                0x00001ca0                __floatundidf
                0x00001ca0                __aeabi_ul2d
                0x00001cb0                __floatdidf
                0x00001cb0                __aeabi_l2d
 .text          0x00001d0c      0x110 c:/program files (x86)/cypress/psoc creator/3.2/psoc creator/import/gnu/arm/4.8.4/bin/../lib/gcc/arm-none-eabi/4.8.4/armv7-m\libgcc.a(_arm_cmpdf2.o)
                0x00001d0c                __gtdf2
                0x00001d0c                __gedf2
                0x00001d14                __ltdf2
                0x00001d14                __ledf2
                0x00001d1c                __nedf2
                0x00001d1c                __eqdf2
                0x00001d1c                __cmpdf2
                0x00001d98                __aeabi_cdrcmple
                0x00001da8                __aeabi_cdcmpeq
                0x00001da8                __aeabi_cdcmple
                0x00001db8                __aeabi_dcmpeq
                0x00001dcc                __aeabi_dcmplt
                0x00001de0                __aeabi_dcmple
                0x00001df4                __aeabi_dcmpge
                0x00001e08                __aeabi_dcmpgt
 .text          0x00001e1c      0x21c c:/program files (x86)/cypress/psoc creator/3.2/psoc creator/import/gnu/arm/4.8.4/bin/../lib/gcc/arm-none-eabi/4.8.4/armv7-m\libgcc.a(_arm_addsubsf3.o)
                0x00001e1c                __aeabi_frsub
                0x00001e24                __subsf3
                0x00001e24                __aeabi_fsub
                0x00001e28                __aeabi_fadd
                0x00001e28                __addsf3
                0x00001f88                __aeabi_ui2f
                0x00001f88                __floatunsisf
                0x00001f90                __aeabi_i2f
                0x00001f90                __floatsisf
                0x00001fac                __aeabi_ul2f
                0x00001fac                __floatundisf
                0x00001fbc                __aeabi_l2f
                0x00001fbc                __floatdisf
 .text          0x00002038      0x2a0 c:/program files (x86)/cypress/psoc creator/3.2/psoc creator/import/gnu/arm/4.8.4/bin/../lib/gcc/arm-none-eabi/4.8.4/armv7-m\libgcc.a(_arm_muldivsf3.o)
                0x00002038                __mulsf3
                0x00002038                __aeabi_fmul
                0x000021a0                __aeabi_fdiv
                0x000021a0                __divsf3
 .text          0x000022d8       0xec c:/program files (x86)/cypress/psoc creator/3.2/psoc creator/import/gnu/arm/4.8.4/bin/../lib/gcc/arm-none-eabi/4.8.4/armv7-m\libgcc.a(_arm_cmpsf2.o)
                0x000022d8                __gesf2
                0x000022d8                __gtsf2
                0x000022e0                __lesf2
                0x000022e0                __ltsf2
                0x000022e8                __nesf2
                0x000022e8                __eqsf2
                0x000022e8                __cmpsf2
                0x00002348                __aeabi_cfrcmple
                0x00002350                __aeabi_cfcmpeq
                0x00002350                __aeabi_cfcmple
                0x00002360                __aeabi_fcmpeq
                0x00002374                __aeabi_fcmplt
                0x00002388                __aeabi_fcmple
                0x0000239c                __aeabi_fcmpge
                0x000023b0                __aeabi_fcmpgt
 .text          0x000023c4       0x4c c:/program files (x86)/cypress/psoc creator/3.2/psoc creator/import/gnu/arm/4.8.4/bin/../lib/gcc/arm-none-eabi/4.8.4/armv7-m\libgcc.a(_arm_fixsfsi.o)
                0x000023c4                __aeabi_f2iz
                0x000023c4                __fixsfsi
 .text.__errno  0x00002410        0xc c:/program files (x86)/cypress/psoc creator/3.2/psoc creator/import/gnu/arm/4.8.4/bin/../lib/gcc/arm-none-eabi/4.8.4/../../../../arm-none-eabi/lib/armv7-m\libg_s.a(lib_a-errno.o)
                0x00002410                __errno
 .text.__libc_init_array
                0x0000241c       0x4c c:/program files (x86)/cypress/psoc creator/3.2/psoc creator/import/gnu/arm/4.8.4/bin/../lib/gcc/arm-none-eabi/4.8.4/../../../../arm-none-eabi/lib/armv7-m\libg_s.a(lib_a-init.o)
                0x0000241c                __libc_init_array
 .text.malloc   0x00002468       0x10 c:/program files (x86)/cypress/psoc creator/3.2/psoc creator/import/gnu/arm/4.8.4/bin/../lib/gcc/arm-none-eabi/4.8.4/../../../../arm-none-eabi/lib/armv7-m\libg_s.a(lib_a-malloc.o)
                0x00002468                malloc
 .text.free     0x00002478       0x10 c:/program files (x86)/cypress/psoc creator/3.2/psoc creator/import/gnu/arm/4.8.4/bin/../lib/gcc/arm-none-eabi/4.8.4/../../../../arm-none-eabi/lib/armv7-m\libg_s.a(lib_a-malloc.o)
                0x00002478                free
 .text.memcpy   0x00002488       0x12 c:/program files (x86)/cypress/psoc creator/3.2/psoc creator/import/gnu/arm/4.8.4/bin/../lib/gcc/arm-none-eabi/4.8.4/../../../../arm-none-eabi/lib/armv7-m\libg_s.a(lib_a-memcpy-stub.o)
                0x00002488                memcpy
 .text.memset   0x0000249a       0x10 c:/program files (x86)/cypress/psoc creator/3.2/psoc creator/import/gnu/arm/4.8.4/bin/../lib/gcc/arm-none-eabi/4.8.4/../../../../arm-none-eabi/lib/armv7-m\libg_s.a(lib_a-memset.o)
                0x0000249a                memset
 *fill*         0x000024aa        0x2 
 .text._free_r  0x000024ac       0x88 c:/program files (x86)/cypress/psoc creator/3.2/psoc creator/import/gnu/arm/4.8.4/bin/../lib/gcc/arm-none-eabi/4.8.4/../../../../arm-none-eabi/lib/armv7-m\libg_s.a(lib_a-nano-freer.o)
                0x000024ac                _free_r
 .text._malloc_r
                0x00002534       0xa8 c:/program files (x86)/cypress/psoc creator/3.2/psoc creator/import/gnu/arm/4.8.4/bin/../lib/gcc/arm-none-eabi/4.8.4/../../../../arm-none-eabi/lib/armv7-m\libg_s.a(lib_a-nano-mallocr.o)
                0x00002534                _malloc_r
 .text._sbrk_r  0x000025dc       0x20 c:/program files (x86)/cypress/psoc creator/3.2/psoc creator/import/gnu/arm/4.8.4/bin/../lib/gcc/arm-none-eabi/4.8.4/../../../../arm-none-eabi/lib/armv7-m\libg_s.a(lib_a-sbrkr.o)
                0x000025dc                _sbrk_r
 *(.plt)
 *(.gnu.warning)
 *(.glue_7t)
 .glue_7t       0x00000000        0x0 linker stubs
 *(.glue_7)
 .glue_7        0x00000000        0x0 linker stubs
 *(.vfp11_veneer)
 .vfp11_veneer  0x00000000        0x0 linker stubs
 *(.bootloader)
 *(.ARM.extab* .gnu.linkonce.armextab.*)
 *(.gcc_except_table)

.v4_bx          0x000025fc        0x0
 .v4_bx         0x00000000        0x0 linker stubs

.iplt           0x000025fc        0x0
 .iplt          0x00000000        0x0 c:/program files (x86)/cypress/psoc creator/3.2/psoc creator/import/gnu/arm/4.8.4/bin/../lib/gcc/arm-none-eabi/4.8.4/armv7-m/crtbegin.o

.eh_frame_hdr
 *(.eh_frame_hdr)

.eh_frame       0x000025fc        0x4
 *(.eh_frame)
 .eh_frame      0x000025fc        0x0 c:/program files (x86)/cypress/psoc creator/3.2/psoc creator/import/gnu/arm/4.8.4/bin/../lib/gcc/arm-none-eabi/4.8.4/armv7-m/crtbegin.o
 .eh_frame      0x000025fc        0x4 c:/program files (x86)/cypress/psoc creator/3.2/psoc creator/import/gnu/arm/4.8.4/bin/../lib/gcc/arm-none-eabi/4.8.4/armv7-m/crtend.o
                0x00002600                PROVIDE (__exidx_start, .)

.ARM.exidx
 *(.ARM.exidx* .gnu.linkonce.armexidx.*)
                0x00002600                __exidx_end = .

.rodata         0x00002600       0x80
 *(.rodata .rodata.* .gnu.linkonce.r.*)
 .rodata        0x00002600       0x48 .\CortexM3\ARM_GCC_484\Debug\E-Throttle.a(cyfitter_cfg.o)
                0x00002600                BRAKE_ADC_AMux__addrTable
                0x00002608                BRAKE_ADC_AMux__maskTable
 .rodata.str1.1
                0x00002648        0x2 c:/program files (x86)/cypress/psoc creator/3.2/psoc creator/import/gnu/arm/4.8.4/bin/../lib/gcc/arm-none-eabi/4.8.4/../../../../arm-none-eabi/lib/armv7-m\libg_s.a(lib_a-impure.o)
                0x0000264c                . = ALIGN (0x4)
 *fill*         0x0000264a        0x2 
 *(.init)
 .init          0x0000264c        0x4 c:/program files (x86)/cypress/psoc creator/3.2/psoc creator/import/gnu/arm/4.8.4/bin/../lib/gcc/arm-none-eabi/4.8.4/armv7-m/crti.o
                0x0000264c                _init
 .init          0x00002650        0x8 c:/program files (x86)/cypress/psoc creator/3.2/psoc creator/import/gnu/arm/4.8.4/bin/../lib/gcc/arm-none-eabi/4.8.4/armv7-m/crtn.o
                0x00002658                . = ALIGN (0x4)
                0x00002658                __preinit_array_start = .
 *(.preinit_array)
                0x00002658                __preinit_array_end = .
                0x00002658                . = ALIGN (0x4)
                0x00002658                __init_array_start = .
 *(SORT(.init_array.*))
 *(.init_array)
 .init_array    0x00002658        0x4 c:/program files (x86)/cypress/psoc creator/3.2/psoc creator/import/gnu/arm/4.8.4/bin/../lib/gcc/arm-none-eabi/4.8.4/armv7-m/crtbegin.o
 .init_array    0x0000265c        0x4 .\CortexM3\ARM_GCC_484\Debug\Cm3Start.o
                0x00002660                __init_array_end = .
                0x00002660                . = ALIGN (0x4)
 *(.fini)
 .fini          0x00002660        0x4 c:/program files (x86)/cypress/psoc creator/3.2/psoc creator/import/gnu/arm/4.8.4/bin/../lib/gcc/arm-none-eabi/4.8.4/armv7-m/crti.o
                0x00002660                _fini
 .fini          0x00002664        0x8 c:/program files (x86)/cypress/psoc creator/3.2/psoc creator/import/gnu/arm/4.8.4/bin/../lib/gcc/arm-none-eabi/4.8.4/armv7-m/crtn.o
                0x0000266c                . = ALIGN (0x4)
                0x0000266c                __fini_array_start = .
 *(.fini_array)
 .fini_array    0x0000266c        0x4 c:/program files (x86)/cypress/psoc creator/3.2/psoc creator/import/gnu/arm/4.8.4/bin/../lib/gcc/arm-none-eabi/4.8.4/armv7-m/crtbegin.o
 *(SORT(.fini_array.*))
                0x00002670                __fini_array_end = .
                0x00002670                . = ALIGN (0x4)
 *crtbegin.o(.ctors)
 *(EXCLUDE_FILE(*crtend.o) .ctors)
 *(SORT(.ctors.*))
 *crtend.o(.ctors)
                0x00002670                . = ALIGN (0x4)
 *crtbegin.o(.dtors)
 *(EXCLUDE_FILE(*crtend.o) .dtors)
 *(SORT(.dtors.*))
 *crtend.o(.dtors)
                0x00002670                . = ALIGN (0x4)
                0x00002670                __cy_regions = .
                0x00002670        0x4 LONG 0x2680 __cy_region_init_ram
                0x00002674        0x4 LONG 0x1fff8108 __cy_region_start_data
                0x00002678        0x4 LONG 0x90 __cy_region_init_size_ram
                0x0000267c        0x4 LONG 0x78 __cy_region_zero_size_ram
                0x00002680                __cy_regions_end = .
                0x00002680                . = ALIGN (0x8)
                0x00002680                _etext = .

.ramvectors     0x1fff8000      0x100
                0x1fff8000                __cy_region_start_ram = .
 *(.ramvectors)
 .ramvectors    0x1fff8000      0x100 .\CortexM3\ARM_GCC_484\Debug\Cm3Start.o
                0x1fff8000                CyRamVectors

.noinit         0x1fff8100        0x5
 *(.noinit)
 .noinit        0x1fff8100        0x4 .\CortexM3\ARM_GCC_484\Debug\Cm3Start.o
 .noinit        0x1fff8104        0x1 .\CortexM3\ARM_GCC_484\Debug\E-Throttle.a(CyLib.o)
                0x1fff8104                CyResetStatus

.data           0x1fff8108       0x90 load address 0x00002680
                0x1fff8108                __cy_region_start_data = .
 *(.jcr)
 .jcr           0x1fff8108        0x0 c:/program files (x86)/cypress/psoc creator/3.2/psoc creator/import/gnu/arm/4.8.4/bin/../lib/gcc/arm-none-eabi/4.8.4/armv7-m/crtbegin.o
 .jcr           0x1fff8108        0x4 c:/program files (x86)/cypress/psoc creator/3.2/psoc creator/import/gnu/arm/4.8.4/bin/../lib/gcc/arm-none-eabi/4.8.4/armv7-m/crtend.o
 *(.got.plt)
 *(.got)
 *(.shdata)
 *(.data .data.* .gnu.linkonce.d.*)
 .data          0x1fff810c        0x4 .\CortexM3\ARM_GCC_484\Debug\Cm3Start.o
 .data          0x1fff8110        0x8 .\CortexM3\ARM_GCC_484\Debug\E-Throttle.a(CyDmac.o)
 .data          0x1fff8118       0x10 .\CortexM3\ARM_GCC_484\Debug\E-Throttle.a(CyLib.o)
                0x1fff8118                cydelay_32k_ms
                0x1fff811c                cydelay_freq_khz
                0x1fff8120                cydelay_freq_mhz
                0x1fff8124                cydelay_freq_hz
 .data          0x1fff8128        0x2 .\CortexM3\ARM_GCC_484\Debug\E-Throttle.a(TPS_ADC.o)
 .data          0x1fff812a        0x2 .\CortexM3\ARM_GCC_484\Debug\E-Throttle.a(APPS_ADC.o)
 .data          0x1fff812c        0x1 .\CortexM3\ARM_GCC_484\Debug\E-Throttle.a(TPS_ADC_TempBuf_dma.o)
                0x1fff812c                TPS_ADC_TempBuf_DmaHandle
 .data          0x1fff812d        0x1 .\CortexM3\ARM_GCC_484\Debug\E-Throttle.a(TPS_ADC_FinalBuf_dma.o)
                0x1fff812d                TPS_ADC_FinalBuf_DmaHandle
 .data          0x1fff812e        0x1 .\CortexM3\ARM_GCC_484\Debug\E-Throttle.a(APPS_ADC_TempBuf_dma.o)
                0x1fff812e                APPS_ADC_TempBuf_DmaHandle
 .data          0x1fff812f        0x1 .\CortexM3\ARM_GCC_484\Debug\E-Throttle.a(APPS_ADC_FinalBuf_dma.o)
                0x1fff812f                APPS_ADC_FinalBuf_DmaHandle
 .data          0x1fff8130        0x1 .\CortexM3\ARM_GCC_484\Debug\E-Throttle.a(BRAKE_ADC.o)
                0x1fff8130                BRAKE_ADC_Config
 .data          0x1fff8131        0x1 .\CortexM3\ARM_GCC_484\Debug\E-Throttle.a(BRAKE_ADC_AMux.o)
 *fill*         0x1fff8132        0x2 
 .data.impure_data
                0x1fff8134       0x60 c:/program files (x86)/cypress/psoc creator/3.2/psoc creator/import/gnu/arm/4.8.4/bin/../lib/gcc/arm-none-eabi/4.8.4/../../../../arm-none-eabi/lib/armv7-m\libg_s.a(lib_a-impure.o)
 .data._impure_ptr
                0x1fff8194        0x4 c:/program files (x86)/cypress/psoc creator/3.2/psoc creator/import/gnu/arm/4.8.4/bin/../lib/gcc/arm-none-eabi/4.8.4/../../../../arm-none-eabi/lib/armv7-m\libg_s.a(lib_a-impure.o)
                0x1fff8194                _impure_ptr
                0x1fff8198                . = ALIGN (0x8)
 *(.ram)
                0x1fff8198                _edata = .

.igot.plt       0x1fff8198        0x0 load address 0x00002710
 .igot.plt      0x00000000        0x0 c:/program files (x86)/cypress/psoc creator/3.2/psoc creator/import/gnu/arm/4.8.4/bin/../lib/gcc/arm-none-eabi/4.8.4/armv7-m/crtbegin.o

.bss            0x1fff8198       0x78 load address 0x00002710
                0x1fff8198                PROVIDE (__bss_start__, .)
 *(.shbss)
 *(.bss .bss.* .gnu.linkonce.b.*)
 .bss           0x1fff8198       0x1c c:/program files (x86)/cypress/psoc creator/3.2/psoc creator/import/gnu/arm/4.8.4/bin/../lib/gcc/arm-none-eabi/4.8.4/armv7-m/crtbegin.o
 .bss           0x1fff81b4        0xc .\CortexM3\ARM_GCC_484\Debug\E-Throttle.a(TPS_ADC.o)
                0x1fff81bc                TPS_ADC_initVar
 .bss           0x1fff81c0        0xc .\CortexM3\ARM_GCC_484\Debug\E-Throttle.a(APPS_ADC.o)
                0x1fff81c8                APPS_ADC_initVar
 .bss           0x1fff81cc        0x1 .\CortexM3\ARM_GCC_484\Debug\E-Throttle.a(TPS_ADC_SAR.o)
                0x1fff81cc                TPS_ADC_SAR_initVar
 .bss           0x1fff81cd        0x1 .\CortexM3\ARM_GCC_484\Debug\E-Throttle.a(APPS_ADC_SAR.o)
                0x1fff81cd                APPS_ADC_SAR_initVar
 *fill*         0x1fff81ce        0x2 
 .bss           0x1fff81d0        0x8 .\CortexM3\ARM_GCC_484\Debug\E-Throttle.a(BRAKE_ADC.o)
                0x1fff81d4                BRAKE_ADC_stopConversion
                0x1fff81d5                BRAKE_ADC_convDone
                0x1fff81d6                BRAKE_ADC_initVar
                0x1fff81d7                BRAKE_ADC_started
 .bss           0x1fff81d8        0x1 .\CortexM3\ARM_GCC_484\Debug\E-Throttle.a(Timer.o)
                0x1fff81d8                Timer_initVar
 *fill*         0x1fff81d9        0x3 
 .bss.__malloc_sbrk_start
                0x1fff81dc        0x4 c:/program files (x86)/cypress/psoc creator/3.2/psoc creator/import/gnu/arm/4.8.4/bin/../lib/gcc/arm-none-eabi/4.8.4/../../../../arm-none-eabi/lib/armv7-m\libg_s.a(lib_a-nano-mallocr.o)
                0x1fff81dc                __malloc_sbrk_start
 .bss.__malloc_free_list
                0x1fff81e0        0x4 c:/program files (x86)/cypress/psoc creator/3.2/psoc creator/import/gnu/arm/4.8.4/bin/../lib/gcc/arm-none-eabi/4.8.4/../../../../arm-none-eabi/lib/armv7-m\libg_s.a(lib_a-nano-mallocr.o)
                0x1fff81e0                __malloc_free_list
 *(COMMON)
 COMMON         0x1fff81e4        0x4 .\CortexM3\ARM_GCC_484\Debug\E-Throttle.a(TPS_ADC.o)
                0x1fff81e4                TPS_ADC_finalArray
 COMMON         0x1fff81e8        0x4 .\CortexM3\ARM_GCC_484\Debug\E-Throttle.a(APPS_ADC.o)
                0x1fff81e8                APPS_ADC_finalArray
 COMMON         0x1fff81ec        0xc .\CortexM3\ARM_GCC_484\Debug\E-Throttle.a(TPS_ADC_SAR.o)
                0x1fff81ec                TPS_ADC_SAR_shift
                0x1fff81f0                TPS_ADC_SAR_countsPer10Volt
                0x1fff81f4                TPS_ADC_SAR_offset
                0x1fff81f6                TPS_ADC_SAR_countsPerVolt
 COMMON         0x1fff81f8        0xc .\CortexM3\ARM_GCC_484\Debug\E-Throttle.a(APPS_ADC_SAR.o)
                0x1fff81f8                APPS_ADC_SAR_shift
                0x1fff81fa                APPS_ADC_SAR_offset
                0x1fff81fc                APPS_ADC_SAR_countsPerVolt
                0x1fff8200                APPS_ADC_SAR_countsPer10Volt
 COMMON         0x1fff8204        0x8 .\CortexM3\ARM_GCC_484\Debug\E-Throttle.a(BRAKE_ADC.o)
                0x1fff8204                BRAKE_ADC_Offset
                0x1fff8208                BRAKE_ADC_CountsPerVolt
 COMMON         0x1fff820c        0x4 c:/program files (x86)/cypress/psoc creator/3.2/psoc creator/import/gnu/arm/4.8.4/bin/../lib/gcc/arm-none-eabi/4.8.4/../../../../arm-none-eabi/lib/armv7-m\libg_s.a(lib_a-reent.o)
                0x1fff820c                errno
                0x1fff8210                . = ALIGN (0x8)
 *(.ram.b)
                0x1fff8210                _end = .
                0x1fff8210                __end = .
                0x1fff8210                PROVIDE (end, .)
                0x1fff8210                PROVIDE (__bss_end__, .)
                0x00002680                __cy_region_init_ram = LOADADDR (.data)
                0x00000090                __cy_region_init_size_ram = (_edata - ADDR (.data))
                0x00000078                __cy_region_zero_size_ram = (_end - _edata)

.heap           0x1fff8210       0x80 load address 0x00002710
                0x1fff8210                . = _end
                0x1fff8290                . = (. + 0x80)
 *fill*         0x1fff8210       0x80 
                0x1fff8290                __cy_heap_limit = .

.stack          0x20007800      0x800
                0x20007800                __cy_stack_limit = .
                0x20008000                . = (. + 0x800)
 *fill*         0x20007800      0x800 
                0x00000001                ASSERT ((__cy_stack_limit >= __cy_heap_limit), region RAM overflowed with stack)

.cyloadermeta
 *(.cyloadermeta)

.cyloadablemeta
 *(.cyloadablemeta)

.cyconfigecc    0x80000000      0xbd0
 *(.cyconfigecc)
 .cyconfigecc   0x80000000      0xbd0 .\CortexM3\ARM_GCC_484\Debug\cymetadata.o
                0x80000000                cy_meta_configecc

.cycustnvl      0x90000000        0x4
 *(.cycustnvl)
 .cycustnvl     0x90000000        0x4 .\CortexM3\ARM_GCC_484\Debug\cymetadata.o
                0x90000000                cy_meta_custnvl

.cywolatch      0x90100000        0x4
 *(.cywolatch)
 .cywolatch     0x90100000        0x4 .\CortexM3\ARM_GCC_484\Debug\cymetadata.o
                0x90100000                cy_meta_wonvl

.cyeeprom       0x90200000        0x0
 *(.cyeeprom)
                0x00000001                ASSERT ((. <= ((0x90200000 + ee_offset) + ee_size)), .cyeeprom data will not fit in EEPROM)

.cyflashprotect
                0x90400000      0x100
 *(.cyflashprotect)
 .cyflashprotect
                0x90400000      0x100 .\CortexM3\ARM_GCC_484\Debug\cymetadata.o
                0x90400000                cy_meta_flashprotect

.cymeta         0x90500000        0xc
 *(.cymeta)
 .cymeta        0x90500000        0xc .\CortexM3\ARM_GCC_484\Debug\cymetadata.o
                0x90500000                cy_metadata

.rel.dyn        0x00002710        0x0 load address 0x9050000c
 .rel.iplt      0x00000000        0x0 c:/program files (x86)/cypress/psoc creator/3.2/psoc creator/import/gnu/arm/4.8.4/bin/../lib/gcc/arm-none-eabi/4.8.4/armv7-m/crtbegin.o

.stab
 *(.stab)

.stabstr
 *(.stabstr)

.debug
 *(.debug)

.line
 *(.line)

.debug_srcinfo
 *(.debug_srcinfo)

.debug_sfnames
 *(.debug_sfnames)

.debug_aranges  0x00000000      0xde0
 *(.debug_aranges)
 .debug_aranges
                0x00000000       0x20 .\CortexM3\ARM_GCC_484\Debug\main.o
 .debug_aranges
                0x00000020       0x68 .\CortexM3\ARM_GCC_484\Debug\signal_processing.o
 .debug_aranges
                0x00000088       0x38 .\CortexM3\ARM_GCC_484\Debug\queue.o
 .debug_aranges
                0x000000c0       0x18 .\CortexM3\ARM_GCC_484\Debug\cymetadata.o
 .debug_aranges
                0x000000d8       0x48 .\CortexM3\ARM_GCC_484\Debug\Cm3Start.o
 .debug_aranges
                0x00000120       0x68 .\CortexM3\ARM_GCC_484\Debug\E-Throttle.a(cyfitter_cfg.o)
 .debug_aranges
                0x00000188       0x20 .\CortexM3\ARM_GCC_484\Debug\E-Throttle.a(CyBootAsmGnu.o)
 .debug_aranges
                0x000001a8       0xd8 .\CortexM3\ARM_GCC_484\Debug\E-Throttle.a(CyDmac.o)
 .debug_aranges
                0x00000280      0x298 .\CortexM3\ARM_GCC_484\Debug\E-Throttle.a(CyLib.o)
 .debug_aranges
                0x00000518       0x98 .\CortexM3\ARM_GCC_484\Debug\E-Throttle.a(cyPm.o)
 .debug_aranges
                0x000005b0       0xa0 .\CortexM3\ARM_GCC_484\Debug\E-Throttle.a(TPS_ADC.o)
 .debug_aranges
                0x00000650       0x20 .\CortexM3\ARM_GCC_484\Debug\E-Throttle.a(TPS_ADC_INT.o)
 .debug_aranges
                0x00000670       0xa0 .\CortexM3\ARM_GCC_484\Debug\E-Throttle.a(APPS_ADC.o)
 .debug_aranges
                0x00000710       0x20 .\CortexM3\ARM_GCC_484\Debug\E-Throttle.a(APPS_ADC_INT.o)
 .debug_aranges
                0x00000730       0xa8 .\CortexM3\ARM_GCC_484\Debug\E-Throttle.a(TPS_ADC_SAR.o)
 .debug_aranges
                0x000007d8       0x28 .\CortexM3\ARM_GCC_484\Debug\E-Throttle.a(TPS_ADC_TempBuf_dma.o)
 .debug_aranges
                0x00000800       0x28 .\CortexM3\ARM_GCC_484\Debug\E-Throttle.a(TPS_ADC_FinalBuf_dma.o)
 .debug_aranges
                0x00000828       0x80 .\CortexM3\ARM_GCC_484\Debug\E-Throttle.a(TPS_ADC_IRQ.o)
 .debug_aranges
                0x000008a8       0xa8 .\CortexM3\ARM_GCC_484\Debug\E-Throttle.a(APPS_ADC_SAR.o)
 .debug_aranges
                0x00000950       0x28 .\CortexM3\ARM_GCC_484\Debug\E-Throttle.a(APPS_ADC_TempBuf_dma.o)
 .debug_aranges
                0x00000978       0x28 .\CortexM3\ARM_GCC_484\Debug\E-Throttle.a(APPS_ADC_FinalBuf_dma.o)
 .debug_aranges
                0x000009a0       0x80 .\CortexM3\ARM_GCC_484\Debug\E-Throttle.a(APPS_ADC_IRQ.o)
 .debug_aranges
                0x00000a20       0xe8 .\CortexM3\ARM_GCC_484\Debug\E-Throttle.a(BRAKE_ADC.o)
 .debug_aranges
                0x00000b08       0x38 .\CortexM3\ARM_GCC_484\Debug\E-Throttle.a(BRAKE_ADC_INT.o)
 .debug_aranges
                0x00000b40       0x30 .\CortexM3\ARM_GCC_484\Debug\E-Throttle.a(BRAKE_ADC_AMux.o)
 .debug_aranges
                0x00000b70       0x70 .\CortexM3\ARM_GCC_484\Debug\E-Throttle.a(BRAKE_ADC_Ext_CP_Clk.o)
 .debug_aranges
                0x00000be0       0x80 .\CortexM3\ARM_GCC_484\Debug\E-Throttle.a(BRAKE_ADC_theACLK.o)
 .debug_aranges
                0x00000c60       0x88 .\CortexM3\ARM_GCC_484\Debug\E-Throttle.a(Timer.o)
 .debug_aranges
                0x00000ce8       0x80 .\CortexM3\ARM_GCC_484\Debug\E-Throttle.a(CyFlash.o)
 .debug_aranges
                0x00000d68       0x78 .\CortexM3\ARM_GCC_484\Debug\E-Throttle.a(CySpc.o)

.debug_pubnames
 *(.debug_pubnames)

.debug_info     0x00000000     0x8b0d
 *(.debug_info .gnu.linkonce.wi.*)
 .debug_info    0x00000000      0x644 .\CortexM3\ARM_GCC_484\Debug\main.o
 .debug_info    0x00000644      0x64c .\CortexM3\ARM_GCC_484\Debug\signal_processing.o
 .debug_info    0x00000c90      0x2b4 .\CortexM3\ARM_GCC_484\Debug\queue.o
 .debug_info    0x00000f44      0x13e .\CortexM3\ARM_GCC_484\Debug\cymetadata.o
 .debug_info    0x00001082      0x3af .\CortexM3\ARM_GCC_484\Debug\Cm3Start.o
 .debug_info    0x00001431      0x726 .\CortexM3\ARM_GCC_484\Debug\E-Throttle.a(cyfitter_cfg.o)
 .debug_info    0x00001b57       0x98 .\CortexM3\ARM_GCC_484\Debug\E-Throttle.a(CyBootAsmGnu.o)
 .debug_info    0x00001bef      0x93f .\CortexM3\ARM_GCC_484\Debug\E-Throttle.a(CyDmac.o)
 .debug_info    0x0000252e     0x1373 .\CortexM3\ARM_GCC_484\Debug\E-Throttle.a(CyLib.o)
 .debug_info    0x000038a1      0xa56 .\CortexM3\ARM_GCC_484\Debug\E-Throttle.a(cyPm.o)
 .debug_info    0x000042f7      0x7ba .\CortexM3\ARM_GCC_484\Debug\E-Throttle.a(TPS_ADC.o)
 .debug_info    0x00004ab1       0x99 .\CortexM3\ARM_GCC_484\Debug\E-Throttle.a(TPS_ADC_INT.o)
 .debug_info    0x00004b4a      0x7ba .\CortexM3\ARM_GCC_484\Debug\E-Throttle.a(APPS_ADC.o)
 .debug_info    0x00005304       0x99 .\CortexM3\ARM_GCC_484\Debug\E-Throttle.a(APPS_ADC_INT.o)
 .debug_info    0x0000539d      0x546 .\CortexM3\ARM_GCC_484\Debug\E-Throttle.a(TPS_ADC_SAR.o)
 .debug_info    0x000058e3      0x1f7 .\CortexM3\ARM_GCC_484\Debug\E-Throttle.a(TPS_ADC_TempBuf_dma.o)
 .debug_info    0x00005ada      0x1fa .\CortexM3\ARM_GCC_484\Debug\E-Throttle.a(TPS_ADC_FinalBuf_dma.o)
 .debug_info    0x00005cd4      0x2c7 .\CortexM3\ARM_GCC_484\Debug\E-Throttle.a(TPS_ADC_IRQ.o)
 .debug_info    0x00005f9b      0x546 .\CortexM3\ARM_GCC_484\Debug\E-Throttle.a(APPS_ADC_SAR.o)
 .debug_info    0x000064e1      0x1f7 .\CortexM3\ARM_GCC_484\Debug\E-Throttle.a(APPS_ADC_TempBuf_dma.o)
 .debug_info    0x000066d8      0x1fb .\CortexM3\ARM_GCC_484\Debug\E-Throttle.a(APPS_ADC_FinalBuf_dma.o)
 .debug_info    0x000068d3      0x2c7 .\CortexM3\ARM_GCC_484\Debug\E-Throttle.a(APPS_ADC_IRQ.o)
 .debug_info    0x00006b9a      0xa72 .\CortexM3\ARM_GCC_484\Debug\E-Throttle.a(BRAKE_ADC.o)
 .debug_info    0x0000760c       0xcc .\CortexM3\ARM_GCC_484\Debug\E-Throttle.a(BRAKE_ADC_INT.o)
 .debug_info    0x000076d8      0x16c .\CortexM3\ARM_GCC_484\Debug\E-Throttle.a(BRAKE_ADC_AMux.o)
 .debug_info    0x00007844      0x283 .\CortexM3\ARM_GCC_484\Debug\E-Throttle.a(BRAKE_ADC_Ext_CP_Clk.o)
 .debug_info    0x00007ac7      0x2c4 .\CortexM3\ARM_GCC_484\Debug\E-Throttle.a(BRAKE_ADC_theACLK.o)
 .debug_info    0x00007d8b      0x28a .\CortexM3\ARM_GCC_484\Debug\E-Throttle.a(Timer.o)
 .debug_info    0x00008015      0x60a .\CortexM3\ARM_GCC_484\Debug\E-Throttle.a(CyFlash.o)
 .debug_info    0x0000861f      0x4ee .\CortexM3\ARM_GCC_484\Debug\E-Throttle.a(CySpc.o)

.debug_abbrev   0x00000000     0x28d5
 *(.debug_abbrev)
 .debug_abbrev  0x00000000      0x167 .\CortexM3\ARM_GCC_484\Debug\main.o
 .debug_abbrev  0x00000167      0x210 .\CortexM3\ARM_GCC_484\Debug\signal_processing.o
 .debug_abbrev  0x00000377      0x170 .\CortexM3\ARM_GCC_484\Debug\queue.o
 .debug_abbrev  0x000004e7       0x77 .\CortexM3\ARM_GCC_484\Debug\cymetadata.o
 .debug_abbrev  0x0000055e      0x20d .\CortexM3\ARM_GCC_484\Debug\Cm3Start.o
 .debug_abbrev  0x0000076b      0x237 .\CortexM3\ARM_GCC_484\Debug\E-Throttle.a(cyfitter_cfg.o)
 .debug_abbrev  0x000009a2       0x14 .\CortexM3\ARM_GCC_484\Debug\E-Throttle.a(CyBootAsmGnu.o)
 .debug_abbrev  0x000009b6      0x1cc .\CortexM3\ARM_GCC_484\Debug\E-Throttle.a(CyDmac.o)
 .debug_abbrev  0x00000b82      0x296 .\CortexM3\ARM_GCC_484\Debug\E-Throttle.a(CyLib.o)
 .debug_abbrev  0x00000e18      0x1fa .\CortexM3\ARM_GCC_484\Debug\E-Throttle.a(cyPm.o)
 .debug_abbrev  0x00001012      0x1c8 .\CortexM3\ARM_GCC_484\Debug\E-Throttle.a(TPS_ADC.o)
 .debug_abbrev  0x000011da       0x42 .\CortexM3\ARM_GCC_484\Debug\E-Throttle.a(TPS_ADC_INT.o)
 .debug_abbrev  0x0000121c      0x1c8 .\CortexM3\ARM_GCC_484\Debug\E-Throttle.a(APPS_ADC.o)
 .debug_abbrev  0x000013e4       0x42 .\CortexM3\ARM_GCC_484\Debug\E-Throttle.a(APPS_ADC_INT.o)
 .debug_abbrev  0x00001426      0x1e6 .\CortexM3\ARM_GCC_484\Debug\E-Throttle.a(TPS_ADC_SAR.o)
 .debug_abbrev  0x0000160c       0xf8 .\CortexM3\ARM_GCC_484\Debug\E-Throttle.a(TPS_ADC_TempBuf_dma.o)
 .debug_abbrev  0x00001704       0xf8 .\CortexM3\ARM_GCC_484\Debug\E-Throttle.a(TPS_ADC_FinalBuf_dma.o)
 .debug_abbrev  0x000017fc      0x157 .\CortexM3\ARM_GCC_484\Debug\E-Throttle.a(TPS_ADC_IRQ.o)
 .debug_abbrev  0x00001953      0x1e6 .\CortexM3\ARM_GCC_484\Debug\E-Throttle.a(APPS_ADC_SAR.o)
 .debug_abbrev  0x00001b39       0xf8 .\CortexM3\ARM_GCC_484\Debug\E-Throttle.a(APPS_ADC_TempBuf_dma.o)
 .debug_abbrev  0x00001c31       0xf8 .\CortexM3\ARM_GCC_484\Debug\E-Throttle.a(APPS_ADC_FinalBuf_dma.o)
 .debug_abbrev  0x00001d29      0x157 .\CortexM3\ARM_GCC_484\Debug\E-Throttle.a(APPS_ADC_IRQ.o)
 .debug_abbrev  0x00001e80      0x21f .\CortexM3\ARM_GCC_484\Debug\E-Throttle.a(BRAKE_ADC.o)
 .debug_abbrev  0x0000209f       0x42 .\CortexM3\ARM_GCC_484\Debug\E-Throttle.a(BRAKE_ADC_INT.o)
 .debug_abbrev  0x000020e1       0xcb .\CortexM3\ARM_GCC_484\Debug\E-Throttle.a(BRAKE_ADC_AMux.o)
 .debug_abbrev  0x000021ac      0x137 .\CortexM3\ARM_GCC_484\Debug\E-Throttle.a(BRAKE_ADC_Ext_CP_Clk.o)
 .debug_abbrev  0x000022e3      0x11f .\CortexM3\ARM_GCC_484\Debug\E-Throttle.a(BRAKE_ADC_theACLK.o)
 .debug_abbrev  0x00002402      0x127 .\CortexM3\ARM_GCC_484\Debug\E-Throttle.a(Timer.o)
 .debug_abbrev  0x00002529      0x1de .\CortexM3\ARM_GCC_484\Debug\E-Throttle.a(CyFlash.o)
 .debug_abbrev  0x00002707      0x1ce .\CortexM3\ARM_GCC_484\Debug\E-Throttle.a(CySpc.o)

.debug_line     0x00000000     0x373c
 *(.debug_line)
 .debug_line    0x00000000      0x1eb .\CortexM3\ARM_GCC_484\Debug\main.o
 .debug_line    0x000001eb      0x319 .\CortexM3\ARM_GCC_484\Debug\signal_processing.o
 .debug_line    0x00000504      0x247 .\CortexM3\ARM_GCC_484\Debug\queue.o
 .debug_line    0x0000074b       0x53 .\CortexM3\ARM_GCC_484\Debug\cymetadata.o
 .debug_line    0x0000079e      0x243 .\CortexM3\ARM_GCC_484\Debug\Cm3Start.o
 .debug_line    0x000009e1      0x244 .\CortexM3\ARM_GCC_484\Debug\E-Throttle.a(cyfitter_cfg.o)
 .debug_line    0x00000c25       0x68 .\CortexM3\ARM_GCC_484\Debug\E-Throttle.a(CyBootAsmGnu.o)
 .debug_line    0x00000c8d      0x2de .\CortexM3\ARM_GCC_484\Debug\E-Throttle.a(CyDmac.o)
 .debug_line    0x00000f6b      0x818 .\CortexM3\ARM_GCC_484\Debug\E-Throttle.a(CyLib.o)
 .debug_line    0x00001783      0x366 .\CortexM3\ARM_GCC_484\Debug\E-Throttle.a(cyPm.o)
 .debug_line    0x00001ae9      0x22b .\CortexM3\ARM_GCC_484\Debug\E-Throttle.a(TPS_ADC.o)
 .debug_line    0x00001d14       0x56 .\CortexM3\ARM_GCC_484\Debug\E-Throttle.a(TPS_ADC_INT.o)
 .debug_line    0x00001d6a      0x230 .\CortexM3\ARM_GCC_484\Debug\E-Throttle.a(APPS_ADC.o)
 .debug_line    0x00001f9a       0x57 .\CortexM3\ARM_GCC_484\Debug\E-Throttle.a(APPS_ADC_INT.o)
 .debug_line    0x00001ff1      0x208 .\CortexM3\ARM_GCC_484\Debug\E-Throttle.a(TPS_ADC_SAR.o)
 .debug_line    0x000021f9       0xa5 .\CortexM3\ARM_GCC_484\Debug\E-Throttle.a(TPS_ADC_TempBuf_dma.o)
 .debug_line    0x0000229e       0xa6 .\CortexM3\ARM_GCC_484\Debug\E-Throttle.a(TPS_ADC_FinalBuf_dma.o)
 .debug_line    0x00002344      0x151 .\CortexM3\ARM_GCC_484\Debug\E-Throttle.a(TPS_ADC_IRQ.o)
 .debug_line    0x00002495      0x209 .\CortexM3\ARM_GCC_484\Debug\E-Throttle.a(APPS_ADC_SAR.o)
 .debug_line    0x0000269e       0xa6 .\CortexM3\ARM_GCC_484\Debug\E-Throttle.a(APPS_ADC_TempBuf_dma.o)
 .debug_line    0x00002744       0xa7 .\CortexM3\ARM_GCC_484\Debug\E-Throttle.a(APPS_ADC_FinalBuf_dma.o)
 .debug_line    0x000027eb      0x152 .\CortexM3\ARM_GCC_484\Debug\E-Throttle.a(APPS_ADC_IRQ.o)
 .debug_line    0x0000293d      0x38b .\CortexM3\ARM_GCC_484\Debug\E-Throttle.a(BRAKE_ADC.o)
 .debug_line    0x00002cc8       0x88 .\CortexM3\ARM_GCC_484\Debug\E-Throttle.a(BRAKE_ADC_INT.o)
 .debug_line    0x00002d50       0xb4 .\CortexM3\ARM_GCC_484\Debug\E-Throttle.a(BRAKE_ADC_AMux.o)
 .debug_line    0x00002e04      0x1a4 .\CortexM3\ARM_GCC_484\Debug\E-Throttle.a(BRAKE_ADC_Ext_CP_Clk.o)
 .debug_line    0x00002fa8      0x1c4 .\CortexM3\ARM_GCC_484\Debug\E-Throttle.a(BRAKE_ADC_theACLK.o)
 .debug_line    0x0000316c      0x155 .\CortexM3\ARM_GCC_484\Debug\E-Throttle.a(Timer.o)
 .debug_line    0x000032c1      0x233 .\CortexM3\ARM_GCC_484\Debug\E-Throttle.a(CyFlash.o)
 .debug_line    0x000034f4      0x248 .\CortexM3\ARM_GCC_484\Debug\E-Throttle.a(CySpc.o)

.debug_frame    0x00000000     0x2490
 *(.debug_frame)
 .debug_frame   0x00000000       0x44 .\CortexM3\ARM_GCC_484\Debug\main.o
 .debug_frame   0x00000044      0x13c .\CortexM3\ARM_GCC_484\Debug\signal_processing.o
 .debug_frame   0x00000180       0x84 .\CortexM3\ARM_GCC_484\Debug\queue.o
 .debug_frame   0x00000204       0xac .\CortexM3\ARM_GCC_484\Debug\Cm3Start.o
 .debug_frame   0x000002b0      0x10c .\CortexM3\ARM_GCC_484\Debug\E-Throttle.a(cyfitter_cfg.o)
 .debug_frame   0x000003bc      0x1d0 .\CortexM3\ARM_GCC_484\Debug\E-Throttle.a(CyDmac.o)
 .debug_frame   0x0000058c      0x730 .\CortexM3\ARM_GCC_484\Debug\E-Throttle.a(CyLib.o)
 .debug_frame   0x00000cbc      0x1fc .\CortexM3\ARM_GCC_484\Debug\E-Throttle.a(cyPm.o)
 .debug_frame   0x00000eb8      0x1d0 .\CortexM3\ARM_GCC_484\Debug\E-Throttle.a(TPS_ADC.o)
 .debug_frame   0x00001088       0x20 .\CortexM3\ARM_GCC_484\Debug\E-Throttle.a(TPS_ADC_INT.o)
 .debug_frame   0x000010a8      0x1d0 .\CortexM3\ARM_GCC_484\Debug\E-Throttle.a(APPS_ADC.o)
 .debug_frame   0x00001278       0x20 .\CortexM3\ARM_GCC_484\Debug\E-Throttle.a(APPS_ADC_INT.o)
 .debug_frame   0x00001298      0x1a4 .\CortexM3\ARM_GCC_484\Debug\E-Throttle.a(TPS_ADC_SAR.o)
 .debug_frame   0x0000143c       0x54 .\CortexM3\ARM_GCC_484\Debug\E-Throttle.a(TPS_ADC_TempBuf_dma.o)
 .debug_frame   0x00001490       0x54 .\CortexM3\ARM_GCC_484\Debug\E-Throttle.a(TPS_ADC_FinalBuf_dma.o)
 .debug_frame   0x000014e4      0x104 .\CortexM3\ARM_GCC_484\Debug\E-Throttle.a(TPS_ADC_IRQ.o)
 .debug_frame   0x000015e8      0x1a4 .\CortexM3\ARM_GCC_484\Debug\E-Throttle.a(APPS_ADC_SAR.o)
 .debug_frame   0x0000178c       0x54 .\CortexM3\ARM_GCC_484\Debug\E-Throttle.a(APPS_ADC_TempBuf_dma.o)
 .debug_frame   0x000017e0       0x54 .\CortexM3\ARM_GCC_484\Debug\E-Throttle.a(APPS_ADC_FinalBuf_dma.o)
 .debug_frame   0x00001834      0x104 .\CortexM3\ARM_GCC_484\Debug\E-Throttle.a(APPS_ADC_IRQ.o)
 .debug_frame   0x00001938      0x280 .\CortexM3\ARM_GCC_484\Debug\E-Throttle.a(BRAKE_ADC.o)
 .debug_frame   0x00001bb8       0x50 .\CortexM3\ARM_GCC_484\Debug\E-Throttle.a(BRAKE_ADC_INT.o)
 .debug_frame   0x00001c08       0x64 .\CortexM3\ARM_GCC_484\Debug\E-Throttle.a(BRAKE_ADC_AMux.o)
 .debug_frame   0x00001c6c       0xe0 .\CortexM3\ARM_GCC_484\Debug\E-Throttle.a(BRAKE_ADC_Ext_CP_Clk.o)
 .debug_frame   0x00001d4c      0x100 .\CortexM3\ARM_GCC_484\Debug\E-Throttle.a(BRAKE_ADC_theACLK.o)
 .debug_frame   0x00001e4c      0x108 .\CortexM3\ARM_GCC_484\Debug\E-Throttle.a(Timer.o)
 .debug_frame   0x00001f54      0x17c .\CortexM3\ARM_GCC_484\Debug\E-Throttle.a(CyFlash.o)
 .debug_frame   0x000020d0      0x148 .\CortexM3\ARM_GCC_484\Debug\E-Throttle.a(CySpc.o)
 .debug_frame   0x00002218       0x58 c:/program files (x86)/cypress/psoc creator/3.2/psoc creator/import/gnu/arm/4.8.4/bin/../lib/gcc/arm-none-eabi/4.8.4/armv7-m\libgcc.a(bpabi.o)
 .debug_frame   0x00002270       0x34 c:/program files (x86)/cypress/psoc creator/3.2/psoc creator/import/gnu/arm/4.8.4/bin/../lib/gcc/arm-none-eabi/4.8.4/armv7-m\libgcc.a(_divdi3.o)
 .debug_frame   0x000022a4       0x34 c:/program files (x86)/cypress/psoc creator/3.2/psoc creator/import/gnu/arm/4.8.4/bin/../lib/gcc/arm-none-eabi/4.8.4/armv7-m\libgcc.a(_udivdi3.o)
 .debug_frame   0x000022d8       0x20 c:/program files (x86)/cypress/psoc creator/3.2/psoc creator/import/gnu/arm/4.8.4/bin/../lib/gcc/arm-none-eabi/4.8.4/../../../../arm-none-eabi/lib/armv7-m\libg_s.a(lib_a-errno.o)
 .debug_frame   0x000022f8       0x28 c:/program files (x86)/cypress/psoc creator/3.2/psoc creator/import/gnu/arm/4.8.4/bin/../lib/gcc/arm-none-eabi/4.8.4/../../../../arm-none-eabi/lib/armv7-m\libg_s.a(lib_a-exit.o)
 .debug_frame   0x00002320       0x2c c:/program files (x86)/cypress/psoc creator/3.2/psoc creator/import/gnu/arm/4.8.4/bin/../lib/gcc/arm-none-eabi/4.8.4/../../../../arm-none-eabi/lib/armv7-m\libg_s.a(lib_a-init.o)
 .debug_frame   0x0000234c       0x30 c:/program files (x86)/cypress/psoc creator/3.2/psoc creator/import/gnu/arm/4.8.4/bin/../lib/gcc/arm-none-eabi/4.8.4/../../../../arm-none-eabi/lib/armv7-m\libg_s.a(lib_a-malloc.o)
 .debug_frame   0x0000237c       0x28 c:/program files (x86)/cypress/psoc creator/3.2/psoc creator/import/gnu/arm/4.8.4/bin/../lib/gcc/arm-none-eabi/4.8.4/../../../../arm-none-eabi/lib/armv7-m\libg_s.a(lib_a-memcpy-stub.o)
 .debug_frame   0x000023a4       0x20 c:/program files (x86)/cypress/psoc creator/3.2/psoc creator/import/gnu/arm/4.8.4/bin/../lib/gcc/arm-none-eabi/4.8.4/../../../../arm-none-eabi/lib/armv7-m\libg_s.a(lib_a-memset.o)
 .debug_frame   0x000023c4       0x2c c:/program files (x86)/cypress/psoc creator/3.2/psoc creator/import/gnu/arm/4.8.4/bin/../lib/gcc/arm-none-eabi/4.8.4/../../../../arm-none-eabi/lib/armv7-m\libg_s.a(lib_a-nano-freer.o)
 .debug_frame   0x000023f0       0x2c c:/program files (x86)/cypress/psoc creator/3.2/psoc creator/import/gnu/arm/4.8.4/bin/../lib/gcc/arm-none-eabi/4.8.4/../../../../arm-none-eabi/lib/armv7-m\libg_s.a(lib_a-nano-mallocr.o)
 .debug_frame   0x0000241c       0x2c c:/program files (x86)/cypress/psoc creator/3.2/psoc creator/import/gnu/arm/4.8.4/bin/../lib/gcc/arm-none-eabi/4.8.4/../../../../arm-none-eabi/lib/armv7-m\libg_s.a(lib_a-sbrkr.o)
 .debug_frame   0x00002448       0x48 c:/program files (x86)/cypress/psoc creator/3.2/psoc creator/import/gnu/arm/4.8.4/bin/../lib/gcc/arm-none-eabi/4.8.4/../../../../arm-none-eabi/lib/armv7-m\libg_s.a(lib_a-reent.o)

.debug_str      0x00000000     0x3111
 *(.debug_str)
 .debug_str     0x00000000      0x40e .\CortexM3\ARM_GCC_484\Debug\main.o
                                0x467 (size before relaxing)
 .debug_str     0x0000040e      0x14c .\CortexM3\ARM_GCC_484\Debug\signal_processing.o
                                0x41b (size before relaxing)
 .debug_str     0x0000055a       0x34 .\CortexM3\ARM_GCC_484\Debug\queue.o
                                0x23e (size before relaxing)
 .debug_str     0x0000058e       0x77 .\CortexM3\ARM_GCC_484\Debug\cymetadata.o
                                0x1e0 (size before relaxing)
 .debug_str     0x00000605      0x168 .\CortexM3\ARM_GCC_484\Debug\Cm3Start.o
                                0x304 (size before relaxing)
 .debug_str     0x0000076d      0x1e8 .\CortexM3\ARM_GCC_484\Debug\E-Throttle.a(cyfitter_cfg.o)
                                0x392 (size before relaxing)
 .debug_str     0x00000955      0x37e .\CortexM3\ARM_GCC_484\Debug\E-Throttle.a(CyDmac.o)
                                0x534 (size before relaxing)
 .debug_str     0x00000cd3      0x7e3 .\CortexM3\ARM_GCC_484\Debug\E-Throttle.a(CyLib.o)
                                0xa19 (size before relaxing)
 .debug_str     0x000014b6      0x35b .\CortexM3\ARM_GCC_484\Debug\E-Throttle.a(cyPm.o)
                                0x711 (size before relaxing)
 .debug_str     0x00001811      0x355 .\CortexM3\ARM_GCC_484\Debug\E-Throttle.a(TPS_ADC.o)
                                0x60f (size before relaxing)
 .debug_str     0x00001b66       0x33 .\CortexM3\ARM_GCC_484\Debug\E-Throttle.a(TPS_ADC_INT.o)
                                0x196 (size before relaxing)
 .debug_str     0x00001b99      0x337 .\CortexM3\ARM_GCC_484\Debug\E-Throttle.a(APPS_ADC.o)
                                0x638 (size before relaxing)
 .debug_str     0x00001ed0       0x35 .\CortexM3\ARM_GCC_484\Debug\E-Throttle.a(APPS_ADC_INT.o)
                                0x198 (size before relaxing)
 .debug_str     0x00001f05      0x13e .\CortexM3\ARM_GCC_484\Debug\E-Throttle.a(TPS_ADC_SAR.o)
                                0x488 (size before relaxing)
 .debug_str     0x00002043       0x9f .\CortexM3\ARM_GCC_484\Debug\E-Throttle.a(TPS_ADC_TempBuf_dma.o)
                                0x287 (size before relaxing)
 .debug_str     0x000020e2       0x67 .\CortexM3\ARM_GCC_484\Debug\E-Throttle.a(TPS_ADC_FinalBuf_dma.o)
                                0x28b (size before relaxing)
 .debug_str     0x00002149      0x10e .\CortexM3\ARM_GCC_484\Debug\E-Throttle.a(TPS_ADC_IRQ.o)
                                0x2e4 (size before relaxing)
 .debug_str     0x00002257      0x12a .\CortexM3\ARM_GCC_484\Debug\E-Throttle.a(APPS_ADC_SAR.o)
                                0x4a0 (size before relaxing)
 .debug_str     0x00002381       0x67 .\CortexM3\ARM_GCC_484\Debug\E-Throttle.a(APPS_ADC_TempBuf_dma.o)
                                0x28b (size before relaxing)
 .debug_str     0x000023e8       0x6a .\CortexM3\ARM_GCC_484\Debug\E-Throttle.a(APPS_ADC_FinalBuf_dma.o)
                                0x28f (size before relaxing)
 .debug_str     0x00002452      0x11a .\CortexM3\ARM_GCC_484\Debug\E-Throttle.a(APPS_ADC_IRQ.o)
                                0x2f2 (size before relaxing)
 .debug_str     0x0000256c      0x401 .\CortexM3\ARM_GCC_484\Debug\E-Throttle.a(BRAKE_ADC.o)
                                0x6b6 (size before relaxing)
 .debug_str     0x0000296d       0x65 .\CortexM3\ARM_GCC_484\Debug\E-Throttle.a(BRAKE_ADC_INT.o)
                                0x1c8 (size before relaxing)
 .debug_str     0x000029d2       0x74 .\CortexM3\ARM_GCC_484\Debug\E-Throttle.a(BRAKE_ADC_AMux.o)
                                0x21f (size before relaxing)
 .debug_str     0x00002a46      0x1ab .\CortexM3\ARM_GCC_484\Debug\E-Throttle.a(BRAKE_ADC_Ext_CP_Clk.o)
                                0x380 (size before relaxing)
 .debug_str     0x00002bf1      0x199 .\CortexM3\ARM_GCC_484\Debug\E-Throttle.a(BRAKE_ADC_theACLK.o)
                                0x3ab (size before relaxing)
 .debug_str     0x00002d8a      0x13b .\CortexM3\ARM_GCC_484\Debug\E-Throttle.a(Timer.o)
                                0x2df (size before relaxing)
 .debug_str     0x00002ec5      0x19e .\CortexM3\ARM_GCC_484\Debug\E-Throttle.a(CyFlash.o)
                                0x38b (size before relaxing)
 .debug_str     0x00003063       0xae .\CortexM3\ARM_GCC_484\Debug\E-Throttle.a(CySpc.o)
                                0x314 (size before relaxing)

.debug_loc      0x00000000     0x421c
 *(.debug_loc)
 .debug_loc     0x00000000      0x199 .\CortexM3\ARM_GCC_484\Debug\main.o
 .debug_loc     0x00000199      0x51c .\CortexM3\ARM_GCC_484\Debug\signal_processing.o
 .debug_loc     0x000006b5      0x12b .\CortexM3\ARM_GCC_484\Debug\queue.o
 .debug_loc     0x000007e0      0x14f .\CortexM3\ARM_GCC_484\Debug\Cm3Start.o
 .debug_loc     0x0000092f      0x2f8 .\CortexM3\ARM_GCC_484\Debug\E-Throttle.a(cyfitter_cfg.o)
 .debug_loc     0x00000c27      0xb6b .\CortexM3\ARM_GCC_484\Debug\E-Throttle.a(CyDmac.o)
 .debug_loc     0x00001792      0xa53 .\CortexM3\ARM_GCC_484\Debug\E-Throttle.a(CyLib.o)
 .debug_loc     0x000021e5      0x22a .\CortexM3\ARM_GCC_484\Debug\E-Throttle.a(cyPm.o)
 .debug_loc     0x0000240f      0x13c .\CortexM3\ARM_GCC_484\Debug\E-Throttle.a(TPS_ADC.o)
 .debug_loc     0x0000254b      0x13c .\CortexM3\ARM_GCC_484\Debug\E-Throttle.a(APPS_ADC.o)
 .debug_loc     0x00002687      0x2b3 .\CortexM3\ARM_GCC_484\Debug\E-Throttle.a(TPS_ADC_SAR.o)
 .debug_loc     0x0000293a       0x84 .\CortexM3\ARM_GCC_484\Debug\E-Throttle.a(TPS_ADC_TempBuf_dma.o)
 .debug_loc     0x000029be       0x84 .\CortexM3\ARM_GCC_484\Debug\E-Throttle.a(TPS_ADC_FinalBuf_dma.o)
 .debug_loc     0x00002a42       0x56 .\CortexM3\ARM_GCC_484\Debug\E-Throttle.a(TPS_ADC_IRQ.o)
 .debug_loc     0x00002a98      0x2b3 .\CortexM3\ARM_GCC_484\Debug\E-Throttle.a(APPS_ADC_SAR.o)
 .debug_loc     0x00002d4b       0x84 .\CortexM3\ARM_GCC_484\Debug\E-Throttle.a(APPS_ADC_TempBuf_dma.o)
 .debug_loc     0x00002dcf       0x84 .\CortexM3\ARM_GCC_484\Debug\E-Throttle.a(APPS_ADC_FinalBuf_dma.o)
 .debug_loc     0x00002e53       0x56 .\CortexM3\ARM_GCC_484\Debug\E-Throttle.a(APPS_ADC_IRQ.o)
 .debug_loc     0x00002ea9      0x6ec .\CortexM3\ARM_GCC_484\Debug\E-Throttle.a(BRAKE_ADC.o)
 .debug_loc     0x00003595       0x79 .\CortexM3\ARM_GCC_484\Debug\E-Throttle.a(BRAKE_ADC_AMux.o)
 .debug_loc     0x0000360e      0x125 .\CortexM3\ARM_GCC_484\Debug\E-Throttle.a(BRAKE_ADC_Ext_CP_Clk.o)
 .debug_loc     0x00003733      0x146 .\CortexM3\ARM_GCC_484\Debug\E-Throttle.a(BRAKE_ADC_theACLK.o)
 .debug_loc     0x00003879      0x321 .\CortexM3\ARM_GCC_484\Debug\E-Throttle.a(CyFlash.o)
 .debug_loc     0x00003b9a      0x682 .\CortexM3\ARM_GCC_484\Debug\E-Throttle.a(CySpc.o)

.debug_macinfo
 *(.debug_macinfo)

.debug_ranges   0x00000000      0xc18
 *(.debug_ranges)
 .debug_ranges  0x00000000       0x10 .\CortexM3\ARM_GCC_484\Debug\main.o
 .debug_ranges  0x00000010       0x58 .\CortexM3\ARM_GCC_484\Debug\signal_processing.o
 .debug_ranges  0x00000068       0x28 .\CortexM3\ARM_GCC_484\Debug\queue.o
 .debug_ranges  0x00000090       0x50 .\CortexM3\ARM_GCC_484\Debug\Cm3Start.o
 .debug_ranges  0x000000e0       0x70 .\CortexM3\ARM_GCC_484\Debug\E-Throttle.a(cyfitter_cfg.o)
 .debug_ranges  0x00000150       0xc8 .\CortexM3\ARM_GCC_484\Debug\E-Throttle.a(CyDmac.o)
 .debug_ranges  0x00000218      0x288 .\CortexM3\ARM_GCC_484\Debug\E-Throttle.a(CyLib.o)
 .debug_ranges  0x000004a0       0x88 .\CortexM3\ARM_GCC_484\Debug\E-Throttle.a(cyPm.o)
 .debug_ranges  0x00000528       0x90 .\CortexM3\ARM_GCC_484\Debug\E-Throttle.a(TPS_ADC.o)
 .debug_ranges  0x000005b8       0x10 .\CortexM3\ARM_GCC_484\Debug\E-Throttle.a(TPS_ADC_INT.o)
 .debug_ranges  0x000005c8       0x90 .\CortexM3\ARM_GCC_484\Debug\E-Throttle.a(APPS_ADC.o)
 .debug_ranges  0x00000658       0x10 .\CortexM3\ARM_GCC_484\Debug\E-Throttle.a(APPS_ADC_INT.o)
 .debug_ranges  0x00000668       0x98 .\CortexM3\ARM_GCC_484\Debug\E-Throttle.a(TPS_ADC_SAR.o)
 .debug_ranges  0x00000700       0x18 .\CortexM3\ARM_GCC_484\Debug\E-Throttle.a(TPS_ADC_TempBuf_dma.o)
 .debug_ranges  0x00000718       0x18 .\CortexM3\ARM_GCC_484\Debug\E-Throttle.a(TPS_ADC_FinalBuf_dma.o)
 .debug_ranges  0x00000730       0x70 .\CortexM3\ARM_GCC_484\Debug\E-Throttle.a(TPS_ADC_IRQ.o)
 .debug_ranges  0x000007a0       0x98 .\CortexM3\ARM_GCC_484\Debug\E-Throttle.a(APPS_ADC_SAR.o)
 .debug_ranges  0x00000838       0x18 .\CortexM3\ARM_GCC_484\Debug\E-Throttle.a(APPS_ADC_TempBuf_dma.o)
 .debug_ranges  0x00000850       0x18 .\CortexM3\ARM_GCC_484\Debug\E-Throttle.a(APPS_ADC_FinalBuf_dma.o)
 .debug_ranges  0x00000868       0x70 .\CortexM3\ARM_GCC_484\Debug\E-Throttle.a(APPS_ADC_IRQ.o)
 .debug_ranges  0x000008d8       0xd8 .\CortexM3\ARM_GCC_484\Debug\E-Throttle.a(BRAKE_ADC.o)
 .debug_ranges  0x000009b0       0x28 .\CortexM3\ARM_GCC_484\Debug\E-Throttle.a(BRAKE_ADC_INT.o)
 .debug_ranges  0x000009d8       0x20 .\CortexM3\ARM_GCC_484\Debug\E-Throttle.a(BRAKE_ADC_AMux.o)
 .debug_ranges  0x000009f8       0x60 .\CortexM3\ARM_GCC_484\Debug\E-Throttle.a(BRAKE_ADC_Ext_CP_Clk.o)
 .debug_ranges  0x00000a58       0x70 .\CortexM3\ARM_GCC_484\Debug\E-Throttle.a(BRAKE_ADC_theACLK.o)
 .debug_ranges  0x00000ac8       0x78 .\CortexM3\ARM_GCC_484\Debug\E-Throttle.a(Timer.o)
 .debug_ranges  0x00000b40       0x70 .\CortexM3\ARM_GCC_484\Debug\E-Throttle.a(CyFlash.o)
 .debug_ranges  0x00000bb0       0x68 .\CortexM3\ARM_GCC_484\Debug\E-Throttle.a(CySpc.o)

.comment        0x00000000       0x70
 .comment       0x00000000       0x70 .\CortexM3\ARM_GCC_484\Debug\main.o
                                 0x71 (size before relaxing)
 .comment       0x00000000       0x71 .\CortexM3\ARM_GCC_484\Debug\signal_processing.o
 .comment       0x00000000       0x71 .\CortexM3\ARM_GCC_484\Debug\queue.o
 .comment       0x00000000       0x71 .\CortexM3\ARM_GCC_484\Debug\cymetadata.o
 .comment       0x00000000       0x71 .\CortexM3\ARM_GCC_484\Debug\Cm3Start.o
 .comment       0x00000000       0x71 .\CortexM3\ARM_GCC_484\Debug\E-Throttle.a(cyfitter_cfg.o)
 .comment       0x00000000       0x71 .\CortexM3\ARM_GCC_484\Debug\E-Throttle.a(CyDmac.o)
 .comment       0x00000000       0x71 .\CortexM3\ARM_GCC_484\Debug\E-Throttle.a(CyLib.o)
 .comment       0x00000000       0x71 .\CortexM3\ARM_GCC_484\Debug\E-Throttle.a(cyPm.o)
 .comment       0x00000000       0x71 .\CortexM3\ARM_GCC_484\Debug\E-Throttle.a(TPS_ADC.o)
 .comment       0x00000000       0x71 .\CortexM3\ARM_GCC_484\Debug\E-Throttle.a(TPS_ADC_INT.o)
 .comment       0x00000000       0x71 .\CortexM3\ARM_GCC_484\Debug\E-Throttle.a(APPS_ADC.o)
 .comment       0x00000000       0x71 .\CortexM3\ARM_GCC_484\Debug\E-Throttle.a(APPS_ADC_INT.o)
 .comment       0x00000000       0x71 .\CortexM3\ARM_GCC_484\Debug\E-Throttle.a(TPS_ADC_SAR.o)
 .comment       0x00000000       0x71 .\CortexM3\ARM_GCC_484\Debug\E-Throttle.a(TPS_ADC_TempBuf_dma.o)
 .comment       0x00000000       0x71 .\CortexM3\ARM_GCC_484\Debug\E-Throttle.a(TPS_ADC_FinalBuf_dma.o)
 .comment       0x00000000       0x71 .\CortexM3\ARM_GCC_484\Debug\E-Throttle.a(TPS_ADC_IRQ.o)
 .comment       0x00000000       0x71 .\CortexM3\ARM_GCC_484\Debug\E-Throttle.a(APPS_ADC_SAR.o)
 .comment       0x00000000       0x71 .\CortexM3\ARM_GCC_484\Debug\E-Throttle.a(APPS_ADC_TempBuf_dma.o)
 .comment       0x00000000       0x71 .\CortexM3\ARM_GCC_484\Debug\E-Throttle.a(APPS_ADC_FinalBuf_dma.o)
 .comment       0x00000000       0x71 .\CortexM3\ARM_GCC_484\Debug\E-Throttle.a(APPS_ADC_IRQ.o)
 .comment       0x00000000       0x71 .\CortexM3\ARM_GCC_484\Debug\E-Throttle.a(BRAKE_ADC.o)
 .comment       0x00000000       0x71 .\CortexM3\ARM_GCC_484\Debug\E-Throttle.a(BRAKE_ADC_INT.o)
 .comment       0x00000000       0x71 .\CortexM3\ARM_GCC_484\Debug\E-Throttle.a(BRAKE_ADC_AMux.o)
 .comment       0x00000000       0x71 .\CortexM3\ARM_GCC_484\Debug\E-Throttle.a(BRAKE_ADC_Ext_CP_Clk.o)
 .comment       0x00000000       0x71 .\CortexM3\ARM_GCC_484\Debug\E-Throttle.a(BRAKE_ADC_theACLK.o)
 .comment       0x00000000       0x71 .\CortexM3\ARM_GCC_484\Debug\E-Throttle.a(Timer.o)
 .comment       0x00000000       0x71 .\CortexM3\ARM_GCC_484\Debug\E-Throttle.a(CyFlash.o)
 .comment       0x00000000       0x71 .\CortexM3\ARM_GCC_484\Debug\E-Throttle.a(CySpc.o)

.debug_weaknames
 *(.debug_weaknames)

.debug_funcnames
 *(.debug_funcnames)

.debug_typenames
 *(.debug_typenames)

.debug_varnames
 *(.debug_varnames)

.note.gnu.arm.ident
 *(.note.gnu.arm.ident)

.ARM.attributes
                0x00000000       0x29
 *(.ARM.attributes)
 .ARM.attributes
                0x00000000       0x1d c:/program files (x86)/cypress/psoc creator/3.2/psoc creator/import/gnu/arm/4.8.4/bin/../lib/gcc/arm-none-eabi/4.8.4/armv7-m/crti.o
 .ARM.attributes
                0x0000001d       0x2d c:/program files (x86)/cypress/psoc creator/3.2/psoc creator/import/gnu/arm/4.8.4/bin/../lib/gcc/arm-none-eabi/4.8.4/armv7-m/crtbegin.o
 .ARM.attributes
                0x0000004a       0x1b c:/program files (x86)/cypress/psoc creator/3.2/psoc creator/import/gnu/arm/4.8.4/bin/../lib/gcc/arm-none-eabi/4.8.4/../../../../arm-none-eabi/lib/armv7-m/crt0.o
 .ARM.attributes
                0x00000065       0x33 .\CortexM3\ARM_GCC_484\Debug\main.o
 .ARM.attributes
                0x00000098       0x33 .\CortexM3\ARM_GCC_484\Debug\signal_processing.o
 .ARM.attributes
                0x000000cb       0x33 .\CortexM3\ARM_GCC_484\Debug\queue.o
 .ARM.attributes
                0x000000fe       0x33 .\CortexM3\ARM_GCC_484\Debug\cymetadata.o
 .ARM.attributes
                0x00000131       0x33 .\CortexM3\ARM_GCC_484\Debug\Cm3Start.o
 .ARM.attributes
                0x00000164       0x33 .\CortexM3\ARM_GCC_484\Debug\E-Throttle.a(cyfitter_cfg.o)
 .ARM.attributes
                0x00000197       0x21 .\CortexM3\ARM_GCC_484\Debug\E-Throttle.a(CyBootAsmGnu.o)
 .ARM.attributes
                0x000001b8       0x33 .\CortexM3\ARM_GCC_484\Debug\E-Throttle.a(CyDmac.o)
 .ARM.attributes
                0x000001eb       0x33 .\CortexM3\ARM_GCC_484\Debug\E-Throttle.a(CyLib.o)
 .ARM.attributes
                0x0000021e       0x33 .\CortexM3\ARM_GCC_484\Debug\E-Throttle.a(cyPm.o)
 .ARM.attributes
                0x00000251       0x33 .\CortexM3\ARM_GCC_484\Debug\E-Throttle.a(TPS_ADC.o)
 .ARM.attributes
                0x00000284       0x33 .\CortexM3\ARM_GCC_484\Debug\E-Throttle.a(TPS_ADC_INT.o)
 .ARM.attributes
                0x000002b7       0x33 .\CortexM3\ARM_GCC_484\Debug\E-Throttle.a(APPS_ADC.o)
 .ARM.attributes
                0x000002ea       0x33 .\CortexM3\ARM_GCC_484\Debug\E-Throttle.a(APPS_ADC_INT.o)
 .ARM.attributes
                0x0000031d       0x33 .\CortexM3\ARM_GCC_484\Debug\E-Throttle.a(TPS_ADC_SAR.o)
 .ARM.attributes
                0x00000350       0x33 .\CortexM3\ARM_GCC_484\Debug\E-Throttle.a(TPS_ADC_TempBuf_dma.o)
 .ARM.attributes
                0x00000383       0x33 .\CortexM3\ARM_GCC_484\Debug\E-Throttle.a(TPS_ADC_FinalBuf_dma.o)
 .ARM.attributes
                0x000003b6       0x33 .\CortexM3\ARM_GCC_484\Debug\E-Throttle.a(TPS_ADC_IRQ.o)
 .ARM.attributes
                0x000003e9       0x33 .\CortexM3\ARM_GCC_484\Debug\E-Throttle.a(APPS_ADC_SAR.o)
 .ARM.attributes
                0x0000041c       0x33 .\CortexM3\ARM_GCC_484\Debug\E-Throttle.a(APPS_ADC_TempBuf_dma.o)
 .ARM.attributes
                0x0000044f       0x33 .\CortexM3\ARM_GCC_484\Debug\E-Throttle.a(APPS_ADC_FinalBuf_dma.o)
 .ARM.attributes
                0x00000482       0x33 .\CortexM3\ARM_GCC_484\Debug\E-Throttle.a(APPS_ADC_IRQ.o)
 .ARM.attributes
                0x000004b5       0x33 .\CortexM3\ARM_GCC_484\Debug\E-Throttle.a(BRAKE_ADC.o)
 .ARM.attributes
                0x000004e8       0x33 .\CortexM3\ARM_GCC_484\Debug\E-Throttle.a(BRAKE_ADC_INT.o)
 .ARM.attributes
                0x0000051b       0x33 .\CortexM3\ARM_GCC_484\Debug\E-Throttle.a(BRAKE_ADC_AMux.o)
 .ARM.attributes
                0x0000054e       0x33 .\CortexM3\ARM_GCC_484\Debug\E-Throttle.a(BRAKE_ADC_Ext_CP_Clk.o)
 .ARM.attributes
                0x00000581       0x33 .\CortexM3\ARM_GCC_484\Debug\E-Throttle.a(BRAKE_ADC_theACLK.o)
 .ARM.attributes
                0x000005b4       0x33 .\CortexM3\ARM_GCC_484\Debug\E-Throttle.a(Timer.o)
 .ARM.attributes
                0x000005e7       0x33 .\CortexM3\ARM_GCC_484\Debug\E-Throttle.a(CyFlash.o)
 .ARM.attributes
                0x0000061a       0x33 .\CortexM3\ARM_GCC_484\Debug\E-Throttle.a(CySpc.o)
 .ARM.attributes
                0x0000064d       0x1d c:/program files (x86)/cypress/psoc creator/3.2/psoc creator/import/gnu/arm/4.8.4/bin/../lib/gcc/arm-none-eabi/4.8.4/armv7-m\libgcc.a(_arm_addsubdf3.o)
 .ARM.attributes
                0x0000066a       0x1d c:/program files (x86)/cypress/psoc creator/3.2/psoc creator/import/gnu/arm/4.8.4/bin/../lib/gcc/arm-none-eabi/4.8.4/armv7-m\libgcc.a(_arm_cmpdf2.o)
 .ARM.attributes
                0x00000687       0x1d c:/program files (x86)/cypress/psoc creator/3.2/psoc creator/import/gnu/arm/4.8.4/bin/../lib/gcc/arm-none-eabi/4.8.4/armv7-m\libgcc.a(_arm_addsubsf3.o)
 .ARM.attributes
                0x000006a4       0x1d c:/program files (x86)/cypress/psoc creator/3.2/psoc creator/import/gnu/arm/4.8.4/bin/../lib/gcc/arm-none-eabi/4.8.4/armv7-m\libgcc.a(_arm_muldivsf3.o)
 .ARM.attributes
                0x000006c1       0x1d c:/program files (x86)/cypress/psoc creator/3.2/psoc creator/import/gnu/arm/4.8.4/bin/../lib/gcc/arm-none-eabi/4.8.4/armv7-m\libgcc.a(_arm_cmpsf2.o)
 .ARM.attributes
                0x000006de       0x1d c:/program files (x86)/cypress/psoc creator/3.2/psoc creator/import/gnu/arm/4.8.4/bin/../lib/gcc/arm-none-eabi/4.8.4/armv7-m\libgcc.a(_arm_fixsfsi.o)
 .ARM.attributes
                0x000006fb       0x1d c:/program files (x86)/cypress/psoc creator/3.2/psoc creator/import/gnu/arm/4.8.4/bin/../lib/gcc/arm-none-eabi/4.8.4/armv7-m\libgcc.a(_arm_fixunssfsi.o)
 .ARM.attributes
                0x00000718       0x1d c:/program files (x86)/cypress/psoc creator/3.2/psoc creator/import/gnu/arm/4.8.4/bin/../lib/gcc/arm-none-eabi/4.8.4/armv7-m\libgcc.a(_aeabi_ldivmod.o)
 .ARM.attributes
                0x00000735       0x2d c:/program files (x86)/cypress/psoc creator/3.2/psoc creator/import/gnu/arm/4.8.4/bin/../lib/gcc/arm-none-eabi/4.8.4/armv7-m\libgcc.a(bpabi.o)
 .ARM.attributes
                0x00000762       0x1d c:/program files (x86)/cypress/psoc creator/3.2/psoc creator/import/gnu/arm/4.8.4/bin/../lib/gcc/arm-none-eabi/4.8.4/armv7-m\libgcc.a(_dvmd_tls.o)
 .ARM.attributes
                0x0000077f       0x2d c:/program files (x86)/cypress/psoc creator/3.2/psoc creator/import/gnu/arm/4.8.4/bin/../lib/gcc/arm-none-eabi/4.8.4/armv7-m\libgcc.a(_divdi3.o)
 .ARM.attributes
                0x000007ac       0x2d c:/program files (x86)/cypress/psoc creator/3.2/psoc creator/import/gnu/arm/4.8.4/bin/../lib/gcc/arm-none-eabi/4.8.4/armv7-m\libgcc.a(_udivdi3.o)
 .ARM.attributes
                0x000007d9       0x2d c:/program files (x86)/cypress/psoc creator/3.2/psoc creator/import/gnu/arm/4.8.4/bin/../lib/gcc/arm-none-eabi/4.8.4/../../../../arm-none-eabi/lib/armv7-m\libg_s.a(lib_a-errno.o)
 .ARM.attributes
                0x00000806       0x2d c:/program files (x86)/cypress/psoc creator/3.2/psoc creator/import/gnu/arm/4.8.4/bin/../lib/gcc/arm-none-eabi/4.8.4/../../../../arm-none-eabi/lib/armv7-m\libg_s.a(lib_a-exit.o)
 .ARM.attributes
                0x00000833       0x2d c:/program files (x86)/cypress/psoc creator/3.2/psoc creator/import/gnu/arm/4.8.4/bin/../lib/gcc/arm-none-eabi/4.8.4/../../../../arm-none-eabi/lib/armv7-m\libg_s.a(lib_a-impure.o)
 .ARM.attributes
                0x00000860       0x2d c:/program files (x86)/cypress/psoc creator/3.2/psoc creator/import/gnu/arm/4.8.4/bin/../lib/gcc/arm-none-eabi/4.8.4/../../../../arm-none-eabi/lib/armv7-m\libg_s.a(lib_a-init.o)
 .ARM.attributes
                0x0000088d       0x2d c:/program files (x86)/cypress/psoc creator/3.2/psoc creator/import/gnu/arm/4.8.4/bin/../lib/gcc/arm-none-eabi/4.8.4/../../../../arm-none-eabi/lib/armv7-m\libg_s.a(lib_a-malloc.o)
 .ARM.attributes
                0x000008ba       0x2d c:/program files (x86)/cypress/psoc creator/3.2/psoc creator/import/gnu/arm/4.8.4/bin/../lib/gcc/arm-none-eabi/4.8.4/../../../../arm-none-eabi/lib/armv7-m\libg_s.a(lib_a-memcpy-stub.o)
 .ARM.attributes
                0x000008e7       0x2d c:/program files (x86)/cypress/psoc creator/3.2/psoc creator/import/gnu/arm/4.8.4/bin/../lib/gcc/arm-none-eabi/4.8.4/../../../../arm-none-eabi/lib/armv7-m\libg_s.a(lib_a-memset.o)
 .ARM.attributes
                0x00000914       0x2d c:/program files (x86)/cypress/psoc creator/3.2/psoc creator/import/gnu/arm/4.8.4/bin/../lib/gcc/arm-none-eabi/4.8.4/../../../../arm-none-eabi/lib/armv7-m\libg_s.a(lib_a-nano-freer.o)
 .ARM.attributes
                0x00000941       0x2d c:/program files (x86)/cypress/psoc creator/3.2/psoc creator/import/gnu/arm/4.8.4/bin/../lib/gcc/arm-none-eabi/4.8.4/../../../../arm-none-eabi/lib/armv7-m\libg_s.a(lib_a-nano-mallocr.o)
 .ARM.attributes
                0x0000096e       0x2d c:/program files (x86)/cypress/psoc creator/3.2/psoc creator/import/gnu/arm/4.8.4/bin/../lib/gcc/arm-none-eabi/4.8.4/../../../../arm-none-eabi/lib/armv7-m\libg_s.a(lib_a-sbrkr.o)
 .ARM.attributes
                0x0000099b       0x2d c:/program files (x86)/cypress/psoc creator/3.2/psoc creator/import/gnu/arm/4.8.4/bin/../lib/gcc/arm-none-eabi/4.8.4/../../../../arm-none-eabi/lib/armv7-m\libg_s.a(lib_a-reent.o)
 .ARM.attributes
                0x000009c8       0x2d c:/program files (x86)/cypress/psoc creator/3.2/psoc creator/import/gnu/arm/4.8.4/bin/../lib/gcc/arm-none-eabi/4.8.4/armv7-m/crtend.o
 .ARM.attributes
                0x000009f5       0x1d c:/program files (x86)/cypress/psoc creator/3.2/psoc creator/import/gnu/arm/4.8.4/bin/../lib/gcc/arm-none-eabi/4.8.4/armv7-m/crtn.o

/DISCARD/
 *(.note.GNU-stack)
OUTPUT(.\CortexM3\ARM_GCC_484\Debug\E-Throttle.elf elf32-littlearm)
