Archive member included because of file (symbol)

.\CortexM3\ARM_GCC_484\Debug\E-Throttle.a(cyfitter_cfg.o)
                              .\CortexM3\ARM_GCC_484\Debug\Cm3Start.o (cyfitter_cfg)
.\CortexM3\ARM_GCC_484\Debug\E-Throttle.a(CyBootAsmGnu.o)
                              .\CortexM3\ARM_GCC_484\Debug\E-Throttle.a(cyfitter_cfg.o) (CyDelayCycles)
.\CortexM3\ARM_GCC_484\Debug\E-Throttle.a(CyDmac.o)
                              .\CortexM3\ARM_GCC_484\Debug\Cm3Start.o (CyDmacConfigure)
.\CortexM3\ARM_GCC_484\Debug\E-Throttle.a(CyLib.o)
                              .\CortexM3\ARM_GCC_484\Debug\Cm3Start.o (CyHalt)
.\CortexM3\ARM_GCC_484\Debug\E-Throttle.a(cyPm.o)
                              .\CortexM3\ARM_GCC_484\Debug\E-Throttle.a(CyLib.o) (CyPmReadStatus)
.\CortexM3\ARM_GCC_484\Debug\E-Throttle.a(TPS_ADC.o)
                              .\CortexM3\ARM_GCC_484\Debug\main.o (TPS_ADC_Start)
.\CortexM3\ARM_GCC_484\Debug\E-Throttle.a(TPS_ADC_INT.o)
                              .\CortexM3\ARM_GCC_484\Debug\E-Throttle.a(TPS_ADC.o) (TPS_ADC_ISR)
.\CortexM3\ARM_GCC_484\Debug\E-Throttle.a(APPS_ADC.o)
                              .\CortexM3\ARM_GCC_484\Debug\main.o (APPS_ADC_Start)
.\CortexM3\ARM_GCC_484\Debug\E-Throttle.a(APPS_ADC_INT.o)
                              .\CortexM3\ARM_GCC_484\Debug\E-Throttle.a(APPS_ADC.o) (APPS_ADC_ISR)
.\CortexM3\ARM_GCC_484\Debug\E-Throttle.a(SERVO_PWM.o)
                              .\CortexM3\ARM_GCC_484\Debug\signal_processing.o (SERVO_PWM_WriteCompare)
.\CortexM3\ARM_GCC_484\Debug\E-Throttle.a(TPS_ADC_SAR.o)
                              .\CortexM3\ARM_GCC_484\Debug\E-Throttle.a(TPS_ADC.o) (TPS_ADC_SAR_shift)
.\CortexM3\ARM_GCC_484\Debug\E-Throttle.a(TPS_ADC_TempBuf_dma.o)
                              .\CortexM3\ARM_GCC_484\Debug\E-Throttle.a(TPS_ADC.o) (TPS_ADC_TempBuf_DmaInitialize)
.\CortexM3\ARM_GCC_484\Debug\E-Throttle.a(TPS_ADC_FinalBuf_dma.o)
                              .\CortexM3\ARM_GCC_484\Debug\E-Throttle.a(TPS_ADC.o) (TPS_ADC_FinalBuf_DmaInitialize)
.\CortexM3\ARM_GCC_484\Debug\E-Throttle.a(TPS_ADC_IRQ.o)
                              .\CortexM3\ARM_GCC_484\Debug\E-Throttle.a(TPS_ADC.o) (TPS_ADC_IRQ_SetVector)
.\CortexM3\ARM_GCC_484\Debug\E-Throttle.a(APPS_ADC_SAR.o)
                              .\CortexM3\ARM_GCC_484\Debug\E-Throttle.a(APPS_ADC.o) (APPS_ADC_SAR_shift)
.\CortexM3\ARM_GCC_484\Debug\E-Throttle.a(APPS_ADC_TempBuf_dma.o)
                              .\CortexM3\ARM_GCC_484\Debug\E-Throttle.a(APPS_ADC.o) (APPS_ADC_TempBuf_DmaInitialize)
.\CortexM3\ARM_GCC_484\Debug\E-Throttle.a(APPS_ADC_FinalBuf_dma.o)
                              .\CortexM3\ARM_GCC_484\Debug\E-Throttle.a(APPS_ADC.o) (APPS_ADC_FinalBuf_DmaInitialize)
.\CortexM3\ARM_GCC_484\Debug\E-Throttle.a(APPS_ADC_IRQ.o)
                              .\CortexM3\ARM_GCC_484\Debug\E-Throttle.a(APPS_ADC.o) (APPS_ADC_IRQ_SetVector)
.\CortexM3\ARM_GCC_484\Debug\E-Throttle.a(BRAKE_ADC.o)
                              .\CortexM3\ARM_GCC_484\Debug\main.o (BRAKE_ADC_Start)
.\CortexM3\ARM_GCC_484\Debug\E-Throttle.a(BRAKE_ADC_INT.o)
                              .\CortexM3\ARM_GCC_484\Debug\E-Throttle.a(BRAKE_ADC.o) (BRAKE_ADC_ISR1)
.\CortexM3\ARM_GCC_484\Debug\E-Throttle.a(BRAKE_ADC_AMux.o)
                              .\CortexM3\ARM_GCC_484\Debug\E-Throttle.a(BRAKE_ADC.o) (BRAKE_ADC_AMux_Select)
.\CortexM3\ARM_GCC_484\Debug\E-Throttle.a(BRAKE_ADC_Ext_CP_Clk.o)
                              .\CortexM3\ARM_GCC_484\Debug\E-Throttle.a(BRAKE_ADC.o) (BRAKE_ADC_Ext_CP_Clk_SetModeRegister)
.\CortexM3\ARM_GCC_484\Debug\E-Throttle.a(BRAKE_ADC_theACLK.o)
                              .\CortexM3\ARM_GCC_484\Debug\E-Throttle.a(BRAKE_ADC.o) (BRAKE_ADC_theACLK_SetModeRegister)
.\CortexM3\ARM_GCC_484\Debug\E-Throttle.a(Timer.o)
                              .\CortexM3\ARM_GCC_484\Debug\signal_processing.o (Timer_Stop)
.\CortexM3\ARM_GCC_484\Debug\E-Throttle.a(UART.o)
                              .\CortexM3\ARM_GCC_484\Debug\main.o (UART_Start)
.\CortexM3\ARM_GCC_484\Debug\E-Throttle.a(UART_IntClock.o)
                              .\CortexM3\ARM_GCC_484\Debug\E-Throttle.a(UART.o) (UART_IntClock_Start)
.\CortexM3\ARM_GCC_484\Debug\E-Throttle.a(CyFlash.o)
                              .\CortexM3\ARM_GCC_484\Debug\E-Throttle.a(cyPm.o) (CyFlash_SetWaitCycles)
.\CortexM3\ARM_GCC_484\Debug\E-Throttle.a(CySpc.o)
                              .\CortexM3\ARM_GCC_484\Debug\E-Throttle.a(CyFlash.o) (CySpcStart)
c:/program files (x86)/cypress/psoc creator/3.2/psoc creator/import/gnu/arm/4.8.4/bin/../lib/gcc/arm-none-eabi/4.8.4/armv7-m\libgcc.a(_arm_addsubdf3.o)
                              .\CortexM3\ARM_GCC_484\Debug\signal_processing.o (__aeabi_dadd)
c:/program files (x86)/cypress/psoc creator/3.2/psoc creator/import/gnu/arm/4.8.4/bin/../lib/gcc/arm-none-eabi/4.8.4/armv7-m\libgcc.a(_arm_muldivdf3.o)
                              .\CortexM3\ARM_GCC_484\Debug\signal_processing.o (__aeabi_dmul)
[...]
Memory Configuration

Name             Origin             Length             Attributes
rom              0x00000000         0x00040000         xr
ram              0x1fff8000         0x00010000         xrw
*default*        0x00000000         0xffffffff

Linker script and memory map

LOAD c:/program files (x86)/cypress/psoc creator/3.2/psoc creator/import/gnu/arm/4.8.4/bin/../lib/gcc/arm-none-eabi/4.8.4/armv7-m/crti.o
LOAD c:/program files (x86)/cypress/psoc creator/3.2/psoc creator/import/gnu/arm/4.8.4/bin/../lib/gcc/arm-none-eabi/4.8.4/armv7-m/crtbegin.o
LOAD c:/program files (x86)/cypress/psoc creator/3.2/psoc creator/import/gnu/arm/4.8.4/bin/../lib/gcc/arm-none-eabi/4.8.4/../../../../arm-none-eabi/lib/armv7-m/crt0.o
START GROUP
LOAD .\CortexM3\ARM_GCC_484\Debug\main.o
LOAD .\CortexM3\ARM_GCC_484\Debug\signal_processing.o
LOAD .\CortexM3\ARM_GCC_484\Debug\queue.o
LOAD .\CortexM3\ARM_GCC_484\Debug\cymetadata.o
LOAD .\CortexM3\ARM_GCC_484\Debug\Cm3Start.o
LOAD .\CortexM3\ARM_GCC_484\Debug\E-Throttle.a
LOAD C:\Program Files (x86)\Cypress\PSoC Creator\3.2\PSoC Creator\psoc\content\cycomponentlibrary\CyComponentLibrary.cylib\CortexM3\ARM_GCC_484\Debug\CyComponentLibrary.a
END GROUP
START GROUP
LOAD c:/program files (x86)/cypress/psoc creator/3.2/psoc creator/import/gnu/arm/4.8.4/bin/../lib/gcc/arm-none-eabi/4.8.4/armv7-m\libgcc.a
LOAD c:/program files (x86)/cypress/psoc creator/3.2/psoc creator/import/gnu/arm/4.8.4/bin/../lib/gcc/arm-none-eabi/4.8.4/../../../../arm-none-eabi/lib/armv7-m\libg_s.a
LOAD c:/program files (x86)/cypress/psoc creator/3.2/psoc creator/import/gnu/arm/4.8.4/bin/../lib/gcc/arm-none-eabi/4.8.4/../../../../arm-none-eabi/lib/armv7-m\libc_s.a
END GROUP
START GROUP
LOAD c:/program files (x86)/cypress/psoc creator/3.2/psoc creator/import/gnu/arm/4.8.4/bin/../lib/gcc/arm-none-eabi/4.8.4/armv7-m\libgcc.a
LOAD c:/program files (x86)/cypress/psoc creator/3.2/psoc creator/import/gnu/arm/4.8.4/bin/../lib/gcc/arm-none-eabi/4.8.4/../../../../arm-none-eabi/lib/armv7-m\libc_s.a
END GROUP
LOAD c:/program files (x86)/cypress/psoc creator/3.2/psoc creator/import/gnu/arm/4.8.4/bin/../lib/gcc/arm-none-eabi/4.8.4/armv7-m/crtend.o
LOAD c:/program files (x86)/cypress/psoc creator/3.2/psoc creator/import/gnu/arm/4.8.4/bin/../lib/gcc/arm-none-eabi/4.8.4/armv7-m/crtn.o
START GROUP
LOAD c:/program files (x86)/cypress/psoc creator/3.2/psoc creator/import/gnu/arm/4.8.4/bin/../lib/gcc/arm-none-eabi/4.8.4/armv7-m\libgcc.a
LOAD c:/program files (x86)/cypress/psoc creator/3.2/psoc creator/import/gnu/arm/4.8.4/bin/../lib/gcc/arm-none-eabi/4.8.4/../../../../arm-none-eabi/lib/armv7-m\libc.a
LOAD c:/program files (x86)/cypress/psoc creator/3.2/psoc creator/import/gnu/arm/4.8.4/bin/../lib/gcc/arm-none-eabi/4.8.4/../../../../arm-none-eabi/lib/armv7-m\libnosys.a
END GROUP
                0x00000000                CY_APPL_ORIGIN = 0x0
                0x00000100                CY_FLASH_ROW_SIZE = 0x100
                0x00000020                CY_ECC_ROW_SIZE = 0x20
                0x00000000                CY_EE_IN_BTLDR = 0x0
                0x00000000                CY_APPL_LOADABLE = 0x0
                0x00000800                CY_EE_SIZE = 0x800
                0x00000001                CY_APPL_NUM = 0x1
                0x00000001                CY_APPL_MAX = 0x1
                0x00000040                CY_METADATA_SIZE = 0x40
                0x1fff8220                PROVIDE (__cy_heap_start, _end)
                0x00000001                PROVIDE (__cy_region_num, ((__cy_regions_end - __cy_regions) / 0x10))
                0x20008000                PROVIDE (__cy_stack, (ORIGIN (ram) + 0x10000))
                0x20007800                PROVIDE (__cy_heap_end, (__cy_stack - 0x800))

.cybootloader   0x00000000        0x0
 *(.cybootloader)
                0x00000000                appl1_start = CY_APPL_ORIGIN?CY_APPL_ORIGIN:ALIGN (CY_FLASH_ROW_SIZE)
                0x0001ff00                appl2_start = (appl1_start + ALIGN ((((0x40000 - appl1_start) - (0x2 * CY_FLASH_ROW_SIZE)) / 0x2), CY_FLASH_ROW_SIZE))
                0x00000000                appl_start = (CY_APPL_NUM == 0x1)?appl1_start:appl2_start
                0x00000000                ecc_offset = ((appl_start / CY_FLASH_ROW_SIZE) * CY_ECC_ROW_SIZE)
                0x00000000                ee_offset = (CY_APPL_LOADABLE && ! (CY_EE_IN_BTLDR))?((CY_EE_SIZE / CY_APPL_MAX) * (CY_APPL_NUM - 0x1)):0x0
                0x00000800                ee_size = (CY_APPL_LOADABLE && ! (CY_EE_IN_BTLDR))?(CY_EE_SIZE / CY_APPL_MAX):CY_EE_SIZE
                0x00000000                PROVIDE (CY_ECC_OFFSET, ecc_offset)

.text           0x00000000     0x2aec
 CREATE_OBJECT_SYMBOLS
                0x00000000                PROVIDE (__cy_interrupt_vector, RomVectors)
 *(.romvectors)
 .romvectors    0x00000000       0x10 .\CortexM3\ARM_GCC_484\Debug\Cm3Start.o
                0x00000000                RomVectors
                0x00000001                ASSERT ((. != __cy_interrupt_vector), No interrupt vector)
                0x00000001                ASSERT (CY_APPL_ORIGIN?(SIZEOF (.cybootloader) <= CY_APPL_ORIGIN):0x1, Wrong image location)
                0x00000010                PROVIDE (__cy_reset, Reset)
 *(.text.Reset)
 .text.Reset    0x00000010       0x18 .\CortexM3\ARM_GCC_484\Debug\Cm3Start.o
                0x00000010                Reset
                0x00000001                ASSERT ((. != __cy_reset), No reset code)
 *(.dma_init)
                0x00000001                ASSERT ((((appl_start + .) <= 0x10000) || 0x1), DMA Init must be within the first 64k of flash)
 *(.text .text.* .gnu.linkonce.t.*)
 .text          0x00000028       0x54 c:/program files (x86)/cypress/psoc creator/3.2/psoc creator/import/gnu/arm/4.8.4/bin/../lib/gcc/arm-none-eabi/4.8.4/armv7-m/crtbegin.o
 .text.main     0x0000007c      0x118 .\CortexM3\ARM_GCC_484\Debug\main.o
                0x0000007c                main
 .text.convertToPercent
                0x00000194       0x34 .\CortexM3\ARM_GCC_484\Debug\signal_processing.o
                0x00000194                convertToPercent
 .text.createErrorBuffer
                0x000001c8       0x24 .\CortexM3\ARM_GCC_484\Debug\signal_processing.o
                0x000001c8                createErrorBuffer
 .text.updateErrorBuffer
                0x000001ec       0x9c .\CortexM3\ARM_GCC_484\Debug\signal_processing.o
                0x000001ec                updateErrorBuffer
 .text.signalCheck
                0x00000288       0x28 .\CortexM3\ARM_GCC_484\Debug\signal_processing.o
                0x00000288                signalCheck
 .text.localImplausibility
                0x000002b0       0x30 .\CortexM3\ARM_GCC_484\Debug\signal_processing.o
                0x000002b0                localImplausibility
 .text.average  0x000002e0       0x24 .\CortexM3\ARM_GCC_484\Debug\signal_processing.o
                0x000002e0                average
 .text.brakeErrorCheck
                0x00000304       0x28 .\CortexM3\ARM_GCC_484\Debug\signal_processing.o
                0x00000304                brakeErrorCheck
 .text.globalImplausibility
                0x0000032c       0x4c .\CortexM3\ARM_GCC_484\Debug\signal_processing.o
                0x0000032c                globalImplausibility
 .text.nextThrottlePosition
                0x00000378       0x1c .\CortexM3\ARM_GCC_484\Debug\signal_processing.o
                0x00000378                nextThrottlePosition
 .text.handleError
                0x00000394        0x8 .\CortexM3\ARM_GCC_484\Debug\signal_processing.o
                0x00000394                handleError
 .text.writeOutInt
                0x0000039c       0x18 .\CortexM3\ARM_GCC_484\Debug\signal_processing.o
                0x0000039c                writeOutInt
 .text.writeOutCounts
                0x000003b4       0x78 .\CortexM3\ARM_GCC_484\Debug\signal_processing.o
                0x000003b4                writeOutCounts
 .text.createQueue
                0x0000042c       0x10 .\CortexM3\ARM_GCC_484\Debug\queue.o
                0x0000042c                createQueue
 .text.enqueue  0x0000043c       0x48 .\CortexM3\ARM_GCC_484\Debug\queue.o
                0x0000043c                enqueue
 .text.dequeue  0x00000484       0x1c .\CortexM3\ARM_GCC_484\Debug\queue.o
                0x00000484                dequeue
 .text.IntDefaultHandler
                0x000004a0        0x4 .\CortexM3\ARM_GCC_484\Debug\Cm3Start.o
                0x000004a0                IntDefaultHandler
 .text._sbrk    0x000004a4       0x30 .\CortexM3\ARM_GCC_484\Debug\Cm3Start.o
                0x000004a4                _sbrk
 .text.Start_c  0x000004d4       0x4c .\CortexM3\ARM_GCC_484\Debug\Cm3Start.o
                0x000004d4                Start_c
 .text.initialize_psoc
                0x00000520       0x74 .\CortexM3\ARM_GCC_484\Debug\Cm3Start.o
                0x00000520                initialize_psoc
 .text.CyClockStartupError
                0x00000594        0x4 .\CortexM3\ARM_GCC_484\Debug\E-Throttle.a(cyfitter_cfg.o)
 .text.cfg_write_bytes32
                0x00000598       0x34 .\CortexM3\ARM_GCC_484\Debug\E-Throttle.a(cyfitter_cfg.o)
 .text.AnalogSetDefault
                0x000005cc       0x9c .\CortexM3\ARM_GCC_484\Debug\E-Throttle.a(cyfitter_cfg.o)
 .text.CYMEMZERO
                0x00000668        0xc .\CortexM3\ARM_GCC_484\Debug\E-Throttle.a(cyfitter_cfg.o)
 .text.CYCONFIGCPY
                0x00000674        0x8 .\CortexM3\ARM_GCC_484\Debug\E-Throttle.a(cyfitter_cfg.o)
 .text.ClockSetup
                0x0000067c      0x120 .\CortexM3\ARM_GCC_484\Debug\E-Throttle.a(cyfitter_cfg.o)
 .text.BRAKE_ADC_AMux_Set
                0x0000079c       0x1c .\CortexM3\ARM_GCC_484\Debug\E-Throttle.a(cyfitter_cfg.o)
                0x0000079c                BRAKE_ADC_AMux_Set
 .text.BRAKE_ADC_AMux_Unset
                0x000007b8       0x1c .\CortexM3\ARM_GCC_484\Debug\E-Throttle.a(cyfitter_cfg.o)
                0x000007b8                BRAKE_ADC_AMux_Unset
 .text.cyfitter_cfg
                0x000007d4      0x16c .\CortexM3\ARM_GCC_484\Debug\E-Throttle.a(cyfitter_cfg.o)
                0x000007d4                cyfitter_cfg
 .text          0x00000940       0x28 .\CortexM3\ARM_GCC_484\Debug\E-Throttle.a(CyBootAsmGnu.o)
                0x00000940                CyDelayCycles
                0x00000954                CyEnterCriticalSection
                0x0000095c                CyExitCriticalSection
 .text.CyDmacConfigure
                0x00000968       0x34 .\CortexM3\ARM_GCC_484\Debug\E-Throttle.a(CyDmac.o)
                0x00000968                CyDmacConfigure
 .text.CyDmaChEnable
                0x0000099c       0x38 .\CortexM3\ARM_GCC_484\Debug\E-Throttle.a(CyDmac.o)
                0x0000099c                CyDmaChEnable
 .text.CyDmaClearPendingDrq
                0x000009d4       0x28 .\CortexM3\ARM_GCC_484\Debug\E-Throttle.a(CyDmac.o)
                0x000009d4                CyDmaClearPendingDrq
 .text.CyDmaChPriority
                0x000009fc       0x24 .\CortexM3\ARM_GCC_484\Debug\E-Throttle.a(CyDmac.o)
                0x000009fc                CyDmaChPriority
 .text.CyDmaChSetExtendedAddress
                0x00000a20       0x34 .\CortexM3\ARM_GCC_484\Debug\E-Throttle.a(CyDmac.o)
                0x00000a20                CyDmaChSetExtendedAddress
 .text.CyDmaChSetInitialTd
                0x00000a54       0x18 .\CortexM3\ARM_GCC_484\Debug\E-Throttle.a(CyDmac.o)
                0x00000a54                CyDmaChSetInitialTd
 .text.CyDmaChSetConfiguration
                0x00000a6c       0x44 .\CortexM3\ARM_GCC_484\Debug\E-Throttle.a(CyDmac.o)
                0x00000a6c                CyDmaChSetConfiguration
 .text.CyDmaTdAllocate
                0x00000ab0       0x34 .\CortexM3\ARM_GCC_484\Debug\E-Throttle.a(CyDmac.o)
                0x00000ab0                CyDmaTdAllocate
 .text.CyDmaTdSetConfiguration
                0x00000ae4       0x28 .\CortexM3\ARM_GCC_484\Debug\E-Throttle.a(CyDmac.o)
                0x00000ae4                CyDmaTdSetConfiguration
 .text.CyDmaTdSetAddress
                0x00000b0c       0x1c .\CortexM3\ARM_GCC_484\Debug\E-Throttle.a(CyDmac.o)
                0x00000b0c                CyDmaTdSetAddress
 .text.CyHalt   0x00000b28        0x4 .\CortexM3\ARM_GCC_484\Debug\E-Throttle.a(CyLib.o)
                0x00000b28                CyHalt
 .text.CyDelayUs
                0x00000b2c       0x14 .\CortexM3\ARM_GCC_484\Debug\E-Throttle.a(CyLib.o)
                0x00000b2c                CyDelayUs
 .text.CyIntSetVector
                0x00000b40       0x28 .\CortexM3\ARM_GCC_484\Debug\E-Throttle.a(CyLib.o)
                0x00000b40                CyIntSetVector
 .text.CyIntSetPriority
                0x00000b68       0x30 .\CortexM3\ARM_GCC_484\Debug\E-Throttle.a(CyLib.o)
                0x00000b68                CyIntSetPriority
 .text.TPS_ADC_Init
                0x00000b98       0x3c .\CortexM3\ARM_GCC_484\Debug\E-Throttle.a(TPS_ADC.o)
                0x00000b98                TPS_ADC_Init
 .text.TPS_ADC_Enable
                0x00000bd4       0xcc .\CortexM3\ARM_GCC_484\Debug\E-Throttle.a(TPS_ADC.o)
                0x00000bd4                TPS_ADC_Enable
 .text.TPS_ADC_Start
                0x00000ca0       0x28 .\CortexM3\ARM_GCC_484\Debug\E-Throttle.a(TPS_ADC.o)
                0x00000ca0                TPS_ADC_Start
 .text.TPS_ADC_StartConvert
                0x00000cc8       0x10 .\CortexM3\ARM_GCC_484\Debug\E-Throttle.a(TPS_ADC.o)
                0x00000cc8                TPS_ADC_StartConvert
 .text.TPS_ADC_IsEndConversion
                0x00000cd8       0x18 .\CortexM3\ARM_GCC_484\Debug\E-Throttle.a(TPS_ADC.o)
                0x00000cd8                TPS_ADC_IsEndConversion
 .text.TPS_ADC_GetResult16
                0x00000cf0       0x1c .\CortexM3\ARM_GCC_484\Debug\E-Throttle.a(TPS_ADC.o)
                0x00000cf0                TPS_ADC_GetResult16
 .text.TPS_ADC_ISR
                0x00000d0c        0x4 .\CortexM3\ARM_GCC_484\Debug\E-Throttle.a(TPS_ADC_INT.o)
                0x00000d0c                TPS_ADC_ISR
 .text.APPS_ADC_Init
                0x00000d10       0x3c .\CortexM3\ARM_GCC_484\Debug\E-Throttle.a(APPS_ADC.o)
                0x00000d10                APPS_ADC_Init
 .text.APPS_ADC_Enable
                0x00000d4c       0xcc .\CortexM3\ARM_GCC_484\Debug\E-Throttle.a(APPS_ADC.o)
                0x00000d4c                APPS_ADC_Enable
 .text.APPS_ADC_Start
                0x00000e18       0x28 .\CortexM3\ARM_GCC_484\Debug\E-Throttle.a(APPS_ADC.o)
                0x00000e18                APPS_ADC_Start
 .text.APPS_ADC_StartConvert
                0x00000e40       0x10 .\CortexM3\ARM_GCC_484\Debug\E-Throttle.a(APPS_ADC.o)
                0x00000e40                APPS_ADC_StartConvert
 .text.APPS_ADC_IsEndConversion
                0x00000e50       0x18 .\CortexM3\ARM_GCC_484\Debug\E-Throttle.a(APPS_ADC.o)
                0x00000e50                APPS_ADC_IsEndConversion
 .text.APPS_ADC_GetResult16
                0x00000e68       0x1c .\CortexM3\ARM_GCC_484\Debug\E-Throttle.a(APPS_ADC.o)
                0x00000e68                APPS_ADC_GetResult16
 .text.APPS_ADC_ISR
                0x00000e84        0x4 .\CortexM3\ARM_GCC_484\Debug\E-Throttle.a(APPS_ADC_INT.o)
                0x00000e84                APPS_ADC_ISR
 .text.SERVO_PWM_Enable
                0x00000e88       0x28 .\CortexM3\ARM_GCC_484\Debug\E-Throttle.a(SERVO_PWM.o)
                0x00000e88                SERVO_PWM_Enable
 .text.SERVO_PWM_WritePeriod
                0x00000eb0        0xc .\CortexM3\ARM_GCC_484\Debug\E-Throttle.a(SERVO_PWM.o)
                0x00000eb0                SERVO_PWM_WritePeriod
 .text.SERVO_PWM_WriteCompare
                0x00000ebc        0xc .\CortexM3\ARM_GCC_484\Debug\E-Throttle.a(SERVO_PWM.o)
                0x00000ebc                SERVO_PWM_WriteCompare
 .text.SERVO_PWM_SetInterruptMode
                0x00000ec8        0xc .\CortexM3\ARM_GCC_484\Debug\E-Throttle.a(SERVO_PWM.o)
                0x00000ec8                SERVO_PWM_SetInterruptMode
 .text.SERVO_PWM_Init
                0x00000ed4       0x74 .\CortexM3\ARM_GCC_484\Debug\E-Throttle.a(SERVO_PWM.o)
                0x00000ed4                SERVO_PWM_Init
 .text.SERVO_PWM_Start
                0x00000f48       0x1c .\CortexM3\ARM_GCC_484\Debug\E-Throttle.a(SERVO_PWM.o)
                0x00000f48                SERVO_PWM_Start
 .text.TPS_ADC_SAR_CalcGain
                0x00000f64       0x64 .\CortexM3\ARM_GCC_484\Debug\E-Throttle.a(TPS_ADC_SAR.o)
 .text.TPS_ADC_SAR_Enable
                0x00000fc8       0x74 .\CortexM3\ARM_GCC_484\Debug\E-Throttle.a(TPS_ADC_SAR.o)
                0x00000fc8                TPS_ADC_SAR_Enable
 .text.TPS_ADC_SAR_SetResolution
                0x0000103c       0x38 .\CortexM3\ARM_GCC_484\Debug\E-Throttle.a(TPS_ADC_SAR.o)
                0x0000103c                TPS_ADC_SAR_SetResolution
 .text.TPS_ADC_SAR_Init
                0x00001074       0x24 .\CortexM3\ARM_GCC_484\Debug\E-Throttle.a(TPS_ADC_SAR.o)
                0x00001074                TPS_ADC_SAR_Init
 .text.TPS_ADC_SAR_Start
                0x00001098       0x1c .\CortexM3\ARM_GCC_484\Debug\E-Throttle.a(TPS_ADC_SAR.o)
                0x00001098                TPS_ADC_SAR_Start
 .text.TPS_ADC_TempBuf_DmaInitialize
                0x000010b4       0x40 .\CortexM3\ARM_GCC_484\Debug\E-Throttle.a(TPS_ADC_TempBuf_dma.o)
                0x000010b4                TPS_ADC_TempBuf_DmaInitialize
 .text.TPS_ADC_FinalBuf_DmaInitialize
                0x000010f4       0x44 .\CortexM3\ARM_GCC_484\Debug\E-Throttle.a(TPS_ADC_FinalBuf_dma.o)
                0x000010f4                TPS_ADC_FinalBuf_DmaInitialize
 .text.TPS_ADC_IRQ_SetVector
                0x00001138        0xc .\CortexM3\ARM_GCC_484\Debug\E-Throttle.a(TPS_ADC_IRQ.o)
                0x00001138                TPS_ADC_IRQ_SetVector
 .text.TPS_ADC_IRQ_SetPriority
                0x00001144       0x10 .\CortexM3\ARM_GCC_484\Debug\E-Throttle.a(TPS_ADC_IRQ.o)
                0x00001144                TPS_ADC_IRQ_SetPriority
 .text.APPS_ADC_SAR_CalcGain
                0x00001154       0x64 .\CortexM3\ARM_GCC_484\Debug\E-Throttle.a(APPS_ADC_SAR.o)
 .text.APPS_ADC_SAR_Enable
                0x000011b8       0x74 .\CortexM3\ARM_GCC_484\Debug\E-Throttle.a(APPS_ADC_SAR.o)
                0x000011b8                APPS_ADC_SAR_Enable
 .text.APPS_ADC_SAR_SetResolution
                0x0000122c       0x38 .\CortexM3\ARM_GCC_484\Debug\E-Throttle.a(APPS_ADC_SAR.o)
                0x0000122c                APPS_ADC_SAR_SetResolution
 .text.APPS_ADC_SAR_Init
                0x00001264       0x24 .\CortexM3\ARM_GCC_484\Debug\E-Throttle.a(APPS_ADC_SAR.o)
                0x00001264                APPS_ADC_SAR_Init
 .text.APPS_ADC_SAR_Start
                0x00001288       0x1c .\CortexM3\ARM_GCC_484\Debug\E-Throttle.a(APPS_ADC_SAR.o)
                0x00001288                APPS_ADC_SAR_Start
 .text.APPS_ADC_TempBuf_DmaInitialize
                0x000012a4       0x40 .\CortexM3\ARM_GCC_484\Debug\E-Throttle.a(APPS_ADC_TempBuf_dma.o)
                0x000012a4                APPS_ADC_TempBuf_DmaInitialize
 .text.APPS_ADC_FinalBuf_DmaInitialize
                0x000012e4       0x3c .\CortexM3\ARM_GCC_484\Debug\E-Throttle.a(APPS_ADC_FinalBuf_dma.o)
                0x000012e4                APPS_ADC_FinalBuf_DmaInitialize
 .text.APPS_ADC_IRQ_SetVector
                0x00001320        0xc .\CortexM3\ARM_GCC_484\Debug\E-Throttle.a(APPS_ADC_IRQ.o)
                0x00001320                APPS_ADC_IRQ_SetVector
 .text.APPS_ADC_IRQ_SetPriority
                0x0000132c       0x10 .\CortexM3\ARM_GCC_484\Debug\E-Throttle.a(APPS_ADC_IRQ.o)
                0x0000132c                APPS_ADC_IRQ_SetPriority
 .text.BRAKE_ADC_GainCompensation
                0x0000133c       0xd0 .\CortexM3\ARM_GCC_484\Debug\E-Throttle.a(BRAKE_ADC.o)
 .text.BRAKE_ADC_SetDSMRef0Reg
                0x0000140c       0x4c .\CortexM3\ARM_GCC_484\Debug\E-Throttle.a(BRAKE_ADC.o)
 .text.BRAKE_ADC_InitConfig
                0x00001458      0x328 .\CortexM3\ARM_GCC_484\Debug\E-Throttle.a(BRAKE_ADC.o)
 .text.BRAKE_ADC_Init
                0x00001780      0x104 .\CortexM3\ARM_GCC_484\Debug\E-Throttle.a(BRAKE_ADC.o)
                0x00001780                BRAKE_ADC_Init
 .text.BRAKE_ADC_Enable
                0x00001884       0xd4 .\CortexM3\ARM_GCC_484\Debug\E-Throttle.a(BRAKE_ADC.o)
                0x00001884                BRAKE_ADC_Enable
 .text.BRAKE_ADC_Start
                0x00001958       0x28 .\CortexM3\ARM_GCC_484\Debug\E-Throttle.a(BRAKE_ADC.o)
                0x00001958                BRAKE_ADC_Start
 .text.BRAKE_ADC_StartConvert
                0x00001980       0x10 .\CortexM3\ARM_GCC_484\Debug\E-Throttle.a(BRAKE_ADC.o)
                0x00001980                BRAKE_ADC_StartConvert
 .text.BRAKE_ADC_StopConvert
                0x00001990       0x10 .\CortexM3\ARM_GCC_484\Debug\E-Throttle.a(BRAKE_ADC.o)
                0x00001990                BRAKE_ADC_StopConvert
 .text.BRAKE_ADC_IsEndConversion
                0x000019a0       0x2c .\CortexM3\ARM_GCC_484\Debug\E-Throttle.a(BRAKE_ADC.o)
                0x000019a0                BRAKE_ADC_IsEndConversion
 .text.BRAKE_ADC_GetResult16
                0x000019cc       0x50 .\CortexM3\ARM_GCC_484\Debug\E-Throttle.a(BRAKE_ADC.o)
                0x000019cc                BRAKE_ADC_GetResult16
 .text.BRAKE_ADC_Read16
                0x00001a1c       0x28 .\CortexM3\ARM_GCC_484\Debug\E-Throttle.a(BRAKE_ADC.o)
                0x00001a1c                BRAKE_ADC_Read16
 .text.BRAKE_ADC_ISR1
                0x00001a44        0x4 .\CortexM3\ARM_GCC_484\Debug\E-Throttle.a(BRAKE_ADC_INT.o)
                0x00001a44                BRAKE_ADC_ISR1
 .text.BRAKE_ADC_ISR2
                0x00001a48        0x4 .\CortexM3\ARM_GCC_484\Debug\E-Throttle.a(BRAKE_ADC_INT.o)
                0x00001a48                BRAKE_ADC_ISR2
 .text.BRAKE_ADC_ISR3
                0x00001a4c        0x4 .\CortexM3\ARM_GCC_484\Debug\E-Throttle.a(BRAKE_ADC_INT.o)
                0x00001a4c                BRAKE_ADC_ISR3
 .text.BRAKE_ADC_ISR4
                0x00001a50        0x4 .\CortexM3\ARM_GCC_484\Debug\E-Throttle.a(BRAKE_ADC_INT.o)
                0x00001a50                BRAKE_ADC_ISR4
 .text.BRAKE_ADC_AMux_Start
                0x00001a54       0x20 .\CortexM3\ARM_GCC_484\Debug\E-Throttle.a(BRAKE_ADC_AMux.o)
                0x00001a54                BRAKE_ADC_AMux_Start
 .text.BRAKE_ADC_AMux_Select
                0x00001a74       0x18 .\CortexM3\ARM_GCC_484\Debug\E-Throttle.a(BRAKE_ADC_AMux.o)
                0x00001a74                BRAKE_ADC_AMux_Select
 .text.BRAKE_ADC_Ext_CP_Clk_GetDividerRegister
                0x00001a8c        0xc .\CortexM3\ARM_GCC_484\Debug\E-Throttle.a(BRAKE_ADC_Ext_CP_Clk.o)
                0x00001a8c                BRAKE_ADC_Ext_CP_Clk_GetDividerRegister
 .text.BRAKE_ADC_Ext_CP_Clk_SetModeRegister
                0x00001a98       0x14 .\CortexM3\ARM_GCC_484\Debug\E-Throttle.a(BRAKE_ADC_Ext_CP_Clk.o)
                0x00001a98                BRAKE_ADC_Ext_CP_Clk_SetModeRegister
 .text.BRAKE_ADC_Ext_CP_Clk_GetSourceRegister
                0x00001aac       0x10 .\CortexM3\ARM_GCC_484\Debug\E-Throttle.a(BRAKE_ADC_Ext_CP_Clk.o)
                0x00001aac                BRAKE_ADC_Ext_CP_Clk_GetSourceRegister
 .text.BRAKE_ADC_Ext_CP_Clk_SetDividerRegister
                0x00001abc       0xe4 .\CortexM3\ARM_GCC_484\Debug\E-Throttle.a(BRAKE_ADC_Ext_CP_Clk.o)
                0x00001abc                BRAKE_ADC_Ext_CP_Clk_SetDividerRegister
 .text.BRAKE_ADC_theACLK_GetDividerRegister
                0x00001ba0        0xc .\CortexM3\ARM_GCC_484\Debug\E-Throttle.a(BRAKE_ADC_theACLK.o)
                0x00001ba0                BRAKE_ADC_theACLK_GetDividerRegister
 .text.BRAKE_ADC_theACLK_SetModeRegister
                0x00001bac       0x14 .\CortexM3\ARM_GCC_484\Debug\E-Throttle.a(BRAKE_ADC_theACLK.o)
                0x00001bac                BRAKE_ADC_theACLK_SetModeRegister
 .text.BRAKE_ADC_theACLK_GetSourceRegister
                0x00001bc0       0x10 .\CortexM3\ARM_GCC_484\Debug\E-Throttle.a(BRAKE_ADC_theACLK.o)
                0x00001bc0                BRAKE_ADC_theACLK_GetSourceRegister
 .text.BRAKE_ADC_theACLK_SetDividerRegister
                0x00001bd0       0xe4 .\CortexM3\ARM_GCC_484\Debug\E-Throttle.a(BRAKE_ADC_theACLK.o)
                0x00001bd0                BRAKE_ADC_theACLK_SetDividerRegister
 .text.Timer_Enable
                0x00001cb4       0x28 .\CortexM3\ARM_GCC_484\Debug\E-Throttle.a(Timer.o)
                0x00001cb4                Timer_Enable
 .text.Timer_Stop
                0x00001cdc       0x28 .\CortexM3\ARM_GCC_484\Debug\E-Throttle.a(Timer.o)
                0x00001cdc                Timer_Stop
 .text.Timer_SetInterruptMode
                0x00001d04        0xc .\CortexM3\ARM_GCC_484\Debug\E-Throttle.a(Timer.o)
                0x00001d04                Timer_SetInterruptMode
 .text.Timer_WritePeriod
                0x00001d10        0xc .\CortexM3\ARM_GCC_484\Debug\E-Throttle.a(Timer.o)
                0x00001d10                Timer_WritePeriod
 .text.Timer_WriteCounter
                0x00001d1c        0xc .\CortexM3\ARM_GCC_484\Debug\E-Throttle.a(Timer.o)
                0x00001d1c                Timer_WriteCounter
 .text.Timer_Init
                0x00001d28       0x60 .\CortexM3\ARM_GCC_484\Debug\E-Throttle.a(Timer.o)
                0x00001d28                Timer_Init
 .text.Timer_Start
                0x00001d88       0x1c .\CortexM3\ARM_GCC_484\Debug\E-Throttle.a(Timer.o)
                0x00001d88                Timer_Start
 .text.Timer_ReadCounter
                0x00001da4       0x14 .\CortexM3\ARM_GCC_484\Debug\E-Throttle.a(Timer.o)
                0x00001da4                Timer_ReadCounter
 .text.UART_Init
                0x00001db8       0x28 .\CortexM3\ARM_GCC_484\Debug\E-Throttle.a(UART.o)
                0x00001db8                UART_Init
 .text.UART_Enable
                0x00001de0       0x38 .\CortexM3\ARM_GCC_484\Debug\E-Throttle.a(UART.o)
                0x00001de0                UART_Enable
 .text.UART_Start
                0x00001e18       0x1c .\CortexM3\ARM_GCC_484\Debug\E-Throttle.a(UART.o)
                0x00001e18                UART_Start
 .text.UART_PutChar
                0x00001e34       0x18 .\CortexM3\ARM_GCC_484\Debug\E-Throttle.a(UART.o)
                0x00001e34                UART_PutChar
 .text.UART_PutString
                0x00001e4c       0x24 .\CortexM3\ARM_GCC_484\Debug\E-Throttle.a(UART.o)
                0x00001e4c                UART_PutString
 .text.UART_IntClock_Start
                0x00001e70       0x1c .\CortexM3\ARM_GCC_484\Debug\E-Throttle.a(UART_IntClock.o)
                0x00001e70                UART_IntClock_Start
 .text          0x00001e8c      0x370 c:/program files (x86)/cypress/psoc creator/3.2/psoc creator/import/gnu/arm/4.8.4/bin/../lib/gcc/arm-none-eabi/4.8.4/armv7-m\libgcc.a(_arm_addsubdf3.o)
                0x00001e8c                __aeabi_drsub
                0x00001e94                __aeabi_dsub
                0x00001e94                __subdf3
                0x00001e98                __aeabi_dadd
                0x00001e98                __adddf3
                0x00002110                __floatunsidf
                0x00002110                __aeabi_ui2d
                0x00002130                __floatsidf
                0x00002130                __aeabi_i2d
                0x00002154                __aeabi_f2d
                0x00002154                __extendsfdf2
                0x00002190                __floatundidf
                0x00002190                __aeabi_ul2d
                0x000021a0                __floatdidf
                0x000021a0                __aeabi_l2d
 .text          0x000021fc      0x110 c:/program files (x86)/cypress/psoc creator/3.2/psoc creator/import/gnu/arm/4.8.4/bin/../lib/gcc/arm-none-eabi/4.8.4/armv7-m\libgcc.a(_arm_cmpdf2.o)
                0x000021fc                __gtdf2
                0x000021fc                __gedf2
                0x00002204                __ltdf2
                0x00002204                __ledf2
                0x0000220c                __nedf2
                0x0000220c                __eqdf2
                0x0000220c                __cmpdf2
                0x00002288                __aeabi_cdrcmple
                0x00002298                __aeabi_cdcmpeq
                0x00002298                __aeabi_cdcmple
                0x000022a8                __aeabi_dcmpeq
                0x000022bc                __aeabi_dcmplt
                0x000022d0                __aeabi_dcmple
                0x000022e4                __aeabi_dcmpge
                0x000022f8                __aeabi_dcmpgt
 .text          0x0000230c      0x21c c:/program files (x86)/cypress/psoc creator/3.2/psoc creator/import/gnu/arm/4.8.4/bin/../lib/gcc/arm-none-eabi/4.8.4/armv7-m\libgcc.a(_arm_addsubsf3.o)
                0x0000230c                __aeabi_frsub
                0x00002314                __subsf3
                0x00002314                __aeabi_fsub
                0x00002318                __aeabi_fadd
                0x00002318                __addsf3
                0x00002478                __aeabi_ui2f
                0x00002478                __floatunsisf
                0x00002480                __aeabi_i2f
                0x00002480                __floatsisf
                0x0000249c                __aeabi_ul2f
                0x0000249c                __floatundisf
                0x000024ac                __aeabi_l2f
                0x000024ac                __floatdisf
 .text          0x00002528      0x2a0 c:/program files (x86)/cypress/psoc creator/3.2/psoc creator/import/gnu/arm/4.8.4/bin/../lib/gcc/arm-none-eabi/4.8.4/armv7-m\libgcc.a(_arm_muldivsf3.o)
                0x00002528                __mulsf3
                0x00002528                __aeabi_fmul
                0x00002690                __aeabi_fdiv
                0x00002690                __divsf3
 .text          0x000027c8       0xec c:/program files (x86)/cypress/psoc creator/3.2/psoc creator/import/gnu/arm/4.8.4/bin/../lib/gcc/arm-none-eabi/4.8.4/armv7-m\libgcc.a(_arm_cmpsf2.o)
                0x000027c8                __gesf2
                0x000027c8                __gtsf2
                0x000027d0                __lesf2
                0x000027d0                __ltsf2
                0x000027d8                __nesf2
                0x000027d8                __eqsf2
                0x000027d8                __cmpsf2
                0x00002838                __aeabi_cfrcmple
                0x00002840                __aeabi_cfcmpeq
                0x00002840                __aeabi_cfcmple
                0x00002850                __aeabi_fcmpeq
                0x00002864                __aeabi_fcmplt
                0x00002878                __aeabi_fcmple
                0x0000288c                __aeabi_fcmpge
                0x000028a0                __aeabi_fcmpgt
 .text          0x000028b4       0x4c c:/program files (x86)/cypress/psoc creator/3.2/psoc creator/import/gnu/arm/4.8.4/bin/../lib/gcc/arm-none-eabi/4.8.4/armv7-m\libgcc.a(_arm_fixsfsi.o)
                0x000028b4                __aeabi_f2iz
                0x000028b4                __fixsfsi
 .text.__errno  0x00002900        0xc c:/program files (x86)/cypress/psoc creator/3.2/psoc creator/import/gnu/arm/4.8.4/bin/../lib/gcc/arm-none-eabi/4.8.4/../../../../arm-none-eabi/lib/armv7-m\libg_s.a(lib_a-errno.o)
                0x00002900                __errno
 .text.__libc_init_array
                0x0000290c       0x4c c:/program files (x86)/cypress/psoc creator/3.2/psoc creator/import/gnu/arm/4.8.4/bin/../lib/gcc/arm-none-eabi/4.8.4/../../../../arm-none-eabi/lib/armv7-m\libg_s.a(lib_a-init.o)
                0x0000290c                __libc_init_array
 .text.malloc   0x00002958       0x10 c:/program files (x86)/cypress/psoc creator/3.2/psoc creator/import/gnu/arm/4.8.4/bin/../lib/gcc/arm-none-eabi/4.8.4/../../../../arm-none-eabi/lib/armv7-m\libg_s.a(lib_a-malloc.o)
                0x00002958                malloc
 .text.free     0x00002968       0x10 c:/program files (x86)/cypress/psoc creator/3.2/psoc creator/import/gnu/arm/4.8.4/bin/../lib/gcc/arm-none-eabi/4.8.4/../../../../arm-none-eabi/lib/armv7-m\libg_s.a(lib_a-malloc.o)
                0x00002968                free
 .text.memcpy   0x00002978       0x12 c:/program files (x86)/cypress/psoc creator/3.2/psoc creator/import/gnu/arm/4.8.4/bin/../lib/gcc/arm-none-eabi/4.8.4/../../../../arm-none-eabi/lib/armv7-m\libg_s.a(lib_a-memcpy-stub.o)
                0x00002978                memcpy
 .text.memset   0x0000298a       0x10 c:/program files (x86)/cypress/psoc creator/3.2/psoc creator/import/gnu/arm/4.8.4/bin/../lib/gcc/arm-none-eabi/4.8.4/../../../../arm-none-eabi/lib/armv7-m\libg_s.a(lib_a-memset.o)
                0x0000298a                memset
 *fill*         0x0000299a        0x2 
 .text._free_r  0x0000299c       0x88 c:/program files (x86)/cypress/psoc creator/3.2/psoc creator/import/gnu/arm/4.8.4/bin/../lib/gcc/arm-none-eabi/4.8.4/../../../../arm-none-eabi/lib/armv7-m\libg_s.a(lib_a-nano-freer.o)
                0x0000299c                _free_r
 .text._malloc_r
                0x00002a24       0xa8 c:/program files (x86)/cypress/psoc creator/3.2/psoc creator/import/gnu/arm/4.8.4/bin/../lib/gcc/arm-none-eabi/4.8.4/../../../../arm-none-eabi/lib/armv7-m\libg_s.a(lib_a-nano-mallocr.o)
                0x00002a24                _malloc_r
 .text._sbrk_r  0x00002acc       0x20 c:/program files (x86)/cypress/psoc creator/3.2/psoc creator/import/gnu/arm/4.8.4/bin/../lib/gcc/arm-none-eabi/4.8.4/../../../../arm-none-eabi/lib/armv7-m\libg_s.a(lib_a-sbrkr.o)
                0x00002acc                _sbrk_r
 *(.plt)
 *(.gnu.warning)
 *(.glue_7t)
 .glue_7t       0x00000000        0x0 linker stubs
 *(.glue_7)
 .glue_7        0x00000000        0x0 linker stubs
 *(.vfp11_veneer)
 .vfp11_veneer  0x00000000        0x0 linker stubs
 *(.bootloader)
 *(.ARM.extab* .gnu.linkonce.armextab.*)
 *(.gcc_except_table)

.v4_bx          0x00002aec        0x0
 .v4_bx         0x00000000        0x0 linker stubs

.iplt           0x00002aec        0x0
 .iplt          0x00000000        0x0 c:/program files (x86)/cypress/psoc creator/3.2/psoc creator/import/gnu/arm/4.8.4/bin/../lib/gcc/arm-none-eabi/4.8.4/armv7-m/crtbegin.o

.eh_frame_hdr
 *(.eh_frame_hdr)

.eh_frame       0x00002aec        0x4
 *(.eh_frame)
 .eh_frame      0x00002aec        0x0 c:/program files (x86)/cypress/psoc creator/3.2/psoc creator/import/gnu/arm/4.8.4/bin/../lib/gcc/arm-none-eabi/4.8.4/armv7-m/crtbegin.o
 .eh_frame      0x00002aec        0x4 c:/program files (x86)/cypress/psoc creator/3.2/psoc creator/import/gnu/arm/4.8.4/bin/../lib/gcc/arm-none-eabi/4.8.4/armv7-m/crtend.o
                0x00002af0                PROVIDE (__exidx_start, .)

.ARM.exidx
 *(.ARM.exidx* .gnu.linkonce.armexidx.*)
                0x00002af0                __exidx_end = .

.rodata         0x00002af0       0xb8
 *(.rodata .rodata.* .gnu.linkonce.r.*)
 .rodata.str1.4
                0x00002af0       0x28 .\CortexM3\ARM_GCC_484\Debug\signal_processing.o
 .rodata        0x00002b18       0x58 .\CortexM3\ARM_GCC_484\Debug\E-Throttle.a(cyfitter_cfg.o)
                0x00002b18                BRAKE_ADC_AMux__addrTable
                0x00002b20                BRAKE_ADC_AMux__maskTable
 .rodata.str1.1
                0x00002b70        0x2 c:/program files (x86)/cypress/psoc creator/3.2/psoc creator/import/gnu/arm/4.8.4/bin/../lib/gcc/arm-none-eabi/4.8.4/../../../../arm-none-eabi/lib/armv7-m\libg_s.a(lib_a-impure.o)
                0x00002b74                . = ALIGN (0x4)
 *fill*         0x00002b72        0x2 
 *(.init)
 .init          0x00002b74        0x4 c:/program files (x86)/cypress/psoc creator/3.2/psoc creator/import/gnu/arm/4.8.4/bin/../lib/gcc/arm-none-eabi/4.8.4/armv7-m/crti.o
                0x00002b74                _init
 .init          0x00002b78        0x8 c:/program files (x86)/cypress/psoc creator/3.2/psoc creator/import/gnu/arm/4.8.4/bin/../lib/gcc/arm-none-eabi/4.8.4/armv7-m/crtn.o
                0x00002b80                . = ALIGN (0x4)
                0x00002b80                __preinit_array_start = .
 *(.preinit_array)
                0x00002b80                __preinit_array_end = .
                0x00002b80                . = ALIGN (0x4)
                0x00002b80                __init_array_start = .
 *(SORT(.init_array.*))
 *(.init_array)
 .init_array    0x00002b80        0x4 c:/program files (x86)/cypress/psoc creator/3.2/psoc creator/import/gnu/arm/4.8.4/bin/../lib/gcc/arm-none-eabi/4.8.4/armv7-m/crtbegin.o
 .init_array    0x00002b84        0x4 .\CortexM3\ARM_GCC_484\Debug\Cm3Start.o
                0x00002b88                __init_array_end = .
                0x00002b88                . = ALIGN (0x4)
 *(.fini)
 .fini          0x00002b88        0x4 c:/program files (x86)/cypress/psoc creator/3.2/psoc creator/import/gnu/arm/4.8.4/bin/../lib/gcc/arm-none-eabi/4.8.4/armv7-m/crti.o
                0x00002b88                _fini
 .fini          0x00002b8c        0x8 c:/program files (x86)/cypress/psoc creator/3.2/psoc creator/import/gnu/arm/4.8.4/bin/../lib/gcc/arm-none-eabi/4.8.4/armv7-m/crtn.o
                0x00002b94                . = ALIGN (0x4)
                0x00002b94                __fini_array_start = .
 *(.fini_array)
 .fini_array    0x00002b94        0x4 c:/program files (x86)/cypress/psoc creator/3.2/psoc creator/import/gnu/arm/4.8.4/bin/../lib/gcc/arm-none-eabi/4.8.4/armv7-m/crtbegin.o
 *(SORT(.fini_array.*))
                0x00002b98                __fini_array_end = .
                0x00002b98                . = ALIGN (0x4)
 *crtbegin.o(.ctors)
 *(EXCLUDE_FILE(*crtend.o) .ctors)
 *(SORT(.ctors.*))
 *crtend.o(.ctors)
                0x00002b98                . = ALIGN (0x4)
 *crtbegin.o(.dtors)
 *(EXCLUDE_FILE(*crtend.o) .dtors)
 *(SORT(.dtors.*))
 *crtend.o(.dtors)
                0x00002b98                . = ALIGN (0x4)
                0x00002b98                __cy_regions = .
                0x00002b98        0x4 LONG 0x2ba8 __cy_region_init_ram
                0x00002b9c        0x4 LONG 0x1fff8108 __cy_region_start_data
                0x00002ba0        0x4 LONG 0x90 __cy_region_init_size_ram
                0x00002ba4        0x4 LONG 0x88 __cy_region_zero_size_ram
                0x00002ba8                __cy_regions_end = .
                0x00002ba8                . = ALIGN (0x8)
                0x00002ba8                _etext = .

.ramvectors     0x1fff8000      0x100
                0x1fff8000                __cy_region_start_ram = .
 *(.ramvectors)
 .ramvectors    0x1fff8000      0x100 .\CortexM3\ARM_GCC_484\Debug\Cm3Start.o
                0x1fff8000                CyRamVectors

.noinit         0x1fff8100        0x5
 *(.noinit)
 .noinit        0x1fff8100        0x4 .\CortexM3\ARM_GCC_484\Debug\Cm3Start.o
 .noinit        0x1fff8104        0x1 .\CortexM3\ARM_GCC_484\Debug\E-Throttle.a(CyLib.o)
                0x1fff8104                CyResetStatus

.data           0x1fff8108       0x90 load address 0x00002ba8
                0x1fff8108                __cy_region_start_data = .
 *(.jcr)
 .jcr           0x1fff8108        0x0 c:/program files (x86)/cypress/psoc creator/3.2/psoc creator/import/gnu/arm/4.8.4/bin/../lib/gcc/arm-none-eabi/4.8.4/armv7-m/crtbegin.o
 .jcr           0x1fff8108        0x4 c:/program files (x86)/cypress/psoc creator/3.2/psoc creator/import/gnu/arm/4.8.4/bin/../lib/gcc/arm-none-eabi/4.8.4/armv7-m/crtend.o
 *(.got.plt)
 *(.got)
 *(.shdata)
 *(.data .data.* .gnu.linkonce.d.*)
 .data          0x1fff810c        0x4 .\CortexM3\ARM_GCC_484\Debug\Cm3Start.o
 .data          0x1fff8110        0x8 .\CortexM3\ARM_GCC_484\Debug\E-Throttle.a(CyDmac.o)
 .data          0x1fff8118       0x10 .\CortexM3\ARM_GCC_484\Debug\E-Throttle.a(CyLib.o)
                0x1fff8118                cydelay_32k_ms
                0x1fff811c                cydelay_freq_khz
                0x1fff8120                cydelay_freq_mhz
                0x1fff8124                cydelay_freq_hz
 .data          0x1fff8128        0x2 .\CortexM3\ARM_GCC_484\Debug\E-Throttle.a(TPS_ADC.o)
 .data          0x1fff812a        0x2 .\CortexM3\ARM_GCC_484\Debug\E-Throttle.a(APPS_ADC.o)
 .data          0x1fff812c        0x1 .\CortexM3\ARM_GCC_484\Debug\E-Throttle.a(TPS_ADC_TempBuf_dma.o)
                0x1fff812c                TPS_ADC_TempBuf_DmaHandle
 .data          0x1fff812d        0x1 .\CortexM3\ARM_GCC_484\Debug\E-Throttle.a(TPS_ADC_FinalBuf_dma.o)
                0x1fff812d                TPS_ADC_FinalBuf_DmaHandle
 .data          0x1fff812e        0x1 .\CortexM3\ARM_GCC_484\Debug\E-Throttle.a(APPS_ADC_TempBuf_dma.o)
                0x1fff812e                APPS_ADC_TempBuf_DmaHandle
 .data          0x1fff812f        0x1 .\CortexM3\ARM_GCC_484\Debug\E-Throttle.a(APPS_ADC_FinalBuf_dma.o)
                0x1fff812f                APPS_ADC_FinalBuf_DmaHandle
 .data          0x1fff8130        0x1 .\CortexM3\ARM_GCC_484\Debug\E-Throttle.a(BRAKE_ADC.o)
                0x1fff8130                BRAKE_ADC_Config
 .data          0x1fff8131        0x1 .\CortexM3\ARM_GCC_484\Debug\E-Throttle.a(BRAKE_ADC_AMux.o)
 *fill*         0x1fff8132        0x2 
 .data.impure_data
                0x1fff8134       0x60 c:/program files (x86)/cypress/psoc creator/3.2/psoc creator/import/gnu/arm/4.8.4/bin/../lib/gcc/arm-none-eabi/4.8.4/../../../../arm-none-eabi/lib/armv7-m\libg_s.a(lib_a-impure.o)
 .data._impure_ptr
                0x1fff8194        0x4 c:/program files (x86)/cypress/psoc creator/3.2/psoc creator/import/gnu/arm/4.8.4/bin/../lib/gcc/arm-none-eabi/4.8.4/../../../../arm-none-eabi/lib/armv7-m\libg_s.a(lib_a-impure.o)
                0x1fff8194                _impure_ptr
                0x1fff8198                . = ALIGN (0x8)
 *(.ram)
                0x1fff8198                _edata = .

.igot.plt       0x1fff8198        0x0 load address 0x00002c38
 .igot.plt      0x00000000        0x0 c:/program files (x86)/cypress/psoc creator/3.2/psoc creator/import/gnu/arm/4.8.4/bin/../lib/gcc/arm-none-eabi/4.8.4/armv7-m/crtbegin.o

.bss            0x1fff8198       0x88 load address 0x00002c38
                0x1fff8198                PROVIDE (__bss_start__, .)
 *(.shbss)
 *(.bss .bss.* .gnu.linkonce.b.*)
 .bss           0x1fff8198       0x1c c:/program files (x86)/cypress/psoc creator/3.2/psoc creator/import/gnu/arm/4.8.4/bin/../lib/gcc/arm-none-eabi/4.8.4/armv7-m/crtbegin.o
 .bss           0x1fff81b4        0xc .\CortexM3\ARM_GCC_484\Debug\E-Throttle.a(TPS_ADC.o)
                0x1fff81bc                TPS_ADC_initVar
 .bss           0x1fff81c0        0xc .\CortexM3\ARM_GCC_484\Debug\E-Throttle.a(APPS_ADC.o)
                0x1fff81c8                APPS_ADC_initVar
 .bss           0x1fff81cc        0x1 .\CortexM3\ARM_GCC_484\Debug\E-Throttle.a(SERVO_PWM.o)
                0x1fff81cc                SERVO_PWM_initVar
 .bss           0x1fff81cd        0x1 .\CortexM3\ARM_GCC_484\Debug\E-Throttle.a(TPS_ADC_SAR.o)
                0x1fff81cd                TPS_ADC_SAR_initVar
 .bss           0x1fff81ce        0x1 .\CortexM3\ARM_GCC_484\Debug\E-Throttle.a(APPS_ADC_SAR.o)
                0x1fff81ce                APPS_ADC_SAR_initVar
 *fill*         0x1fff81cf        0x1 
 .bss           0x1fff81d0       0x14 .\CortexM3\ARM_GCC_484\Debug\E-Throttle.a(BRAKE_ADC.o)
                0x1fff81e0                BRAKE_ADC_stopConversion
                0x1fff81e1                BRAKE_ADC_convDone
                0x1fff81e2                BRAKE_ADC_initVar
                0x1fff81e3                BRAKE_ADC_started
 .bss           0x1fff81e4        0x1 .\CortexM3\ARM_GCC_484\Debug\E-Throttle.a(Timer.o)
                0x1fff81e4                Timer_initVar
 .bss           0x1fff81e5        0x2 .\CortexM3\ARM_GCC_484\Debug\E-Throttle.a(UART.o)
                0x1fff81e5                UART_initVar
 *fill*         0x1fff81e7        0x1 
 .bss.__malloc_sbrk_start
                0x1fff81e8        0x4 c:/program files (x86)/cypress/psoc creator/3.2/psoc creator/import/gnu/arm/4.8.4/bin/../lib/gcc/arm-none-eabi/4.8.4/../../../../arm-none-eabi/lib/armv7-m\libg_s.a(lib_a-nano-mallocr.o)
                0x1fff81e8                __malloc_sbrk_start
 .bss.__malloc_free_list
                0x1fff81ec        0x4 c:/program files (x86)/cypress/psoc creator/3.2/psoc creator/import/gnu/arm/4.8.4/bin/../lib/gcc/arm-none-eabi/4.8.4/../../../../arm-none-eabi/lib/armv7-m\libg_s.a(lib_a-nano-mallocr.o)
                0x1fff81ec                __malloc_free_list
 *(COMMON)
 COMMON         0x1fff81f0        0x4 .\CortexM3\ARM_GCC_484\Debug\E-Throttle.a(TPS_ADC.o)
                0x1fff81f0                TPS_ADC_finalArray
 COMMON         0x1fff81f4        0x4 .\CortexM3\ARM_GCC_484\Debug\E-Throttle.a(APPS_ADC.o)
                0x1fff81f4                APPS_ADC_finalArray
 COMMON         0x1fff81f8        0xc .\CortexM3\ARM_GCC_484\Debug\E-Throttle.a(TPS_ADC_SAR.o)
                0x1fff81f8                TPS_ADC_SAR_shift
                0x1fff81fc                TPS_ADC_SAR_countsPer10Volt
                0x1fff8200                TPS_ADC_SAR_offset
                0x1fff8202                TPS_ADC_SAR_countsPerVolt
 COMMON         0x1fff8204        0xc .\CortexM3\ARM_GCC_484\Debug\E-Throttle.a(APPS_ADC_SAR.o)
                0x1fff8204                APPS_ADC_SAR_shift
                0x1fff8206                APPS_ADC_SAR_offset
                0x1fff8208                APPS_ADC_SAR_countsPerVolt
                0x1fff820c                APPS_ADC_SAR_countsPer10Volt
 COMMON         0x1fff8210        0x8 .\CortexM3\ARM_GCC_484\Debug\E-Throttle.a(BRAKE_ADC.o)
                0x1fff8210                BRAKE_ADC_Offset
                0x1fff8214                BRAKE_ADC_CountsPerVolt
 COMMON         0x1fff8218        0x4 c:/program files (x86)/cypress/psoc creator/3.2/psoc creator/import/gnu/arm/4.8.4/bin/../lib/gcc/arm-none-eabi/4.8.4/../../../../arm-none-eabi/lib/armv7-m\libg_s.a(lib_a-reent.o)
                0x1fff8218                errno
                0x1fff8220                . = ALIGN (0x8)
 *fill*         0x1fff821c        0x4 
 *(.ram.b)
                0x1fff8220                _end = .
                0x1fff8220                __end = .
                0x1fff8220                PROVIDE (end, .)
                0x1fff8220                PROVIDE (__bss_end__, .)
                0x00002ba8                __cy_region_init_ram = LOADADDR (.data)
                0x00000090                __cy_region_init_size_ram = (_edata - ADDR (.data))
                0x00000088                __cy_region_zero_size_ram = (_end - _edata)

.heap           0x1fff8220       0x80 load address 0x00002c38
                0x1fff8220                . = _end
                0x1fff82a0                . = (. + 0x80)
 *fill*         0x1fff8220       0x80 
                0x1fff82a0                __cy_heap_limit = .

.stack          0x20007800      0x800
                0x20007800                __cy_stack_limit = .
                0x20008000                . = (. + 0x800)
 *fill*         0x20007800      0x800 
                0x00000001                ASSERT ((__cy_stack_limit >= __cy_heap_limit), region RAM overflowed with stack)

.cyloadermeta
 *(.cyloadermeta)

.cyloadablemeta
 *(.cyloadablemeta)

.cyconfigecc    0x80000000      0xc00
 *(.cyconfigecc)
 .cyconfigecc   0x80000000      0xc00 .\CortexM3\ARM_GCC_484\Debug\cymetadata.o
                0x80000000                cy_meta_configecc

.cycustnvl      0x90000000        0x4
 *(.cycustnvl)
 .cycustnvl     0x90000000        0x4 .\CortexM3\ARM_GCC_484\Debug\cymetadata.o
                0x90000000                cy_meta_custnvl

.cywolatch      0x90100000        0x4
 *(.cywolatch)
 .cywolatch     0x90100000        0x4 .\CortexM3\ARM_GCC_484\Debug\cymetadata.o
                0x90100000                cy_meta_wonvl

.cyeeprom       0x90200000        0x0
 *(.cyeeprom)
                0x00000001                ASSERT ((. <= ((0x90200000 + ee_offset) + ee_size)), .cyeeprom data will not fit in EEPROM)

.cyflashprotect
                0x90400000      0x100
 *(.cyflashprotect)
 .cyflashprotect
                0x90400000      0x100 .\CortexM3\ARM_GCC_484\Debug\cymetadata.o
                0x90400000                cy_meta_flashprotect

.cymeta         0x90500000        0xc
 *(.cymeta)
 .cymeta        0x90500000        0xc .\CortexM3\ARM_GCC_484\Debug\cymetadata.o
                0x90500000                cy_metadata

.rel.dyn        0x00002c38        0x0 load address 0x9050000c
 .rel.iplt      0x00000000        0x0 c:/program files (x86)/cypress/psoc creator/3.2/psoc creator/import/gnu/arm/4.8.4/bin/../lib/gcc/arm-none-eabi/4.8.4/armv7-m/crtbegin.o

.stab
 *(.stab)

.stabstr
 *(.stabstr)

.debug
 *(.debug)

.line
 *(.line)

.debug_srcinfo
 *(.debug_srcinfo)

.debug_sfnames
 *(.debug_sfnames)

.debug_aranges  0x00000000      0xfd8
 *(.debug_aranges)
 .debug_aranges
                0x00000000       0x20 .\CortexM3\ARM_GCC_484\Debug\main.o
 .debug_aranges
                0x00000020       0x88 .\CortexM3\ARM_GCC_484\Debug\signal_processing.o
 .debug_aranges
                0x000000a8       0x38 .\CortexM3\ARM_GCC_484\Debug\queue.o
 .debug_aranges
                0x000000e0       0x18 .\CortexM3\ARM_GCC_484\Debug\cymetadata.o
 .debug_aranges
                0x000000f8       0x48 .\CortexM3\ARM_GCC_484\Debug\Cm3Start.o
 .debug_aranges
                0x00000140       0x68 .\CortexM3\ARM_GCC_484\Debug\E-Throttle.a(cyfitter_cfg.o)
 .debug_aranges
                0x000001a8       0x20 .\CortexM3\ARM_GCC_484\Debug\E-Throttle.a(CyBootAsmGnu.o)
 .debug_aranges
                0x000001c8       0xd8 .\CortexM3\ARM_GCC_484\Debug\E-Throttle.a(CyDmac.o)
 .debug_aranges
                0x000002a0      0x298 .\CortexM3\ARM_GCC_484\Debug\E-Throttle.a(CyLib.o)
 .debug_aranges
                0x00000538       0x98 .\CortexM3\ARM_GCC_484\Debug\E-Throttle.a(cyPm.o)
 .debug_aranges
                0x000005d0       0xa0 .\CortexM3\ARM_GCC_484\Debug\E-Throttle.a(TPS_ADC.o)
 .debug_aranges
                0x00000670       0x20 .\CortexM3\ARM_GCC_484\Debug\E-Throttle.a(TPS_ADC_INT.o)
 .debug_aranges
                0x00000690       0xa0 .\CortexM3\ARM_GCC_484\Debug\E-Throttle.a(APPS_ADC.o)
 .debug_aranges
                0x00000730       0x20 .\CortexM3\ARM_GCC_484\Debug\E-Throttle.a(APPS_ADC_INT.o)
 .debug_aranges
                0x00000750       0x78 .\CortexM3\ARM_GCC_484\Debug\E-Throttle.a(SERVO_PWM.o)
 .debug_aranges
                0x000007c8       0xa8 .\CortexM3\ARM_GCC_484\Debug\E-Throttle.a(TPS_ADC_SAR.o)
 .debug_aranges
                0x00000870       0x28 .\CortexM3\ARM_GCC_484\Debug\E-Throttle.a(TPS_ADC_TempBuf_dma.o)
 .debug_aranges
                0x00000898       0x28 .\CortexM3\ARM_GCC_484\Debug\E-Throttle.a(TPS_ADC_FinalBuf_dma.o)
 .debug_aranges
                0x000008c0       0x80 .\CortexM3\ARM_GCC_484\Debug\E-Throttle.a(TPS_ADC_IRQ.o)
 .debug_aranges
                0x00000940       0xa8 .\CortexM3\ARM_GCC_484\Debug\E-Throttle.a(APPS_ADC_SAR.o)
 .debug_aranges
                0x000009e8       0x28 .\CortexM3\ARM_GCC_484\Debug\E-Throttle.a(APPS_ADC_TempBuf_dma.o)
 .debug_aranges
                0x00000a10       0x28 .\CortexM3\ARM_GCC_484\Debug\E-Throttle.a(APPS_ADC_FinalBuf_dma.o)
 .debug_aranges
                0x00000a38       0x80 .\CortexM3\ARM_GCC_484\Debug\E-Throttle.a(APPS_ADC_IRQ.o)
 .debug_aranges
                0x00000ab8       0xe8 .\CortexM3\ARM_GCC_484\Debug\E-Throttle.a(BRAKE_ADC.o)
 .debug_aranges
                0x00000ba0       0x38 .\CortexM3\ARM_GCC_484\Debug\E-Throttle.a(BRAKE_ADC_INT.o)
 .debug_aranges
                0x00000bd8       0x30 .\CortexM3\ARM_GCC_484\Debug\E-Throttle.a(BRAKE_ADC_AMux.o)
 .debug_aranges
                0x00000c08       0x70 .\CortexM3\ARM_GCC_484\Debug\E-Throttle.a(BRAKE_ADC_Ext_CP_Clk.o)
 .debug_aranges
                0x00000c78       0x80 .\CortexM3\ARM_GCC_484\Debug\E-Throttle.a(BRAKE_ADC_theACLK.o)
 .debug_aranges
                0x00000cf8       0x88 .\CortexM3\ARM_GCC_484\Debug\E-Throttle.a(Timer.o)
 .debug_aranges
                0x00000d80       0xf0 .\CortexM3\ARM_GCC_484\Debug\E-Throttle.a(UART.o)
 .debug_aranges
                0x00000e70       0x70 .\CortexM3\ARM_GCC_484\Debug\E-Throttle.a(UART_IntClock.o)
 .debug_aranges
                0x00000ee0       0x80 .\CortexM3\ARM_GCC_484\Debug\E-Throttle.a(CyFlash.o)
 .debug_aranges
                0x00000f60       0x78 .\CortexM3\ARM_GCC_484\Debug\E-Throttle.a(CySpc.o)

.debug_pubnames
 *(.debug_pubnames)

.debug_info     0x00000000     0x9adc
 *(.debug_info .gnu.linkonce.wi.*)
 .debug_info    0x00000000      0x6a4 .\CortexM3\ARM_GCC_484\Debug\main.o
 .debug_info    0x000006a4      0x8f4 .\CortexM3\ARM_GCC_484\Debug\signal_processing.o
 .debug_info    0x00000f98      0x2b4 .\CortexM3\ARM_GCC_484\Debug\queue.o
 .debug_info    0x0000124c      0x13e .\CortexM3\ARM_GCC_484\Debug\cymetadata.o
 .debug_info    0x0000138a      0x3af .\CortexM3\ARM_GCC_484\Debug\Cm3Start.o
 .debug_info    0x00001739      0x726 .\CortexM3\ARM_GCC_484\Debug\E-Throttle.a(cyfitter_cfg.o)
 .debug_info    0x00001e5f       0x92 .\CortexM3\ARM_GCC_484\Debug\E-Throttle.a(CyBootAsmGnu.o)
 .debug_info    0x00001ef1      0x93f .\CortexM3\ARM_GCC_484\Debug\E-Throttle.a(CyDmac.o)
 .debug_info    0x00002830     0x1373 .\CortexM3\ARM_GCC_484\Debug\E-Throttle.a(CyLib.o)
 .debug_info    0x00003ba3      0xa56 .\CortexM3\ARM_GCC_484\Debug\E-Throttle.a(cyPm.o)
 .debug_info    0x000045f9      0x7ba .\CortexM3\ARM_GCC_484\Debug\E-Throttle.a(TPS_ADC.o)
 .debug_info    0x00004db3       0x99 .\CortexM3\ARM_GCC_484\Debug\E-Throttle.a(TPS_ADC_INT.o)
 .debug_info    0x00004e4c      0x7ba .\CortexM3\ARM_GCC_484\Debug\E-Throttle.a(APPS_ADC.o)
 .debug_info    0x00005606       0x99 .\CortexM3\ARM_GCC_484\Debug\E-Throttle.a(APPS_ADC_INT.o)
 .debug_info    0x0000569f      0x278 .\CortexM3\ARM_GCC_484\Debug\E-Throttle.a(SERVO_PWM.o)
 .debug_info    0x00005917      0x546 .\CortexM3\ARM_GCC_484\Debug\E-Throttle.a(TPS_ADC_SAR.o)
 .debug_info    0x00005e5d      0x1f7 .\CortexM3\ARM_GCC_484\Debug\E-Throttle.a(TPS_ADC_TempBuf_dma.o)
 .debug_info    0x00006054      0x1fa .\CortexM3\ARM_GCC_484\Debug\E-Throttle.a(TPS_ADC_FinalBuf_dma.o)
 .debug_info    0x0000624e      0x2c7 .\CortexM3\ARM_GCC_484\Debug\E-Throttle.a(TPS_ADC_IRQ.o)
 .debug_info    0x00006515      0x546 .\CortexM3\ARM_GCC_484\Debug\E-Throttle.a(APPS_ADC_SAR.o)
 .debug_info    0x00006a5b      0x1f7 .\CortexM3\ARM_GCC_484\Debug\E-Throttle.a(APPS_ADC_TempBuf_dma.o)
 .debug_info    0x00006c52      0x1fb .\CortexM3\ARM_GCC_484\Debug\E-Throttle.a(APPS_ADC_FinalBuf_dma.o)
 .debug_info    0x00006e4d      0x2c7 .\CortexM3\ARM_GCC_484\Debug\E-Throttle.a(APPS_ADC_IRQ.o)
 .debug_info    0x00007114      0xc44 .\CortexM3\ARM_GCC_484\Debug\E-Throttle.a(BRAKE_ADC.o)
 .debug_info    0x00007d58       0xcc .\CortexM3\ARM_GCC_484\Debug\E-Throttle.a(BRAKE_ADC_INT.o)
 .debug_info    0x00007e24      0x16c .\CortexM3\ARM_GCC_484\Debug\E-Throttle.a(BRAKE_ADC_AMux.o)
 .debug_info    0x00007f90      0x283 .\CortexM3\ARM_GCC_484\Debug\E-Throttle.a(BRAKE_ADC_Ext_CP_Clk.o)
 .debug_info    0x00008213      0x2c4 .\CortexM3\ARM_GCC_484\Debug\E-Throttle.a(BRAKE_ADC_theACLK.o)
 .debug_info    0x000084d7      0x28a .\CortexM3\ARM_GCC_484\Debug\E-Throttle.a(Timer.o)
 .debug_info    0x00008761      0x600 .\CortexM3\ARM_GCC_484\Debug\E-Throttle.a(UART.o)
 .debug_info    0x00008d61      0x283 .\CortexM3\ARM_GCC_484\Debug\E-Throttle.a(UART_IntClock.o)
 .debug_info    0x00008fe4      0x60a .\CortexM3\ARM_GCC_484\Debug\E-Throttle.a(CyFlash.o)
 .debug_info    0x000095ee      0x4ee .\CortexM3\ARM_GCC_484\Debug\E-Throttle.a(CySpc.o)

.debug_abbrev   0x00000000     0x2dad
 *(.debug_abbrev)
 .debug_abbrev  0x00000000      0x17a .\CortexM3\ARM_GCC_484\Debug\main.o
 .debug_abbrev  0x0000017a      0x2b5 .\CortexM3\ARM_GCC_484\Debug\signal_processing.o
 .debug_abbrev  0x0000042f      0x170 .\CortexM3\ARM_GCC_484\Debug\queue.o
 .debug_abbrev  0x0000059f       0x77 .\CortexM3\ARM_GCC_484\Debug\cymetadata.o
 .debug_abbrev  0x00000616      0x20d .\CortexM3\ARM_GCC_484\Debug\Cm3Start.o
 .debug_abbrev  0x00000823      0x237 .\CortexM3\ARM_GCC_484\Debug\E-Throttle.a(cyfitter_cfg.o)
 .debug_abbrev  0x00000a5a       0x14 .\CortexM3\ARM_GCC_484\Debug\E-Throttle.a(CyBootAsmGnu.o)
 .debug_abbrev  0x00000a6e      0x1cc .\CortexM3\ARM_GCC_484\Debug\E-Throttle.a(CyDmac.o)
 .debug_abbrev  0x00000c3a      0x296 .\CortexM3\ARM_GCC_484\Debug\E-Throttle.a(CyLib.o)
 .debug_abbrev  0x00000ed0      0x1fa .\CortexM3\ARM_GCC_484\Debug\E-Throttle.a(cyPm.o)
 .debug_abbrev  0x000010ca      0x1c8 .\CortexM3\ARM_GCC_484\Debug\E-Throttle.a(TPS_ADC.o)
 .debug_abbrev  0x00001292       0x42 .\CortexM3\ARM_GCC_484\Debug\E-Throttle.a(TPS_ADC_INT.o)
 .debug_abbrev  0x000012d4      0x1c8 .\CortexM3\ARM_GCC_484\Debug\E-Throttle.a(APPS_ADC.o)
 .debug_abbrev  0x0000149c       0x42 .\CortexM3\ARM_GCC_484\Debug\E-Throttle.a(APPS_ADC_INT.o)
 .debug_abbrev  0x000014de      0x13a .\CortexM3\ARM_GCC_484\Debug\E-Throttle.a(SERVO_PWM.o)
 .debug_abbrev  0x00001618      0x1e6 .\CortexM3\ARM_GCC_484\Debug\E-Throttle.a(TPS_ADC_SAR.o)
 .debug_abbrev  0x000017fe       0xf8 .\CortexM3\ARM_GCC_484\Debug\E-Throttle.a(TPS_ADC_TempBuf_dma.o)
 .debug_abbrev  0x000018f6       0xf8 .\CortexM3\ARM_GCC_484\Debug\E-Throttle.a(TPS_ADC_FinalBuf_dma.o)
 .debug_abbrev  0x000019ee      0x157 .\CortexM3\ARM_GCC_484\Debug\E-Throttle.a(TPS_ADC_IRQ.o)
 .debug_abbrev  0x00001b45      0x1e6 .\CortexM3\ARM_GCC_484\Debug\E-Throttle.a(APPS_ADC_SAR.o)
 .debug_abbrev  0x00001d2b       0xf8 .\CortexM3\ARM_GCC_484\Debug\E-Throttle.a(APPS_ADC_TempBuf_dma.o)
 .debug_abbrev  0x00001e23       0xf8 .\CortexM3\ARM_GCC_484\Debug\E-Throttle.a(APPS_ADC_FinalBuf_dma.o)
 .debug_abbrev  0x00001f1b      0x157 .\CortexM3\ARM_GCC_484\Debug\E-Throttle.a(APPS_ADC_IRQ.o)
 .debug_abbrev  0x00002072      0x21f .\CortexM3\ARM_GCC_484\Debug\E-Throttle.a(BRAKE_ADC.o)
 .debug_abbrev  0x00002291       0x42 .\CortexM3\ARM_GCC_484\Debug\E-Throttle.a(BRAKE_ADC_INT.o)
 .debug_abbrev  0x000022d3       0xcb .\CortexM3\ARM_GCC_484\Debug\E-Throttle.a(BRAKE_ADC_AMux.o)
 .debug_abbrev  0x0000239e      0x137 .\CortexM3\ARM_GCC_484\Debug\E-Throttle.a(BRAKE_ADC_Ext_CP_Clk.o)
 .debug_abbrev  0x000024d5      0x11f .\CortexM3\ARM_GCC_484\Debug\E-Throttle.a(BRAKE_ADC_theACLK.o)
 .debug_abbrev  0x000025f4      0x127 .\CortexM3\ARM_GCC_484\Debug\E-Throttle.a(Timer.o)
 .debug_abbrev  0x0000271b      0x1af .\CortexM3\ARM_GCC_484\Debug\E-Throttle.a(UART.o)
 .debug_abbrev  0x000028ca      0x137 .\CortexM3\ARM_GCC_484\Debug\E-Throttle.a(UART_IntClock.o)
 .debug_abbrev  0x00002a01      0x1de .\CortexM3\ARM_GCC_484\Debug\E-Throttle.a(CyFlash.o)
 .debug_abbrev  0x00002bdf      0x1ce .\CortexM3\ARM_GCC_484\Debug\E-Throttle.a(CySpc.o)

.debug_line     0x00000000     0x3dec
 *(.debug_line)
 .debug_line    0x00000000      0x209 .\CortexM3\ARM_GCC_484\Debug\main.o
 .debug_line    0x00000209      0x398 .\CortexM3\ARM_GCC_484\Debug\signal_processing.o
 .debug_line    0x000005a1      0x247 .\CortexM3\ARM_GCC_484\Debug\queue.o
 .debug_line    0x000007e8       0x53 .\CortexM3\ARM_GCC_484\Debug\cymetadata.o
 .debug_line    0x0000083b      0x243 .\CortexM3\ARM_GCC_484\Debug\Cm3Start.o
 .debug_line    0x00000a7e      0x245 .\CortexM3\ARM_GCC_484\Debug\E-Throttle.a(cyfitter_cfg.o)
 .debug_line    0x00000cc3       0x68 .\CortexM3\ARM_GCC_484\Debug\E-Throttle.a(CyBootAsmGnu.o)
 .debug_line    0x00000d2b      0x2de .\CortexM3\ARM_GCC_484\Debug\E-Throttle.a(CyDmac.o)
 .debug_line    0x00001009      0x818 .\CortexM3\ARM_GCC_484\Debug\E-Throttle.a(CyLib.o)
 .debug_line    0x00001821      0x366 .\CortexM3\ARM_GCC_484\Debug\E-Throttle.a(cyPm.o)
 .debug_line    0x00001b87      0x22b .\CortexM3\ARM_GCC_484\Debug\E-Throttle.a(TPS_ADC.o)
 .debug_line    0x00001db2       0x56 .\CortexM3\ARM_GCC_484\Debug\E-Throttle.a(TPS_ADC_INT.o)
 .debug_line    0x00001e08      0x230 .\CortexM3\ARM_GCC_484\Debug\E-Throttle.a(APPS_ADC.o)
 .debug_line    0x00002038       0x57 .\CortexM3\ARM_GCC_484\Debug\E-Throttle.a(APPS_ADC_INT.o)
 .debug_line    0x0000208f      0x139 .\CortexM3\ARM_GCC_484\Debug\E-Throttle.a(SERVO_PWM.o)
 .debug_line    0x000021c8      0x208 .\CortexM3\ARM_GCC_484\Debug\E-Throttle.a(TPS_ADC_SAR.o)
 .debug_line    0x000023d0       0xa5 .\CortexM3\ARM_GCC_484\Debug\E-Throttle.a(TPS_ADC_TempBuf_dma.o)
 .debug_line    0x00002475       0xa6 .\CortexM3\ARM_GCC_484\Debug\E-Throttle.a(TPS_ADC_FinalBuf_dma.o)
 .debug_line    0x0000251b      0x151 .\CortexM3\ARM_GCC_484\Debug\E-Throttle.a(TPS_ADC_IRQ.o)
 .debug_line    0x0000266c      0x209 .\CortexM3\ARM_GCC_484\Debug\E-Throttle.a(APPS_ADC_SAR.o)
 .debug_line    0x00002875       0xa6 .\CortexM3\ARM_GCC_484\Debug\E-Throttle.a(APPS_ADC_TempBuf_dma.o)
 .debug_line    0x0000291b       0xa7 .\CortexM3\ARM_GCC_484\Debug\E-Throttle.a(APPS_ADC_FinalBuf_dma.o)
 .debug_line    0x000029c2      0x152 .\CortexM3\ARM_GCC_484\Debug\E-Throttle.a(APPS_ADC_IRQ.o)
 .debug_line    0x00002b14      0x3fe .\CortexM3\ARM_GCC_484\Debug\E-Throttle.a(BRAKE_ADC.o)
 .debug_line    0x00002f12       0x88 .\CortexM3\ARM_GCC_484\Debug\E-Throttle.a(BRAKE_ADC_INT.o)
 .debug_line    0x00002f9a       0xb4 .\CortexM3\ARM_GCC_484\Debug\E-Throttle.a(BRAKE_ADC_AMux.o)
 .debug_line    0x0000304e      0x1a4 .\CortexM3\ARM_GCC_484\Debug\E-Throttle.a(BRAKE_ADC_Ext_CP_Clk.o)
 .debug_line    0x000031f2      0x1c4 .\CortexM3\ARM_GCC_484\Debug\E-Throttle.a(BRAKE_ADC_theACLK.o)
 .debug_line    0x000033b6      0x155 .\CortexM3\ARM_GCC_484\Debug\E-Throttle.a(Timer.o)
 .debug_line    0x0000350b      0x2c9 .\CortexM3\ARM_GCC_484\Debug\E-Throttle.a(UART.o)
 .debug_line    0x000037d4      0x19d .\CortexM3\ARM_GCC_484\Debug\E-Throttle.a(UART_IntClock.o)
 .debug_line    0x00003971      0x233 .\CortexM3\ARM_GCC_484\Debug\E-Throttle.a(CyFlash.o)
 .debug_line    0x00003ba4      0x248 .\CortexM3\ARM_GCC_484\Debug\E-Throttle.a(CySpc.o)

.debug_frame    0x00000000     0x2900
 *(.debug_frame)
 .debug_frame   0x00000000       0x44 .\CortexM3\ARM_GCC_484\Debug\main.o
 .debug_frame   0x00000044      0x1b0 .\CortexM3\ARM_GCC_484\Debug\signal_processing.o
 .debug_frame   0x000001f4       0x84 .\CortexM3\ARM_GCC_484\Debug\queue.o
 .debug_frame   0x00000278       0xac .\CortexM3\ARM_GCC_484\Debug\Cm3Start.o
 .debug_frame   0x00000324      0x10c .\CortexM3\ARM_GCC_484\Debug\E-Throttle.a(cyfitter_cfg.o)
 .debug_frame   0x00000430      0x1d0 .\CortexM3\ARM_GCC_484\Debug\E-Throttle.a(CyDmac.o)
 .debug_frame   0x00000600      0x730 .\CortexM3\ARM_GCC_484\Debug\E-Throttle.a(CyLib.o)
 .debug_frame   0x00000d30      0x1fc .\CortexM3\ARM_GCC_484\Debug\E-Throttle.a(cyPm.o)
 .debug_frame   0x00000f2c      0x1d0 .\CortexM3\ARM_GCC_484\Debug\E-Throttle.a(TPS_ADC.o)
 .debug_frame   0x000010fc       0x20 .\CortexM3\ARM_GCC_484\Debug\E-Throttle.a(TPS_ADC_INT.o)
 .debug_frame   0x0000111c      0x1d0 .\CortexM3\ARM_GCC_484\Debug\E-Throttle.a(APPS_ADC.o)
 .debug_frame   0x000012ec       0x20 .\CortexM3\ARM_GCC_484\Debug\E-Throttle.a(APPS_ADC_INT.o)
 .debug_frame   0x0000130c       0xe8 .\CortexM3\ARM_GCC_484\Debug\E-Throttle.a(SERVO_PWM.o)
 .debug_frame   0x000013f4      0x1a4 .\CortexM3\ARM_GCC_484\Debug\E-Throttle.a(TPS_ADC_SAR.o)
 .debug_frame   0x00001598       0x54 .\CortexM3\ARM_GCC_484\Debug\E-Throttle.a(TPS_ADC_TempBuf_dma.o)
 .debug_frame   0x000015ec       0x54 .\CortexM3\ARM_GCC_484\Debug\E-Throttle.a(TPS_ADC_FinalBuf_dma.o)
 .debug_frame   0x00001640      0x104 .\CortexM3\ARM_GCC_484\Debug\E-Throttle.a(TPS_ADC_IRQ.o)
 .debug_frame   0x00001744      0x1a4 .\CortexM3\ARM_GCC_484\Debug\E-Throttle.a(APPS_ADC_SAR.o)
 .debug_frame   0x000018e8       0x54 .\CortexM3\ARM_GCC_484\Debug\E-Throttle.a(APPS_ADC_TempBuf_dma.o)
 .debug_frame   0x0000193c       0x54 .\CortexM3\ARM_GCC_484\Debug\E-Throttle.a(APPS_ADC_FinalBuf_dma.o)
 .debug_frame   0x00001990      0x104 .\CortexM3\ARM_GCC_484\Debug\E-Throttle.a(APPS_ADC_IRQ.o)
 .debug_frame   0x00001a94      0x280 .\CortexM3\ARM_GCC_484\Debug\E-Throttle.a(BRAKE_ADC.o)
 .debug_frame   0x00001d14       0x50 .\CortexM3\ARM_GCC_484\Debug\E-Throttle.a(BRAKE_ADC_INT.o)
 .debug_frame   0x00001d64       0x64 .\CortexM3\ARM_GCC_484\Debug\E-Throttle.a(BRAKE_ADC_AMux.o)
 .debug_frame   0x00001dc8       0xe0 .\CortexM3\ARM_GCC_484\Debug\E-Throttle.a(BRAKE_ADC_Ext_CP_Clk.o)
 .debug_frame   0x00001ea8      0x100 .\CortexM3\ARM_GCC_484\Debug\E-Throttle.a(BRAKE_ADC_theACLK.o)
 .debug_frame   0x00001fa8      0x108 .\CortexM3\ARM_GCC_484\Debug\E-Throttle.a(Timer.o)
 .debug_frame   0x000020b0      0x234 .\CortexM3\ARM_GCC_484\Debug\E-Throttle.a(UART.o)
 .debug_frame   0x000022e4       0xe0 .\CortexM3\ARM_GCC_484\Debug\E-Throttle.a(UART_IntClock.o)
 .debug_frame   0x000023c4      0x17c .\CortexM3\ARM_GCC_484\Debug\E-Throttle.a(CyFlash.o)
 .debug_frame   0x00002540      0x148 .\CortexM3\ARM_GCC_484\Debug\E-Throttle.a(CySpc.o)
 .debug_frame   0x00002688       0x58 c:/program files (x86)/cypress/psoc creator/3.2/psoc creator/import/gnu/arm/4.8.4/bin/../lib/gcc/arm-none-eabi/4.8.4/armv7-m\libgcc.a(bpabi.o)
 .debug_frame   0x000026e0       0x34 c:/program files (x86)/cypress/psoc creator/3.2/psoc creator/import/gnu/arm/4.8.4/bin/../lib/gcc/arm-none-eabi/4.8.4/armv7-m\libgcc.a(_divdi3.o)
 .debug_frame   0x00002714       0x34 c:/program files (x86)/cypress/psoc creator/3.2/psoc creator/import/gnu/arm/4.8.4/bin/../lib/gcc/arm-none-eabi/4.8.4/armv7-m\libgcc.a(_udivdi3.o)
 .debug_frame   0x00002748       0x20 c:/program files (x86)/cypress/psoc creator/3.2/psoc creator/import/gnu/arm/4.8.4/bin/../lib/gcc/arm-none-eabi/4.8.4/../../../../arm-none-eabi/lib/armv7-m\libg_s.a(lib_a-errno.o)
 .debug_frame   0x00002768       0x28 c:/program files (x86)/cypress/psoc creator/3.2/psoc creator/import/gnu/arm/4.8.4/bin/../lib/gcc/arm-none-eabi/4.8.4/../../../../arm-none-eabi/lib/armv7-m\libg_s.a(lib_a-exit.o)
 .debug_frame   0x00002790       0x2c c:/program files (x86)/cypress/psoc creator/3.2/psoc creator/import/gnu/arm/4.8.4/bin/../lib/gcc/arm-none-eabi/4.8.4/../../../../arm-none-eabi/lib/armv7-m\libg_s.a(lib_a-init.o)
 .debug_frame   0x000027bc       0x30 c:/program files (x86)/cypress/psoc creator/3.2/psoc creator/import/gnu/arm/4.8.4/bin/../lib/gcc/arm-none-eabi/4.8.4/../../../../arm-none-eabi/lib/armv7-m\libg_s.a(lib_a-malloc.o)
 .debug_frame   0x000027ec       0x28 c:/program files (x86)/cypress/psoc creator/3.2/psoc creator/import/gnu/arm/4.8.4/bin/../lib/gcc/arm-none-eabi/4.8.4/../../../../arm-none-eabi/lib/armv7-m\libg_s.a(lib_a-memcpy-stub.o)
 .debug_frame   0x00002814       0x20 c:/program files (x86)/cypress/psoc creator/3.2/psoc creator/import/gnu/arm/4.8.4/bin/../lib/gcc/arm-none-eabi/4.8.4/../../../../arm-none-eabi/lib/armv7-m\libg_s.a(lib_a-memset.o)
 .debug_frame   0x00002834       0x2c c:/program files (x86)/cypress/psoc creator/3.2/psoc creator/import/gnu/arm/4.8.4/bin/../lib/gcc/arm-none-eabi/4.8.4/../../../../arm-none-eabi/lib/armv7-m\libg_s.a(lib_a-nano-freer.o)
 .debug_frame   0x00002860       0x2c c:/program files (x86)/cypress/psoc creator/3.2/psoc creator/import/gnu/arm/4.8.4/bin/../lib/gcc/arm-none-eabi/4.8.4/../../../../arm-none-eabi/lib/armv7-m\libg_s.a(lib_a-nano-mallocr.o)
 .debug_frame   0x0000288c       0x2c c:/program files (x86)/cypress/psoc creator/3.2/psoc creator/import/gnu/arm/4.8.4/bin/../lib/gcc/arm-none-eabi/4.8.4/../../../../arm-none-eabi/lib/armv7-m\libg_s.a(lib_a-sbrkr.o)
 .debug_frame   0x000028b8       0x48 c:/program files (x86)/cypress/psoc creator/3.2/psoc creator/import/gnu/arm/4.8.4/bin/../lib/gcc/arm-none-eabi/4.8.4/../../../../arm-none-eabi/lib/armv7-m\libg_s.a(lib_a-reent.o)

.debug_str      0x00000000     0x3670
 *(.debug_str)
 .debug_str     0x00000000      0x432 .\CortexM3\ARM_GCC_484\Debug\main.o
                                0x48b (size before relaxing)
 .debug_str     0x00000432      0x1d7 .\CortexM3\ARM_GCC_484\Debug\signal_processing.o
                                0x4b5 (size before relaxing)
 .debug_str     0x00000609       0x34 .\CortexM3\ARM_GCC_484\Debug\queue.o
                                0x238 (size before relaxing)
 .debug_str     0x0000063d       0x77 .\CortexM3\ARM_GCC_484\Debug\cymetadata.o
                                0x1da (size before relaxing)
 .debug_str     0x000006b4      0x168 .\CortexM3\ARM_GCC_484\Debug\Cm3Start.o
                                0x2fe (size before relaxing)
 .debug_str     0x0000081c      0x1e2 .\CortexM3\ARM_GCC_484\Debug\E-Throttle.a(cyfitter_cfg.o)
                                0x38c (size before relaxing)
 .debug_str     0x000009fe      0x37e .\CortexM3\ARM_GCC_484\Debug\E-Throttle.a(CyDmac.o)
                                0x52e (size before relaxing)
 .debug_str     0x00000d7c      0x7e3 .\CortexM3\ARM_GCC_484\Debug\E-Throttle.a(CyLib.o)
                                0xa13 (size before relaxing)
 .debug_str     0x0000155f      0x35b .\CortexM3\ARM_GCC_484\Debug\E-Throttle.a(cyPm.o)
                                0x70b (size before relaxing)
 .debug_str     0x000018ba      0x355 .\CortexM3\ARM_GCC_484\Debug\E-Throttle.a(TPS_ADC.o)
                                0x609 (size before relaxing)
 .debug_str     0x00001c0f       0x33 .\CortexM3\ARM_GCC_484\Debug\E-Throttle.a(TPS_ADC_INT.o)
                                0x190 (size before relaxing)
 .debug_str     0x00001c42      0x337 .\CortexM3\ARM_GCC_484\Debug\E-Throttle.a(APPS_ADC.o)
                                0x632 (size before relaxing)
 .debug_str     0x00001f79       0x35 .\CortexM3\ARM_GCC_484\Debug\E-Throttle.a(APPS_ADC_INT.o)
                                0x192 (size before relaxing)
 .debug_str     0x00001fae      0x145 .\CortexM3\ARM_GCC_484\Debug\E-Throttle.a(SERVO_PWM.o)
                                0x2e9 (size before relaxing)
 .debug_str     0x000020f3      0x13e .\CortexM3\ARM_GCC_484\Debug\E-Throttle.a(TPS_ADC_SAR.o)
                                0x482 (size before relaxing)
 .debug_str     0x00002231       0x9f .\CortexM3\ARM_GCC_484\Debug\E-Throttle.a(TPS_ADC_TempBuf_dma.o)
                                0x281 (size before relaxing)
 .debug_str     0x000022d0       0x67 .\CortexM3\ARM_GCC_484\Debug\E-Throttle.a(TPS_ADC_FinalBuf_dma.o)
                                0x285 (size before relaxing)
 .debug_str     0x00002337      0x10e .\CortexM3\ARM_GCC_484\Debug\E-Throttle.a(TPS_ADC_IRQ.o)
                                0x2de (size before relaxing)
 .debug_str     0x00002445      0x12a .\CortexM3\ARM_GCC_484\Debug\E-Throttle.a(APPS_ADC_SAR.o)
                                0x49a (size before relaxing)
 .debug_str     0x0000256f       0x67 .\CortexM3\ARM_GCC_484\Debug\E-Throttle.a(APPS_ADC_TempBuf_dma.o)
                                0x285 (size before relaxing)
 .debug_str     0x000025d6       0x6a .\CortexM3\ARM_GCC_484\Debug\E-Throttle.a(APPS_ADC_FinalBuf_dma.o)
                                0x289 (size before relaxing)
 .debug_str     0x00002640      0x11a .\CortexM3\ARM_GCC_484\Debug\E-Throttle.a(APPS_ADC_IRQ.o)
                                0x2ec (size before relaxing)
 .debug_str     0x0000275a      0x3fa .\CortexM3\ARM_GCC_484\Debug\E-Throttle.a(BRAKE_ADC.o)
                                0x6b0 (size before relaxing)
 .debug_str     0x00002b54       0x65 .\CortexM3\ARM_GCC_484\Debug\E-Throttle.a(BRAKE_ADC_INT.o)
                                0x1c2 (size before relaxing)
 .debug_str     0x00002bb9       0x74 .\CortexM3\ARM_GCC_484\Debug\E-Throttle.a(BRAKE_ADC_AMux.o)
                                0x219 (size before relaxing)
 .debug_str     0x00002c2d      0x1ab .\CortexM3\ARM_GCC_484\Debug\E-Throttle.a(BRAKE_ADC_Ext_CP_Clk.o)
                                0x37a (size before relaxing)
 .debug_str     0x00002dd8      0x199 .\CortexM3\ARM_GCC_484\Debug\E-Throttle.a(BRAKE_ADC_theACLK.o)
                                0x3a5 (size before relaxing)
 .debug_str     0x00002f71      0x11e .\CortexM3\ARM_GCC_484\Debug\E-Throttle.a(Timer.o)
                                0x2d9 (size before relaxing)
 .debug_str     0x0000308f      0x25b .\CortexM3\ARM_GCC_484\Debug\E-Throttle.a(UART.o)
                                0x459 (size before relaxing)
 .debug_str     0x000032ea      0x13a .\CortexM3\ARM_GCC_484\Debug\E-Throttle.a(UART_IntClock.o)
                                0x326 (size before relaxing)
 .debug_str     0x00003424      0x19e .\CortexM3\ARM_GCC_484\Debug\E-Throttle.a(CyFlash.o)
                                0x385 (size before relaxing)
 .debug_str     0x000035c2       0xae .\CortexM3\ARM_GCC_484\Debug\E-Throttle.a(CySpc.o)
                                0x30e (size before relaxing)

.debug_loc      0x00000000     0x472a
 *(.debug_loc)
 .debug_loc     0x00000000      0x199 .\CortexM3\ARM_GCC_484\Debug\main.o
 .debug_loc     0x00000199      0x633 .\CortexM3\ARM_GCC_484\Debug\signal_processing.o
 .debug_loc     0x000007cc      0x12b .\CortexM3\ARM_GCC_484\Debug\queue.o
 .debug_loc     0x000008f7      0x14f .\CortexM3\ARM_GCC_484\Debug\Cm3Start.o
 .debug_loc     0x00000a46      0x2f8 .\CortexM3\ARM_GCC_484\Debug\E-Throttle.a(cyfitter_cfg.o)
 .debug_loc     0x00000d3e      0xb6b .\CortexM3\ARM_GCC_484\Debug\E-Throttle.a(CyDmac.o)
 .debug_loc     0x000018a9      0xa53 .\CortexM3\ARM_GCC_484\Debug\E-Throttle.a(CyLib.o)
 .debug_loc     0x000022fc      0x22a .\CortexM3\ARM_GCC_484\Debug\E-Throttle.a(cyPm.o)
 .debug_loc     0x00002526      0x13c .\CortexM3\ARM_GCC_484\Debug\E-Throttle.a(TPS_ADC.o)
 .debug_loc     0x00002662      0x13c .\CortexM3\ARM_GCC_484\Debug\E-Throttle.a(APPS_ADC.o)
 .debug_loc     0x0000279e       0x13 .\CortexM3\ARM_GCC_484\Debug\E-Throttle.a(SERVO_PWM.o)
 .debug_loc     0x000027b1      0x2b3 .\CortexM3\ARM_GCC_484\Debug\E-Throttle.a(TPS_ADC_SAR.o)
 .debug_loc     0x00002a64       0x84 .\CortexM3\ARM_GCC_484\Debug\E-Throttle.a(TPS_ADC_TempBuf_dma.o)
 .debug_loc     0x00002ae8       0x84 .\CortexM3\ARM_GCC_484\Debug\E-Throttle.a(TPS_ADC_FinalBuf_dma.o)
 .debug_loc     0x00002b6c       0x56 .\CortexM3\ARM_GCC_484\Debug\E-Throttle.a(TPS_ADC_IRQ.o)
 .debug_loc     0x00002bc2      0x2b3 .\CortexM3\ARM_GCC_484\Debug\E-Throttle.a(APPS_ADC_SAR.o)
 .debug_loc     0x00002e75       0x84 .\CortexM3\ARM_GCC_484\Debug\E-Throttle.a(APPS_ADC_TempBuf_dma.o)
 .debug_loc     0x00002ef9       0x84 .\CortexM3\ARM_GCC_484\Debug\E-Throttle.a(APPS_ADC_FinalBuf_dma.o)
 .debug_loc     0x00002f7d       0x56 .\CortexM3\ARM_GCC_484\Debug\E-Throttle.a(APPS_ADC_IRQ.o)
 .debug_loc     0x00002fd3      0x6ec .\CortexM3\ARM_GCC_484\Debug\E-Throttle.a(BRAKE_ADC.o)
 .debug_loc     0x000036bf       0x79 .\CortexM3\ARM_GCC_484\Debug\E-Throttle.a(BRAKE_ADC_AMux.o)
 .debug_loc     0x00003738      0x125 .\CortexM3\ARM_GCC_484\Debug\E-Throttle.a(BRAKE_ADC_Ext_CP_Clk.o)
 .debug_loc     0x0000385d      0x146 .\CortexM3\ARM_GCC_484\Debug\E-Throttle.a(BRAKE_ADC_theACLK.o)
 .debug_loc     0x000039a3      0x288 .\CortexM3\ARM_GCC_484\Debug\E-Throttle.a(UART.o)
 .debug_loc     0x00003c2b      0x15c .\CortexM3\ARM_GCC_484\Debug\E-Throttle.a(UART_IntClock.o)
 .debug_loc     0x00003d87      0x321 .\CortexM3\ARM_GCC_484\Debug\E-Throttle.a(CyFlash.o)
 .debug_loc     0x000040a8      0x682 .\CortexM3\ARM_GCC_484\Debug\E-Throttle.a(CySpc.o)

.debug_macinfo
 *(.debug_macinfo)

.debug_ranges   0x00000000      0xde0
 *(.debug_ranges)
 .debug_ranges  0x00000000       0x10 .\CortexM3\ARM_GCC_484\Debug\main.o
 .debug_ranges  0x00000010       0x78 .\CortexM3\ARM_GCC_484\Debug\signal_processing.o
 .debug_ranges  0x00000088       0x28 .\CortexM3\ARM_GCC_484\Debug\queue.o
 .debug_ranges  0x000000b0       0x50 .\CortexM3\ARM_GCC_484\Debug\Cm3Start.o
 .debug_ranges  0x00000100       0x70 .\CortexM3\ARM_GCC_484\Debug\E-Throttle.a(cyfitter_cfg.o)
 .debug_ranges  0x00000170       0xc8 .\CortexM3\ARM_GCC_484\Debug\E-Throttle.a(CyDmac.o)
 .debug_ranges  0x00000238      0x288 .\CortexM3\ARM_GCC_484\Debug\E-Throttle.a(CyLib.o)
 .debug_ranges  0x000004c0       0x88 .\CortexM3\ARM_GCC_484\Debug\E-Throttle.a(cyPm.o)
 .debug_ranges  0x00000548       0x90 .\CortexM3\ARM_GCC_484\Debug\E-Throttle.a(TPS_ADC.o)
 .debug_ranges  0x000005d8       0x10 .\CortexM3\ARM_GCC_484\Debug\E-Throttle.a(TPS_ADC_INT.o)
 .debug_ranges  0x000005e8       0x90 .\CortexM3\ARM_GCC_484\Debug\E-Throttle.a(APPS_ADC.o)
 .debug_ranges  0x00000678       0x10 .\CortexM3\ARM_GCC_484\Debug\E-Throttle.a(APPS_ADC_INT.o)
 .debug_ranges  0x00000688       0x68 .\CortexM3\ARM_GCC_484\Debug\E-Throttle.a(SERVO_PWM.o)
 .debug_ranges  0x000006f0       0x98 .\CortexM3\ARM_GCC_484\Debug\E-Throttle.a(TPS_ADC_SAR.o)
 .debug_ranges  0x00000788       0x18 .\CortexM3\ARM_GCC_484\Debug\E-Throttle.a(TPS_ADC_TempBuf_dma.o)
 .debug_ranges  0x000007a0       0x18 .\CortexM3\ARM_GCC_484\Debug\E-Throttle.a(TPS_ADC_FinalBuf_dma.o)
 .debug_ranges  0x000007b8       0x70 .\CortexM3\ARM_GCC_484\Debug\E-Throttle.a(TPS_ADC_IRQ.o)
 .debug_ranges  0x00000828       0x98 .\CortexM3\ARM_GCC_484\Debug\E-Throttle.a(APPS_ADC_SAR.o)
 .debug_ranges  0x000008c0       0x18 .\CortexM3\ARM_GCC_484\Debug\E-Throttle.a(APPS_ADC_TempBuf_dma.o)
 .debug_ranges  0x000008d8       0x18 .\CortexM3\ARM_GCC_484\Debug\E-Throttle.a(APPS_ADC_FinalBuf_dma.o)
 .debug_ranges  0x000008f0       0x70 .\CortexM3\ARM_GCC_484\Debug\E-Throttle.a(APPS_ADC_IRQ.o)
 .debug_ranges  0x00000960       0xd8 .\CortexM3\ARM_GCC_484\Debug\E-Throttle.a(BRAKE_ADC.o)
 .debug_ranges  0x00000a38       0x28 .\CortexM3\ARM_GCC_484\Debug\E-Throttle.a(BRAKE_ADC_INT.o)
 .debug_ranges  0x00000a60       0x20 .\CortexM3\ARM_GCC_484\Debug\E-Throttle.a(BRAKE_ADC_AMux.o)
 .debug_ranges  0x00000a80       0x60 .\CortexM3\ARM_GCC_484\Debug\E-Throttle.a(BRAKE_ADC_Ext_CP_Clk.o)
 .debug_ranges  0x00000ae0       0x70 .\CortexM3\ARM_GCC_484\Debug\E-Throttle.a(BRAKE_ADC_theACLK.o)
 .debug_ranges  0x00000b50       0x78 .\CortexM3\ARM_GCC_484\Debug\E-Throttle.a(Timer.o)
 .debug_ranges  0x00000bc8       0xe0 .\CortexM3\ARM_GCC_484\Debug\E-Throttle.a(UART.o)
 .debug_ranges  0x00000ca8       0x60 .\CortexM3\ARM_GCC_484\Debug\E-Throttle.a(UART_IntClock.o)
 .debug_ranges  0x00000d08       0x70 .\CortexM3\ARM_GCC_484\Debug\E-Throttle.a(CyFlash.o)
 .debug_ranges  0x00000d78       0x68 .\CortexM3\ARM_GCC_484\Debug\E-Throttle.a(CySpc.o)

.comment        0x00000000       0x70
 .comment       0x00000000       0x70 .\CortexM3\ARM_GCC_484\Debug\main.o
                                 0x71 (size before relaxing)
 .comment       0x00000000       0x71 .\CortexM3\ARM_GCC_484\Debug\signal_processing.o
 .comment       0x00000000       0x71 .\CortexM3\ARM_GCC_484\Debug\queue.o
 .comment       0x00000000       0x71 .\CortexM3\ARM_GCC_484\Debug\cymetadata.o
 .comment       0x00000000       0x71 .\CortexM3\ARM_GCC_484\Debug\Cm3Start.o
 .comment       0x00000000       0x71 .\CortexM3\ARM_GCC_484\Debug\E-Throttle.a(cyfitter_cfg.o)
 .comment       0x00000000       0x71 .\CortexM3\ARM_GCC_484\Debug\E-Throttle.a(CyDmac.o)
 .comment       0x00000000       0x71 .\CortexM3\ARM_GCC_484\Debug\E-Throttle.a(CyLib.o)
 .comment       0x00000000       0x71 .\CortexM3\ARM_GCC_484\Debug\E-Throttle.a(cyPm.o)
 .comment       0x00000000       0x71 .\CortexM3\ARM_GCC_484\Debug\E-Throttle.a(TPS_ADC.o)
 .comment       0x00000000       0x71 .\CortexM3\ARM_GCC_484\Debug\E-Throttle.a(TPS_ADC_INT.o)
 .comment       0x00000000       0x71 .\CortexM3\ARM_GCC_484\Debug\E-Throttle.a(APPS_ADC.o)
 .comment       0x00000000       0x71 .\CortexM3\ARM_GCC_484\Debug\E-Throttle.a(APPS_ADC_INT.o)
 .comment       0x00000000       0x71 .\CortexM3\ARM_GCC_484\Debug\E-Throttle.a(SERVO_PWM.o)
 .comment       0x00000000       0x71 .\CortexM3\ARM_GCC_484\Debug\E-Throttle.a(TPS_ADC_SAR.o)
 .comment       0x00000000       0x71 .\CortexM3\ARM_GCC_484\Debug\E-Throttle.a(TPS_ADC_TempBuf_dma.o)
 .comment       0x00000000       0x71 .\CortexM3\ARM_GCC_484\Debug\E-Throttle.a(TPS_ADC_FinalBuf_dma.o)
 .comment       0x00000000       0x71 .\CortexM3\ARM_GCC_484\Debug\E-Throttle.a(TPS_ADC_IRQ.o)
 .comment       0x00000000       0x71 .\CortexM3\ARM_GCC_484\Debug\E-Throttle.a(APPS_ADC_SAR.o)
 .comment       0x00000000       0x71 .\CortexM3\ARM_GCC_484\Debug\E-Throttle.a(APPS_ADC_TempBuf_dma.o)
 .comment       0x00000000       0x71 .\CortexM3\ARM_GCC_484\Debug\E-Throttle.a(APPS_ADC_FinalBuf_dma.o)
 .comment       0x00000000       0x71 .\CortexM3\ARM_GCC_484\Debug\E-Throttle.a(APPS_ADC_IRQ.o)
 .comment       0x00000000       0x71 .\CortexM3\ARM_GCC_484\Debug\E-Throttle.a(BRAKE_ADC.o)
 .comment       0x00000000       0x71 .\CortexM3\ARM_GCC_484\Debug\E-Throttle.a(BRAKE_ADC_INT.o)
 .comment       0x00000000       0x71 .\CortexM3\ARM_GCC_484\Debug\E-Throttle.a(BRAKE_ADC_AMux.o)
 .comment       0x00000000       0x71 .\CortexM3\ARM_GCC_484\Debug\E-Throttle.a(BRAKE_ADC_Ext_CP_Clk.o)
 .comment       0x00000000       0x71 .\CortexM3\ARM_GCC_484\Debug\E-Throttle.a(BRAKE_ADC_theACLK.o)
 .comment       0x00000000       0x71 .\CortexM3\ARM_GCC_484\Debug\E-Throttle.a(Timer.o)
 .comment       0x00000000       0x71 .\CortexM3\ARM_GCC_484\Debug\E-Throttle.a(UART.o)
 .comment       0x00000000       0x71 .\CortexM3\ARM_GCC_484\Debug\E-Throttle.a(UART_IntClock.o)
 .comment       0x00000000       0x71 .\CortexM3\ARM_GCC_484\Debug\E-Throttle.a(CyFlash.o)
 .comment       0x00000000       0x71 .\CortexM3\ARM_GCC_484\Debug\E-Throttle.a(CySpc.o)

.debug_weaknames
 *(.debug_weaknames)

.debug_funcnames
 *(.debug_funcnames)

.debug_typenames
 *(.debug_typenames)

.debug_varnames
 *(.debug_varnames)

.note.gnu.arm.ident
 *(.note.gnu.arm.ident)

.ARM.attributes
                0x00000000       0x29
 *(.ARM.attributes)
 .ARM.attributes
                0x00000000       0x1d c:/program files (x86)/cypress/psoc creator/3.2/psoc creator/import/gnu/arm/4.8.4/bin/../lib/gcc/arm-none-eabi/4.8.4/armv7-m/crti.o
 .ARM.attributes
                0x0000001d       0x2d c:/program files (x86)/cypress/psoc creator/3.2/psoc creator/import/gnu/arm/4.8.4/bin/../lib/gcc/arm-none-eabi/4.8.4/armv7-m/crtbegin.o
 .ARM.attributes
                0x0000004a       0x1b c:/program files (x86)/cypress/psoc creator/3.2/psoc creator/import/gnu/arm/4.8.4/bin/../lib/gcc/arm-none-eabi/4.8.4/../../../../arm-none-eabi/lib/armv7-m/crt0.o
 .ARM.attributes
                0x00000065       0x33 .\CortexM3\ARM_GCC_484\Debug\main.o
 .ARM.attributes
                0x00000098       0x33 .\CortexM3\ARM_GCC_484\Debug\signal_processing.o
 .ARM.attributes
                0x000000cb       0x33 .\CortexM3\ARM_GCC_484\Debug\queue.o
 .ARM.attributes
                0x000000fe       0x33 .\CortexM3\ARM_GCC_484\Debug\cymetadata.o
 .ARM.attributes
                0x00000131       0x33 .\CortexM3\ARM_GCC_484\Debug\Cm3Start.o
 .ARM.attributes
                0x00000164       0x33 .\CortexM3\ARM_GCC_484\Debug\E-Throttle.a(cyfitter_cfg.o)
 .ARM.attributes
                0x00000197       0x21 .\CortexM3\ARM_GCC_484\Debug\E-Throttle.a(CyBootAsmGnu.o)
 .ARM.attributes
                0x000001b8       0x33 .\CortexM3\ARM_GCC_484\Debug\E-Throttle.a(CyDmac.o)
 .ARM.attributes
                0x000001eb       0x33 .\CortexM3\ARM_GCC_484\Debug\E-Throttle.a(CyLib.o)
 .ARM.attributes
                0x0000021e       0x33 .\CortexM3\ARM_GCC_484\Debug\E-Throttle.a(cyPm.o)
 .ARM.attributes
                0x00000251       0x33 .\CortexM3\ARM_GCC_484\Debug\E-Throttle.a(TPS_ADC.o)
 .ARM.attributes
                0x00000284       0x33 .\CortexM3\ARM_GCC_484\Debug\E-Throttle.a(TPS_ADC_INT.o)
 .ARM.attributes
                0x000002b7       0x33 .\CortexM3\ARM_GCC_484\Debug\E-Throttle.a(APPS_ADC.o)
 .ARM.attributes
                0x000002ea       0x33 .\CortexM3\ARM_GCC_484\Debug\E-Throttle.a(APPS_ADC_INT.o)
 .ARM.attributes
                0x0000031d       0x33 .\CortexM3\ARM_GCC_484\Debug\E-Throttle.a(SERVO_PWM.o)
 .ARM.attributes
                0x00000350       0x33 .\CortexM3\ARM_GCC_484\Debug\E-Throttle.a(TPS_ADC_SAR.o)
 .ARM.attributes
                0x00000383       0x33 .\CortexM3\ARM_GCC_484\Debug\E-Throttle.a(TPS_ADC_TempBuf_dma.o)
 .ARM.attributes
                0x000003b6       0x33 .\CortexM3\ARM_GCC_484\Debug\E-Throttle.a(TPS_ADC_FinalBuf_dma.o)
 .ARM.attributes
                0x000003e9       0x33 .\CortexM3\ARM_GCC_484\Debug\E-Throttle.a(TPS_ADC_IRQ.o)
 .ARM.attributes
                0x0000041c       0x33 .\CortexM3\ARM_GCC_484\Debug\E-Throttle.a(APPS_ADC_SAR.o)
 .ARM.attributes
                0x0000044f       0x33 .\CortexM3\ARM_GCC_484\Debug\E-Throttle.a(APPS_ADC_TempBuf_dma.o)
 .ARM.attributes
                0x00000482       0x33 .\CortexM3\ARM_GCC_484\Debug\E-Throttle.a(APPS_ADC_FinalBuf_dma.o)
 .ARM.attributes
                0x000004b5       0x33 .\CortexM3\ARM_GCC_484\Debug\E-Throttle.a(APPS_ADC_IRQ.o)
 .ARM.attributes
                0x000004e8       0x33 .\CortexM3\ARM_GCC_484\Debug\E-Throttle.a(BRAKE_ADC.o)
 .ARM.attributes
                0x0000051b       0x33 .\CortexM3\ARM_GCC_484\Debug\E-Throttle.a(BRAKE_ADC_INT.o)
 .ARM.attributes
                0x0000054e       0x33 .\CortexM3\ARM_GCC_484\Debug\E-Throttle.a(BRAKE_ADC_AMux.o)
 .ARM.attributes
                0x00000581       0x33 .\CortexM3\ARM_GCC_484\Debug\E-Throttle.a(BRAKE_ADC_Ext_CP_Clk.o)
 .ARM.attributes
                0x000005b4       0x33 .\CortexM3\ARM_GCC_484\Debug\E-Throttle.a(BRAKE_ADC_theACLK.o)
 .ARM.attributes
                0x000005e7       0x33 .\CortexM3\ARM_GCC_484\Debug\E-Throttle.a(Timer.o)
 .ARM.attributes
                0x0000061a       0x33 .\CortexM3\ARM_GCC_484\Debug\E-Throttle.a(UART.o)
 .ARM.attributes
                0x0000064d       0x33 .\CortexM3\ARM_GCC_484\Debug\E-Throttle.a(UART_IntClock.o)
 .ARM.attributes
                0x00000680       0x33 .\CortexM3\ARM_GCC_484\Debug\E-Throttle.a(CyFlash.o)
 .ARM.attributes
                0x000006b3       0x33 .\CortexM3\ARM_GCC_484\Debug\E-Throttle.a(CySpc.o)
 .ARM.attributes
                0x000006e6       0x1d c:/program files (x86)/cypress/psoc creator/3.2/psoc creator/import/gnu/arm/4.8.4/bin/../lib/gcc/arm-none-eabi/4.8.4/armv7-m\libgcc.a(_arm_addsubdf3.o)
 .ARM.attributes
                0x00000703       0x1d c:/program files (x86)/cypress/psoc creator/3.2/psoc creator/import/gnu/arm/4.8.4/bin/../lib/gcc/arm-none-eabi/4.8.4/armv7-m\libgcc.a(_arm_muldivdf3.o)
 .ARM.attributes
                0x00000720       0x1d c:/program files (x86)/cypress/psoc creator/3.2/psoc creator/import/gnu/arm/4.8.4/bin/../lib/gcc/arm-none-eabi/4.8.4/armv7-m\libgcc.a(_arm_cmpdf2.o)
 .ARM.attributes
                0x0000073d       0x1d c:/program files (x86)/cypress/psoc creator/3.2/psoc creator/import/gnu/arm/4.8.4/bin/../lib/gcc/arm-none-eabi/4.8.4/armv7-m\libgcc.a(_arm_fixunsdfsi.o)
 .ARM.attributes
                0x0000075a       0x1d c:/program files (x86)/cypress/psoc creator/3.2/psoc creator/import/gnu/arm/4.8.4/bin/../lib/gcc/arm-none-eabi/4.8.4/armv7-m\libgcc.a(_arm_addsubsf3.o)
 .ARM.attributes
                0x00000777       0x1d c:/program files (x86)/cypress/psoc creator/3.2/psoc creator/import/gnu/arm/4.8.4/bin/../lib/gcc/arm-none-eabi/4.8.4/armv7-m\libgcc.a(_arm_muldivsf3.o)
 .ARM.attributes
                0x00000794       0x1d c:/program files (x86)/cypress/psoc creator/3.2/psoc creator/import/gnu/arm/4.8.4/bin/../lib/gcc/arm-none-eabi/4.8.4/armv7-m\libgcc.a(_arm_cmpsf2.o)
 .ARM.attributes
                0x000007b1       0x1d c:/program files (x86)/cypress/psoc creator/3.2/psoc creator/import/gnu/arm/4.8.4/bin/../lib/gcc/arm-none-eabi/4.8.4/armv7-m\libgcc.a(_arm_fixsfsi.o)
 .ARM.attributes
                0x000007ce       0x1d c:/program files (x86)/cypress/psoc creator/3.2/psoc creator/import/gnu/arm/4.8.4/bin/../lib/gcc/arm-none-eabi/4.8.4/armv7-m\libgcc.a(_arm_fixunssfsi.o)
 .ARM.attributes
                0x000007eb       0x1d c:/program files (x86)/cypress/psoc creator/3.2/psoc creator/import/gnu/arm/4.8.4/bin/../lib/gcc/arm-none-eabi/4.8.4/armv7-m\libgcc.a(_aeabi_ldivmod.o)
 .ARM.attributes
                0x00000808       0x2d c:/program files (x86)/cypress/psoc creator/3.2/psoc creator/import/gnu/arm/4.8.4/bin/../lib/gcc/arm-none-eabi/4.8.4/armv7-m\libgcc.a(bpabi.o)
 .ARM.attributes
                0x00000835       0x1d c:/program files (x86)/cypress/psoc creator/3.2/psoc creator/import/gnu/arm/4.8.4/bin/../lib/gcc/arm-none-eabi/4.8.4/armv7-m\libgcc.a(_dvmd_tls.o)
 .ARM.attributes
                0x00000852       0x2d c:/program files (x86)/cypress/psoc creator/3.2/psoc creator/import/gnu/arm/4.8.4/bin/../lib/gcc/arm-none-eabi/4.8.4/armv7-m\libgcc.a(_divdi3.o)
 .ARM.attributes
                0x0000087f       0x2d c:/program files (x86)/cypress/psoc creator/3.2/psoc creator/import/gnu/arm/4.8.4/bin/../lib/gcc/arm-none-eabi/4.8.4/armv7-m\libgcc.a(_udivdi3.o)
 .ARM.attributes
                0x000008ac       0x2d c:/program files (x86)/cypress/psoc creator/3.2/psoc creator/import/gnu/arm/4.8.4/bin/../lib/gcc/arm-none-eabi/4.8.4/../../../../arm-none-eabi/lib/armv7-m\libg_s.a(lib_a-errno.o)
 .ARM.attributes
                0x000008d9       0x2d c:/program files (x86)/cypress/psoc creator/3.2/psoc creator/import/gnu/arm/4.8.4/bin/../lib/gcc/arm-none-eabi/4.8.4/../../../../arm-none-eabi/lib/armv7-m\libg_s.a(lib_a-exit.o)
 .ARM.attributes
                0x00000906       0x2d c:/program files (x86)/cypress/psoc creator/3.2/psoc creator/import/gnu/arm/4.8.4/bin/../lib/gcc/arm-none-eabi/4.8.4/../../../../arm-none-eabi/lib/armv7-m\libg_s.a(lib_a-impure.o)
 .ARM.attributes
                0x00000933       0x2d c:/program files (x86)/cypress/psoc creator/3.2/psoc creator/import/gnu/arm/4.8.4/bin/../lib/gcc/arm-none-eabi/4.8.4/../../../../arm-none-eabi/lib/armv7-m\libg_s.a(lib_a-init.o)
 .ARM.attributes
                0x00000960       0x2d c:/program files (x86)/cypress/psoc creator/3.2/psoc creator/import/gnu/arm/4.8.4/bin/../lib/gcc/arm-none-eabi/4.8.4/../../../../arm-none-eabi/lib/armv7-m\libg_s.a(lib_a-malloc.o)
 .ARM.attributes
                0x0000098d       0x2d c:/program files (x86)/cypress/psoc creator/3.2/psoc creator/import/gnu/arm/4.8.4/bin/../lib/gcc/arm-none-eabi/4.8.4/../../../../arm-none-eabi/lib/armv7-m\libg_s.a(lib_a-memcpy-stub.o)
 .ARM.attributes
                0x000009ba       0x2d c:/program files (x86)/cypress/psoc creator/3.2/psoc creator/import/gnu/arm/4.8.4/bin/../lib/gcc/arm-none-eabi/4.8.4/../../../../arm-none-eabi/lib/armv7-m\libg_s.a(lib_a-memset.o)
 .ARM.attributes
                0x000009e7       0x2d c:/program files (x86)/cypress/psoc creator/3.2/psoc creator/import/gnu/arm/4.8.4/bin/../lib/gcc/arm-none-eabi/4.8.4/../../../../arm-none-eabi/lib/armv7-m\libg_s.a(lib_a-nano-freer.o)
 .ARM.attributes
                0x00000a14       0x2d c:/program files (x86)/cypress/psoc creator/3.2/psoc creator/import/gnu/arm/4.8.4/bin/../lib/gcc/arm-none-eabi/4.8.4/../../../../arm-none-eabi/lib/armv7-m\libg_s.a(lib_a-nano-mallocr.o)
 .ARM.attributes
                0x00000a41       0x2d c:/program files (x86)/cypress/psoc creator/3.2/psoc creator/import/gnu/arm/4.8.4/bin/../lib/gcc/arm-none-eabi/4.8.4/../../../../arm-none-eabi/lib/armv7-m\libg_s.a(lib_a-sbrkr.o)
 .ARM.attributes
                0x00000a6e       0x2d c:/program files (x86)/cypress/psoc creator/3.2/psoc creator/import/gnu/arm/4.8.4/bin/../lib/gcc/arm-none-eabi/4.8.4/../../../../arm-none-eabi/lib/armv7-m\libg_s.a(lib_a-reent.o)
 .ARM.attributes
                0x00000a9b       0x2d c:/program files (x86)/cypress/psoc creator/3.2/psoc creator/import/gnu/arm/4.8.4/bin/../lib/gcc/arm-none-eabi/4.8.4/armv7-m/crtend.o
 .ARM.attributes
                0x00000ac8       0x1d c:/program files (x86)/cypress/psoc creator/3.2/psoc creator/import/gnu/arm/4.8.4/bin/../lib/gcc/arm-none-eabi/4.8.4/armv7-m/crtn.o

/DISCARD/
 *(.note.GNU-stack)
OUTPUT(.\CortexM3\ARM_GCC_484\Debug\E-Throttle.elf elf32-littlearm)
