Archive member included because of file (symbol)

.\CortexM0\ARM_GCC_484\Debug\Design01.a(cyfitter_cfg.o)
                              .\CortexM0\ARM_GCC_484\Debug\Cm0Start.o (cyfitter_cfg)
.\CortexM0\ARM_GCC_484\Debug\Design01.a(LED.o)
                              .\CortexM0\ARM_GCC_484\Debug\main.o (LED_Write)
.\CortexM0\ARM_GCC_484\Debug\Design01.a(UART.o)
                              .\CortexM0\ARM_GCC_484\Debug\main.o (UART_Start)
.\CortexM0\ARM_GCC_484\Debug\Design01.a(UART_SPI_UART.o)
                              .\CortexM0\ARM_GCC_484\Debug\main.o (UART_SpiUartWriteTxData)
.\CortexM0\ARM_GCC_484\Debug\Design01.a(UART_UART.o)
                              .\CortexM0\ARM_GCC_484\Debug\Design01.a(UART.o) (UART_UartInit)
.\CortexM0\ARM_GCC_484\Debug\Design01.a(SW2.o)
                              .\CortexM0\ARM_GCC_484\Debug\main.o (SW2_Read)
.\CortexM0\ARM_GCC_484\Debug\Design01.a(Opamp_2.o)
                              .\CortexM0\ARM_GCC_484\Debug\main.o (Opamp_2_Start)
.\CortexM0\ARM_GCC_484\Debug\Design01.a(ADC.o)
                              .\CortexM0\ARM_GCC_484\Debug\main.o (ADC_Start)
.\CortexM0\ARM_GCC_484\Debug\Design01.a(ADC_INT.o)
                              .\CortexM0\ARM_GCC_484\Debug\Design01.a(ADC.o) (ADC_ISR)
.\CortexM0\ARM_GCC_484\Debug\Design01.a(Opamp_1.o)
                              .\CortexM0\ARM_GCC_484\Debug\main.o (Opamp_1_Start)
.\CortexM0\ARM_GCC_484\Debug\Design01.a(ADC_IRQ.o)
                              .\CortexM0\ARM_GCC_484\Debug\main.o (ADC_IRQ_StartEx)
.\CortexM0\ARM_GCC_484\Debug\Design01.a(CyBootAsmGnu.o)
                              .\CortexM0\ARM_GCC_484\Debug\Design01.a(ADC_IRQ.o) (CyEnterCriticalSection)
.\CortexM0\ARM_GCC_484\Debug\Design01.a(CyLib.o)
                              .\CortexM0\ARM_GCC_484\Debug\Design01.a(cyfitter_cfg.o) (CySysClkWriteImoFreq)
c:/program files (x86)/cypress/psoc creator/3.2/psoc creator/import/gnu/arm/4.8.4/bin/../lib/gcc/arm-none-eabi/4.8.4/armv6-m\libgcc.a(_udivsi3.o)
                              .\CortexM0\ARM_GCC_484\Debug\main.o (__aeabi_uidiv)
c:/program files (x86)/cypress/psoc creator/3.2/psoc creator/import/gnu/arm/4.8.4/bin/../lib/gcc/arm-none-eabi/4.8.4/armv6-m\libgcc.a(_divsi3.o)
                              .\CortexM0\ARM_GCC_484\Debug\Design01.a(ADC.o) (__aeabi_idiv)
c:/program files (x86)/cypress/psoc creator/3.2/psoc creator/import/gnu/arm/4.8.4/bin/../lib/gcc/arm-none-eabi/4.8.4/armv6-m\libgcc.a(_dvmd_tls.o)
                              c:/program files (x86)/cypress/psoc creator/3.2/psoc creator/import/gnu/arm/4.8.4/bin/../lib/gcc/arm-none-eabi/4.8.4/armv6-m\libgcc.a(_udivsi3.o) (__aeabi_idiv0)
c:/program files (x86)/cypress/psoc creator/3.2/psoc creator/import/gnu/arm/4.8.4/bin/../lib/gcc/arm-none-eabi/4.8.4/armv6-m\libgcc.a(_aeabi_ldivmod.o)
                              .\CortexM0\ARM_GCC_484\Debug\Design01.a(ADC.o) (__aeabi_ldivmod)
c:/program files (x86)/cypress/psoc creator/3.2/psoc creator/import/gnu/arm/4.8.4/bin/../lib/gcc/arm-none-eabi/4.8.4/armv6-m\libgcc.a(_muldi3.o)
                              .\CortexM0\ARM_GCC_484\Debug\Design01.a(ADC.o) (__aeabi_lmul)
c:/program files (x86)/cypress/psoc creator/3.2/psoc creator/import/gnu/arm/4.8.4/bin/../lib/gcc/arm-none-eabi/4.8.4/armv6-m\libgcc.a(bpabi.o)
                              c:/program files (x86)/cypress/psoc creator/3.2/psoc creator/import/gnu/arm/4.8.4/bin/../lib/gcc/arm-none-eabi/4.8.4/armv6-m\libgcc.a(_aeabi_ldivmod.o) (__gnu_ldivmod_helper)
c:/program files (x86)/cypress/psoc creator/3.2/psoc creator/import/gnu/arm/4.8.4/bin/../lib/gcc/arm-none-eabi/4.8.4/armv6-m\libgcc.a(divsf3.o)
                              .\CortexM0\ARM_GCC_484\Debug\Design01.a(ADC.o) (__aeabi_fdiv)
c:/program files (x86)/cypress/psoc creator/3.2/psoc creator/import/gnu/arm/4.8.4/bin/../lib/gcc/arm-none-eabi/4.8.4/armv6-m\libgcc.a(mulsf3.o)
                              .\CortexM0\ARM_GCC_484\Debug\main.o (__aeabi_fmul)
c:/program files (x86)/cypress/psoc creator/3.2/psoc creator/import/gnu/arm/4.8.4/bin/../lib/gcc/arm-none-eabi/4.8.4/armv6-m\libgcc.a(fixsfsi.o)
                              .\CortexM0\ARM_GCC_484\Debug\main.o (__aeabi_f2iz)
c:/program files (x86)/cypress/psoc creator/3.2/psoc creator/import/gnu/arm/4.8.4/bin/../lib/gcc/arm-none-eabi/4.8.4/armv6-m\libgcc.a(floatsisf.o)
                              .\CortexM0\ARM_GCC_484\Debug\main.o (__aeabi_i2f)
c:/program files (x86)/cypress/psoc creator/3.2/psoc creator/import/gnu/arm/4.8.4/bin/../lib/gcc/arm-none-eabi/4.8.4/armv6-m\libgcc.a(_clzsi2.o)
                              c:/program files (x86)/cypress/psoc creator/3.2/psoc creator/import/gnu/arm/4.8.4/bin/../lib/gcc/arm-none-eabi/4.8.4/armv6-m\libgcc.a(divsf3.o) (__clzsi2)
c:/program files (x86)/cypress/psoc creator/3.2/psoc creator/import/gnu/arm/4.8.4/bin/../lib/gcc/arm-none-eabi/4.8.4/armv6-m\libgcc.a(_divdi3.o)
                              c:/program files (x86)/cypress/psoc creator/3.2/psoc creator/import/gnu/arm/4.8.4/bin/../lib/gcc/arm-none-eabi/4.8.4/armv6-m\libgcc.a(bpabi.o) (__divdi3)
c:/program files (x86)/cypress/psoc creator/3.2/psoc creator/import/gnu/arm/4.8.4/bin/../lib/gcc/arm-none-eabi/4.8.4/armv6-m\libgcc.a(_udivdi3.o)
                              c:/program files (x86)/cypress/psoc creator/3.2/psoc creator/import/gnu/arm/4.8.4/bin/../lib/gcc/arm-none-eabi/4.8.4/armv6-m\libgcc.a(bpabi.o) (__udivdi3)
c:/program files (x86)/cypress/psoc creator/3.2/psoc creator/import/gnu/arm/4.8.4/bin/../lib/gcc/arm-none-eabi/4.8.4/../../../../arm-none-eabi/lib/armv6-m\libg_s.a(lib_a-errno.o)
                              .\CortexM0\ARM_GCC_484\Debug\Cm0Start.o (__errno)
c:/program files (x86)/cypress/psoc creator/3.2/psoc creator/import/gnu/arm/4.8.4/bin/../lib/gcc/arm-none-eabi/4.8.4/../../../../arm-none-eabi/lib/armv6-m\libg_s.a(lib_a-exit.o)
                              c:/program files (x86)/cypress/psoc creator/3.2/psoc creator/import/gnu/arm/4.8.4/bin/../lib/gcc/arm-none-eabi/4.8.4/../../../../arm-none-eabi/lib/armv6-m/crt0.o (exit)
c:/program files (x86)/cypress/psoc creator/3.2/psoc creator/import/gnu/arm/4.8.4/bin/../lib/gcc/arm-none-eabi/4.8.4/../../../../arm-none-eabi/lib/armv6-m\libg_s.a(lib_a-impure.o)
                              c:/program files (x86)/cypress/psoc creator/3.2/psoc creator/import/gnu/arm/4.8.4/bin/../lib/gcc/arm-none-eabi/4.8.4/../../../../arm-none-eabi/lib/armv6-m\libg_s.a(lib_a-exit.o) (_global_impure_ptr)
c:/program files (x86)/cypress/psoc creator/3.2/psoc creator/import/gnu/arm/4.8.4/bin/../lib/gcc/arm-none-eabi/4.8.4/../../../../arm-none-eabi/lib/armv6-m\libg_s.a(lib_a-init.o)
                              c:/program files (x86)/cypress/psoc creator/3.2/psoc creator/import/gnu/arm/4.8.4/bin/../lib/gcc/arm-none-eabi/4.8.4/../../../../arm-none-eabi/lib/armv6-m/crt0.o (__libc_init_array)
c:/program files (x86)/cypress/psoc creator/3.2/psoc creator/import/gnu/arm/4.8.4/bin/../lib/gcc/arm-none-eabi/4.8.4/../../../../arm-none-eabi/lib/armv6-m\libg_s.a(lib_a-memcpy-stub.o)
                              .\CortexM0\ARM_GCC_484\Debug\Design01.a(cyfitter_cfg.o) (memcpy)
c:/program files (x86)/cypress/psoc creator/3.2/psoc creator/import/gnu/arm/4.8.4/bin/../lib/gcc/arm-none-eabi/4.8.4/../../../../arm-none-eabi/lib/armv6-m\libg_s.a(lib_a-memset.o)
                              c:/program files (x86)/cypress/psoc creator/3.2/psoc creator/import/gnu/arm/4.8.4/bin/../lib/gcc/arm-none-eabi/4.8.4/../../../../arm-none-eabi/lib/armv6-m/crt0.o (memset)

Allocating common symbols
Common symbol       size              file

ADC_countsPer10Volt
                    0x10              .\CortexM0\ARM_GCC_484\Debug\Design01.a(ADC.o)
ADC_offset          0x8               .\CortexM0\ARM_GCC_484\Debug\Design01.a(ADC.o)

Discarded input sections

 .text          0x00000000        0x0 c:/program files (x86)/cypress/psoc creator/3.2/psoc creator/import/gnu/arm/4.8.4/bin/../lib/gcc/arm-none-eabi/4.8.4/armv6-m/crti.o
 .data          0x00000000        0x0 c:/program files (x86)/cypress/psoc creator/3.2/psoc creator/import/gnu/arm/4.8.4/bin/../lib/gcc/arm-none-eabi/4.8.4/armv6-m/crti.o
 .bss           0x00000000        0x0 c:/program files (x86)/cypress/psoc creator/3.2/psoc creator/import/gnu/arm/4.8.4/bin/../lib/gcc/arm-none-eabi/4.8.4/armv6-m/crti.o
 .data          0x00000000        0x4 c:/program files (x86)/cypress/psoc creator/3.2/psoc creator/import/gnu/arm/4.8.4/bin/../lib/gcc/arm-none-eabi/4.8.4/armv6-m/crtbegin.o
 .text          0x00000000       0x78 c:/program files (x86)/cypress/psoc creator/3.2/psoc creator/import/gnu/arm/4.8.4/bin/../lib/gcc/arm-none-eabi/4.8.4/../../../../arm-none-eabi/lib/armv6-m/crt0.o
 .data          0x00000000        0x0 c:/program files (x86)/cypress/psoc creator/3.2/psoc creator/import/gnu/arm/4.8.4/bin/../lib/gcc/arm-none-eabi/4.8.4/../../../../arm-none-eabi/lib/armv6-m/crt0.o
 .bss           0x00000000        0x0 c:/program files (x86)/cypress/psoc creator/3.2/psoc creator/import/gnu/arm/4.8.4/bin/../lib/gcc/arm-none-eabi/4.8.4/../../../../arm-none-eabi/lib/armv6-m/crt0.o
 .ARM.extab     0x00000000        0x0 c:/program files (x86)/cypress/psoc creator/3.2/psoc creator/import/gnu/arm/4.8.4/bin/../lib/gcc/arm-none-eabi/4.8.4/../../../../arm-none-eabi/lib/armv6-m/crt0.o
 .ARM.exidx     0x00000000        0x8 c:/program files (x86)/cypress/psoc creator/3.2/psoc creator/import/gnu/arm/4.8.4/bin/../lib/gcc/arm-none-eabi/4.8.4/../../../../arm-none-eabi/lib/armv6-m/crt0.o
 .text          0x00000000        0x0 .\CortexM0\ARM_GCC_484\Debug\main.o
 .data          0x00000000        0x0 .\CortexM0\ARM_GCC_484\Debug\main.o
 .text          0x00000000        0x0 .\CortexM0\ARM_GCC_484\Debug\cymetadata.o
 .data          0x00000000        0x0 .\CortexM0\ARM_GCC_484\Debug\cymetadata.o
 .bss           0x00000000        0x0 .\CortexM0\ARM_GCC_484\Debug\cymetadata.o
 .text          0x00000000        0x0 .\CortexM0\ARM_GCC_484\Debug\Cm0Start.o
 .data          0x00000000        0x4 .\CortexM0\ARM_GCC_484\Debug\Cm0Start.o
 .bss           0x00000000        0x0 .\CortexM0\ARM_GCC_484\Debug\Cm0Start.o
 .text._exit    0x00000000       0x14 .\CortexM0\ARM_GCC_484\Debug\Cm0Start.o
 .text._sbrk    0x00000000       0x54 .\CortexM0\ARM_GCC_484\Debug\Cm0Start.o
 .text          0x00000000        0x0 .\CortexM0\ARM_GCC_484\Debug\Design01.a(cyfitter_cfg.o)
 .data          0x00000000        0x0 .\CortexM0\ARM_GCC_484\Debug\Design01.a(cyfitter_cfg.o)
 .bss           0x00000000        0x0 .\CortexM0\ARM_GCC_484\Debug\Design01.a(cyfitter_cfg.o)
 .text.CYCONFIGCPY
                0x00000000       0x24 .\CortexM0\ARM_GCC_484\Debug\Design01.a(cyfitter_cfg.o)
 .text.CYCONFIGCPYCODE
                0x00000000       0x24 .\CortexM0\ARM_GCC_484\Debug\Design01.a(cyfitter_cfg.o)
 .text          0x00000000        0x0 .\CortexM0\ARM_GCC_484\Debug\Design01.a(LED.o)
 .data          0x00000000        0x0 .\CortexM0\ARM_GCC_484\Debug\Design01.a(LED.o)
 .bss           0x00000000        0x0 .\CortexM0\ARM_GCC_484\Debug\Design01.a(LED.o)
 .text.LED_SetDriveMode
                0x00000000       0x30 .\CortexM0\ARM_GCC_484\Debug\Design01.a(LED.o)
 .text.LED_Read
                0x00000000       0x1c .\CortexM0\ARM_GCC_484\Debug\Design01.a(LED.o)
 .text.LED_ReadDataReg
                0x00000000       0x1c .\CortexM0\ARM_GCC_484\Debug\Design01.a(LED.o)
 .text.LED_ClearInterrupt
                0x00000000       0x30 .\CortexM0\ARM_GCC_484\Debug\Design01.a(LED.o)
 .text          0x00000000        0x0 .\CortexM0\ARM_GCC_484\Debug\Design01.a(UART.o)
 .data          0x00000000        0x0 .\CortexM0\ARM_GCC_484\Debug\Design01.a(UART.o)
 .text.UART_Stop
                0x00000000       0x28 .\CortexM0\ARM_GCC_484\Debug\Design01.a(UART.o)
 .text.UART_SetRxFifoLevel
                0x00000000       0x34 .\CortexM0\ARM_GCC_484\Debug\Design01.a(UART.o)
 .text.UART_SetTxFifoLevel
                0x00000000       0x34 .\CortexM0\ARM_GCC_484\Debug\Design01.a(UART.o)
 .text.UART_ScbModeStop
                0x00000000        0xc .\CortexM0\ARM_GCC_484\Debug\Design01.a(UART.o)
 .text.UART_I2CSlaveNackGeneration
                0x00000000       0x50 .\CortexM0\ARM_GCC_484\Debug\Design01.a(UART.o)
 .text          0x00000000        0x0 .\CortexM0\ARM_GCC_484\Debug\Design01.a(UART_SPI_UART.o)
 .data          0x00000000        0x0 .\CortexM0\ARM_GCC_484\Debug\Design01.a(UART_SPI_UART.o)
 .bss           0x00000000        0x0 .\CortexM0\ARM_GCC_484\Debug\Design01.a(UART_SPI_UART.o)
 .text.UART_SpiUartPutArray
                0x00000000       0x34 .\CortexM0\ARM_GCC_484\Debug\Design01.a(UART_SPI_UART.o)
 .text.UART_SpiUartGetTxBufferSize
                0x00000000       0x20 .\CortexM0\ARM_GCC_484\Debug\Design01.a(UART_SPI_UART.o)
 .text.UART_SpiUartClearTxBuffer
                0x00000000       0x2c .\CortexM0\ARM_GCC_484\Debug\Design01.a(UART_SPI_UART.o)
 .text.UART_SpiUartDisableIntRx
                0x00000000       0x20 .\CortexM0\ARM_GCC_484\Debug\Design01.a(UART_SPI_UART.o)
 .text.UART_SpiUartDisableIntTx
                0x00000000       0x20 .\CortexM0\ARM_GCC_484\Debug\Design01.a(UART_SPI_UART.o)
 .text          0x00000000        0x0 .\CortexM0\ARM_GCC_484\Debug\Design01.a(UART_UART.o)
 .data          0x00000000        0x0 .\CortexM0\ARM_GCC_484\Debug\Design01.a(UART_UART.o)
 .bss           0x00000000        0x0 .\CortexM0\ARM_GCC_484\Debug\Design01.a(UART_UART.o)
 .text.UART_UartStop
                0x00000000       0x1c .\CortexM0\ARM_GCC_484\Debug\Design01.a(UART_UART.o)
 .text.UART_UartSetRxAddress
                0x00000000       0x34 .\CortexM0\ARM_GCC_484\Debug\Design01.a(UART_UART.o)
 .text.UART_UartSetRxAddressMask
                0x00000000       0x34 .\CortexM0\ARM_GCC_484\Debug\Design01.a(UART_UART.o)
 .text          0x00000000        0x0 .\CortexM0\ARM_GCC_484\Debug\Design01.a(SW2.o)
 .data          0x00000000        0x0 .\CortexM0\ARM_GCC_484\Debug\Design01.a(SW2.o)
 .bss           0x00000000        0x0 .\CortexM0\ARM_GCC_484\Debug\Design01.a(SW2.o)
 .text.SW2_Write
                0x00000000       0x48 .\CortexM0\ARM_GCC_484\Debug\Design01.a(SW2.o)
 .text.SW2_SetDriveMode
                0x00000000       0x30 .\CortexM0\ARM_GCC_484\Debug\Design01.a(SW2.o)
 .text.SW2_ReadDataReg
                0x00000000       0x1c .\CortexM0\ARM_GCC_484\Debug\Design01.a(SW2.o)
 .text.SW2_ClearInterrupt
                0x00000000       0x30 .\CortexM0\ARM_GCC_484\Debug\Design01.a(SW2.o)
 .text          0x00000000        0x0 .\CortexM0\ARM_GCC_484\Debug\Design01.a(Opamp_2.o)
 .data          0x00000000        0x0 .\CortexM0\ARM_GCC_484\Debug\Design01.a(Opamp_2.o)
 .text.Opamp_2_Stop
                0x00000000       0x1c .\CortexM0\ARM_GCC_484\Debug\Design01.a(Opamp_2.o)
 .text.Opamp_2_SetPower
                0x00000000       0x38 .\CortexM0\ARM_GCC_484\Debug\Design01.a(Opamp_2.o)
 .text.Opamp_2_PumpControl
                0x00000000       0x38 .\CortexM0\ARM_GCC_484\Debug\Design01.a(Opamp_2.o)
 .text          0x00000000        0x0 .\CortexM0\ARM_GCC_484\Debug\Design01.a(ADC.o)
 .data          0x00000000        0x0 .\CortexM0\ARM_GCC_484\Debug\Design01.a(ADC.o)
 .text.ADC_Stop
                0x00000000       0x18 .\CortexM0\ARM_GCC_484\Debug\Design01.a(ADC.o)
 .text.ADC_StopConvert
                0x00000000       0x1c .\CortexM0\ARM_GCC_484\Debug\Design01.a(ADC.o)
 .text.ADC_IsEndConversion
                0x00000000       0x48 .\CortexM0\ARM_GCC_484\Debug\Design01.a(ADC.o)
 .text.ADC_SetChanMask
                0x00000000       0x1c .\CortexM0\ARM_GCC_484\Debug\Design01.a(ADC.o)
 .text.ADC_SetLowLimit
                0x00000000       0x30 .\CortexM0\ARM_GCC_484\Debug\Design01.a(ADC.o)
 .text.ADC_SetHighLimit
                0x00000000       0x2c .\CortexM0\ARM_GCC_484\Debug\Design01.a(ADC.o)
 .text.ADC_SetLimitMask
                0x00000000       0x1c .\CortexM0\ARM_GCC_484\Debug\Design01.a(ADC.o)
 .text.ADC_SetSatMask
                0x00000000       0x1c .\CortexM0\ARM_GCC_484\Debug\Design01.a(ADC.o)
 .text.ADC_SetOffset
                0x00000000       0x30 .\CortexM0\ARM_GCC_484\Debug\Design01.a(ADC.o)
 .text.ADC_CountsTo_uVolts
                0x00000000       0x98 .\CortexM0\ARM_GCC_484\Debug\Design01.a(ADC.o)
 .text.ADC_CountsTo_Volts
                0x00000000       0x80 .\CortexM0\ARM_GCC_484\Debug\Design01.a(ADC.o)
 .text          0x00000000        0x0 .\CortexM0\ARM_GCC_484\Debug\Design01.a(ADC_INT.o)
 .data          0x00000000        0x0 .\CortexM0\ARM_GCC_484\Debug\Design01.a(ADC_INT.o)
 .bss           0x00000000        0x0 .\CortexM0\ARM_GCC_484\Debug\Design01.a(ADC_INT.o)
 .text          0x00000000        0x0 .\CortexM0\ARM_GCC_484\Debug\Design01.a(Opamp_1.o)
 .data          0x00000000        0x0 .\CortexM0\ARM_GCC_484\Debug\Design01.a(Opamp_1.o)
 .text.Opamp_1_Stop
                0x00000000       0x1c .\CortexM0\ARM_GCC_484\Debug\Design01.a(Opamp_1.o)
 .text.Opamp_1_SetPower
                0x00000000       0x38 .\CortexM0\ARM_GCC_484\Debug\Design01.a(Opamp_1.o)
 .text.Opamp_1_PumpControl
                0x00000000       0x38 .\CortexM0\ARM_GCC_484\Debug\Design01.a(Opamp_1.o)
 .text          0x00000000        0x0 .\CortexM0\ARM_GCC_484\Debug\Design01.a(ADC_IRQ.o)
 .data          0x00000000        0x0 .\CortexM0\ARM_GCC_484\Debug\Design01.a(ADC_IRQ.o)
 .bss           0x00000000        0x0 .\CortexM0\ARM_GCC_484\Debug\Design01.a(ADC_IRQ.o)
 .text.ADC_IRQ_Start
                0x00000000       0x24 .\CortexM0\ARM_GCC_484\Debug\Design01.a(ADC_IRQ.o)
 .text.ADC_IRQ_Stop
                0x00000000       0x18 .\CortexM0\ARM_GCC_484\Debug\Design01.a(ADC_IRQ.o)
 .text.ADC_IRQ_Interrupt
                0x00000000        0x8 .\CortexM0\ARM_GCC_484\Debug\Design01.a(ADC_IRQ.o)
 .text.ADC_IRQ_GetVector
                0x00000000       0x14 .\CortexM0\ARM_GCC_484\Debug\Design01.a(ADC_IRQ.o)
 .text.ADC_IRQ_GetPriority
                0x00000000       0x30 .\CortexM0\ARM_GCC_484\Debug\Design01.a(ADC_IRQ.o)
 .text.ADC_IRQ_GetState
                0x00000000       0x20 .\CortexM0\ARM_GCC_484\Debug\Design01.a(ADC_IRQ.o)
 .text.ADC_IRQ_SetPending
                0x00000000       0x14 .\CortexM0\ARM_GCC_484\Debug\Design01.a(ADC_IRQ.o)
 .text.ADC_IRQ_ClearPending
                0x00000000       0x14 .\CortexM0\ARM_GCC_484\Debug\Design01.a(ADC_IRQ.o)
 .data          0x00000000        0x0 .\CortexM0\ARM_GCC_484\Debug\Design01.a(CyBootAsmGnu.o)
 .bss           0x00000000        0x0 .\CortexM0\ARM_GCC_484\Debug\Design01.a(CyBootAsmGnu.o)
 .text          0x00000000        0x0 .\CortexM0\ARM_GCC_484\Debug\Design01.a(CyLib.o)
 .bss           0x00000000       0x18 .\CortexM0\ARM_GCC_484\Debug\Design01.a(CyLib.o)
 .text.CySysClkImoStart
                0x00000000       0x1c .\CortexM0\ARM_GCC_484\Debug\Design01.a(CyLib.o)
 .text.CySysClkImoStop
                0x00000000       0x18 .\CortexM0\ARM_GCC_484\Debug\Design01.a(CyLib.o)
 .text.CySysClkWriteHfclkDirect
                0x00000000       0x44 .\CortexM0\ARM_GCC_484\Debug\Design01.a(CyLib.o)
 .text.CySysClkWriteSysclkDiv
                0x00000000       0x44 .\CortexM0\ARM_GCC_484\Debug\Design01.a(CyLib.o)
 .text.CySysLvdEnable
                0x00000000       0x64 .\CortexM0\ARM_GCC_484\Debug\Design01.a(CyLib.o)
 .text.CySysLvdDisable
                0x00000000       0x28 .\CortexM0\ARM_GCC_484\Debug\Design01.a(CyLib.o)
 .text.CySysLvdGetInterruptSource
                0x00000000       0x18 .\CortexM0\ARM_GCC_484\Debug\Design01.a(CyLib.o)
 .text.CySysLvdClearInterrupt
                0x00000000       0x14 .\CortexM0\ARM_GCC_484\Debug\Design01.a(CyLib.o)
 .text.CySysGetResetReason
                0x00000000       0x30 .\CortexM0\ARM_GCC_484\Debug\Design01.a(CyLib.o)
 .text.CyDisableInts
                0x00000000       0x24 .\CortexM0\ARM_GCC_484\Debug\Design01.a(CyLib.o)
 .text.CyEnableInts
                0x00000000       0x18 .\CortexM0\ARM_GCC_484\Debug\Design01.a(CyLib.o)
 .text.CyIntSetSysVector
                0x00000000       0x48 .\CortexM0\ARM_GCC_484\Debug\Design01.a(CyLib.o)
 .text.CyIntGetSysVector
                0x00000000       0x34 .\CortexM0\ARM_GCC_484\Debug\Design01.a(CyLib.o)
 .text.CyIntGetVector
                0x00000000       0x38 .\CortexM0\ARM_GCC_484\Debug\Design01.a(CyLib.o)
 .text.CyIntGetPriority
                0x00000000       0x58 .\CortexM0\ARM_GCC_484\Debug\Design01.a(CyLib.o)
 .text.CyIntEnable
                0x00000000       0x2c .\CortexM0\ARM_GCC_484\Debug\Design01.a(CyLib.o)
 .text.CyIntGetState
                0x00000000       0x34 .\CortexM0\ARM_GCC_484\Debug\Design01.a(CyLib.o)
 .text.CyIntDisable
                0x00000000       0x2c .\CortexM0\ARM_GCC_484\Debug\Design01.a(CyLib.o)
 .text.CyIntSetPending
                0x00000000       0x2c .\CortexM0\ARM_GCC_484\Debug\Design01.a(CyLib.o)
 .text.CyIntClearPending
                0x00000000       0x2c .\CortexM0\ARM_GCC_484\Debug\Design01.a(CyLib.o)
 .text.CySoftwareReset
                0x00000000       0x20 .\CortexM0\ARM_GCC_484\Debug\Design01.a(CyLib.o)
 .text.CyDelayFreq
                0x00000000       0x80 .\CortexM0\ARM_GCC_484\Debug\Design01.a(CyLib.o)
 .text.CySysTickStart
                0x00000000       0x24 .\CortexM0\ARM_GCC_484\Debug\Design01.a(CyLib.o)
 .text.CySysTickInit
                0x00000000       0x60 .\CortexM0\ARM_GCC_484\Debug\Design01.a(CyLib.o)
 .text.CySysTickEnable
                0x00000000       0x1c .\CortexM0\ARM_GCC_484\Debug\Design01.a(CyLib.o)
 .text.CySysTickStop
                0x00000000       0x18 .\CortexM0\ARM_GCC_484\Debug\Design01.a(CyLib.o)
 .text.CySysTickEnableInterrupt
                0x00000000       0x18 .\CortexM0\ARM_GCC_484\Debug\Design01.a(CyLib.o)
 .text.CySysTickDisableInterrupt
                0x00000000       0x18 .\CortexM0\ARM_GCC_484\Debug\Design01.a(CyLib.o)
 .text.CySysTickSetReload
                0x00000000       0x1c .\CortexM0\ARM_GCC_484\Debug\Design01.a(CyLib.o)
 .text.CySysTickGetReload
                0x00000000       0x18 .\CortexM0\ARM_GCC_484\Debug\Design01.a(CyLib.o)
 .text.CySysTickGetValue
                0x00000000       0x18 .\CortexM0\ARM_GCC_484\Debug\Design01.a(CyLib.o)
 .text.CySysTickGetCountFlag
                0x00000000       0x18 .\CortexM0\ARM_GCC_484\Debug\Design01.a(CyLib.o)
 .text.CySysTickClear
                0x00000000       0x14 .\CortexM0\ARM_GCC_484\Debug\Design01.a(CyLib.o)
 .text.CySysTickSetCallback
                0x00000000       0x2c .\CortexM0\ARM_GCC_484\Debug\Design01.a(CyLib.o)
 .text.CySysTickGetCallback
                0x00000000       0x1c .\CortexM0\ARM_GCC_484\Debug\Design01.a(CyLib.o)
 .text.CySysTickServiceCallbacks
                0x00000000       0x44 .\CortexM0\ARM_GCC_484\Debug\Design01.a(CyLib.o)
 .text.CyGetUniqueId
                0x00000000       0xc0 .\CortexM0\ARM_GCC_484\Debug\Design01.a(CyLib.o)
 .data          0x00000000        0x0 c:/program files (x86)/cypress/psoc creator/3.2/psoc creator/import/gnu/arm/4.8.4/bin/../lib/gcc/arm-none-eabi/4.8.4/armv6-m\libgcc.a(_udivsi3.o)
 .bss           0x00000000        0x0 c:/program files (x86)/cypress/psoc creator/3.2/psoc creator/import/gnu/arm/4.8.4/bin/../lib/gcc/arm-none-eabi/4.8.4/armv6-m\libgcc.a(_udivsi3.o)
 .data          0x00000000        0x0 c:/program files (x86)/cypress/psoc creator/3.2/psoc creator/import/gnu/arm/4.8.4/bin/../lib/gcc/arm-none-eabi/4.8.4/armv6-m\libgcc.a(_divsi3.o)
 .bss           0x00000000        0x0 c:/program files (x86)/cypress/psoc creator/3.2/psoc creator/import/gnu/arm/4.8.4/bin/../lib/gcc/arm-none-eabi/4.8.4/armv6-m\libgcc.a(_divsi3.o)
 .data          0x00000000        0x0 c:/program files (x86)/cypress/psoc creator/3.2/psoc creator/import/gnu/arm/4.8.4/bin/../lib/gcc/arm-none-eabi/4.8.4/armv6-m\libgcc.a(_dvmd_tls.o)
 .bss           0x00000000        0x0 c:/program files (x86)/cypress/psoc creator/3.2/psoc creator/import/gnu/arm/4.8.4/bin/../lib/gcc/arm-none-eabi/4.8.4/armv6-m\libgcc.a(_dvmd_tls.o)
 .text          0x00000000       0x48 c:/program files (x86)/cypress/psoc creator/3.2/psoc creator/import/gnu/arm/4.8.4/bin/../lib/gcc/arm-none-eabi/4.8.4/armv6-m\libgcc.a(_aeabi_ldivmod.o)
 .data          0x00000000        0x0 c:/program files (x86)/cypress/psoc creator/3.2/psoc creator/import/gnu/arm/4.8.4/bin/../lib/gcc/arm-none-eabi/4.8.4/armv6-m\libgcc.a(_aeabi_ldivmod.o)
 .bss           0x00000000        0x0 c:/program files (x86)/cypress/psoc creator/3.2/psoc creator/import/gnu/arm/4.8.4/bin/../lib/gcc/arm-none-eabi/4.8.4/armv6-m\libgcc.a(_aeabi_ldivmod.o)
 .text          0x00000000       0x44 c:/program files (x86)/cypress/psoc creator/3.2/psoc creator/import/gnu/arm/4.8.4/bin/../lib/gcc/arm-none-eabi/4.8.4/armv6-m\libgcc.a(_muldi3.o)
 .data          0x00000000        0x0 c:/program files (x86)/cypress/psoc creator/3.2/psoc creator/import/gnu/arm/4.8.4/bin/../lib/gcc/arm-none-eabi/4.8.4/armv6-m\libgcc.a(_muldi3.o)
 .bss           0x00000000        0x0 c:/program files (x86)/cypress/psoc creator/3.2/psoc creator/import/gnu/arm/4.8.4/bin/../lib/gcc/arm-none-eabi/4.8.4/armv6-m\libgcc.a(_muldi3.o)
 .text          0x00000000       0x6c c:/program files (x86)/cypress/psoc creator/3.2/psoc creator/import/gnu/arm/4.8.4/bin/../lib/gcc/arm-none-eabi/4.8.4/armv6-m\libgcc.a(bpabi.o)
 .data          0x00000000        0x0 c:/program files (x86)/cypress/psoc creator/3.2/psoc creator/import/gnu/arm/4.8.4/bin/../lib/gcc/arm-none-eabi/4.8.4/armv6-m\libgcc.a(bpabi.o)
 .bss           0x00000000        0x0 c:/program files (x86)/cypress/psoc creator/3.2/psoc creator/import/gnu/arm/4.8.4/bin/../lib/gcc/arm-none-eabi/4.8.4/armv6-m\libgcc.a(bpabi.o)
 .text          0x00000000      0x24c c:/program files (x86)/cypress/psoc creator/3.2/psoc creator/import/gnu/arm/4.8.4/bin/../lib/gcc/arm-none-eabi/4.8.4/armv6-m\libgcc.a(divsf3.o)
 .data          0x00000000        0x0 c:/program files (x86)/cypress/psoc creator/3.2/psoc creator/import/gnu/arm/4.8.4/bin/../lib/gcc/arm-none-eabi/4.8.4/armv6-m\libgcc.a(divsf3.o)
 .bss           0x00000000        0x0 c:/program files (x86)/cypress/psoc creator/3.2/psoc creator/import/gnu/arm/4.8.4/bin/../lib/gcc/arm-none-eabi/4.8.4/armv6-m\libgcc.a(divsf3.o)
 .rodata        0x00000000       0x40 c:/program files (x86)/cypress/psoc creator/3.2/psoc creator/import/gnu/arm/4.8.4/bin/../lib/gcc/arm-none-eabi/4.8.4/armv6-m\libgcc.a(divsf3.o)
 .data          0x00000000        0x0 c:/program files (x86)/cypress/psoc creator/3.2/psoc creator/import/gnu/arm/4.8.4/bin/../lib/gcc/arm-none-eabi/4.8.4/armv6-m\libgcc.a(mulsf3.o)
 .bss           0x00000000        0x0 c:/program files (x86)/cypress/psoc creator/3.2/psoc creator/import/gnu/arm/4.8.4/bin/../lib/gcc/arm-none-eabi/4.8.4/armv6-m\libgcc.a(mulsf3.o)
 .data          0x00000000        0x0 c:/program files (x86)/cypress/psoc creator/3.2/psoc creator/import/gnu/arm/4.8.4/bin/../lib/gcc/arm-none-eabi/4.8.4/armv6-m\libgcc.a(fixsfsi.o)
 .bss           0x00000000        0x0 c:/program files (x86)/cypress/psoc creator/3.2/psoc creator/import/gnu/arm/4.8.4/bin/../lib/gcc/arm-none-eabi/4.8.4/armv6-m\libgcc.a(fixsfsi.o)
 .data          0x00000000        0x0 c:/program files (x86)/cypress/psoc creator/3.2/psoc creator/import/gnu/arm/4.8.4/bin/../lib/gcc/arm-none-eabi/4.8.4/armv6-m\libgcc.a(floatsisf.o)
 .bss           0x00000000        0x0 c:/program files (x86)/cypress/psoc creator/3.2/psoc creator/import/gnu/arm/4.8.4/bin/../lib/gcc/arm-none-eabi/4.8.4/armv6-m\libgcc.a(floatsisf.o)
 .data          0x00000000        0x0 c:/program files (x86)/cypress/psoc creator/3.2/psoc creator/import/gnu/arm/4.8.4/bin/../lib/gcc/arm-none-eabi/4.8.4/armv6-m\libgcc.a(_clzsi2.o)
 .bss           0x00000000        0x0 c:/program files (x86)/cypress/psoc creator/3.2/psoc creator/import/gnu/arm/4.8.4/bin/../lib/gcc/arm-none-eabi/4.8.4/armv6-m\libgcc.a(_clzsi2.o)
 .text          0x00000000      0x3b8 c:/program files (x86)/cypress/psoc creator/3.2/psoc creator/import/gnu/arm/4.8.4/bin/../lib/gcc/arm-none-eabi/4.8.4/armv6-m\libgcc.a(_divdi3.o)
 .data          0x00000000        0x0 c:/program files (x86)/cypress/psoc creator/3.2/psoc creator/import/gnu/arm/4.8.4/bin/../lib/gcc/arm-none-eabi/4.8.4/armv6-m\libgcc.a(_divdi3.o)
 .bss           0x00000000        0x0 c:/program files (x86)/cypress/psoc creator/3.2/psoc creator/import/gnu/arm/4.8.4/bin/../lib/gcc/arm-none-eabi/4.8.4/armv6-m\libgcc.a(_divdi3.o)
 .ARM.extab     0x00000000        0x0 c:/program files (x86)/cypress/psoc creator/3.2/psoc creator/import/gnu/arm/4.8.4/bin/../lib/gcc/arm-none-eabi/4.8.4/armv6-m\libgcc.a(_divdi3.o)
 .ARM.exidx     0x00000000        0x8 c:/program files (x86)/cypress/psoc creator/3.2/psoc creator/import/gnu/arm/4.8.4/bin/../lib/gcc/arm-none-eabi/4.8.4/armv6-m\libgcc.a(_divdi3.o)
 .text          0x00000000      0x384 c:/program files (x86)/cypress/psoc creator/3.2/psoc creator/import/gnu/arm/4.8.4/bin/../lib/gcc/arm-none-eabi/4.8.4/armv6-m\libgcc.a(_udivdi3.o)
 .data          0x00000000        0x0 c:/program files (x86)/cypress/psoc creator/3.2/psoc creator/import/gnu/arm/4.8.4/bin/../lib/gcc/arm-none-eabi/4.8.4/armv6-m\libgcc.a(_udivdi3.o)
 .bss           0x00000000        0x0 c:/program files (x86)/cypress/psoc creator/3.2/psoc creator/import/gnu/arm/4.8.4/bin/../lib/gcc/arm-none-eabi/4.8.4/armv6-m\libgcc.a(_udivdi3.o)
 .ARM.extab     0x00000000        0x0 c:/program files (x86)/cypress/psoc creator/3.2/psoc creator/import/gnu/arm/4.8.4/bin/../lib/gcc/arm-none-eabi/4.8.4/armv6-m\libgcc.a(_udivdi3.o)
 .ARM.exidx     0x00000000        0x8 c:/program files (x86)/cypress/psoc creator/3.2/psoc creator/import/gnu/arm/4.8.4/bin/../lib/gcc/arm-none-eabi/4.8.4/armv6-m\libgcc.a(_udivdi3.o)
 .text          0x00000000        0x0 c:/program files (x86)/cypress/psoc creator/3.2/psoc creator/import/gnu/arm/4.8.4/bin/../lib/gcc/arm-none-eabi/4.8.4/../../../../arm-none-eabi/lib/armv6-m\libg_s.a(lib_a-errno.o)
 .data          0x00000000        0x0 c:/program files (x86)/cypress/psoc creator/3.2/psoc creator/import/gnu/arm/4.8.4/bin/../lib/gcc/arm-none-eabi/4.8.4/../../../../arm-none-eabi/lib/armv6-m\libg_s.a(lib_a-errno.o)
 .bss           0x00000000        0x0 c:/program files (x86)/cypress/psoc creator/3.2/psoc creator/import/gnu/arm/4.8.4/bin/../lib/gcc/arm-none-eabi/4.8.4/../../../../arm-none-eabi/lib/armv6-m\libg_s.a(lib_a-errno.o)
 .text.__errno  0x00000000        0xc c:/program files (x86)/cypress/psoc creator/3.2/psoc creator/import/gnu/arm/4.8.4/bin/../lib/gcc/arm-none-eabi/4.8.4/../../../../arm-none-eabi/lib/armv6-m\libg_s.a(lib_a-errno.o)
 .text          0x00000000        0x0 c:/program files (x86)/cypress/psoc creator/3.2/psoc creator/import/gnu/arm/4.8.4/bin/../lib/gcc/arm-none-eabi/4.8.4/../../../../arm-none-eabi/lib/armv6-m\libg_s.a(lib_a-exit.o)
 .data          0x00000000        0x0 c:/program files (x86)/cypress/psoc creator/3.2/psoc creator/import/gnu/arm/4.8.4/bin/../lib/gcc/arm-none-eabi/4.8.4/../../../../arm-none-eabi/lib/armv6-m\libg_s.a(lib_a-exit.o)
 .bss           0x00000000        0x0 c:/program files (x86)/cypress/psoc creator/3.2/psoc creator/import/gnu/arm/4.8.4/bin/../lib/gcc/arm-none-eabi/4.8.4/../../../../arm-none-eabi/lib/armv6-m\libg_s.a(lib_a-exit.o)
 .text.exit     0x00000000       0x2c c:/program files (x86)/cypress/psoc creator/3.2/psoc creator/import/gnu/arm/4.8.4/bin/../lib/gcc/arm-none-eabi/4.8.4/../../../../arm-none-eabi/lib/armv6-m\libg_s.a(lib_a-exit.o)
 .text          0x00000000        0x0 c:/program files (x86)/cypress/psoc creator/3.2/psoc creator/import/gnu/arm/4.8.4/bin/../lib/gcc/arm-none-eabi/4.8.4/../../../../arm-none-eabi/lib/armv6-m\libg_s.a(lib_a-impure.o)
 .data          0x00000000        0x0 c:/program files (x86)/cypress/psoc creator/3.2/psoc creator/import/gnu/arm/4.8.4/bin/../lib/gcc/arm-none-eabi/4.8.4/../../../../arm-none-eabi/lib/armv6-m\libg_s.a(lib_a-impure.o)
 .bss           0x00000000        0x0 c:/program files (x86)/cypress/psoc creator/3.2/psoc creator/import/gnu/arm/4.8.4/bin/../lib/gcc/arm-none-eabi/4.8.4/../../../../arm-none-eabi/lib/armv6-m\libg_s.a(lib_a-impure.o)
 .data.impure_data
                0x00000000       0x60 c:/program files (x86)/cypress/psoc creator/3.2/psoc creator/import/gnu/arm/4.8.4/bin/../lib/gcc/arm-none-eabi/4.8.4/../../../../arm-none-eabi/lib/armv6-m\libg_s.a(lib_a-impure.o)
 .data._impure_ptr
                0x00000000        0x4 c:/program files (x86)/cypress/psoc creator/3.2/psoc creator/import/gnu/arm/4.8.4/bin/../lib/gcc/arm-none-eabi/4.8.4/../../../../arm-none-eabi/lib/armv6-m\libg_s.a(lib_a-impure.o)
 .rodata.str1.1
                0x00000000        0x2 c:/program files (x86)/cypress/psoc creator/3.2/psoc creator/import/gnu/arm/4.8.4/bin/../lib/gcc/arm-none-eabi/4.8.4/../../../../arm-none-eabi/lib/armv6-m\libg_s.a(lib_a-impure.o)
 .rodata._global_impure_ptr
                0x00000000        0x4 c:/program files (x86)/cypress/psoc creator/3.2/psoc creator/import/gnu/arm/4.8.4/bin/../lib/gcc/arm-none-eabi/4.8.4/../../../../arm-none-eabi/lib/armv6-m\libg_s.a(lib_a-impure.o)
 .text          0x00000000        0x0 c:/program files (x86)/cypress/psoc creator/3.2/psoc creator/import/gnu/arm/4.8.4/bin/../lib/gcc/arm-none-eabi/4.8.4/../../../../arm-none-eabi/lib/armv6-m\libg_s.a(lib_a-init.o)
 .data          0x00000000        0x0 c:/program files (x86)/cypress/psoc creator/3.2/psoc creator/import/gnu/arm/4.8.4/bin/../lib/gcc/arm-none-eabi/4.8.4/../../../../arm-none-eabi/lib/armv6-m\libg_s.a(lib_a-init.o)
 .bss           0x00000000        0x0 c:/program files (x86)/cypress/psoc creator/3.2/psoc creator/import/gnu/arm/4.8.4/bin/../lib/gcc/arm-none-eabi/4.8.4/../../../../arm-none-eabi/lib/armv6-m\libg_s.a(lib_a-init.o)
 .text          0x00000000        0x0 c:/program files (x86)/cypress/psoc creator/3.2/psoc creator/import/gnu/arm/4.8.4/bin/../lib/gcc/arm-none-eabi/4.8.4/../../../../arm-none-eabi/lib/armv6-m\libg_s.a(lib_a-memcpy-stub.o)
 .data          0x00000000        0x0 c:/program files (x86)/cypress/psoc creator/3.2/psoc creator/import/gnu/arm/4.8.4/bin/../lib/gcc/arm-none-eabi/4.8.4/../../../../arm-none-eabi/lib/armv6-m\libg_s.a(lib_a-memcpy-stub.o)
 .bss           0x00000000        0x0 c:/program files (x86)/cypress/psoc creator/3.2/psoc creator/import/gnu/arm/4.8.4/bin/../lib/gcc/arm-none-eabi/4.8.4/../../../../arm-none-eabi/lib/armv6-m\libg_s.a(lib_a-memcpy-stub.o)
 .text.memcpy   0x00000000       0x12 c:/program files (x86)/cypress/psoc creator/3.2/psoc creator/import/gnu/arm/4.8.4/bin/../lib/gcc/arm-none-eabi/4.8.4/../../../../arm-none-eabi/lib/armv6-m\libg_s.a(lib_a-memcpy-stub.o)
 .text          0x00000000        0x0 c:/program files (x86)/cypress/psoc creator/3.2/psoc creator/import/gnu/arm/4.8.4/bin/../lib/gcc/arm-none-eabi/4.8.4/../../../../arm-none-eabi/lib/armv6-m\libg_s.a(lib_a-memset.o)
 .data          0x00000000        0x0 c:/program files (x86)/cypress/psoc creator/3.2/psoc creator/import/gnu/arm/4.8.4/bin/../lib/gcc/arm-none-eabi/4.8.4/../../../../arm-none-eabi/lib/armv6-m\libg_s.a(lib_a-memset.o)
 .bss           0x00000000        0x0 c:/program files (x86)/cypress/psoc creator/3.2/psoc creator/import/gnu/arm/4.8.4/bin/../lib/gcc/arm-none-eabi/4.8.4/../../../../arm-none-eabi/lib/armv6-m\libg_s.a(lib_a-memset.o)
 .text          0x00000000        0x0 c:/program files (x86)/cypress/psoc creator/3.2/psoc creator/import/gnu/arm/4.8.4/bin/../lib/gcc/arm-none-eabi/4.8.4/armv6-m/crtend.o
 .data          0x00000000        0x0 c:/program files (x86)/cypress/psoc creator/3.2/psoc creator/import/gnu/arm/4.8.4/bin/../lib/gcc/arm-none-eabi/4.8.4/armv6-m/crtend.o
 .bss           0x00000000        0x0 c:/program files (x86)/cypress/psoc creator/3.2/psoc creator/import/gnu/arm/4.8.4/bin/../lib/gcc/arm-none-eabi/4.8.4/armv6-m/crtend.o
 .text          0x00000000        0x0 c:/program files (x86)/cypress/psoc creator/3.2/psoc creator/import/gnu/arm/4.8.4/bin/../lib/gcc/arm-none-eabi/4.8.4/armv6-m/crtn.o
 .data          0x00000000        0x0 c:/program files (x86)/cypress/psoc creator/3.2/psoc creator/import/gnu/arm/4.8.4/bin/../lib/gcc/arm-none-eabi/4.8.4/armv6-m/crtn.o
 .bss           0x00000000        0x0 c:/program files (x86)/cypress/psoc creator/3.2/psoc creator/import/gnu/arm/4.8.4/bin/../lib/gcc/arm-none-eabi/4.8.4/armv6-m/crtn.o

Memory Configuration

Name             Origin             Length             Attributes
rom              0x00000000         0x00008000         xr
ram              0x20000000         0x00001000         xrw
*default*        0x00000000         0xffffffff

Linker script and memory map

LOAD c:/program files (x86)/cypress/psoc creator/3.2/psoc creator/import/gnu/arm/4.8.4/bin/../lib/gcc/arm-none-eabi/4.8.4/armv6-m/crti.o
LOAD c:/program files (x86)/cypress/psoc creator/3.2/psoc creator/import/gnu/arm/4.8.4/bin/../lib/gcc/arm-none-eabi/4.8.4/armv6-m/crtbegin.o
LOAD c:/program files (x86)/cypress/psoc creator/3.2/psoc creator/import/gnu/arm/4.8.4/bin/../lib/gcc/arm-none-eabi/4.8.4/../../../../arm-none-eabi/lib/armv6-m/crt0.o
START GROUP
LOAD .\CortexM0\ARM_GCC_484\Debug\main.o
LOAD .\CortexM0\ARM_GCC_484\Debug\cymetadata.o
LOAD .\CortexM0\ARM_GCC_484\Debug\Cm0Start.o
LOAD .\CortexM0\ARM_GCC_484\Debug\Design01.a
LOAD C:\Program Files (x86)\Cypress\PSoC Creator\3.2\PSoC Creator\psoc\content\cycomponentlibrary\CyComponentLibrary.cylib\CortexM0\ARM_GCC_484\Debug\CyComponentLibrary.a
END GROUP
START GROUP
LOAD c:/program files (x86)/cypress/psoc creator/3.2/psoc creator/import/gnu/arm/4.8.4/bin/../lib/gcc/arm-none-eabi/4.8.4/armv6-m\libgcc.a
LOAD c:/program files (x86)/cypress/psoc creator/3.2/psoc creator/import/gnu/arm/4.8.4/bin/../lib/gcc/arm-none-eabi/4.8.4/../../../../arm-none-eabi/lib/armv6-m\libg_s.a
LOAD c:/program files (x86)/cypress/psoc creator/3.2/psoc creator/import/gnu/arm/4.8.4/bin/../lib/gcc/arm-none-eabi/4.8.4/../../../../arm-none-eabi/lib/armv6-m\libc_s.a
END GROUP
START GROUP
LOAD c:/program files (x86)/cypress/psoc creator/3.2/psoc creator/import/gnu/arm/4.8.4/bin/../lib/gcc/arm-none-eabi/4.8.4/armv6-m\libgcc.a
LOAD c:/program files (x86)/cypress/psoc creator/3.2/psoc creator/import/gnu/arm/4.8.4/bin/../lib/gcc/arm-none-eabi/4.8.4/../../../../arm-none-eabi/lib/armv6-m\libc_s.a
END GROUP
LOAD c:/program files (x86)/cypress/psoc creator/3.2/psoc creator/import/gnu/arm/4.8.4/bin/../lib/gcc/arm-none-eabi/4.8.4/armv6-m/crtend.o
LOAD c:/program files (x86)/cypress/psoc creator/3.2/psoc creator/import/gnu/arm/4.8.4/bin/../lib/gcc/arm-none-eabi/4.8.4/armv6-m/crtn.o
START GROUP
LOAD c:/program files (x86)/cypress/psoc creator/3.2/psoc creator/import/gnu/arm/4.8.4/bin/../lib/gcc/arm-none-eabi/4.8.4/armv6-m\libgcc.a
LOAD c:/program files (x86)/cypress/psoc creator/3.2/psoc creator/import/gnu/arm/4.8.4/bin/../lib/gcc/arm-none-eabi/4.8.4/../../../../arm-none-eabi/lib/armv6-m\libc.a
LOAD c:/program files (x86)/cypress/psoc creator/3.2/psoc creator/import/gnu/arm/4.8.4/bin/../lib/gcc/arm-none-eabi/4.8.4/../../../../arm-none-eabi/lib/armv6-m\libnosys.a
END GROUP
                0x00000000                CY_APPL_ORIGIN = 0x0
                0x00000080                CY_FLASH_ROW_SIZE = 0x80
                0x00000001                CY_APPL_NUM = 0x1
                0x00000040                CY_METADATA_SIZE = 0x40
                0x20000138                PROVIDE (__cy_heap_start, _end)
                0x00000001                PROVIDE (__cy_region_num, ((__cy_regions_end - __cy_regions) / 0x10))
                0x20001000                PROVIDE (__cy_stack, (ORIGIN (ram) + 0x1000))
                0x20000c00                PROVIDE (__cy_heap_end, (__cy_stack - 0x400))

.cybootloader   0x00000000        0x0
 *(.cybootloader)
                0x00000000                appl1_start = CY_APPL_ORIGIN?CY_APPL_ORIGIN:ALIGN (CY_FLASH_ROW_SIZE)
                0x00003f80                appl2_start = (appl1_start + ALIGN ((((0x8000 - appl1_start) - (0x2 * CY_FLASH_ROW_SIZE)) / 0x2), CY_FLASH_ROW_SIZE))
                0x00000000                appl_start = (CY_APPL_NUM == 0x1)?appl1_start:appl2_start

.text           0x00000000     0x179c
 CREATE_OBJECT_SYMBOLS
                0x00000000                PROVIDE (__cy_interrupt_vector, RomVectors)
 *(.romvectors)
 .romvectors    0x00000000       0x10 .\CortexM0\ARM_GCC_484\Debug\Cm0Start.o
                0x00000000                RomVectors
                0x00000001                ASSERT ((. != __cy_interrupt_vector), No interrupt vector)
                0x00000001                ASSERT (CY_APPL_ORIGIN?(SIZEOF (.cybootloader) <= CY_APPL_ORIGIN):0x1, Wrong image location)
                0x00000010                PROVIDE (__cy_reset, Reset)
 *(.text.Reset)
 .text.Reset    0x00000010        0x8 .\CortexM0\ARM_GCC_484\Debug\Cm0Start.o
                0x00000010                Reset
                0x00000001                ASSERT ((. != __cy_reset), No reset code)
 *(.psocinit)
 .psocinit      0x00000018      0x1fc .\CortexM0\ARM_GCC_484\Debug\Design01.a(cyfitter_cfg.o)
                0x0000009c                cyfitter_cfg
                0x00000214                . = MAX (., 0x100)
 *(.text .text.* .gnu.linkonce.t.*)
 .text          0x00000214       0x60 c:/program files (x86)/cypress/psoc creator/3.2/psoc creator/import/gnu/arm/4.8.4/bin/../lib/gcc/arm-none-eabi/4.8.4/armv6-m/crtbegin.o
 .text.main     0x00000274      0x190 .\CortexM0\ARM_GCC_484\Debug\main.o
                0x00000274                main
 .text.SendChannelVoltage
                0x00000404      0x124 .\CortexM0\ARM_GCC_484\Debug\main.o
 .text.ADC_ISR_Handler
                0x00000528       0x50 .\CortexM0\ARM_GCC_484\Debug\main.o
                0x00000528                ADC_ISR_Handler
 .text.IntDefaultHandler
                0x00000578        0x8 .\CortexM0\ARM_GCC_484\Debug\Cm0Start.o
                0x00000578                IntDefaultHandler
 .text.Start_c  0x00000580       0x98 .\CortexM0\ARM_GCC_484\Debug\Cm0Start.o
                0x00000580                Start_c
 .text.initialize_psoc
                0x00000618       0x64 .\CortexM0\ARM_GCC_484\Debug\Cm0Start.o
                0x00000618                initialize_psoc
 .text.CYMEMZERO
                0x0000067c       0x20 .\CortexM0\ARM_GCC_484\Debug\Design01.a(cyfitter_cfg.o)
 .text.cfg_write_bytes32
                0x0000069c       0x80 .\CortexM0\ARM_GCC_484\Debug\Design01.a(cyfitter_cfg.o)
 .text.AnalogSetDefault
                0x0000071c       0x4c .\CortexM0\ARM_GCC_484\Debug\Design01.a(cyfitter_cfg.o)
 .text.LED_Write
                0x00000768       0x4c .\CortexM0\ARM_GCC_484\Debug\Design01.a(LED.o)
                0x00000768                LED_Write
 .text.UART_Init
                0x000007b4        0xc .\CortexM0\ARM_GCC_484\Debug\Design01.a(UART.o)
                0x000007b4                UART_Init
 .text.UART_Enable
                0x000007c0       0x24 .\CortexM0\ARM_GCC_484\Debug\Design01.a(UART.o)
                0x000007c0                UART_Enable
 .text.UART_Start
                0x000007e4       0x24 .\CortexM0\ARM_GCC_484\Debug\Design01.a(UART.o)
                0x000007e4                UART_Start
 .text.UART_ScbEnableIntr
                0x00000808        0x8 .\CortexM0\ARM_GCC_484\Debug\Design01.a(UART.o)
 .text.UART_ScbModePostEnable
                0x00000810        0xc .\CortexM0\ARM_GCC_484\Debug\Design01.a(UART.o)
 .text.UART_SpiUartWriteTxData
                0x0000081c       0x2c .\CortexM0\ARM_GCC_484\Debug\Design01.a(UART_SPI_UART.o)
                0x0000081c                UART_SpiUartWriteTxData
 .text.UART_UartInit
                0x00000848       0xa8 .\CortexM0\ARM_GCC_484\Debug\Design01.a(UART_UART.o)
                0x00000848                UART_UartInit
 .text.UART_UartPostEnable
                0x000008f0       0x24 .\CortexM0\ARM_GCC_484\Debug\Design01.a(UART_UART.o)
                0x000008f0                UART_UartPostEnable
 .text.UART_UartPutString
                0x00000914       0x34 .\CortexM0\ARM_GCC_484\Debug\Design01.a(UART_UART.o)
                0x00000914                UART_UartPutString
 .text.UART_UartPutCRLF
                0x00000948       0x24 .\CortexM0\ARM_GCC_484\Debug\Design01.a(UART_UART.o)
                0x00000948                UART_UartPutCRLF
 .text.SW2_Read
                0x0000096c       0x1c .\CortexM0\ARM_GCC_484\Debug\Design01.a(SW2.o)
                0x0000096c                SW2_Read
 .text.Opamp_2_Init
                0x00000988       0x34 .\CortexM0\ARM_GCC_484\Debug\Design01.a(Opamp_2.o)
                0x00000988                Opamp_2_Init
 .text.Opamp_2_Enable
                0x000009bc       0x24 .\CortexM0\ARM_GCC_484\Debug\Design01.a(Opamp_2.o)
                0x000009bc                Opamp_2_Enable
 .text.Opamp_2_Start
                0x000009e0       0x24 .\CortexM0\ARM_GCC_484\Debug\Design01.a(Opamp_2.o)
                0x000009e0                Opamp_2_Start
 .text.ADC_Start
                0x00000a04       0x24 .\CortexM0\ARM_GCC_484\Debug\Design01.a(ADC.o)
                0x00000a04                ADC_Start
 .text.ADC_Init
                0x00000a28      0x20c .\CortexM0\ARM_GCC_484\Debug\Design01.a(ADC.o)
                0x00000a28                ADC_Init
 .text.ADC_Enable
                0x00000c34       0x28 .\CortexM0\ARM_GCC_484\Debug\Design01.a(ADC.o)
                0x00000c34                ADC_Enable
 .text.ADC_StartConvert
                0x00000c5c       0x1c .\CortexM0\ARM_GCC_484\Debug\Design01.a(ADC.o)
                0x00000c5c                ADC_StartConvert
 .text.ADC_GetResult16
                0x00000c78       0x44 .\CortexM0\ARM_GCC_484\Debug\Design01.a(ADC.o)
                0x00000c78                ADC_GetResult16
 .text.ADC_SetGain
                0x00000cbc       0x2c .\CortexM0\ARM_GCC_484\Debug\Design01.a(ADC.o)
                0x00000cbc                ADC_SetGain
 .text.ADC_CountsTo_mVolts
                0x00000ce8       0xa4 .\CortexM0\ARM_GCC_484\Debug\Design01.a(ADC.o)
                0x00000ce8                ADC_CountsTo_mVolts
 .text.ADC_ISR  0x00000d8c       0x1c .\CortexM0\ARM_GCC_484\Debug\Design01.a(ADC_INT.o)
                0x00000d8c                ADC_ISR
 .text.Opamp_1_Init
                0x00000da8       0x34 .\CortexM0\ARM_GCC_484\Debug\Design01.a(Opamp_1.o)
                0x00000da8                Opamp_1_Init
 .text.Opamp_1_Enable
                0x00000ddc       0x24 .\CortexM0\ARM_GCC_484\Debug\Design01.a(Opamp_1.o)
                0x00000ddc                Opamp_1_Enable
 .text.Opamp_1_Start
                0x00000e00       0x24 .\CortexM0\ARM_GCC_484\Debug\Design01.a(Opamp_1.o)
                0x00000e00                Opamp_1_Start
 .text.ADC_IRQ_StartEx
                0x00000e24       0x24 .\CortexM0\ARM_GCC_484\Debug\Design01.a(ADC_IRQ.o)
                0x00000e24                ADC_IRQ_StartEx
 .text.ADC_IRQ_SetVector
                0x00000e48       0x18 .\CortexM0\ARM_GCC_484\Debug\Design01.a(ADC_IRQ.o)
                0x00000e48                ADC_IRQ_SetVector
 .text.ADC_IRQ_SetPriority
                0x00000e60       0x50 .\CortexM0\ARM_GCC_484\Debug\Design01.a(ADC_IRQ.o)
                0x00000e60                ADC_IRQ_SetPriority
 .text.ADC_IRQ_Enable
                0x00000eb0       0x14 .\CortexM0\ARM_GCC_484\Debug\Design01.a(ADC_IRQ.o)
                0x00000eb0                ADC_IRQ_Enable
 .text.ADC_IRQ_Disable
                0x00000ec4       0x14 .\CortexM0\ARM_GCC_484\Debug\Design01.a(ADC_IRQ.o)
                0x00000ec4                ADC_IRQ_Disable
 .text          0x00000ed8       0x28 .\CortexM0\ARM_GCC_484\Debug\Design01.a(CyBootAsmGnu.o)
                0x00000ed8                CyDelayCycles
                0x00000eec                CyEnterCriticalSection
                0x00000ef4                CyExitCriticalSection
 .text.CySysClkWriteImoFreq
                0x00000f00      0x1e0 .\CortexM0\ARM_GCC_484\Debug\Design01.a(CyLib.o)
                0x00000f00                CySysClkWriteImoFreq
 .text.CyIntSetVector
                0x000010e0       0x4c .\CortexM0\ARM_GCC_484\Debug\Design01.a(CyLib.o)
                0x000010e0                CyIntSetVector
 .text.CyIntSetPriority
                0x0000112c       0xa8 .\CortexM0\ARM_GCC_484\Debug\Design01.a(CyLib.o)
                0x0000112c                CyIntSetPriority
 .text.CyHalt   0x000011d4       0x14 .\CortexM0\ARM_GCC_484\Debug\Design01.a(CyLib.o)
                0x000011d4                CyHalt
 .text.CyDelay  0x000011e8       0x48 .\CortexM0\ARM_GCC_484\Debug\Design01.a(CyLib.o)
                0x000011e8                CyDelay
 .text.CyDelayUs
                0x00001230       0x28 .\CortexM0\ARM_GCC_484\Debug\Design01.a(CyLib.o)
                0x00001230                CyDelayUs
 .text          0x00001258       0x9c c:/program files (x86)/cypress/psoc creator/3.2/psoc creator/import/gnu/arm/4.8.4/bin/../lib/gcc/arm-none-eabi/4.8.4/armv6-m\libgcc.a(_udivsi3.o)
                0x00001258                __aeabi_uidiv
                0x00001258                __udivsi3
                0x000012e0                __aeabi_uidivmod
 .text          0x000012f4       0xc0 c:/program files (x86)/cypress/psoc creator/3.2/psoc creator/import/gnu/arm/4.8.4/bin/../lib/gcc/arm-none-eabi/4.8.4/armv6-m\libgcc.a(_divsi3.o)
                0x000012f4                __divsi3
                0x000012f4                __aeabi_idiv
                0x000013a0                __aeabi_idivmod
 .text          0x000013b4        0x4 c:/program files (x86)/cypress/psoc creator/3.2/psoc creator/import/gnu/arm/4.8.4/bin/../lib/gcc/arm-none-eabi/4.8.4/armv6-m\libgcc.a(_dvmd_tls.o)
                0x000013b4                __aeabi_idiv0
                0x000013b4                __aeabi_ldiv0
 .text          0x000013b8      0x254 c:/program files (x86)/cypress/psoc creator/3.2/psoc creator/import/gnu/arm/4.8.4/bin/../lib/gcc/arm-none-eabi/4.8.4/armv6-m\libgcc.a(mulsf3.o)
                0x000013b8                __aeabi_fmul
 .text          0x0000160c       0x40 c:/program files (x86)/cypress/psoc creator/3.2/psoc creator/import/gnu/arm/4.8.4/bin/../lib/gcc/arm-none-eabi/4.8.4/armv6-m\libgcc.a(fixsfsi.o)
                0x0000160c                __aeabi_f2iz
 .text          0x0000164c       0xb8 c:/program files (x86)/cypress/psoc creator/3.2/psoc creator/import/gnu/arm/4.8.4/bin/../lib/gcc/arm-none-eabi/4.8.4/armv6-m\libgcc.a(floatsisf.o)
                0x0000164c                __aeabi_i2f
 .text          0x00001704       0x3c c:/program files (x86)/cypress/psoc creator/3.2/psoc creator/import/gnu/arm/4.8.4/bin/../lib/gcc/arm-none-eabi/4.8.4/armv6-m\libgcc.a(_clzsi2.o)
                0x00001704                __clzsi2
 .text.__libc_init_array
                0x00001740       0x4c c:/program files (x86)/cypress/psoc creator/3.2/psoc creator/import/gnu/arm/4.8.4/bin/../lib/gcc/arm-none-eabi/4.8.4/../../../../arm-none-eabi/lib/armv6-m\libg_s.a(lib_a-init.o)
                0x00001740                __libc_init_array
 .text.memset   0x0000178c       0x10 c:/program files (x86)/cypress/psoc creator/3.2/psoc creator/import/gnu/arm/4.8.4/bin/../lib/gcc/arm-none-eabi/4.8.4/../../../../arm-none-eabi/lib/armv6-m\libg_s.a(lib_a-memset.o)
                0x0000178c                memset
 *(.plt)
 *(.gnu.warning)
 *(.glue_7t)
 .glue_7t       0x00000000        0x0 linker stubs
 *(.glue_7)
 .glue_7        0x00000000        0x0 linker stubs
 *(.vfp11_veneer)
 .vfp11_veneer  0x00000000        0x0 linker stubs
 *(.bootloader)
 *(.ARM.extab* .gnu.linkonce.armextab.*)
 *(.gcc_except_table)

.v4_bx          0x0000179c        0x0
 .v4_bx         0x00000000        0x0 linker stubs

.iplt           0x0000179c        0x0
 .iplt          0x00000000        0x0 c:/program files (x86)/cypress/psoc creator/3.2/psoc creator/import/gnu/arm/4.8.4/bin/../lib/gcc/arm-none-eabi/4.8.4/armv6-m/crtbegin.o

.eh_frame_hdr
 *(.eh_frame_hdr)

.eh_frame       0x0000179c        0x4
 *(.eh_frame)
 .eh_frame      0x0000179c        0x0 c:/program files (x86)/cypress/psoc creator/3.2/psoc creator/import/gnu/arm/4.8.4/bin/../lib/gcc/arm-none-eabi/4.8.4/armv6-m/crtbegin.o
 .eh_frame      0x0000179c        0x4 c:/program files (x86)/cypress/psoc creator/3.2/psoc creator/import/gnu/arm/4.8.4/bin/../lib/gcc/arm-none-eabi/4.8.4/armv6-m/crtend.o
                0x000017a0                PROVIDE (__exidx_start, .)

.ARM.exidx
 *(.ARM.exidx* .gnu.linkonce.armexidx.*)
                0x000017a0                __exidx_end = .

.rodata         0x000017a0       0xe8
 *(.rodata .rodata.* .gnu.linkonce.r.*)
 .rodata        0x000017a0       0x18 .\CortexM0\ARM_GCC_484\Debug\main.o
 .rodata        0x000017b8       0x14 .\CortexM0\ARM_GCC_484\Debug\Design01.a(cyfitter_cfg.o)
 .rodata        0x000017cc       0x14 .\CortexM0\ARM_GCC_484\Debug\Design01.a(ADC.o)
 .rodata        0x000017e0       0x30 .\CortexM0\ARM_GCC_484\Debug\Design01.a(CyLib.o)
                0x000017e0                cyImoFreqMhz2Reg
 .rodata        0x00001810       0x40 c:/program files (x86)/cypress/psoc creator/3.2/psoc creator/import/gnu/arm/4.8.4/bin/../lib/gcc/arm-none-eabi/4.8.4/armv6-m\libgcc.a(mulsf3.o)
                0x00001850                . = ALIGN (0x4)
 *(.init)
 .init          0x00001850        0x4 c:/program files (x86)/cypress/psoc creator/3.2/psoc creator/import/gnu/arm/4.8.4/bin/../lib/gcc/arm-none-eabi/4.8.4/armv6-m/crti.o
                0x00001850                _init
 .init          0x00001854        0x8 c:/program files (x86)/cypress/psoc creator/3.2/psoc creator/import/gnu/arm/4.8.4/bin/../lib/gcc/arm-none-eabi/4.8.4/armv6-m/crtn.o
                0x0000185c                . = ALIGN (0x4)
                0x0000185c                __preinit_array_start = .
 *(.preinit_array)
                0x0000185c                __preinit_array_end = .
                0x0000185c                . = ALIGN (0x4)
                0x0000185c                __init_array_start = .
 *(SORT(.init_array.*))
 *(.init_array)
 .init_array    0x0000185c        0x4 c:/program files (x86)/cypress/psoc creator/3.2/psoc creator/import/gnu/arm/4.8.4/bin/../lib/gcc/arm-none-eabi/4.8.4/armv6-m/crtbegin.o
 .init_array    0x00001860        0x4 .\CortexM0\ARM_GCC_484\Debug\Cm0Start.o
                0x00001864                __init_array_end = .
                0x00001864                . = ALIGN (0x4)
 *(.fini)
 .fini          0x00001864        0x4 c:/program files (x86)/cypress/psoc creator/3.2/psoc creator/import/gnu/arm/4.8.4/bin/../lib/gcc/arm-none-eabi/4.8.4/armv6-m/crti.o
                0x00001864                _fini
 .fini          0x00001868        0x8 c:/program files (x86)/cypress/psoc creator/3.2/psoc creator/import/gnu/arm/4.8.4/bin/../lib/gcc/arm-none-eabi/4.8.4/armv6-m/crtn.o
                0x00001870                . = ALIGN (0x4)
                0x00001870                __fini_array_start = .
 *(.fini_array)
 .fini_array    0x00001870        0x4 c:/program files (x86)/cypress/psoc creator/3.2/psoc creator/import/gnu/arm/4.8.4/bin/../lib/gcc/arm-none-eabi/4.8.4/armv6-m/crtbegin.o
 *(SORT(.fini_array.*))
                0x00001874                __fini_array_end = .
                0x00001874                . = ALIGN (0x4)
 *crtbegin.o(.ctors)
 *(EXCLUDE_FILE(*crtend.o) .ctors)
 *(SORT(.ctors.*))
 *crtend.o(.ctors)
                0x00001874                . = ALIGN (0x4)
 *crtbegin.o(.dtors)
 *(EXCLUDE_FILE(*crtend.o) .dtors)
 *(SORT(.dtors.*))
 *crtend.o(.dtors)
                0x00001874                . = ALIGN (0x4)
                0x00001874                __cy_regions = .
                0x00001874        0x4 LONG 0x1888 __cy_region_init_ram
                0x00001878        0x4 LONG 0x200000c8 __cy_region_start_data
                0x0000187c        0x4 LONG 0x18 __cy_region_init_size_ram
                0x00001880        0x4 LONG 0x58 __cy_region_zero_size_ram
                0x00001884                __cy_regions_end = .
                0x00001888                . = ALIGN (0x8)
 *fill*         0x00001884        0x4 
                0x00001888                _etext = .

.ramvectors     0x20000000       0xc0
                0x20000000                __cy_region_start_ram = .
 *(.ramvectors)
 .ramvectors    0x20000000       0xc0 .\CortexM0\ARM_GCC_484\Debug\Cm0Start.o
                0x20000000                CyRamVectors

.noinit         0x200000c0        0x4
 *(.noinit)
 .noinit        0x200000c0        0x4 .\CortexM0\ARM_GCC_484\Debug\Cm0Start.o

.data           0x200000c8       0x18 load address 0x00001888
                0x200000c8                __cy_region_start_data = .
 *(.jcr)
 .jcr           0x200000c8        0x0 c:/program files (x86)/cypress/psoc creator/3.2/psoc creator/import/gnu/arm/4.8.4/bin/../lib/gcc/arm-none-eabi/4.8.4/armv6-m/crtbegin.o
 .jcr           0x200000c8        0x4 c:/program files (x86)/cypress/psoc creator/3.2/psoc creator/import/gnu/arm/4.8.4/bin/../lib/gcc/arm-none-eabi/4.8.4/armv6-m/crtend.o
 *(.got.plt)
 *(.got)
 *(.shdata)
 *(.data .data.* .gnu.linkonce.d.*)
 .data          0x200000cc       0x10 .\CortexM0\ARM_GCC_484\Debug\Design01.a(CyLib.o)
                0x200000cc                cydelayFreqHz
                0x200000d0                cydelayFreqKhz
                0x200000d4                cydelayFreqMhz
                0x200000d8                cydelay32kMs
                0x200000e0                . = ALIGN (0x8)
 *fill*         0x200000dc        0x4 
 *(.ram)
                0x200000e0                _edata = .

.igot.plt       0x200000e0        0x0 load address 0x000018a0
 .igot.plt      0x00000000        0x0 c:/program files (x86)/cypress/psoc creator/3.2/psoc creator/import/gnu/arm/4.8.4/bin/../lib/gcc/arm-none-eabi/4.8.4/armv6-m/crtbegin.o

.bss            0x200000e0       0x58 load address 0x000018a0
                0x200000e0                PROVIDE (__bss_start__, .)
 *(.shbss)
 *(.bss .bss.* .gnu.linkonce.b.*)
 .bss           0x200000e0       0x1c c:/program files (x86)/cypress/psoc creator/3.2/psoc creator/import/gnu/arm/4.8.4/bin/../lib/gcc/arm-none-eabi/4.8.4/armv6-m/crtbegin.o
 .bss           0x200000fc        0x8 .\CortexM0\ARM_GCC_484\Debug\main.o
                0x200000fc                windowFlag
                0x20000100                dataReady
                0x20000101                channelFlag
 .bss           0x20000104        0x1 .\CortexM0\ARM_GCC_484\Debug\Design01.a(UART.o)
                0x20000104                UART_initVar
 *fill*         0x20000105        0x3 
 .bss           0x20000108        0x8 .\CortexM0\ARM_GCC_484\Debug\Design01.a(Opamp_2.o)
                0x20000108                Opamp_2_initVar
 .bss           0x20000110        0x1 .\CortexM0\ARM_GCC_484\Debug\Design01.a(ADC.o)
                0x20000110                ADC_initVar
 *fill*         0x20000111        0x3 
 .bss           0x20000114        0x8 .\CortexM0\ARM_GCC_484\Debug\Design01.a(Opamp_1.o)
                0x20000114                Opamp_1_initVar
 *(COMMON)
 COMMON         0x2000011c       0x18 .\CortexM0\ARM_GCC_484\Debug\Design01.a(ADC.o)
                0x2000011c                ADC_countsPer10Volt
                0x2000012c                ADC_offset
                0x20000138                . = ALIGN (0x8)
 *fill*         0x20000134        0x4 
 *(.ram.b)
                0x20000138                _end = .
                0x20000138                __end = .
                0x20000138                PROVIDE (end, .)
                0x20000138                PROVIDE (__bss_end__, .)
                0x00001888                __cy_region_init_ram = LOADADDR (.data)
                0x00000018                __cy_region_init_size_ram = (_edata - ADDR (.data))
                0x00000058                __cy_region_zero_size_ram = (_end - _edata)

.heap           0x20000138      0x100 load address 0x000018a0
                0x20000138                . = _end
                0x20000238                . = (. + 0x100)
 *fill*         0x20000138      0x100 
                0x20000238                __cy_heap_limit = .

.stack          0x20000c00      0x400
                0x20000c00                __cy_stack_limit = .
                0x20001000                . = (. + 0x400)
 *fill*         0x20000c00      0x400 
                0x00000001                ASSERT ((__cy_stack_limit >= __cy_heap_limit), region RAM overflowed with stack)

.cyloadermeta
 *(.cyloadermeta)

.cyloadablemeta
 *(.cyloadablemeta)

.cyflashprotect
                0x90400000       0x20
 *(.cyflashprotect)
 .cyflashprotect
                0x90400000       0x20 .\CortexM0\ARM_GCC_484\Debug\cymetadata.o
                0x90400000                cy_meta_flashprotect

.cymeta         0x90500000        0xc
 *(.cymeta)
 .cymeta        0x90500000        0xc .\CortexM0\ARM_GCC_484\Debug\cymetadata.o
                0x90500000                cy_metadata

.cychipprotect  0x90600000        0x4
 *(.cychipprotect)
 .cychipprotect
                0x90600000        0x4 .\CortexM0\ARM_GCC_484\Debug\cymetadata.o
                0x90600000                cy_meta_chipprotect

.rel.dyn        0x000018a0        0x0 load address 0x90600004
 .rel.iplt      0x00000000        0x0 c:/program files (x86)/cypress/psoc creator/3.2/psoc creator/import/gnu/arm/4.8.4/bin/../lib/gcc/arm-none-eabi/4.8.4/armv6-m/crtbegin.o

.stab
 *(.stab)

.stabstr
 *(.stabstr)

.debug
 *(.debug)

.line
 *(.line)

.debug_srcinfo
 *(.debug_srcinfo)

.debug_sfnames
 *(.debug_sfnames)

.debug_aranges  0x00000000      0x5c8
 *(.debug_aranges)
 .debug_aranges
                0x00000000       0x30 .\CortexM0\ARM_GCC_484\Debug\main.o
 .debug_aranges
                0x00000030       0x18 .\CortexM0\ARM_GCC_484\Debug\cymetadata.o
 .debug_aranges
                0x00000048       0x48 .\CortexM0\ARM_GCC_484\Debug\Cm0Start.o
 .debug_aranges
                0x00000090       0x50 .\CortexM0\ARM_GCC_484\Debug\Design01.a(cyfitter_cfg.o)
 .debug_aranges
                0x000000e0       0x40 .\CortexM0\ARM_GCC_484\Debug\Design01.a(LED.o)
 .debug_aranges
                0x00000120       0x68 .\CortexM0\ARM_GCC_484\Debug\Design01.a(UART.o)
 .debug_aranges
                0x00000188       0x48 .\CortexM0\ARM_GCC_484\Debug\Design01.a(UART_SPI_UART.o)
 .debug_aranges
                0x000001d0       0x50 .\CortexM0\ARM_GCC_484\Debug\Design01.a(UART_UART.o)
 .debug_aranges
                0x00000220       0x40 .\CortexM0\ARM_GCC_484\Debug\Design01.a(SW2.o)
 .debug_aranges
                0x00000260       0x48 .\CortexM0\ARM_GCC_484\Debug\Design01.a(Opamp_2.o)
 .debug_aranges
                0x000002a8       0xa8 .\CortexM0\ARM_GCC_484\Debug\Design01.a(ADC.o)
 .debug_aranges
                0x00000350       0x20 .\CortexM0\ARM_GCC_484\Debug\Design01.a(ADC_INT.o)
 .debug_aranges
                0x00000370       0x48 .\CortexM0\ARM_GCC_484\Debug\Design01.a(Opamp_1.o)
 .debug_aranges
                0x000003b8       0x80 .\CortexM0\ARM_GCC_484\Debug\Design01.a(ADC_IRQ.o)
 .debug_aranges
                0x00000438       0x20 .\CortexM0\ARM_GCC_484\Debug\Design01.a(CyBootAsmGnu.o)
 .debug_aranges
                0x00000458      0x170 .\CortexM0\ARM_GCC_484\Debug\Design01.a(CyLib.o)

.debug_pubnames
 *(.debug_pubnames)

.debug_info     0x00000000     0x240d
 *(.debug_info .gnu.linkonce.wi.*)
 .debug_info    0x00000000      0x1c3 .\CortexM0\ARM_GCC_484\Debug\main.o
 .debug_info    0x000001c3       0xfd .\CortexM0\ARM_GCC_484\Debug\cymetadata.o
 .debug_info    0x000002c0      0x2fe .\CortexM0\ARM_GCC_484\Debug\Cm0Start.o
 .debug_info    0x000005be      0x353 .\CortexM0\ARM_GCC_484\Debug\Design01.a(cyfitter_cfg.o)
 .debug_info    0x00000911      0x14c .\CortexM0\ARM_GCC_484\Debug\Design01.a(LED.o)
 .debug_info    0x00000a5d      0x1b6 .\CortexM0\ARM_GCC_484\Debug\Design01.a(UART.o)
 .debug_info    0x00000c13      0x1ac .\CortexM0\ARM_GCC_484\Debug\Design01.a(UART_SPI_UART.o)
 .debug_info    0x00000dbf      0x1b0 .\CortexM0\ARM_GCC_484\Debug\Design01.a(UART_UART.o)
 .debug_info    0x00000f6f      0x14c .\CortexM0\ARM_GCC_484\Debug\Design01.a(SW2.o)
 .debug_info    0x000010bb      0x164 .\CortexM0\ARM_GCC_484\Debug\Design01.a(Opamp_2.o)
 .debug_info    0x0000121f      0x49a .\CortexM0\ARM_GCC_484\Debug\Design01.a(ADC.o)
 .debug_info    0x000016b9       0xc4 .\CortexM0\ARM_GCC_484\Debug\Design01.a(ADC_INT.o)
 .debug_info    0x0000177d      0x164 .\CortexM0\ARM_GCC_484\Debug\Design01.a(Opamp_1.o)
 .debug_info    0x000018e1      0x244 .\CortexM0\ARM_GCC_484\Debug\Design01.a(ADC_IRQ.o)
 .debug_info    0x00001b25       0x96 .\CortexM0\ARM_GCC_484\Debug\Design01.a(CyBootAsmGnu.o)
 .debug_info    0x00001bbb      0x852 .\CortexM0\ARM_GCC_484\Debug\Design01.a(CyLib.o)

.debug_abbrev   0x00000000      0xf8a
 *(.debug_abbrev)
 .debug_abbrev  0x00000000       0xd8 .\CortexM0\ARM_GCC_484\Debug\main.o
 .debug_abbrev  0x000000d8       0x5d .\CortexM0\ARM_GCC_484\Debug\cymetadata.o
 .debug_abbrev  0x00000135      0x1a5 .\CortexM0\ARM_GCC_484\Debug\Cm0Start.o
 .debug_abbrev  0x000002da      0x18a .\CortexM0\ARM_GCC_484\Debug\Design01.a(cyfitter_cfg.o)
 .debug_abbrev  0x00000464       0xb7 .\CortexM0\ARM_GCC_484\Debug\Design01.a(LED.o)
 .debug_abbrev  0x0000051b       0xf0 .\CortexM0\ARM_GCC_484\Debug\Design01.a(UART.o)
 .debug_abbrev  0x0000060b      0x119 .\CortexM0\ARM_GCC_484\Debug\Design01.a(UART_SPI_UART.o)
 .debug_abbrev  0x00000724       0xf5 .\CortexM0\ARM_GCC_484\Debug\Design01.a(UART_UART.o)
 .debug_abbrev  0x00000819       0xb7 .\CortexM0\ARM_GCC_484\Debug\Design01.a(SW2.o)
 .debug_abbrev  0x000008d0       0xd3 .\CortexM0\ARM_GCC_484\Debug\Design01.a(Opamp_2.o)
 .debug_abbrev  0x000009a3      0x170 .\CortexM0\ARM_GCC_484\Debug\Design01.a(ADC.o)
 .debug_abbrev  0x00000b13       0x72 .\CortexM0\ARM_GCC_484\Debug\Design01.a(ADC_INT.o)
 .debug_abbrev  0x00000b85       0xd3 .\CortexM0\ARM_GCC_484\Debug\Design01.a(Opamp_1.o)
 .debug_abbrev  0x00000c58      0x177 .\CortexM0\ARM_GCC_484\Debug\Design01.a(ADC_IRQ.o)
 .debug_abbrev  0x00000dcf       0x14 .\CortexM0\ARM_GCC_484\Debug\Design01.a(CyBootAsmGnu.o)
 .debug_abbrev  0x00000de3      0x1a7 .\CortexM0\ARM_GCC_484\Debug\Design01.a(CyLib.o)

.debug_line     0x00000000     0x13a9
 *(.debug_line)
 .debug_line    0x00000000       0xd2 .\CortexM0\ARM_GCC_484\Debug\main.o
 .debug_line    0x000000d2       0x53 .\CortexM0\ARM_GCC_484\Debug\cymetadata.o
 .debug_line    0x00000125      0x1b7 .\CortexM0\ARM_GCC_484\Debug\Cm0Start.o
 .debug_line    0x000002dc      0x19c .\CortexM0\ARM_GCC_484\Debug\Design01.a(cyfitter_cfg.o)
 .debug_line    0x00000478       0xa9 .\CortexM0\ARM_GCC_484\Debug\Design01.a(LED.o)
 .debug_line    0x00000521      0x13d .\CortexM0\ARM_GCC_484\Debug\Design01.a(UART.o)
 .debug_line    0x0000065e       0xfd .\CortexM0\ARM_GCC_484\Debug\Design01.a(UART_SPI_UART.o)
 .debug_line    0x0000075b      0x111 .\CortexM0\ARM_GCC_484\Debug\Design01.a(UART_UART.o)
 .debug_line    0x0000086c       0xa9 .\CortexM0\ARM_GCC_484\Debug\Design01.a(SW2.o)
 .debug_line    0x00000915       0xc5 .\CortexM0\ARM_GCC_484\Debug\Design01.a(Opamp_2.o)
 .debug_line    0x000009da      0x288 .\CortexM0\ARM_GCC_484\Debug\Design01.a(ADC.o)
 .debug_line    0x00000c62       0x64 .\CortexM0\ARM_GCC_484\Debug\Design01.a(ADC_INT.o)
 .debug_line    0x00000cc6       0xc5 .\CortexM0\ARM_GCC_484\Debug\Design01.a(Opamp_1.o)
 .debug_line    0x00000d8b      0x16d .\CortexM0\ARM_GCC_484\Debug\Design01.a(ADC_IRQ.o)
 .debug_line    0x00000ef8       0x69 .\CortexM0\ARM_GCC_484\Debug\Design01.a(CyBootAsmGnu.o)
 .debug_line    0x00000f61      0x448 .\CortexM0\ARM_GCC_484\Debug\Design01.a(CyLib.o)

.debug_frame    0x00000000     0x13dc
 *(.debug_frame)
 .debug_frame   0x00000000       0x74 .\CortexM0\ARM_GCC_484\Debug\main.o
 .debug_frame   0x00000074       0xc8 .\CortexM0\ARM_GCC_484\Debug\Cm0Start.o
 .debug_frame   0x0000013c       0xe8 .\CortexM0\ARM_GCC_484\Debug\Design01.a(cyfitter_cfg.o)
 .debug_frame   0x00000224       0xa8 .\CortexM0\ARM_GCC_484\Debug\Design01.a(LED.o)
 .debug_frame   0x000002cc      0x130 .\CortexM0\ARM_GCC_484\Debug\Design01.a(UART.o)
 .debug_frame   0x000003fc       0xcc .\CortexM0\ARM_GCC_484\Debug\Design01.a(UART_SPI_UART.o)
 .debug_frame   0x000004c8       0xe4 .\CortexM0\ARM_GCC_484\Debug\Design01.a(UART_UART.o)
 .debug_frame   0x000005ac       0xa8 .\CortexM0\ARM_GCC_484\Debug\Design01.a(SW2.o)
 .debug_frame   0x00000654       0xc0 .\CortexM0\ARM_GCC_484\Debug\Design01.a(Opamp_2.o)
 .debug_frame   0x00000714      0x24c .\CortexM0\ARM_GCC_484\Debug\Design01.a(ADC.o)
 .debug_frame   0x00000960       0x30 .\CortexM0\ARM_GCC_484\Debug\Design01.a(ADC_INT.o)
 .debug_frame   0x00000990       0xc0 .\CortexM0\ARM_GCC_484\Debug\Design01.a(Opamp_1.o)
 .debug_frame   0x00000a50      0x190 .\CortexM0\ARM_GCC_484\Debug\Design01.a(ADC_IRQ.o)
 .debug_frame   0x00000be0      0x544 .\CortexM0\ARM_GCC_484\Debug\Design01.a(CyLib.o)
 .debug_frame   0x00001124       0x20 c:/program files (x86)/cypress/psoc creator/3.2/psoc creator/import/gnu/arm/4.8.4/bin/../lib/gcc/arm-none-eabi/4.8.4/armv6-m\libgcc.a(_udivsi3.o)
 .debug_frame   0x00001144       0x20 c:/program files (x86)/cypress/psoc creator/3.2/psoc creator/import/gnu/arm/4.8.4/bin/../lib/gcc/arm-none-eabi/4.8.4/armv6-m\libgcc.a(_divsi3.o)
 .debug_frame   0x00001164       0x30 c:/program files (x86)/cypress/psoc creator/3.2/psoc creator/import/gnu/arm/4.8.4/bin/../lib/gcc/arm-none-eabi/4.8.4/armv6-m\libgcc.a(_muldi3.o)
 .debug_frame   0x00001194       0x50 c:/program files (x86)/cypress/psoc creator/3.2/psoc creator/import/gnu/arm/4.8.4/bin/../lib/gcc/arm-none-eabi/4.8.4/armv6-m\libgcc.a(bpabi.o)
 .debug_frame   0x000011e4       0x3c c:/program files (x86)/cypress/psoc creator/3.2/psoc creator/import/gnu/arm/4.8.4/bin/../lib/gcc/arm-none-eabi/4.8.4/armv6-m\libgcc.a(divsf3.o)
 .debug_frame   0x00001220       0x3c c:/program files (x86)/cypress/psoc creator/3.2/psoc creator/import/gnu/arm/4.8.4/bin/../lib/gcc/arm-none-eabi/4.8.4/armv6-m\libgcc.a(mulsf3.o)
 .debug_frame   0x0000125c       0x20 c:/program files (x86)/cypress/psoc creator/3.2/psoc creator/import/gnu/arm/4.8.4/bin/../lib/gcc/arm-none-eabi/4.8.4/armv6-m\libgcc.a(fixsfsi.o)
 .debug_frame   0x0000127c       0x2c c:/program files (x86)/cypress/psoc creator/3.2/psoc creator/import/gnu/arm/4.8.4/bin/../lib/gcc/arm-none-eabi/4.8.4/armv6-m\libgcc.a(floatsisf.o)
 .debug_frame   0x000012a8       0x3c c:/program files (x86)/cypress/psoc creator/3.2/psoc creator/import/gnu/arm/4.8.4/bin/../lib/gcc/arm-none-eabi/4.8.4/armv6-m\libgcc.a(_divdi3.o)
 .debug_frame   0x000012e4       0x3c c:/program files (x86)/cypress/psoc creator/3.2/psoc creator/import/gnu/arm/4.8.4/bin/../lib/gcc/arm-none-eabi/4.8.4/armv6-m\libgcc.a(_udivdi3.o)
 .debug_frame   0x00001320       0x20 c:/program files (x86)/cypress/psoc creator/3.2/psoc creator/import/gnu/arm/4.8.4/bin/../lib/gcc/arm-none-eabi/4.8.4/../../../../arm-none-eabi/lib/armv6-m\libg_s.a(lib_a-errno.o)
 .debug_frame   0x00001340       0x28 c:/program files (x86)/cypress/psoc creator/3.2/psoc creator/import/gnu/arm/4.8.4/bin/../lib/gcc/arm-none-eabi/4.8.4/../../../../arm-none-eabi/lib/armv6-m\libg_s.a(lib_a-exit.o)
 .debug_frame   0x00001368       0x2c c:/program files (x86)/cypress/psoc creator/3.2/psoc creator/import/gnu/arm/4.8.4/bin/../lib/gcc/arm-none-eabi/4.8.4/../../../../arm-none-eabi/lib/armv6-m\libg_s.a(lib_a-init.o)
 .debug_frame   0x00001394       0x28 c:/program files (x86)/cypress/psoc creator/3.2/psoc creator/import/gnu/arm/4.8.4/bin/../lib/gcc/arm-none-eabi/4.8.4/../../../../arm-none-eabi/lib/armv6-m\libg_s.a(lib_a-memcpy-stub.o)
 .debug_frame   0x000013bc       0x20 c:/program files (x86)/cypress/psoc creator/3.2/psoc creator/import/gnu/arm/4.8.4/bin/../lib/gcc/arm-none-eabi/4.8.4/../../../../arm-none-eabi/lib/armv6-m\libg_s.a(lib_a-memset.o)

.debug_str      0x00000000     0x10aa
 *(.debug_str)
 .debug_str     0x00000000      0x1be .\CortexM0\ARM_GCC_484\Debug\main.o
                                0x20a (size before relaxing)
 .debug_str     0x000001be       0x5b .\CortexM0\ARM_GCC_484\Debug\cymetadata.o
                                0x1c2 (size before relaxing)
 .debug_str     0x00000219      0x128 .\CortexM0\ARM_GCC_484\Debug\Cm0Start.o
                                0x2b6 (size before relaxing)
 .debug_str     0x00000341       0xfd .\CortexM0\ARM_GCC_484\Debug\Design01.a(cyfitter_cfg.o)
                                0x2a8 (size before relaxing)
 .debug_str     0x0000043e       0x7e .\CortexM0\ARM_GCC_484\Debug\Design01.a(LED.o)
                                0x1ef (size before relaxing)
 .debug_str     0x000004bc       0xf3 .\CortexM0\ARM_GCC_484\Debug\Design01.a(UART.o)
                                0x267 (size before relaxing)
 .debug_str     0x000005af       0xe3 .\CortexM0\ARM_GCC_484\Debug\Design01.a(UART_SPI_UART.o)
                                0x262 (size before relaxing)
 .debug_str     0x00000692       0xdf .\CortexM0\ARM_GCC_484\Debug\Design01.a(UART_UART.o)
                                0x255 (size before relaxing)
 .debug_str     0x00000771       0x66 .\CortexM0\ARM_GCC_484\Debug\Design01.a(SW2.o)
                                0x1ef (size before relaxing)
 .debug_str     0x000007d7       0xb1 .\CortexM0\ARM_GCC_484\Debug\Design01.a(Opamp_2.o)
                                0x21c (size before relaxing)
 .debug_str     0x00000888      0x1e4 .\CortexM0\ARM_GCC_484\Debug\Design01.a(ADC.o)
                                0x38f (size before relaxing)
 .debug_str     0x00000a6c       0x2b .\CortexM0\ARM_GCC_484\Debug\Design01.a(ADC_INT.o)
                                0x1a5 (size before relaxing)
 .debug_str     0x00000a97       0xa5 .\CortexM0\ARM_GCC_484\Debug\Design01.a(Opamp_1.o)
                                0x21c (size before relaxing)
 .debug_str     0x00000b3c      0x12b .\CortexM0\ARM_GCC_484\Debug\Design01.a(ADC_IRQ.o)
                                0x2c1 (size before relaxing)
 .debug_str     0x00000c67      0x443 .\CortexM0\ARM_GCC_484\Debug\Design01.a(CyLib.o)
                                0x602 (size before relaxing)

.debug_loc
 *(.debug_loc)

.debug_macinfo
 *(.debug_macinfo)

.debug_ranges   0x00000000      0x4b0
 *(.debug_ranges)
 .debug_ranges  0x00000000       0x20 .\CortexM0\ARM_GCC_484\Debug\main.o
 .debug_ranges  0x00000020       0x38 .\CortexM0\ARM_GCC_484\Debug\Cm0Start.o
 .debug_ranges  0x00000058       0x40 .\CortexM0\ARM_GCC_484\Debug\Design01.a(cyfitter_cfg.o)
 .debug_ranges  0x00000098       0x30 .\CortexM0\ARM_GCC_484\Debug\Design01.a(LED.o)
 .debug_ranges  0x000000c8       0x58 .\CortexM0\ARM_GCC_484\Debug\Design01.a(UART.o)
 .debug_ranges  0x00000120       0x38 .\CortexM0\ARM_GCC_484\Debug\Design01.a(UART_SPI_UART.o)
 .debug_ranges  0x00000158       0x40 .\CortexM0\ARM_GCC_484\Debug\Design01.a(UART_UART.o)
 .debug_ranges  0x00000198       0x30 .\CortexM0\ARM_GCC_484\Debug\Design01.a(SW2.o)
 .debug_ranges  0x000001c8       0x38 .\CortexM0\ARM_GCC_484\Debug\Design01.a(Opamp_2.o)
 .debug_ranges  0x00000200       0x98 .\CortexM0\ARM_GCC_484\Debug\Design01.a(ADC.o)
 .debug_ranges  0x00000298       0x10 .\CortexM0\ARM_GCC_484\Debug\Design01.a(ADC_INT.o)
 .debug_ranges  0x000002a8       0x38 .\CortexM0\ARM_GCC_484\Debug\Design01.a(Opamp_1.o)
 .debug_ranges  0x000002e0       0x70 .\CortexM0\ARM_GCC_484\Debug\Design01.a(ADC_IRQ.o)
 .debug_ranges  0x00000350      0x160 .\CortexM0\ARM_GCC_484\Debug\Design01.a(CyLib.o)

.comment        0x00000000       0x70
 .comment       0x00000000       0x70 .\CortexM0\ARM_GCC_484\Debug\main.o
                                 0x71 (size before relaxing)
 .comment       0x00000000       0x71 .\CortexM0\ARM_GCC_484\Debug\cymetadata.o
 .comment       0x00000000       0x71 .\CortexM0\ARM_GCC_484\Debug\Cm0Start.o
 .comment       0x00000000       0x71 .\CortexM0\ARM_GCC_484\Debug\Design01.a(cyfitter_cfg.o)
 .comment       0x00000000       0x71 .\CortexM0\ARM_GCC_484\Debug\Design01.a(LED.o)
 .comment       0x00000000       0x71 .\CortexM0\ARM_GCC_484\Debug\Design01.a(UART.o)
 .comment       0x00000000       0x71 .\CortexM0\ARM_GCC_484\Debug\Design01.a(UART_SPI_UART.o)
 .comment       0x00000000       0x71 .\CortexM0\ARM_GCC_484\Debug\Design01.a(UART_UART.o)
 .comment       0x00000000       0x71 .\CortexM0\ARM_GCC_484\Debug\Design01.a(SW2.o)
 .comment       0x00000000       0x71 .\CortexM0\ARM_GCC_484\Debug\Design01.a(Opamp_2.o)
 .comment       0x00000000       0x71 .\CortexM0\ARM_GCC_484\Debug\Design01.a(ADC.o)
 .comment       0x00000000       0x71 .\CortexM0\ARM_GCC_484\Debug\Design01.a(ADC_INT.o)
 .comment       0x00000000       0x71 .\CortexM0\ARM_GCC_484\Debug\Design01.a(Opamp_1.o)
 .comment       0x00000000       0x71 .\CortexM0\ARM_GCC_484\Debug\Design01.a(ADC_IRQ.o)
 .comment       0x00000000       0x71 .\CortexM0\ARM_GCC_484\Debug\Design01.a(CyLib.o)

.debug_weaknames
 *(.debug_weaknames)

.debug_funcnames
 *(.debug_funcnames)

.debug_typenames
 *(.debug_typenames)

.debug_varnames
 *(.debug_varnames)

.note.gnu.arm.ident
 *(.note.gnu.arm.ident)

.ARM.attributes
                0x00000000       0x28
 *(.ARM.attributes)
 .ARM.attributes
                0x00000000       0x1e c:/program files (x86)/cypress/psoc creator/3.2/psoc creator/import/gnu/arm/4.8.4/bin/../lib/gcc/arm-none-eabi/4.8.4/armv6-m/crti.o
 .ARM.attributes
                0x0000001e       0x2c c:/program files (x86)/cypress/psoc creator/3.2/psoc creator/import/gnu/arm/4.8.4/bin/../lib/gcc/arm-none-eabi/4.8.4/armv6-m/crtbegin.o
 .ARM.attributes
                0x0000004a       0x1b c:/program files (x86)/cypress/psoc creator/3.2/psoc creator/import/gnu/arm/4.8.4/bin/../lib/gcc/arm-none-eabi/4.8.4/../../../../arm-none-eabi/lib/armv6-m/crt0.o
 .ARM.attributes
                0x00000065       0x31 .\CortexM0\ARM_GCC_484\Debug\main.o
 .ARM.attributes
                0x00000096       0x31 .\CortexM0\ARM_GCC_484\Debug\cymetadata.o
 .ARM.attributes
                0x000000c7       0x31 .\CortexM0\ARM_GCC_484\Debug\Cm0Start.o
 .ARM.attributes
                0x000000f8       0x31 .\CortexM0\ARM_GCC_484\Debug\Design01.a(cyfitter_cfg.o)
 .ARM.attributes
                0x00000129       0x31 .\CortexM0\ARM_GCC_484\Debug\Design01.a(LED.o)
 .ARM.attributes
                0x0000015a       0x31 .\CortexM0\ARM_GCC_484\Debug\Design01.a(UART.o)
 .ARM.attributes
                0x0000018b       0x31 .\CortexM0\ARM_GCC_484\Debug\Design01.a(UART_SPI_UART.o)
 .ARM.attributes
                0x000001bc       0x31 .\CortexM0\ARM_GCC_484\Debug\Design01.a(UART_UART.o)
 .ARM.attributes
                0x000001ed       0x31 .\CortexM0\ARM_GCC_484\Debug\Design01.a(SW2.o)
 .ARM.attributes
                0x0000021e       0x31 .\CortexM0\ARM_GCC_484\Debug\Design01.a(Opamp_2.o)
 .ARM.attributes
                0x0000024f       0x31 .\CortexM0\ARM_GCC_484\Debug\Design01.a(ADC.o)
 .ARM.attributes
                0x00000280       0x31 .\CortexM0\ARM_GCC_484\Debug\Design01.a(ADC_INT.o)
 .ARM.attributes
                0x000002b1       0x31 .\CortexM0\ARM_GCC_484\Debug\Design01.a(Opamp_1.o)
 .ARM.attributes
                0x000002e2       0x31 .\CortexM0\ARM_GCC_484\Debug\Design01.a(ADC_IRQ.o)
 .ARM.attributes
                0x00000313       0x21 .\CortexM0\ARM_GCC_484\Debug\Design01.a(CyBootAsmGnu.o)
 .ARM.attributes
                0x00000334       0x31 .\CortexM0\ARM_GCC_484\Debug\Design01.a(CyLib.o)
 .ARM.attributes
                0x00000365       0x1e c:/program files (x86)/cypress/psoc creator/3.2/psoc creator/import/gnu/arm/4.8.4/bin/../lib/gcc/arm-none-eabi/4.8.4/armv6-m\libgcc.a(_udivsi3.o)
 .ARM.attributes
                0x00000383       0x1e c:/program files (x86)/cypress/psoc creator/3.2/psoc creator/import/gnu/arm/4.8.4/bin/../lib/gcc/arm-none-eabi/4.8.4/armv6-m\libgcc.a(_divsi3.o)
 .ARM.attributes
                0x000003a1       0x1e c:/program files (x86)/cypress/psoc creator/3.2/psoc creator/import/gnu/arm/4.8.4/bin/../lib/gcc/arm-none-eabi/4.8.4/armv6-m\libgcc.a(_dvmd_tls.o)
 .ARM.attributes
                0x000003bf       0x1e c:/program files (x86)/cypress/psoc creator/3.2/psoc creator/import/gnu/arm/4.8.4/bin/../lib/gcc/arm-none-eabi/4.8.4/armv6-m\libgcc.a(_aeabi_ldivmod.o)
 .ARM.attributes
                0x000003dd       0x2c c:/program files (x86)/cypress/psoc creator/3.2/psoc creator/import/gnu/arm/4.8.4/bin/../lib/gcc/arm-none-eabi/4.8.4/armv6-m\libgcc.a(_muldi3.o)
 .ARM.attributes
                0x00000409       0x2c c:/program files (x86)/cypress/psoc creator/3.2/psoc creator/import/gnu/arm/4.8.4/bin/../lib/gcc/arm-none-eabi/4.8.4/armv6-m\libgcc.a(bpabi.o)
 .ARM.attributes
                0x00000435       0x2c c:/program files (x86)/cypress/psoc creator/3.2/psoc creator/import/gnu/arm/4.8.4/bin/../lib/gcc/arm-none-eabi/4.8.4/armv6-m\libgcc.a(divsf3.o)
 .ARM.attributes
                0x00000461       0x2c c:/program files (x86)/cypress/psoc creator/3.2/psoc creator/import/gnu/arm/4.8.4/bin/../lib/gcc/arm-none-eabi/4.8.4/armv6-m\libgcc.a(mulsf3.o)
 .ARM.attributes
                0x0000048d       0x2c c:/program files (x86)/cypress/psoc creator/3.2/psoc creator/import/gnu/arm/4.8.4/bin/../lib/gcc/arm-none-eabi/4.8.4/armv6-m\libgcc.a(fixsfsi.o)
 .ARM.attributes
                0x000004b9       0x2c c:/program files (x86)/cypress/psoc creator/3.2/psoc creator/import/gnu/arm/4.8.4/bin/../lib/gcc/arm-none-eabi/4.8.4/armv6-m\libgcc.a(floatsisf.o)
 .ARM.attributes
                0x000004e5       0x1e c:/program files (x86)/cypress/psoc creator/3.2/psoc creator/import/gnu/arm/4.8.4/bin/../lib/gcc/arm-none-eabi/4.8.4/armv6-m\libgcc.a(_clzsi2.o)
 .ARM.attributes
                0x00000503       0x2c c:/program files (x86)/cypress/psoc creator/3.2/psoc creator/import/gnu/arm/4.8.4/bin/../lib/gcc/arm-none-eabi/4.8.4/armv6-m\libgcc.a(_divdi3.o)
 .ARM.attributes
                0x0000052f       0x2c c:/program files (x86)/cypress/psoc creator/3.2/psoc creator/import/gnu/arm/4.8.4/bin/../lib/gcc/arm-none-eabi/4.8.4/armv6-m\libgcc.a(_udivdi3.o)
 .ARM.attributes
                0x0000055b       0x2c c:/program files (x86)/cypress/psoc creator/3.2/psoc creator/import/gnu/arm/4.8.4/bin/../lib/gcc/arm-none-eabi/4.8.4/../../../../arm-none-eabi/lib/armv6-m\libg_s.a(lib_a-errno.o)
 .ARM.attributes
                0x00000587       0x2c c:/program files (x86)/cypress/psoc creator/3.2/psoc creator/import/gnu/arm/4.8.4/bin/../lib/gcc/arm-none-eabi/4.8.4/../../../../arm-none-eabi/lib/armv6-m\libg_s.a(lib_a-exit.o)
 .ARM.attributes
                0x000005b3       0x2c c:/program files (x86)/cypress/psoc creator/3.2/psoc creator/import/gnu/arm/4.8.4/bin/../lib/gcc/arm-none-eabi/4.8.4/../../../../arm-none-eabi/lib/armv6-m\libg_s.a(lib_a-impure.o)
 .ARM.attributes
                0x000005df       0x2c c:/program files (x86)/cypress/psoc creator/3.2/psoc creator/import/gnu/arm/4.8.4/bin/../lib/gcc/arm-none-eabi/4.8.4/../../../../arm-none-eabi/lib/armv6-m\libg_s.a(lib_a-init.o)
 .ARM.attributes
                0x0000060b       0x2c c:/program files (x86)/cypress/psoc creator/3.2/psoc creator/import/gnu/arm/4.8.4/bin/../lib/gcc/arm-none-eabi/4.8.4/../../../../arm-none-eabi/lib/armv6-m\libg_s.a(lib_a-memcpy-stub.o)
 .ARM.attributes
                0x00000637       0x2c c:/program files (x86)/cypress/psoc creator/3.2/psoc creator/import/gnu/arm/4.8.4/bin/../lib/gcc/arm-none-eabi/4.8.4/../../../../arm-none-eabi/lib/armv6-m\libg_s.a(lib_a-memset.o)
 .ARM.attributes
                0x00000663       0x2c c:/program files (x86)/cypress/psoc creator/3.2/psoc creator/import/gnu/arm/4.8.4/bin/../lib/gcc/arm-none-eabi/4.8.4/armv6-m/crtend.o
 .ARM.attributes
                0x0000068f       0x1e c:/program files (x86)/cypress/psoc creator/3.2/psoc creator/import/gnu/arm/4.8.4/bin/../lib/gcc/arm-none-eabi/4.8.4/armv6-m/crtn.o

/DISCARD/
 *(.note.GNU-stack)
OUTPUT(.\CortexM0\ARM_GCC_484\Debug\Design01.elf elf32-littlearm)
